Running as unit: strata-q22-down-b550.service; invocation ID: 6e723152d6d04e4c9492c05361f9a71e
PACK tensor=blk.3.ffn_down_exps.weight bytes=396361728 normalized_mse=0.0894896132
PACK tensor=blk.4.ffn_down_exps.weight bytes=396361728 normalized_mse=0.0904616521
PACK tensor=blk.5.ffn_down_exps.weight bytes=396361728 normalized_mse=0.0895438741
PACK tensor=blk.6.ffn_down_exps.weight bytes=396361728 normalized_mse=0.0894456457
PACK tensor=blk.7.ffn_down_exps.weight bytes=396361728 normalized_mse=0.0905911923
PACK tensor=blk.8.ffn_down_exps.weight bytes=396361728 normalized_mse=0.0893863498
PACK tensor=blk.9.ffn_down_exps.weight bytes=396361728 normalized_mse=0.0893795083
PACK tensor=blk.10.ffn_down_exps.weight bytes=396361728 normalized_mse=0.0903105424
PACK tensor=blk.11.ffn_down_exps.weight bytes=396361728 normalized_mse=0.0893911086
PACK tensor=blk.12.ffn_down_exps.weight bytes=396361728 normalized_mse=0.089481003
PACK tensor=blk.13.ffn_down_exps.weight bytes=396361728 normalized_mse=0.0905436175
PACK tensor=blk.14.ffn_down_exps.weight bytes=396361728 normalized_mse=0.0893824061
PACK tensor=blk.15.ffn_down_exps.weight bytes=396361728 normalized_mse=0.089529184
PACK tensor=blk.16.ffn_down_exps.weight bytes=396361728 normalized_mse=0.0906041331
PACK tensor=blk.17.ffn_down_exps.weight bytes=396361728 normalized_mse=0.089654831
PACK tensor=blk.18.ffn_down_exps.weight bytes=396361728 normalized_mse=0.089550333
PACK tensor=blk.19.ffn_down_exps.weight bytes=396361728 normalized_mse=0.0907624657
PACK tensor=blk.20.ffn_down_exps.weight bytes=396361728 normalized_mse=0.0898211477
PACK tensor=blk.21.ffn_down_exps.weight bytes=396361728 normalized_mse=0.089874904
PACK tensor=blk.22.ffn_down_exps.weight bytes=396361728 normalized_mse=0.0907754553
PACK tensor=blk.23.ffn_down_exps.weight bytes=396361728 normalized_mse=0.0900348388
PACK tensor=blk.24.ffn_down_exps.weight bytes=396361728 normalized_mse=0.0897716817
PACK tensor=blk.25.ffn_down_exps.weight bytes=396361728 normalized_mse=0.0904007944
PACK tensor=blk.26.ffn_down_exps.weight bytes=396361728 normalized_mse=0.0893510052
PACK tensor=blk.27.ffn_down_exps.weight bytes=396361728 normalized_mse=0.0893994764
PACK tensor=blk.28.ffn_down_exps.weight bytes=396361728 normalized_mse=0.0903629793
PACK tensor=blk.29.ffn_down_exps.weight bytes=396361728 normalized_mse=0.0891770367
PACK tensor=blk.30.ffn_down_exps.weight bytes=396361728 normalized_mse=0.0892126967
PACK tensor=blk.31.ffn_down_exps.weight bytes=396361728 normalized_mse=0.0902962877
PACK tensor=blk.32.ffn_down_exps.weight bytes=396361728 normalized_mse=0.0892878855
PACK tensor=blk.33.ffn_down_exps.weight bytes=396361728 normalized_mse=0.0891820701
PACK tensor=blk.34.ffn_down_exps.weight bytes=396361728 normalized_mse=0.0903592672
PACK tensor=blk.35.ffn_down_exps.weight bytes=396361728 normalized_mse=0.0893340364
PACK tensor=blk.36.ffn_down_exps.weight bytes=396361728 normalized_mse=0.0894143209
PACK tensor=blk.37.ffn_down_exps.weight bytes=396361728 normalized_mse=0.0904785195
PACK tensor=blk.38.ffn_down_exps.weight bytes=396361728 normalized_mse=0.0892436243
PACK tensor=blk.39.ffn_down_exps.weight bytes=396361728 normalized_mse=0.0893079613
PACK tensor=blk.40.ffn_down_exps.weight bytes=396361728 normalized_mse=0.0904878888
PACK tensor=blk.41.ffn_down_exps.weight bytes=396361728 normalized_mse=0.0905628444
PACK tensor=blk.42.ffn_down_exps.weight bytes=396361728 normalized_mse=0.0905492464
PACK tensor=blk.43.ffn_down_exps.weight bytes=396361728 normalized_mse=0.0911631209
PACK tensor=blk.44.ffn_down_exps.weight bytes=396361728 normalized_mse=0.0984321848
PACK complete path="/mnt/disk01/models/glm53f-reap/REAP50-Q22-down-only-experimental.gguf" bytes=16647198848
Finished with result: success
Main processes terminated with: code=exited/status=0
Service runtime: 16min 13.498s
CPU time consumed: 3h 36min 38.978s
Memory peak: 512.0K
Memory swap peak: 0B
