Running as unit: strata-st-confirm2-q23mix2-419911.service; invocation ID: 416c8e64b7674338b07795bdd82fdf63
STAGING compact=1 slot_MiB=140
FLOATING_Q8 tensor=blk.0.hc_attn_fn source_type=0 MiB=0.398438
FLOATING_Q8 tensor=blk.0.hc_ffn_fn source_type=0 MiB=0.398438
FLOATING_Q8 tensor=blk.1.hc_attn_fn source_type=0 MiB=0.398438
FLOATING_Q8 tensor=blk.1.hc_ffn_fn source_type=0 MiB=0.398438
FLOATING_Q8 tensor=blk.10.hc_attn_fn source_type=0 MiB=0.398438
FLOATING_Q8 tensor=blk.10.hc_ffn_fn source_type=0 MiB=0.398438
FLOATING_Q8 tensor=blk.11.attn_k_b.weight source_type=12 MiB=8.5
FLOATING_Q8 tensor=blk.11.attn_v_b.weight source_type=12 MiB=8.5
FLOATING_Q8 tensor=blk.11.hc_attn_fn source_type=0 MiB=0.398438
FLOATING_Q8 tensor=blk.11.hc_ffn_fn source_type=0 MiB=0.398438
FLOATING_Q8 tensor=blk.12.hc_attn_fn source_type=0 MiB=0.398438
FLOATING_Q8 tensor=blk.12.hc_ffn_fn source_type=0 MiB=0.398438
FLOATING_Q8 tensor=blk.13.hc_attn_fn source_type=0 MiB=0.398438
FLOATING_Q8 tensor=blk.13.hc_ffn_fn source_type=0 MiB=0.398438
FLOATING_Q8 tensor=blk.14.hc_attn_fn source_type=0 MiB=0.398438
FLOATING_Q8 tensor=blk.14.hc_ffn_fn source_type=0 MiB=0.398438
FLOATING_Q8 tensor=blk.15.attn_k_b.weight source_type=12 MiB=8.5
FLOATING_Q8 tensor=blk.15.attn_v_b.weight source_type=12 MiB=8.5
FLOATING_Q8 tensor=blk.15.hc_attn_fn source_type=0 MiB=0.398438
FLOATING_Q8 tensor=blk.15.hc_ffn_fn source_type=0 MiB=0.398438
FLOATING_Q8 tensor=blk.16.hc_attn_fn source_type=0 MiB=0.398438
FLOATING_Q8 tensor=blk.16.hc_ffn_fn source_type=0 MiB=0.398438
FLOATING_Q8 tensor=blk.17.hc_attn_fn source_type=0 MiB=0.398438
FLOATING_Q8 tensor=blk.17.hc_ffn_fn source_type=0 MiB=0.398438
FLOATING_Q8 tensor=blk.18.hc_attn_fn source_type=0 MiB=0.398438
FLOATING_Q8 tensor=blk.18.hc_ffn_fn source_type=0 MiB=0.398438
FLOATING_Q8 tensor=blk.19.attn_k_b.weight source_type=12 MiB=8.5
FLOATING_Q8 tensor=blk.19.attn_v_b.weight source_type=12 MiB=8.5
FLOATING_Q8 tensor=blk.19.hc_attn_fn source_type=0 MiB=0.398438
FLOATING_Q8 tensor=blk.19.hc_ffn_fn source_type=0 MiB=0.398438
FLOATING_Q8 tensor=blk.2.hc_attn_fn source_type=0 MiB=0.398438
FLOATING_Q8 tensor=blk.2.hc_ffn_fn source_type=0 MiB=0.398438
FLOATING_Q8 tensor=blk.20.hc_attn_fn source_type=0 MiB=0.398438
FLOATING_Q8 tensor=blk.20.hc_ffn_fn source_type=0 MiB=0.398438
FLOATING_Q8 tensor=blk.21.hc_attn_fn source_type=0 MiB=0.398438
FLOATING_Q8 tensor=blk.21.hc_ffn_fn source_type=0 MiB=0.398438
FLOATING_Q8 tensor=blk.22.hc_attn_fn source_type=0 MiB=0.398438
FLOATING_Q8 tensor=blk.22.hc_ffn_fn source_type=0 MiB=0.398438
FLOATING_Q8 tensor=blk.23.attn_k_b.weight source_type=12 MiB=8.5
FLOATING_Q8 tensor=blk.23.attn_v_b.weight source_type=12 MiB=8.5
FLOATING_Q8 tensor=blk.23.hc_attn_fn source_type=0 MiB=0.398438
FLOATING_Q8 tensor=blk.23.hc_ffn_fn source_type=0 MiB=0.398438
FLOATING_Q8 tensor=blk.24.hc_attn_fn source_type=0 MiB=0.398438
FLOATING_Q8 tensor=blk.24.hc_ffn_fn source_type=0 MiB=0.398438
FLOATING_Q8 tensor=blk.25.hc_attn_fn source_type=0 MiB=0.398438
FLOATING_Q8 tensor=blk.25.hc_ffn_fn source_type=0 MiB=0.398438
FLOATING_Q8 tensor=blk.26.hc_attn_fn source_type=0 MiB=0.398438
FLOATING_Q8 tensor=blk.26.hc_ffn_fn source_type=0 MiB=0.398438
FLOATING_Q8 tensor=blk.27.attn_k_b.weight source_type=12 MiB=8.5
FLOATING_Q8 tensor=blk.27.attn_v_b.weight source_type=12 MiB=8.5
FLOATING_Q8 tensor=blk.27.hc_attn_fn source_type=0 MiB=0.398438
FLOATING_Q8 tensor=blk.27.hc_ffn_fn source_type=0 MiB=0.398438
FLOATING_Q8 tensor=blk.28.hc_attn_fn source_type=0 MiB=0.398438
FLOATING_Q8 tensor=blk.28.hc_ffn_fn source_type=0 MiB=0.398438
FLOATING_Q8 tensor=blk.29.hc_attn_fn source_type=0 MiB=0.398438
FLOATING_Q8 tensor=blk.29.hc_ffn_fn source_type=0 MiB=0.398438
FLOATING_Q8 tensor=blk.3.attn_k_b.weight source_type=12 MiB=8.5
FLOATING_Q8 tensor=blk.3.attn_v_b.weight source_type=12 MiB=8.5
FLOATING_Q8 tensor=blk.3.hc_attn_fn source_type=0 MiB=0.398438
FLOATING_Q8 tensor=blk.3.hc_ffn_fn source_type=0 MiB=0.398438
FLOATING_Q8 tensor=blk.30.hc_attn_fn source_type=0 MiB=0.398438
FLOATING_Q8 tensor=blk.30.hc_ffn_fn source_type=0 MiB=0.398438
FLOATING_Q8 tensor=blk.31.attn_k_b.weight source_type=12 MiB=8.5
FLOATING_Q8 tensor=blk.31.attn_v_b.weight source_type=12 MiB=8.5
FLOATING_Q8 tensor=blk.31.hc_attn_fn source_type=0 MiB=0.398438
FLOATING_Q8 tensor=blk.31.hc_ffn_fn source_type=0 MiB=0.398438
FLOATING_Q8 tensor=blk.32.hc_attn_fn source_type=0 MiB=0.398438
FLOATING_Q8 tensor=blk.32.hc_ffn_fn source_type=0 MiB=0.398438
FLOATING_Q8 tensor=blk.33.hc_attn_fn source_type=0 MiB=0.398438
FLOATING_Q8 tensor=blk.33.hc_ffn_fn source_type=0 MiB=0.398438
FLOATING_Q8 tensor=blk.34.hc_attn_fn source_type=0 MiB=0.398438
FLOATING_Q8 tensor=blk.34.hc_ffn_fn source_type=0 MiB=0.398438
FLOATING_Q8 tensor=blk.35.attn_k_b.weight source_type=12 MiB=8.5
FLOATING_Q8 tensor=blk.35.attn_v_b.weight source_type=12 MiB=8.5
FLOATING_Q8 tensor=blk.35.hc_attn_fn source_type=0 MiB=0.398438
FLOATING_Q8 tensor=blk.35.hc_ffn_fn source_type=0 MiB=0.398438
FLOATING_Q8 tensor=blk.36.hc_attn_fn source_type=0 MiB=0.398438
FLOATING_Q8 tensor=blk.36.hc_ffn_fn source_type=0 MiB=0.398438
FLOATING_Q8 tensor=blk.37.hc_attn_fn source_type=0 MiB=0.398438
FLOATING_Q8 tensor=blk.37.hc_ffn_fn source_type=0 MiB=0.398438
FLOATING_Q8 tensor=blk.38.hc_attn_fn source_type=0 MiB=0.398438
FLOATING_Q8 tensor=blk.38.hc_ffn_fn source_type=0 MiB=0.398438
FLOATING_Q8 tensor=blk.39.attn_k_b.weight source_type=12 MiB=8.5
FLOATING_Q8 tensor=blk.39.attn_v_b.weight source_type=12 MiB=8.5
FLOATING_Q8 tensor=blk.39.hc_attn_fn source_type=0 MiB=0.398438
FLOATING_Q8 tensor=blk.39.hc_ffn_fn source_type=0 MiB=0.398438
FLOATING_Q8 tensor=blk.4.hc_attn_fn source_type=0 MiB=0.398438
FLOATING_Q8 tensor=blk.4.hc_ffn_fn source_type=0 MiB=0.398438
FLOATING_Q8 tensor=blk.40.hc_attn_fn source_type=0 MiB=0.398438
FLOATING_Q8 tensor=blk.40.hc_ffn_fn source_type=0 MiB=0.398438
FLOATING_Q8 tensor=blk.41.hc_attn_fn source_type=0 MiB=0.398438
FLOATING_Q8 tensor=blk.41.hc_ffn_fn source_type=0 MiB=0.398438
FLOATING_Q8 tensor=blk.42.hc_attn_fn source_type=0 MiB=0.398438
FLOATING_Q8 tensor=blk.42.hc_ffn_fn source_type=0 MiB=0.398438
FLOATING_Q8 tensor=blk.43.attn_k_b.weight source_type=12 MiB=8.5
FLOATING_Q8 tensor=blk.43.attn_v_b.weight source_type=12 MiB=8.5
FLOATING_Q8 tensor=blk.43.hc_attn_fn source_type=0 MiB=0.398438
FLOATING_Q8 tensor=blk.43.hc_ffn_fn source_type=0 MiB=0.398438
FLOATING_Q8 tensor=blk.44.hc_attn_fn source_type=0 MiB=0.398438
FLOATING_Q8 tensor=blk.44.hc_ffn_fn source_type=0 MiB=0.398438
FLOATING_Q8 tensor=blk.5.hc_attn_fn source_type=0 MiB=0.398438
FLOATING_Q8 tensor=blk.5.hc_ffn_fn source_type=0 MiB=0.398438
FLOATING_Q8 tensor=blk.6.hc_attn_fn source_type=0 MiB=0.398438
FLOATING_Q8 tensor=blk.6.hc_ffn_fn source_type=0 MiB=0.398438
FLOATING_Q8 tensor=blk.7.attn_k_b.weight source_type=12 MiB=8.5
FLOATING_Q8 tensor=blk.7.attn_v_b.weight source_type=12 MiB=8.5
FLOATING_Q8 tensor=blk.7.hc_attn_fn source_type=0 MiB=0.398438
FLOATING_Q8 tensor=blk.7.hc_ffn_fn source_type=0 MiB=0.398438
FLOATING_Q8 tensor=blk.8.hc_attn_fn source_type=0 MiB=0.398438
FLOATING_Q8 tensor=blk.8.hc_ffn_fn source_type=0 MiB=0.398438
FLOATING_Q8 tensor=blk.9.hc_attn_fn source_type=0 MiB=0.398438
FLOATING_Q8 tensor=blk.9.hc_ffn_fn source_type=0 MiB=0.398438
GPU prefill chunk=2048 staging_workers=4 numa_cpus=0,1,2,3
GPU allocated_MiB=7154.73 reserved_runtime_MiB=1024 budget_MiB=15360
GPU_DENSE_HOST_RELEASE phase=main tensors=1256 source_MiB_advised=5040.35 ms=124.696
TIER_DIRECT registered_MiB=52542 ranges=126 ms=25923.6
PREFILL_PARTITION primary_groups=9 secondary_groups=0
PREFILL_CACHE device=0 budget_MiB=0 reserve_MiB=768
PREFILL_CACHE_PLAN device=0 base_groups=0 unused_MiB=0
MAPPED_EXPERTS numa_rows=0 lazy=1 bytes=55094280192
PREFILL trial=0 tokens=2048 batch=2048 ms=18947.6 tok_s=108.087
FAULTS trial=0 major=741 minor=342848
HOST_RSS peak_MiB=54257.9
CPU_EXPERT gu_ms=0 quant_ms=0 down_ms=0 layer_flow_ms=0 bytes=0
GPU peak_allocated_MiB=7154.73 native_expert_bytes=55101150720 expert_groups=378 staging_ms=4355.89
PREFILL_SCRATCH device=0 peak_MiB=696.564 capacity_MiB=1024
GPU_LIVE device=0 dense_MiB=5029.21 other_MiB=294.414 prefill_MiB=1592 state_MiB=239.105
GPU_DEVICE device=0 peak_allocated_MiB=7154.73 live_MiB=7154.73 native_expert_bytes=55101150720 staging_ms=4355.89 cache_hits=0 cache_hit_bytes=0 cuda_used_MiB=8036 free_MiB=8268
MAPPED_EXPERTS numa_rows=0 lazy=1 bytes=55094280192
PREFILL_WORK device=0 transferred_bytes=55101150720 staging_ms=4355.89 actual_rows=0 padded_rows=0 dequant_values=0
DECODE_RUNTIME override_reserve_MiB=512
DECODE_CACHE prefix_trained=1 slots=906 MiB=7870.88 fingerprint=2780373492086969970
RESPONSE_PREPARE kind=decode_cache ms=1206.32
RESPONSE_PREPARE kind=cpu ms=0.001422
DECODE_TRIAL index=0
DECODE_STEP index=1 ms=52.7963
DECODE_STEP index=2 ms=31.4959
DECODE_STEP index=3 ms=40.0302
DECODE_STEP index=4 ms=36.9526
DECODE_STEP index=5 ms=41.6826
DECODE_STEP index=6 ms=33.4634
DECODE_STEP index=7 ms=36.935
DECODE_STEP index=8 ms=33.0651
DECODE_STEP index=9 ms=34.9499
DECODE_STEP index=10 ms=37.9225
DECODE_STEP index=11 ms=39.4379
DECODE_STEP index=12 ms=38.1151
DECODE_STEP index=13 ms=41.1951
DECODE_STEP index=14 ms=35.158
DECODE_STEP index=15 ms=44.2822
DECODE_STEP index=16 ms=42.0894
DECODE_STEP index=17 ms=36.2829
DECODE_STEP index=18 ms=32.9432
DECODE_STEP index=19 ms=31.3866
DECODE_STEP index=20 ms=34.7152
DECODE_STEP index=21 ms=41.465
DECODE_STEP index=22 ms=30.4227
DECODE_STEP index=23 ms=33.3582
DECODE_STEP index=24 ms=35.297
DECODE_STEP index=25 ms=37.911
DECODE_STEP index=26 ms=32.8354
DECODE_STEP index=27 ms=33.0561
DECODE_STEP index=28 ms=30.3779
DECODE_STEP index=29 ms=34.3096
DECODE_STEP index=30 ms=31.3879
DECODE_STEP index=31 ms=30.5518
DECODE_STEP index=32 ms=38.0477
DECODE_STEP index=33 ms=34.6422
DECODE_STEP index=34 ms=32.4842
DECODE_STEP index=35 ms=34.5591
DECODE_STEP index=36 ms=33.9598
DECODE_STEP index=37 ms=30.9648
DECODE_STEP index=38 ms=33.6402
DECODE_STEP index=39 ms=31.8808
DECODE_STEP index=40 ms=39.4919
DECODE_STEP index=41 ms=34.409
DECODE_STEP index=42 ms=39.5
DECODE_STEP index=43 ms=38.9642
DECODE_STEP index=44 ms=43.866
DECODE_STEP index=45 ms=37.3348
DECODE_STEP index=46 ms=47.2721
DECODE_STEP index=47 ms=34.5589
DECODE_STEP index=48 ms=30.7861
DECODE_STEP index=49 ms=33.7132
DECODE_STEP index=50 ms=36.9513
DECODE_STEP index=51 ms=28.901
DECODE_STEP index=52 ms=32.0381
DECODE_STEP index=53 ms=31.3309
DECODE_STEP index=54 ms=32.4714
DECODE_STEP index=55 ms=29.6442
DECODE_STEP index=56 ms=33.9843
DECODE_STEP index=57 ms=29.9611
DECODE_STEP index=58 ms=31.5606
DECODE_STEP index=59 ms=31.1332
DECODE_STEP index=60 ms=32.3831
DECODE_STEP index=61 ms=39.4226
DECODE_STEP index=62 ms=30.1177
DECODE_STEP index=63 ms=34.3844
DECODE_STEP index=64 ms=31.5759
DECODE_STEP index=65 ms=31.2916
DECODE_STEP index=66 ms=29.8098
DECODE_STEP index=67 ms=33.4605
DECODE_STEP index=68 ms=28.9857
DECODE_STEP index=69 ms=39.9226
DECODE_STEP index=70 ms=38.8352
DECODE_STEP index=71 ms=38.6157
DECODE_STEP index=72 ms=43.7881
DECODE_STEP index=73 ms=32.9111
DECODE_STEP index=74 ms=33.6814
DECODE_STEP index=75 ms=31.2259
DECODE_STEP index=76 ms=32.5008
DECODE_STEP index=77 ms=41.9168
DECODE_STEP index=78 ms=36.2945
DECODE_STEP index=79 ms=43.9295
DECODE_STEP index=80 ms=36.6144
DECODE_STEP index=81 ms=43.2343
DECODE_STEP index=82 ms=29.4639
DECODE_STEP index=83 ms=30.7187
DECODE_STEP index=84 ms=31.515
DECODE_STEP index=85 ms=33.2473
DECODE_STEP index=86 ms=30.681
DECODE_STEP index=87 ms=32.4743
DECODE_STEP index=88 ms=33.5626
DECODE_STEP index=89 ms=36.5873
DECODE_STEP index=90 ms=40.6048
DECODE_STEP index=91 ms=42.7535
DECODE_STEP index=92 ms=41.3956
DECODE_STEP index=93 ms=36.9554
DECODE_STEP index=94 ms=35.1921
DECODE_STEP index=95 ms=37.66
DECODE_STEP index=96 ms=32.6502
DECODE_STEP index=97 ms=36.0374
DECODE_STEP index=98 ms=29.9486
DECODE_STEP index=99 ms=33.6022
DECODE_STEP index=100 ms=33.0142
DECODE_STEP index=101 ms=39.4029
DECODE_STEP index=102 ms=30.9989
DECODE_STEP index=103 ms=34.0564
DECODE_STEP index=104 ms=31.8599
DECODE_STEP index=105 ms=42.5922
DECODE_STEP index=106 ms=40.1472
DECODE_STEP index=107 ms=42.8211
DECODE_STEP index=108 ms=43.3189
DECODE_STEP index=109 ms=33.9506
DECODE_STEP index=110 ms=33.7907
DECODE_STEP index=111 ms=33.5252
DECODE_STEP index=112 ms=40.1037
DECODE_STEP index=113 ms=33.6963
DECODE_STEP index=114 ms=33.4585
DECODE_STEP index=115 ms=29.8553
DECODE_STEP index=116 ms=28.6562
DECODE_STEP index=117 ms=30.9045
DECODE_STEP index=118 ms=31.7114
DECODE_STEP index=119 ms=32.3505
DECODE_STEP index=120 ms=29.1281
DECODE_STEP index=121 ms=31.3761
DECODE_STEP index=122 ms=28.9915
DECODE_STEP index=123 ms=30.7257
DECODE_STEP index=124 ms=39.2144
DECODE_STEP index=125 ms=31.4517
DECODE_STEP index=126 ms=35.036
DECODE_STEP index=127 ms=38.4327
DECODE steps=127 ms=4486.26 tok_s=28.3086
HOST_RSS peak_MiB=54257.9
CPU_EXPERT gu_ms=0 quant_ms=0 down_ms=0 layer_flow_ms=2604.5 bytes=72821374976
STEP_TRACE steps=127 moe_layers=5334 pipelined=1 head_ms=273.023 cpu_ms=2682.03 between_ms=1295.38 tail_ms=203.743 tail_sync_ms=115.116 tail_plan_ms=42.2848 tail_copy_ms=42.5755 enqueue_ms=460.455 tier_swaps=224 split_windows=0 per_step_ms=35.0723
GPU peak_allocated_MiB=13249.4 native_expert_bytes=0 expert_groups=0 staging_ms=0
PREFILL_SCRATCH device=0 peak_MiB=5.07129 capacity_MiB=32
GPU_LIVE device=0 dense_MiB=5029.21 other_MiB=7946.13 prefill_MiB=32 resident_exec_MiB=2.94288 state_MiB=239.105
GPU_DEVICE device=0 peak_allocated_MiB=13249.4 live_MiB=13249.4 native_expert_bytes=0 staging_ms=0 cache_hits=0 cache_hit_bytes=0 cuda_used_MiB=15300 free_MiB=1004
resident expert entries=34678/42672
Finished with result: success
Main processes terminated with: code=exited/status=0
Service runtime: 59.206s
CPU time consumed: 2min 842ms
Memory peak: 256.0K
Memory swap peak: 0B
