Running as unit: strata-st-confirm1-q22fit4-419869.service; invocation ID: 97ee42e3c85a47bfa05ab08d09547c4a
EXPERT_PACK source=/mnt/disk01/models/glm53f-reap/REAP50-Q22-down-only-experimental.gguf backend=native retained=0
STAGING compact=1 slot_MiB=127
FLOATING_Q8 tensor=blk.0.hc_attn_fn source_type=0 MiB=0.398438
FLOATING_Q8 tensor=blk.0.hc_ffn_fn source_type=0 MiB=0.398438
FLOATING_Q8 tensor=blk.1.hc_attn_fn source_type=0 MiB=0.398438
FLOATING_Q8 tensor=blk.1.hc_ffn_fn source_type=0 MiB=0.398438
FLOATING_Q8 tensor=blk.10.hc_attn_fn source_type=0 MiB=0.398438
FLOATING_Q8 tensor=blk.10.hc_ffn_fn source_type=0 MiB=0.398438
FLOATING_Q8 tensor=blk.11.attn_k_b.weight source_type=12 MiB=8.5
FLOATING_Q8 tensor=blk.11.attn_v_b.weight source_type=12 MiB=8.5
FLOATING_Q8 tensor=blk.11.hc_attn_fn source_type=0 MiB=0.398438
FLOATING_Q8 tensor=blk.11.hc_ffn_fn source_type=0 MiB=0.398438
FLOATING_Q8 tensor=blk.12.hc_attn_fn source_type=0 MiB=0.398438
FLOATING_Q8 tensor=blk.12.hc_ffn_fn source_type=0 MiB=0.398438
FLOATING_Q8 tensor=blk.13.hc_attn_fn source_type=0 MiB=0.398438
FLOATING_Q8 tensor=blk.13.hc_ffn_fn source_type=0 MiB=0.398438
FLOATING_Q8 tensor=blk.14.hc_attn_fn source_type=0 MiB=0.398438
FLOATING_Q8 tensor=blk.14.hc_ffn_fn source_type=0 MiB=0.398438
FLOATING_Q8 tensor=blk.15.attn_k_b.weight source_type=12 MiB=8.5
FLOATING_Q8 tensor=blk.15.attn_v_b.weight source_type=12 MiB=8.5
FLOATING_Q8 tensor=blk.15.hc_attn_fn source_type=0 MiB=0.398438
FLOATING_Q8 tensor=blk.15.hc_ffn_fn source_type=0 MiB=0.398438
FLOATING_Q8 tensor=blk.16.hc_attn_fn source_type=0 MiB=0.398438
FLOATING_Q8 tensor=blk.16.hc_ffn_fn source_type=0 MiB=0.398438
FLOATING_Q8 tensor=blk.17.hc_attn_fn source_type=0 MiB=0.398438
FLOATING_Q8 tensor=blk.17.hc_ffn_fn source_type=0 MiB=0.398438
FLOATING_Q8 tensor=blk.18.hc_attn_fn source_type=0 MiB=0.398438
FLOATING_Q8 tensor=blk.18.hc_ffn_fn source_type=0 MiB=0.398438
FLOATING_Q8 tensor=blk.19.attn_k_b.weight source_type=12 MiB=8.5
FLOATING_Q8 tensor=blk.19.attn_v_b.weight source_type=12 MiB=8.5
FLOATING_Q8 tensor=blk.19.hc_attn_fn source_type=0 MiB=0.398438
FLOATING_Q8 tensor=blk.19.hc_ffn_fn source_type=0 MiB=0.398438
FLOATING_Q8 tensor=blk.2.hc_attn_fn source_type=0 MiB=0.398438
FLOATING_Q8 tensor=blk.2.hc_ffn_fn source_type=0 MiB=0.398438
FLOATING_Q8 tensor=blk.20.hc_attn_fn source_type=0 MiB=0.398438
FLOATING_Q8 tensor=blk.20.hc_ffn_fn source_type=0 MiB=0.398438
FLOATING_Q8 tensor=blk.21.hc_attn_fn source_type=0 MiB=0.398438
FLOATING_Q8 tensor=blk.21.hc_ffn_fn source_type=0 MiB=0.398438
FLOATING_Q8 tensor=blk.22.hc_attn_fn source_type=0 MiB=0.398438
FLOATING_Q8 tensor=blk.22.hc_ffn_fn source_type=0 MiB=0.398438
FLOATING_Q8 tensor=blk.23.attn_k_b.weight source_type=12 MiB=8.5
FLOATING_Q8 tensor=blk.23.attn_v_b.weight source_type=12 MiB=8.5
FLOATING_Q8 tensor=blk.23.hc_attn_fn source_type=0 MiB=0.398438
FLOATING_Q8 tensor=blk.23.hc_ffn_fn source_type=0 MiB=0.398438
FLOATING_Q8 tensor=blk.24.hc_attn_fn source_type=0 MiB=0.398438
FLOATING_Q8 tensor=blk.24.hc_ffn_fn source_type=0 MiB=0.398438
FLOATING_Q8 tensor=blk.25.hc_attn_fn source_type=0 MiB=0.398438
FLOATING_Q8 tensor=blk.25.hc_ffn_fn source_type=0 MiB=0.398438
FLOATING_Q8 tensor=blk.26.hc_attn_fn source_type=0 MiB=0.398438
FLOATING_Q8 tensor=blk.26.hc_ffn_fn source_type=0 MiB=0.398438
FLOATING_Q8 tensor=blk.27.attn_k_b.weight source_type=12 MiB=8.5
FLOATING_Q8 tensor=blk.27.attn_v_b.weight source_type=12 MiB=8.5
FLOATING_Q8 tensor=blk.27.hc_attn_fn source_type=0 MiB=0.398438
FLOATING_Q8 tensor=blk.27.hc_ffn_fn source_type=0 MiB=0.398438
FLOATING_Q8 tensor=blk.28.hc_attn_fn source_type=0 MiB=0.398438
FLOATING_Q8 tensor=blk.28.hc_ffn_fn source_type=0 MiB=0.398438
FLOATING_Q8 tensor=blk.29.hc_attn_fn source_type=0 MiB=0.398438
FLOATING_Q8 tensor=blk.29.hc_ffn_fn source_type=0 MiB=0.398438
FLOATING_Q8 tensor=blk.3.attn_k_b.weight source_type=12 MiB=8.5
FLOATING_Q8 tensor=blk.3.attn_v_b.weight source_type=12 MiB=8.5
FLOATING_Q8 tensor=blk.3.hc_attn_fn source_type=0 MiB=0.398438
FLOATING_Q8 tensor=blk.3.hc_ffn_fn source_type=0 MiB=0.398438
FLOATING_Q8 tensor=blk.30.hc_attn_fn source_type=0 MiB=0.398438
FLOATING_Q8 tensor=blk.30.hc_ffn_fn source_type=0 MiB=0.398438
FLOATING_Q8 tensor=blk.31.attn_k_b.weight source_type=12 MiB=8.5
FLOATING_Q8 tensor=blk.31.attn_v_b.weight source_type=12 MiB=8.5
FLOATING_Q8 tensor=blk.31.hc_attn_fn source_type=0 MiB=0.398438
FLOATING_Q8 tensor=blk.31.hc_ffn_fn source_type=0 MiB=0.398438
FLOATING_Q8 tensor=blk.32.hc_attn_fn source_type=0 MiB=0.398438
FLOATING_Q8 tensor=blk.32.hc_ffn_fn source_type=0 MiB=0.398438
FLOATING_Q8 tensor=blk.33.hc_attn_fn source_type=0 MiB=0.398438
FLOATING_Q8 tensor=blk.33.hc_ffn_fn source_type=0 MiB=0.398438
FLOATING_Q8 tensor=blk.34.hc_attn_fn source_type=0 MiB=0.398438
FLOATING_Q8 tensor=blk.34.hc_ffn_fn source_type=0 MiB=0.398438
FLOATING_Q8 tensor=blk.35.attn_k_b.weight source_type=12 MiB=8.5
FLOATING_Q8 tensor=blk.35.attn_v_b.weight source_type=12 MiB=8.5
FLOATING_Q8 tensor=blk.35.hc_attn_fn source_type=0 MiB=0.398438
FLOATING_Q8 tensor=blk.35.hc_ffn_fn source_type=0 MiB=0.398438
FLOATING_Q8 tensor=blk.36.hc_attn_fn source_type=0 MiB=0.398438
FLOATING_Q8 tensor=blk.36.hc_ffn_fn source_type=0 MiB=0.398438
FLOATING_Q8 tensor=blk.37.hc_attn_fn source_type=0 MiB=0.398438
FLOATING_Q8 tensor=blk.37.hc_ffn_fn source_type=0 MiB=0.398438
FLOATING_Q8 tensor=blk.38.hc_attn_fn source_type=0 MiB=0.398438
FLOATING_Q8 tensor=blk.38.hc_ffn_fn source_type=0 MiB=0.398438
FLOATING_Q8 tensor=blk.39.attn_k_b.weight source_type=12 MiB=8.5
FLOATING_Q8 tensor=blk.39.attn_v_b.weight source_type=12 MiB=8.5
FLOATING_Q8 tensor=blk.39.hc_attn_fn source_type=0 MiB=0.398438
FLOATING_Q8 tensor=blk.39.hc_ffn_fn source_type=0 MiB=0.398438
FLOATING_Q8 tensor=blk.4.hc_attn_fn source_type=0 MiB=0.398438
FLOATING_Q8 tensor=blk.4.hc_ffn_fn source_type=0 MiB=0.398438
FLOATING_Q8 tensor=blk.40.hc_attn_fn source_type=0 MiB=0.398438
FLOATING_Q8 tensor=blk.40.hc_ffn_fn source_type=0 MiB=0.398438
FLOATING_Q8 tensor=blk.41.hc_attn_fn source_type=0 MiB=0.398438
FLOATING_Q8 tensor=blk.41.hc_ffn_fn source_type=0 MiB=0.398438
FLOATING_Q8 tensor=blk.42.hc_attn_fn source_type=0 MiB=0.398438
FLOATING_Q8 tensor=blk.42.hc_ffn_fn source_type=0 MiB=0.398438
FLOATING_Q8 tensor=blk.43.attn_k_b.weight source_type=12 MiB=8.5
FLOATING_Q8 tensor=blk.43.attn_v_b.weight source_type=12 MiB=8.5
FLOATING_Q8 tensor=blk.43.hc_attn_fn source_type=0 MiB=0.398438
FLOATING_Q8 tensor=blk.43.hc_ffn_fn source_type=0 MiB=0.398438
FLOATING_Q8 tensor=blk.44.hc_attn_fn source_type=0 MiB=0.398438
FLOATING_Q8 tensor=blk.44.hc_ffn_fn source_type=0 MiB=0.398438
FLOATING_Q8 tensor=blk.5.hc_attn_fn source_type=0 MiB=0.398438
FLOATING_Q8 tensor=blk.5.hc_ffn_fn source_type=0 MiB=0.398438
FLOATING_Q8 tensor=blk.6.hc_attn_fn source_type=0 MiB=0.398438
FLOATING_Q8 tensor=blk.6.hc_ffn_fn source_type=0 MiB=0.398438
FLOATING_Q8 tensor=blk.7.attn_k_b.weight source_type=12 MiB=8.5
FLOATING_Q8 tensor=blk.7.attn_v_b.weight source_type=12 MiB=8.5
FLOATING_Q8 tensor=blk.7.hc_attn_fn source_type=0 MiB=0.398438
FLOATING_Q8 tensor=blk.7.hc_ffn_fn source_type=0 MiB=0.398438
FLOATING_Q8 tensor=blk.8.hc_attn_fn source_type=0 MiB=0.398438
FLOATING_Q8 tensor=blk.8.hc_ffn_fn source_type=0 MiB=0.398438
FLOATING_Q8 tensor=blk.9.hc_attn_fn source_type=0 MiB=0.398438
FLOATING_Q8 tensor=blk.9.hc_ffn_fn source_type=0 MiB=0.398438
GPU prefill chunk=2048 staging_workers=4 numa_cpus=0,1,2,3
GPU allocated_MiB=7128.73 reserved_runtime_MiB=1024 budget_MiB=15360
GPU_DENSE_HOST_RELEASE phase=main tensors=1256 source_MiB_advised=5040.35 ms=121.437
TIER_DIRECT registered_MiB=47628 ranges=85 ms=18988.5
PREFILL_PARTITION primary_groups=9 secondary_groups=0
PREFILL_CACHE device=0 budget_MiB=0 reserve_MiB=768
PREFILL_CACHE_PLAN device=0 base_groups=0 unused_MiB=0
MAPPED_EXPERTS numa_rows=0 lazy=1 bytes=49941577728
PREFILL trial=0 tokens=2048 batch=2048 ms=25335.1 tok_s=80.8365
FAULTS trial=0 major=62 minor=343471
HOST_RSS peak_MiB=49316.5
CPU_EXPERT gu_ms=0 quant_ms=0 down_ms=0 layer_flow_ms=0 bytes=0
GPU peak_allocated_MiB=7128.73 native_expert_bytes=49941577728 expert_groups=378 staging_ms=3862.51
PREFILL_SCRATCH device=0 peak_MiB=696.564 capacity_MiB=1024
GPU_LIVE device=0 dense_MiB=5029.21 other_MiB=294.414 prefill_MiB=1566 state_MiB=239.105
GPU_DEVICE device=0 peak_allocated_MiB=7128.73 live_MiB=7128.73 native_expert_bytes=49941577728 staging_ms=3862.51 cache_hits=0 cache_hit_bytes=0 cuda_used_MiB=8010 free_MiB=8294
MAPPED_EXPERTS numa_rows=0 lazy=1 bytes=49941577728
PREFILL_WORK device=0 transferred_bytes=49941577728 staging_ms=3862.51 actual_rows=0 padded_rows=0 dequant_values=0
DECODE_RUNTIME override_reserve_MiB=512
DECODE_CACHE prefix_trained=1 slots=1074 MiB=8457.75 fingerprint=3822059791401839475
RESPONSE_PREPARE kind=decode_cache ms=1309.78
RESPONSE_PREPARE kind=cpu ms=0.001433
DECODE_TRIAL index=0
DECODE_STEP index=1 ms=45.0421
DECODE_STEP index=2 ms=31.924
DECODE_STEP index=3 ms=27.7881
DECODE_STEP index=4 ms=27.9687
DECODE_STEP index=5 ms=33.8648
DECODE_STEP index=6 ms=32.1812
DECODE_STEP index=7 ms=27.8923
DECODE_STEP index=8 ms=29.0558
DECODE_STEP index=9 ms=29.8545
DECODE_STEP index=10 ms=30.3031
DECODE_STEP index=11 ms=34.5126
DECODE_STEP index=12 ms=34.3169
DECODE_STEP index=13 ms=33.4499
DECODE_STEP index=14 ms=29.2968
DECODE_STEP index=15 ms=29.753
DECODE_STEP index=16 ms=33.4466
DECODE_STEP index=17 ms=30.0015
DECODE_STEP index=18 ms=29.0762
DECODE_STEP index=19 ms=29.5527
DECODE_STEP index=20 ms=30.6434
DECODE_STEP index=21 ms=31.6953
DECODE_STEP index=22 ms=31.2551
DECODE_STEP index=23 ms=29.8235
DECODE_STEP index=24 ms=29.0732
DECODE_STEP index=25 ms=29.9735
DECODE_STEP index=26 ms=31.7938
DECODE_STEP index=27 ms=29.1393
DECODE_STEP index=28 ms=28.5724
DECODE_STEP index=29 ms=28.3604
DECODE_STEP index=30 ms=30.9339
DECODE_STEP index=31 ms=28.698
DECODE_STEP index=32 ms=29.8644
DECODE_STEP index=33 ms=28.9396
DECODE_STEP index=34 ms=29.2383
DECODE_STEP index=35 ms=28.5531
DECODE_STEP index=36 ms=29.9477
DECODE_STEP index=37 ms=32.2769
DECODE_STEP index=38 ms=29.0638
DECODE_STEP index=39 ms=27.9122
DECODE_STEP index=40 ms=28.6863
DECODE_STEP index=41 ms=29.5351
DECODE_STEP index=42 ms=31.7677
DECODE_STEP index=43 ms=28.1934
DECODE_STEP index=44 ms=29.0695
DECODE_STEP index=45 ms=28.0268
DECODE_STEP index=46 ms=30.2194
DECODE_STEP index=47 ms=28.9305
DECODE_STEP index=48 ms=29.0621
DECODE_STEP index=49 ms=28.9371
DECODE_STEP index=50 ms=29.0705
DECODE_STEP index=51 ms=28.8212
DECODE_STEP index=52 ms=28.2578
DECODE_STEP index=53 ms=30.5342
DECODE_STEP index=54 ms=29.1643
DECODE_STEP index=55 ms=31.4689
DECODE_STEP index=56 ms=28.3523
DECODE_STEP index=57 ms=28.0263
DECODE_STEP index=58 ms=29.1334
DECODE_STEP index=59 ms=28.2038
DECODE_STEP index=60 ms=28.4567
DECODE_STEP index=61 ms=29.5807
DECODE_STEP index=62 ms=31.0905
DECODE_STEP index=63 ms=28.273
DECODE_STEP index=64 ms=28.4938
DECODE_STEP index=65 ms=28.5119
DECODE_STEP index=66 ms=29.7575
DECODE_STEP index=67 ms=28.5069
DECODE_STEP index=68 ms=29.3712
DECODE_STEP index=69 ms=29.2651
DECODE_STEP index=70 ms=28.3009
DECODE_STEP index=71 ms=29.2784
DECODE_STEP index=72 ms=29.8621
DECODE_STEP index=73 ms=28.8859
DECODE_STEP index=74 ms=28.3199
DECODE_STEP index=75 ms=28.5645
DECODE_STEP index=76 ms=29.4112
DECODE_STEP index=77 ms=28.5099
DECODE_STEP index=78 ms=28.2033
DECODE_STEP index=79 ms=31.702
DECODE_STEP index=80 ms=29.1206
DECODE_STEP index=81 ms=30.7034
DECODE_STEP index=82 ms=27.9763
DECODE_STEP index=83 ms=28.3489
DECODE_STEP index=84 ms=28.93
DECODE_STEP index=85 ms=28.5394
DECODE_STEP index=86 ms=28.5242
DECODE_STEP index=87 ms=31.8684
DECODE_STEP index=88 ms=28.8779
DECODE_STEP index=89 ms=27.8966
DECODE_STEP index=90 ms=31.8346
DECODE_STEP index=91 ms=29.2518
DECODE_STEP index=92 ms=27.9415
DECODE_STEP index=93 ms=29.2744
DECODE_STEP index=94 ms=28.7984
DECODE_STEP index=95 ms=28.4392
DECODE_STEP index=96 ms=30.3193
DECODE_STEP index=97 ms=29.5692
DECODE_STEP index=98 ms=34.0709
DECODE_STEP index=99 ms=29.5544
DECODE_STEP index=100 ms=32.494
DECODE_STEP index=101 ms=29.2387
DECODE_STEP index=102 ms=32.0115
DECODE_STEP index=103 ms=28.4251
DECODE_STEP index=104 ms=27.7409
DECODE_STEP index=105 ms=27.7966
DECODE_STEP index=106 ms=30.2601
DECODE_STEP index=107 ms=27.8876
DECODE_STEP index=108 ms=28.1692
DECODE_STEP index=109 ms=27.8305
DECODE_STEP index=110 ms=28.7963
DECODE_STEP index=111 ms=29.4038
DECODE_STEP index=112 ms=28.8918
DECODE_STEP index=113 ms=33.3988
DECODE_STEP index=114 ms=28.7256
DECODE_STEP index=115 ms=29.8359
DECODE_STEP index=116 ms=30.4073
DECODE_STEP index=117 ms=27.9888
DECODE_STEP index=118 ms=28.5503
DECODE_STEP index=119 ms=28.2046
DECODE_STEP index=120 ms=29.631
DECODE_STEP index=121 ms=28.4178
DECODE_STEP index=122 ms=28.9659
DECODE_STEP index=123 ms=28.2795
DECODE_STEP index=124 ms=28.8951
DECODE_STEP index=125 ms=29.0838
DECODE_STEP index=126 ms=28.1372
DECODE_STEP index=127 ms=27.8151
DECODE steps=127 ms=3783.05 tok_s=33.5708
HOST_RSS peak_MiB=49316.5
CPU_EXPERT gu_ms=0 quant_ms=0 down_ms=0 layer_flow_ms=1085.79 bytes=29388570624
STEP_TRACE steps=127 moe_layers=5334 pipelined=1 head_ms=273.967 cpu_ms=1156.74 between_ms=2111.96 tail_ms=208.756 tail_sync_ms=126.869 tail_plan_ms=40.2898 tail_copy_ms=38.1324 enqueue_ms=437.228 tier_swaps=206 split_windows=0 per_step_ms=29.5388
GPU peak_allocated_MiB=13836.3 native_expert_bytes=0 expert_groups=0 staging_ms=0
PREFILL_SCRATCH device=0 peak_MiB=5.07129 capacity_MiB=32
GPU_LIVE device=0 dense_MiB=5029.21 other_MiB=8533.01 prefill_MiB=32 resident_exec_MiB=2.94288 state_MiB=239.105
GPU_DEVICE device=0 peak_allocated_MiB=13836.3 live_MiB=13836.3 native_expert_bytes=0 staging_ms=0 cache_hits=0 cache_hit_bytes=0 cuda_used_MiB=14830 free_MiB=1474
resident expert entries=39113/42672
Finished with result: success
Main processes terminated with: code=exited/status=0
Service runtime: 58.423s
CPU time consumed: 2min 2.267s
Memory peak: 512.0K
Memory swap peak: 0B
