25
1874
9
102636
10
15770
2878
1874
11
1874
9
102636
10
15770
198
2575
825
19781
17629
817
6961
6200
11
825
19781
17629
817
6961
6200
11
825
19781
17629
198
2575
13624
82
25
1874
9
13624
82
25
1874
9
102636
10
15770
198
2575
13624
82
25
1874
9
102636
10
15770
198
2575
6042
25
1874
9
102636
10
746
25
1874
9
102636
10
659
220
1527
4287
6589
87028
41586
624
2575
1527
4287
6589
87028
41586
624
2575
320
1782
49148
594
6042
25
1527
4287
6589
87028
41586
13
1527
4287
5646
366
37018
29
5646
366
37018
29
1527
4287
6589
87028
41586
13
1527
4287
6589
87028
41586
13
279
49148
594
659
1527
4287
