25
1874
9
102636
488
17629
2878
1874
624
4074
9
220
102636
488
17629
2878
1874
13
1527
4287
6589
87028
41586
624
4074
9
220
102636
488
19445
1465
25
1874
9
220
102636
488
17629
2878
1874
13
1527
4287
6589
198
4074
9
220
102636
488
17629
2878
1874
13
458
4287
6589
198
4074
9
15614
15266
25
15614
15266
320
47
17
808
18
25
15614
15266
320
47
17
808
18
25
15614
15266
320
47
17
808
18
25
15614
15266
198
4074
9
15614
15266
25
15614
15266
320
47
17
808
18
25
15614
15266
320
47
17
49525
529
12239
20317
2067
13407
9021
1302
349
25
32013
12239
20317
2067
13407
9021
1302
349
25
32013
