25
1874
9
102636
10
15770
2878
1874
11
1874
9
102636
10
15770
198
5515
25
1874
9
102636
10
15770
2878
1874
11
14330
25
7112
13931
3034
13
220
8426
82
825
20455
17629
369
279
19827
624
2575
5515
25
1874
9
102636
284
1874
2331
11
13665
284
17629
2878
1874
11
1874
9
11858
92658
10690
525
1874
9
102636
10
15770
198
11858
92658
1140
374
1874
9
11858
92658
198
2575
5515
11165
25
1874
9
102636
10
15770
2878
1874
11
14330
25
7112
13931
3034
13
220
3980
25
220
5515
25
1874
9
27362
198
2575
5515
25
5515
25
5515
25
5515
25
6042
25
220
2038
25
220
8751
25760
13480
486
16461
21240
320
