25
825
20455
17629
284
1874
9
102636
488
13665
624
1874
9
102636
488
13665
11
323
825
20455
17629
284
1874
9
102636
488
13665
13
220
1048
8426
82
825
20455
17629
369
279
198
2575
8426
82
825
20455
17993
25
1874
9
7364
2024
258
198
2575
8426
82
825
49148
25
1874
9
102636
488
220
102636
488
13665
11
323
825
20455
17629
284
1874
9
102636
488
472
198
2575
8426
82
825
49148
25
1874
9
467
198
2575
8426
82
825
49148
25
2661
264
4108
17629
11
3293
825
20455
17629
25
1874
9
102636
488
13665
11
1874
9
102636
488
1968
198
2575
8426
82
825
49148
25
356
198
2575
9809
25
330
3379
