25
1874
9
102636
10
15770
2878
1874
11
1874
9
102636
10
15770
198
5515
25
1874
9
102636
10
15770
2878
1874
11
14330
25
9862
13931
3034
13
220
3776
20455
17629
369
279
19827
624
2575
8426
82
825
20455
17629
369
279
19827
26
5515
13931
12519
25
1874
9
32013
12239
20317
486
4651
64
9021
314
24526
11
705
11
1495
92
817
2436
624
1235
8751
25760
13480
341
2653
4512
2490
19339
6978
817
2436
11
678
2326
40257
3786
624
1235
8751
25760
19339
6978
817
2436
11
1378
7798
11
91321
58
17
60
817
2436
624
1235
8751
25760
13480
341
2653
4512
2490
23241
101175
340
262
442
5515
13931
12519
25
1874
9
102636
