25
1874
9
102636
10
4489
2878
1874
11
1874
9
102636
10
4489
198
3379
82
825
20455
17629
369
279
49148
594
19827
26
5515
13931
12519
25
1874
9
102636
10
4489
2878
1874
11
1874
9
102636
198
2575
8426
82
825
20455
17629
369
1931
25
1874
9
102636
10
4489
2878
1874
11
1874
58
15
60
284
1874
220
15
11
1874
58
15
60
2699
220
15
284
17629
220
15
198
3379
82
825
20455
17629
369
1931
25
1874
9
102636
4244
11
1874
58
15
60
3409
220
15
2699
220
15
284
17629
220
15
198
3379
82
825
20455
17629
369
472
25
1874
9
102636
4244
11
1874
58
330
15
1341
3409
220
