25
825
20455
17629
817
1618
11
825
817
198
13156
1112
154842
73022
10816
198
322
576
1273
1034
25
1273
4322
1749
4273
64
4452
7208
198
322
5085
2271
16168
18173
15931
32
15614
15266
323
2802
26932
624
322
48011
25
16198
9021
11
16198
37372
11
16198
36
39401
11
16198
7078
11
16198
9021
3889
4651
11
16198
37372
3889
4651
345
322
16198
36
39401
3889
4651
11
16198
7078
3889
4651
11
16198
7078
3889
4651
13722
11
16198
7078
3889
4651
13722
11970
345
322
16198
7078
3889
4651
13722
24118
11
16198
9021
3889
4651
13722
11970
11
16198
9021
3889
4651
13722
24118
345
322
16198
37372
3889
4651
13722
11970
11
16198
37372
3889
4651
13722
