25
1874
9
102636
488
2699
2878
1874
13
1874
9
102636
10
4489
198
2575
20455
17629
369
279
19827
26
5515
13931
12519
25
1874
9
102636
3403
220
103302
320
46044
6911
2699
220
103302
10
4292
2575
8426
82
825
20455
17629
40410
320
16155
5515
220
98965
594
7314
594
17967
678
4351
40410
198
2575
9744
13480
25
1874
9
102636
488
2699
2878
1874
13
1874
9
102636
389
264
220
21
66
14
98886
83
5662
25
220
15
496
20
19781
36400
220
15
496
20
198
2575
220
15
496
98965
19781
36400
220
21
496
98965
19781
36400
220
21
496
6203
9996
374
14299
1402
49543
25
220
101961
13
101130
18831
2687
389
220
21
