25
1874
9
102636
488
2699
2878
1874
13
1874
9
102636
10
4489
624
2575
14330
25
14386
13931
3034
13
5515
1874
9
102636
10
4489
11165
25
1874
9
102636
488
2699
2878
1874
13
1527
4287
6589
87028
198
2575
825
17629
369
279
19827
389
5515
320
3194
6589
87028
1882
1638
41586
4292
2575
1527
4287
6589
87028
41586
504
279
1882
1273
1882
320
3194
6589
87028
1882
1638
41586
4292
2575
1527
7901
311
3239
14
30682
14515
448
4683
389
3239
14
30682
7901
11
3787
389
3239
14
1742
7901
11
3787
389
3239
14
2661
198
2575
1527
7901
311
3239
14
49083
6911
21204
320
6005
85246
6911
21204
320
6005
5085
2271
25
279
16168
