Running as unit: strata-st-fit6nodefer-400271.service; invocation ID: f545b894061b471ea7d95e791bffb7ba
STAGING compact=1 slot_MiB=140
FLOATING_Q8 tensor=blk.0.hc_attn_fn source_type=0 MiB=0.398438
FLOATING_Q8 tensor=blk.0.hc_ffn_fn source_type=0 MiB=0.398438
FLOATING_Q8 tensor=blk.1.hc_attn_fn source_type=0 MiB=0.398438
FLOATING_Q8 tensor=blk.1.hc_ffn_fn source_type=0 MiB=0.398438
FLOATING_Q8 tensor=blk.10.hc_attn_fn source_type=0 MiB=0.398438
FLOATING_Q8 tensor=blk.10.hc_ffn_fn source_type=0 MiB=0.398438
FLOATING_Q8 tensor=blk.11.attn_k_b.weight source_type=12 MiB=8.5
FLOATING_Q8 tensor=blk.11.attn_v_b.weight source_type=12 MiB=8.5
FLOATING_Q8 tensor=blk.11.hc_attn_fn source_type=0 MiB=0.398438
FLOATING_Q8 tensor=blk.11.hc_ffn_fn source_type=0 MiB=0.398438
FLOATING_Q8 tensor=blk.12.hc_attn_fn source_type=0 MiB=0.398438
FLOATING_Q8 tensor=blk.12.hc_ffn_fn source_type=0 MiB=0.398438
FLOATING_Q8 tensor=blk.13.hc_attn_fn source_type=0 MiB=0.398438
FLOATING_Q8 tensor=blk.13.hc_ffn_fn source_type=0 MiB=0.398438
FLOATING_Q8 tensor=blk.14.hc_attn_fn source_type=0 MiB=0.398438
FLOATING_Q8 tensor=blk.14.hc_ffn_fn source_type=0 MiB=0.398438
FLOATING_Q8 tensor=blk.15.attn_k_b.weight source_type=12 MiB=8.5
FLOATING_Q8 tensor=blk.15.attn_v_b.weight source_type=12 MiB=8.5
FLOATING_Q8 tensor=blk.15.hc_attn_fn source_type=0 MiB=0.398438
FLOATING_Q8 tensor=blk.15.hc_ffn_fn source_type=0 MiB=0.398438
FLOATING_Q8 tensor=blk.16.hc_attn_fn source_type=0 MiB=0.398438
FLOATING_Q8 tensor=blk.16.hc_ffn_fn source_type=0 MiB=0.398438
FLOATING_Q8 tensor=blk.17.hc_attn_fn source_type=0 MiB=0.398438
FLOATING_Q8 tensor=blk.17.hc_ffn_fn source_type=0 MiB=0.398438
FLOATING_Q8 tensor=blk.18.hc_attn_fn source_type=0 MiB=0.398438
FLOATING_Q8 tensor=blk.18.hc_ffn_fn source_type=0 MiB=0.398438
FLOATING_Q8 tensor=blk.19.attn_k_b.weight source_type=12 MiB=8.5
FLOATING_Q8 tensor=blk.19.attn_v_b.weight source_type=12 MiB=8.5
FLOATING_Q8 tensor=blk.19.hc_attn_fn source_type=0 MiB=0.398438
FLOATING_Q8 tensor=blk.19.hc_ffn_fn source_type=0 MiB=0.398438
FLOATING_Q8 tensor=blk.2.hc_attn_fn source_type=0 MiB=0.398438
FLOATING_Q8 tensor=blk.2.hc_ffn_fn source_type=0 MiB=0.398438
FLOATING_Q8 tensor=blk.20.hc_attn_fn source_type=0 MiB=0.398438
FLOATING_Q8 tensor=blk.20.hc_ffn_fn source_type=0 MiB=0.398438
FLOATING_Q8 tensor=blk.21.hc_attn_fn source_type=0 MiB=0.398438
FLOATING_Q8 tensor=blk.21.hc_ffn_fn source_type=0 MiB=0.398438
FLOATING_Q8 tensor=blk.22.hc_attn_fn source_type=0 MiB=0.398438
FLOATING_Q8 tensor=blk.22.hc_ffn_fn source_type=0 MiB=0.398438
FLOATING_Q8 tensor=blk.23.attn_k_b.weight source_type=12 MiB=8.5
FLOATING_Q8 tensor=blk.23.attn_v_b.weight source_type=12 MiB=8.5
FLOATING_Q8 tensor=blk.23.hc_attn_fn source_type=0 MiB=0.398438
FLOATING_Q8 tensor=blk.23.hc_ffn_fn source_type=0 MiB=0.398438
FLOATING_Q8 tensor=blk.24.hc_attn_fn source_type=0 MiB=0.398438
FLOATING_Q8 tensor=blk.24.hc_ffn_fn source_type=0 MiB=0.398438
FLOATING_Q8 tensor=blk.25.hc_attn_fn source_type=0 MiB=0.398438
FLOATING_Q8 tensor=blk.25.hc_ffn_fn source_type=0 MiB=0.398438
FLOATING_Q8 tensor=blk.26.hc_attn_fn source_type=0 MiB=0.398438
FLOATING_Q8 tensor=blk.26.hc_ffn_fn source_type=0 MiB=0.398438
FLOATING_Q8 tensor=blk.27.attn_k_b.weight source_type=12 MiB=8.5
FLOATING_Q8 tensor=blk.27.attn_v_b.weight source_type=12 MiB=8.5
FLOATING_Q8 tensor=blk.27.hc_attn_fn source_type=0 MiB=0.398438
FLOATING_Q8 tensor=blk.27.hc_ffn_fn source_type=0 MiB=0.398438
FLOATING_Q8 tensor=blk.28.hc_attn_fn source_type=0 MiB=0.398438
FLOATING_Q8 tensor=blk.28.hc_ffn_fn source_type=0 MiB=0.398438
FLOATING_Q8 tensor=blk.29.hc_attn_fn source_type=0 MiB=0.398438
FLOATING_Q8 tensor=blk.29.hc_ffn_fn source_type=0 MiB=0.398438
FLOATING_Q8 tensor=blk.3.attn_k_b.weight source_type=12 MiB=8.5
FLOATING_Q8 tensor=blk.3.attn_v_b.weight source_type=12 MiB=8.5
FLOATING_Q8 tensor=blk.3.hc_attn_fn source_type=0 MiB=0.398438
FLOATING_Q8 tensor=blk.3.hc_ffn_fn source_type=0 MiB=0.398438
FLOATING_Q8 tensor=blk.30.hc_attn_fn source_type=0 MiB=0.398438
FLOATING_Q8 tensor=blk.30.hc_ffn_fn source_type=0 MiB=0.398438
FLOATING_Q8 tensor=blk.31.attn_k_b.weight source_type=12 MiB=8.5
FLOATING_Q8 tensor=blk.31.attn_v_b.weight source_type=12 MiB=8.5
FLOATING_Q8 tensor=blk.31.hc_attn_fn source_type=0 MiB=0.398438
FLOATING_Q8 tensor=blk.31.hc_ffn_fn source_type=0 MiB=0.398438
FLOATING_Q8 tensor=blk.32.hc_attn_fn source_type=0 MiB=0.398438
FLOATING_Q8 tensor=blk.32.hc_ffn_fn source_type=0 MiB=0.398438
FLOATING_Q8 tensor=blk.33.hc_attn_fn source_type=0 MiB=0.398438
FLOATING_Q8 tensor=blk.33.hc_ffn_fn source_type=0 MiB=0.398438
FLOATING_Q8 tensor=blk.34.hc_attn_fn source_type=0 MiB=0.398438
FLOATING_Q8 tensor=blk.34.hc_ffn_fn source_type=0 MiB=0.398438
FLOATING_Q8 tensor=blk.35.attn_k_b.weight source_type=12 MiB=8.5
FLOATING_Q8 tensor=blk.35.attn_v_b.weight source_type=12 MiB=8.5
FLOATING_Q8 tensor=blk.35.hc_attn_fn source_type=0 MiB=0.398438
FLOATING_Q8 tensor=blk.35.hc_ffn_fn source_type=0 MiB=0.398438
FLOATING_Q8 tensor=blk.36.hc_attn_fn source_type=0 MiB=0.398438
FLOATING_Q8 tensor=blk.36.hc_ffn_fn source_type=0 MiB=0.398438
FLOATING_Q8 tensor=blk.37.hc_attn_fn source_type=0 MiB=0.398438
FLOATING_Q8 tensor=blk.37.hc_ffn_fn source_type=0 MiB=0.398438
FLOATING_Q8 tensor=blk.38.hc_attn_fn source_type=0 MiB=0.398438
FLOATING_Q8 tensor=blk.38.hc_ffn_fn source_type=0 MiB=0.398438
FLOATING_Q8 tensor=blk.39.attn_k_b.weight source_type=12 MiB=8.5
FLOATING_Q8 tensor=blk.39.attn_v_b.weight source_type=12 MiB=8.5
FLOATING_Q8 tensor=blk.39.hc_attn_fn source_type=0 MiB=0.398438
FLOATING_Q8 tensor=blk.39.hc_ffn_fn source_type=0 MiB=0.398438
FLOATING_Q8 tensor=blk.4.hc_attn_fn source_type=0 MiB=0.398438
FLOATING_Q8 tensor=blk.4.hc_ffn_fn source_type=0 MiB=0.398438
FLOATING_Q8 tensor=blk.40.hc_attn_fn source_type=0 MiB=0.398438
FLOATING_Q8 tensor=blk.40.hc_ffn_fn source_type=0 MiB=0.398438
FLOATING_Q8 tensor=blk.41.hc_attn_fn source_type=0 MiB=0.398438
FLOATING_Q8 tensor=blk.41.hc_ffn_fn source_type=0 MiB=0.398438
FLOATING_Q8 tensor=blk.42.hc_attn_fn source_type=0 MiB=0.398438
FLOATING_Q8 tensor=blk.42.hc_ffn_fn source_type=0 MiB=0.398438
FLOATING_Q8 tensor=blk.43.attn_k_b.weight source_type=12 MiB=8.5
FLOATING_Q8 tensor=blk.43.attn_v_b.weight source_type=12 MiB=8.5
FLOATING_Q8 tensor=blk.43.hc_attn_fn source_type=0 MiB=0.398438
FLOATING_Q8 tensor=blk.43.hc_ffn_fn source_type=0 MiB=0.398438
FLOATING_Q8 tensor=blk.44.hc_attn_fn source_type=0 MiB=0.398438
FLOATING_Q8 tensor=blk.44.hc_ffn_fn source_type=0 MiB=0.398438
FLOATING_Q8 tensor=blk.5.hc_attn_fn source_type=0 MiB=0.398438
FLOATING_Q8 tensor=blk.5.hc_ffn_fn source_type=0 MiB=0.398438
FLOATING_Q8 tensor=blk.6.hc_attn_fn source_type=0 MiB=0.398438
FLOATING_Q8 tensor=blk.6.hc_ffn_fn source_type=0 MiB=0.398438
FLOATING_Q8 tensor=blk.7.attn_k_b.weight source_type=12 MiB=8.5
FLOATING_Q8 tensor=blk.7.attn_v_b.weight source_type=12 MiB=8.5
FLOATING_Q8 tensor=blk.7.hc_attn_fn source_type=0 MiB=0.398438
FLOATING_Q8 tensor=blk.7.hc_ffn_fn source_type=0 MiB=0.398438
FLOATING_Q8 tensor=blk.8.hc_attn_fn source_type=0 MiB=0.398438
FLOATING_Q8 tensor=blk.8.hc_ffn_fn source_type=0 MiB=0.398438
FLOATING_Q8 tensor=blk.9.hc_attn_fn source_type=0 MiB=0.398438
FLOATING_Q8 tensor=blk.9.hc_ffn_fn source_type=0 MiB=0.398438
GPU prefill chunk=2048 staging_workers=4 numa_cpus=0,1,2,3
GPU allocated_MiB=7154.73 reserved_runtime_MiB=1024 budget_MiB=15360
GPU_DENSE_HOST_RELEASE phase=main tensors=1256 source_MiB_advised=5040.35 ms=130.821
TIER_DIRECT registered_MiB=52542 ranges=126 ms=12078.6
PREFILL_PARTITION primary_groups=9 secondary_groups=0
PREFILL_CACHE device=0 budget_MiB=0 reserve_MiB=768
PREFILL_CACHE_PLAN device=0 base_groups=0 unused_MiB=0
MAPPED_EXPERTS numa_rows=0 lazy=1 bytes=55094280192
PREFILL trial=0 tokens=2048 batch=2048 ms=19781.7 tok_s=103.53
FAULTS trial=0 major=770 minor=342968
HOST_RSS peak_MiB=54257.5
CPU_EXPERT gu_ms=0 quant_ms=0 down_ms=0 layer_flow_ms=0 bytes=0
GPU peak_allocated_MiB=7154.73 native_expert_bytes=55101150720 expert_groups=378 staging_ms=4285.99
PREFILL_SCRATCH device=0 peak_MiB=696.564 capacity_MiB=1024
GPU_LIVE device=0 dense_MiB=5029.21 other_MiB=294.414 prefill_MiB=1592 state_MiB=239.105
GPU_DEVICE device=0 peak_allocated_MiB=7154.73 live_MiB=7154.73 native_expert_bytes=55101150720 staging_ms=4285.99 cache_hits=0 cache_hit_bytes=0 cuda_used_MiB=8036 free_MiB=8268
MAPPED_EXPERTS numa_rows=0 lazy=1 bytes=55094280192
PREFILL_WORK device=0 transferred_bytes=55101150720 staging_ms=4285.99 actual_rows=0 padded_rows=0 dequant_values=0
DECODE_RUNTIME override_reserve_MiB=512
DECODE_CACHE prefix_trained=1 slots=906 MiB=7870.88 fingerprint=2780373492086969970
RESPONSE_PREPARE kind=decode_cache ms=1349.92
RESPONSE_PREPARE kind=cpu ms=0.001432
DECODE_TRIAL index=0
DECODE_STEP index=1 ms=48.8259
DECODE_STEP index=2 ms=30.5532
DECODE_STEP index=3 ms=34.9681
DECODE_STEP index=4 ms=34.2655
DECODE_STEP index=5 ms=36.0947
DECODE_STEP index=6 ms=31.2171
DECODE_STEP index=7 ms=34.7813
DECODE_STEP index=8 ms=31.9409
DECODE_STEP index=9 ms=34.5686
DECODE_STEP index=10 ms=30.6607
DECODE_STEP index=11 ms=32.6806
DECODE_STEP index=12 ms=35.9871
DECODE_STEP index=13 ms=33.971
DECODE_STEP index=14 ms=31.7936
DECODE_STEP index=15 ms=34.8033
DECODE_STEP index=16 ms=36.6314
DECODE_STEP index=17 ms=36.6715
DECODE_STEP index=18 ms=32.9362
DECODE_STEP index=19 ms=30.4563
DECODE_STEP index=20 ms=29.7987
DECODE_STEP index=21 ms=37.0454
DECODE_STEP index=22 ms=32.6292
DECODE_STEP index=23 ms=31.712
DECODE_STEP index=24 ms=33.6032
DECODE_STEP index=25 ms=31.1628
DECODE_STEP index=26 ms=33.1131
DECODE_STEP index=27 ms=31.5444
DECODE_STEP index=28 ms=29.8224
DECODE_STEP index=29 ms=31.4243
DECODE_STEP index=30 ms=36.2789
DECODE_STEP index=31 ms=29.6558
DECODE_STEP index=32 ms=32.5187
DECODE_STEP index=33 ms=31.5674
DECODE_STEP index=34 ms=31.9345
DECODE_STEP index=35 ms=32.0817
DECODE_STEP index=36 ms=34.401
DECODE_STEP index=37 ms=31.7833
DECODE_STEP index=38 ms=35.4486
DECODE_STEP index=39 ms=30.9573
DECODE_STEP index=40 ms=30.2088
DECODE_STEP index=41 ms=30.8901
DECODE_STEP index=42 ms=35.405
DECODE_STEP index=43 ms=34.286
DECODE_STEP index=44 ms=36.404
DECODE_STEP index=45 ms=31.9828
DECODE_STEP index=46 ms=33.2092
DECODE_STEP index=47 ms=30.0523
DECODE_STEP index=48 ms=29.5086
DECODE_STEP index=49 ms=33.3718
DECODE_STEP index=50 ms=31.3869
DECODE_STEP index=51 ms=36.7422
DECODE_STEP index=52 ms=30.9339
DECODE_STEP index=53 ms=33.2361
DECODE_STEP index=54 ms=32.0239
DECODE_STEP index=55 ms=33.1752
DECODE_STEP index=56 ms=30.3745
DECODE_STEP index=57 ms=32.9906
DECODE_STEP index=58 ms=30.1462
DECODE_STEP index=59 ms=36.33
DECODE_STEP index=60 ms=29.4338
DECODE_STEP index=61 ms=34.8855
DECODE_STEP index=62 ms=40.6067
DECODE_STEP index=63 ms=32.5237
DECODE_STEP index=64 ms=34.4377
DECODE_STEP index=65 ms=29.2091
DECODE_STEP index=66 ms=35.1059
DECODE_STEP index=67 ms=35.7499
DECODE_STEP index=68 ms=35.9051
DECODE_STEP index=69 ms=29.161
DECODE_STEP index=70 ms=31.2512
DECODE_STEP index=71 ms=36.713
DECODE_STEP index=72 ms=30.3473
DECODE_STEP index=73 ms=31.2242
DECODE_STEP index=74 ms=33.7486
DECODE_STEP index=75 ms=33.9952
DECODE_STEP index=76 ms=36.5464
DECODE_STEP index=77 ms=29.3487
DECODE_STEP index=78 ms=32.2986
DECODE_STEP index=79 ms=32.9291
DECODE_STEP index=80 ms=34.1061
DECODE_STEP index=81 ms=35.0758
DECODE_STEP index=82 ms=32.495
DECODE_STEP index=83 ms=31.1769
DECODE_STEP index=84 ms=29.9574
DECODE_STEP index=85 ms=29.7449
DECODE_STEP index=86 ms=33.622
DECODE_STEP index=87 ms=30.2945
DECODE_STEP index=88 ms=35.8605
DECODE_STEP index=89 ms=28.0763
DECODE_STEP index=90 ms=29.9783
DECODE_STEP index=91 ms=31.391
DECODE_STEP index=92 ms=31.5506
DECODE_STEP index=93 ms=35.3157
DECODE_STEP index=94 ms=29.5558
DECODE_STEP index=95 ms=31.7527
DECODE_STEP index=96 ms=34.3161
DECODE_STEP index=97 ms=30.5076
DECODE_STEP index=98 ms=30.4719
DECODE_STEP index=99 ms=34.2329
DECODE_STEP index=100 ms=31.5188
DECODE_STEP index=101 ms=31.5536
DECODE_STEP index=102 ms=30.6888
DECODE_STEP index=103 ms=30.3134
DECODE_STEP index=104 ms=34.016
DECODE_STEP index=105 ms=30.005
DECODE_STEP index=106 ms=32.8029
DECODE_STEP index=107 ms=29.0679
DECODE_STEP index=108 ms=34.9952
DECODE_STEP index=109 ms=33.4851
DECODE_STEP index=110 ms=32.5499
DECODE_STEP index=111 ms=30.9963
DECODE_STEP index=112 ms=29.9315
DECODE_STEP index=113 ms=30.1198
DECODE_STEP index=114 ms=34.1655
DECODE_STEP index=115 ms=32.9903
DECODE_STEP index=116 ms=34.3254
DECODE_STEP index=117 ms=29.9886
DECODE_STEP index=118 ms=29.957
DECODE_STEP index=119 ms=33.0439
DECODE_STEP index=120 ms=31.14
DECODE_STEP index=121 ms=35.2395
DECODE_STEP index=122 ms=29.5478
DECODE_STEP index=123 ms=30.8093
DECODE_STEP index=124 ms=37.5596
DECODE_STEP index=125 ms=33.8992
DECODE_STEP index=126 ms=34.7192
DECODE_STEP index=127 ms=29.2095
DECODE steps=127 ms=4175.15 tok_s=30.4181
HOST_RSS peak_MiB=54257.5
CPU_EXPERT gu_ms=0 quant_ms=0 down_ms=0 layer_flow_ms=1041.27 bytes=28549185536
STEP_TRACE steps=127 moe_layers=5334 pipelined=1 head_ms=275.836 cpu_ms=1091.56 between_ms=2582.81 tail_ms=197.285 tail_sync_ms=128.987 tail_plan_ms=30.3446 tail_copy_ms=33.1444 enqueue_ms=460.902 tier_swaps=106 split_windows=0 per_step_ms=32.6574
GPU peak_allocated_MiB=13249.4 native_expert_bytes=0 expert_groups=0 staging_ms=0
PREFILL_SCRATCH device=0 peak_MiB=5.07568 capacity_MiB=32
GPU_LIVE device=0 dense_MiB=5029.21 other_MiB=7946.13 prefill_MiB=32 resident_exec_MiB=2.94288 state_MiB=239.105
GPU_DEVICE device=0 peak_allocated_MiB=13249.4 live_MiB=13249.4 native_expert_bytes=0 staging_ms=0 cache_hits=0 cache_hit_bytes=0 cuda_used_MiB=15300 free_MiB=1004
resident expert entries=39538/42672
Finished with result: success
Main processes terminated with: code=exited/status=0
Service runtime: 47.732s
CPU time consumed: 1min 57.889s
Memory peak: 256.0K
Memory swap peak: 0B
