Running as unit: strata-st-lookup-fit6rows4-401417.service; invocation ID: 741fe5bb86734b9ca9e39abc108bfd60
STAGING compact=1 slot_MiB=140
FLOATING_Q8 tensor=blk.0.hc_attn_fn source_type=0 MiB=0.398438
FLOATING_Q8 tensor=blk.0.hc_ffn_fn source_type=0 MiB=0.398438
FLOATING_Q8 tensor=blk.1.hc_attn_fn source_type=0 MiB=0.398438
FLOATING_Q8 tensor=blk.1.hc_ffn_fn source_type=0 MiB=0.398438
FLOATING_Q8 tensor=blk.10.hc_attn_fn source_type=0 MiB=0.398438
FLOATING_Q8 tensor=blk.10.hc_ffn_fn source_type=0 MiB=0.398438
FLOATING_Q8 tensor=blk.11.attn_k_b.weight source_type=12 MiB=8.5
FLOATING_Q8 tensor=blk.11.attn_v_b.weight source_type=12 MiB=8.5
FLOATING_Q8 tensor=blk.11.hc_attn_fn source_type=0 MiB=0.398438
FLOATING_Q8 tensor=blk.11.hc_ffn_fn source_type=0 MiB=0.398438
FLOATING_Q8 tensor=blk.12.hc_attn_fn source_type=0 MiB=0.398438
FLOATING_Q8 tensor=blk.12.hc_ffn_fn source_type=0 MiB=0.398438
FLOATING_Q8 tensor=blk.13.hc_attn_fn source_type=0 MiB=0.398438
FLOATING_Q8 tensor=blk.13.hc_ffn_fn source_type=0 MiB=0.398438
FLOATING_Q8 tensor=blk.14.hc_attn_fn source_type=0 MiB=0.398438
FLOATING_Q8 tensor=blk.14.hc_ffn_fn source_type=0 MiB=0.398438
FLOATING_Q8 tensor=blk.15.attn_k_b.weight source_type=12 MiB=8.5
FLOATING_Q8 tensor=blk.15.attn_v_b.weight source_type=12 MiB=8.5
FLOATING_Q8 tensor=blk.15.hc_attn_fn source_type=0 MiB=0.398438
FLOATING_Q8 tensor=blk.15.hc_ffn_fn source_type=0 MiB=0.398438
FLOATING_Q8 tensor=blk.16.hc_attn_fn source_type=0 MiB=0.398438
FLOATING_Q8 tensor=blk.16.hc_ffn_fn source_type=0 MiB=0.398438
FLOATING_Q8 tensor=blk.17.hc_attn_fn source_type=0 MiB=0.398438
FLOATING_Q8 tensor=blk.17.hc_ffn_fn source_type=0 MiB=0.398438
FLOATING_Q8 tensor=blk.18.hc_attn_fn source_type=0 MiB=0.398438
FLOATING_Q8 tensor=blk.18.hc_ffn_fn source_type=0 MiB=0.398438
FLOATING_Q8 tensor=blk.19.attn_k_b.weight source_type=12 MiB=8.5
FLOATING_Q8 tensor=blk.19.attn_v_b.weight source_type=12 MiB=8.5
FLOATING_Q8 tensor=blk.19.hc_attn_fn source_type=0 MiB=0.398438
FLOATING_Q8 tensor=blk.19.hc_ffn_fn source_type=0 MiB=0.398438
FLOATING_Q8 tensor=blk.2.hc_attn_fn source_type=0 MiB=0.398438
FLOATING_Q8 tensor=blk.2.hc_ffn_fn source_type=0 MiB=0.398438
FLOATING_Q8 tensor=blk.20.hc_attn_fn source_type=0 MiB=0.398438
FLOATING_Q8 tensor=blk.20.hc_ffn_fn source_type=0 MiB=0.398438
FLOATING_Q8 tensor=blk.21.hc_attn_fn source_type=0 MiB=0.398438
FLOATING_Q8 tensor=blk.21.hc_ffn_fn source_type=0 MiB=0.398438
FLOATING_Q8 tensor=blk.22.hc_attn_fn source_type=0 MiB=0.398438
FLOATING_Q8 tensor=blk.22.hc_ffn_fn source_type=0 MiB=0.398438
FLOATING_Q8 tensor=blk.23.attn_k_b.weight source_type=12 MiB=8.5
FLOATING_Q8 tensor=blk.23.attn_v_b.weight source_type=12 MiB=8.5
FLOATING_Q8 tensor=blk.23.hc_attn_fn source_type=0 MiB=0.398438
FLOATING_Q8 tensor=blk.23.hc_ffn_fn source_type=0 MiB=0.398438
FLOATING_Q8 tensor=blk.24.hc_attn_fn source_type=0 MiB=0.398438
FLOATING_Q8 tensor=blk.24.hc_ffn_fn source_type=0 MiB=0.398438
FLOATING_Q8 tensor=blk.25.hc_attn_fn source_type=0 MiB=0.398438
FLOATING_Q8 tensor=blk.25.hc_ffn_fn source_type=0 MiB=0.398438
FLOATING_Q8 tensor=blk.26.hc_attn_fn source_type=0 MiB=0.398438
FLOATING_Q8 tensor=blk.26.hc_ffn_fn source_type=0 MiB=0.398438
FLOATING_Q8 tensor=blk.27.attn_k_b.weight source_type=12 MiB=8.5
FLOATING_Q8 tensor=blk.27.attn_v_b.weight source_type=12 MiB=8.5
FLOATING_Q8 tensor=blk.27.hc_attn_fn source_type=0 MiB=0.398438
FLOATING_Q8 tensor=blk.27.hc_ffn_fn source_type=0 MiB=0.398438
FLOATING_Q8 tensor=blk.28.hc_attn_fn source_type=0 MiB=0.398438
FLOATING_Q8 tensor=blk.28.hc_ffn_fn source_type=0 MiB=0.398438
FLOATING_Q8 tensor=blk.29.hc_attn_fn source_type=0 MiB=0.398438
FLOATING_Q8 tensor=blk.29.hc_ffn_fn source_type=0 MiB=0.398438
FLOATING_Q8 tensor=blk.3.attn_k_b.weight source_type=12 MiB=8.5
FLOATING_Q8 tensor=blk.3.attn_v_b.weight source_type=12 MiB=8.5
FLOATING_Q8 tensor=blk.3.hc_attn_fn source_type=0 MiB=0.398438
FLOATING_Q8 tensor=blk.3.hc_ffn_fn source_type=0 MiB=0.398438
FLOATING_Q8 tensor=blk.30.hc_attn_fn source_type=0 MiB=0.398438
FLOATING_Q8 tensor=blk.30.hc_ffn_fn source_type=0 MiB=0.398438
FLOATING_Q8 tensor=blk.31.attn_k_b.weight source_type=12 MiB=8.5
FLOATING_Q8 tensor=blk.31.attn_v_b.weight source_type=12 MiB=8.5
FLOATING_Q8 tensor=blk.31.hc_attn_fn source_type=0 MiB=0.398438
FLOATING_Q8 tensor=blk.31.hc_ffn_fn source_type=0 MiB=0.398438
FLOATING_Q8 tensor=blk.32.hc_attn_fn source_type=0 MiB=0.398438
FLOATING_Q8 tensor=blk.32.hc_ffn_fn source_type=0 MiB=0.398438
FLOATING_Q8 tensor=blk.33.hc_attn_fn source_type=0 MiB=0.398438
FLOATING_Q8 tensor=blk.33.hc_ffn_fn source_type=0 MiB=0.398438
FLOATING_Q8 tensor=blk.34.hc_attn_fn source_type=0 MiB=0.398438
FLOATING_Q8 tensor=blk.34.hc_ffn_fn source_type=0 MiB=0.398438
FLOATING_Q8 tensor=blk.35.attn_k_b.weight source_type=12 MiB=8.5
FLOATING_Q8 tensor=blk.35.attn_v_b.weight source_type=12 MiB=8.5
FLOATING_Q8 tensor=blk.35.hc_attn_fn source_type=0 MiB=0.398438
FLOATING_Q8 tensor=blk.35.hc_ffn_fn source_type=0 MiB=0.398438
FLOATING_Q8 tensor=blk.36.hc_attn_fn source_type=0 MiB=0.398438
FLOATING_Q8 tensor=blk.36.hc_ffn_fn source_type=0 MiB=0.398438
FLOATING_Q8 tensor=blk.37.hc_attn_fn source_type=0 MiB=0.398438
FLOATING_Q8 tensor=blk.37.hc_ffn_fn source_type=0 MiB=0.398438
FLOATING_Q8 tensor=blk.38.hc_attn_fn source_type=0 MiB=0.398438
FLOATING_Q8 tensor=blk.38.hc_ffn_fn source_type=0 MiB=0.398438
FLOATING_Q8 tensor=blk.39.attn_k_b.weight source_type=12 MiB=8.5
FLOATING_Q8 tensor=blk.39.attn_v_b.weight source_type=12 MiB=8.5
FLOATING_Q8 tensor=blk.39.hc_attn_fn source_type=0 MiB=0.398438
FLOATING_Q8 tensor=blk.39.hc_ffn_fn source_type=0 MiB=0.398438
FLOATING_Q8 tensor=blk.4.hc_attn_fn source_type=0 MiB=0.398438
FLOATING_Q8 tensor=blk.4.hc_ffn_fn source_type=0 MiB=0.398438
FLOATING_Q8 tensor=blk.40.hc_attn_fn source_type=0 MiB=0.398438
FLOATING_Q8 tensor=blk.40.hc_ffn_fn source_type=0 MiB=0.398438
FLOATING_Q8 tensor=blk.41.hc_attn_fn source_type=0 MiB=0.398438
FLOATING_Q8 tensor=blk.41.hc_ffn_fn source_type=0 MiB=0.398438
FLOATING_Q8 tensor=blk.42.hc_attn_fn source_type=0 MiB=0.398438
FLOATING_Q8 tensor=blk.42.hc_ffn_fn source_type=0 MiB=0.398438
FLOATING_Q8 tensor=blk.43.attn_k_b.weight source_type=12 MiB=8.5
FLOATING_Q8 tensor=blk.43.attn_v_b.weight source_type=12 MiB=8.5
FLOATING_Q8 tensor=blk.43.hc_attn_fn source_type=0 MiB=0.398438
FLOATING_Q8 tensor=blk.43.hc_ffn_fn source_type=0 MiB=0.398438
FLOATING_Q8 tensor=blk.44.hc_attn_fn source_type=0 MiB=0.398438
FLOATING_Q8 tensor=blk.44.hc_ffn_fn source_type=0 MiB=0.398438
FLOATING_Q8 tensor=blk.5.hc_attn_fn source_type=0 MiB=0.398438
FLOATING_Q8 tensor=blk.5.hc_ffn_fn source_type=0 MiB=0.398438
FLOATING_Q8 tensor=blk.6.hc_attn_fn source_type=0 MiB=0.398438
FLOATING_Q8 tensor=blk.6.hc_ffn_fn source_type=0 MiB=0.398438
FLOATING_Q8 tensor=blk.7.attn_k_b.weight source_type=12 MiB=8.5
FLOATING_Q8 tensor=blk.7.attn_v_b.weight source_type=12 MiB=8.5
FLOATING_Q8 tensor=blk.7.hc_attn_fn source_type=0 MiB=0.398438
FLOATING_Q8 tensor=blk.7.hc_ffn_fn source_type=0 MiB=0.398438
FLOATING_Q8 tensor=blk.8.hc_attn_fn source_type=0 MiB=0.398438
FLOATING_Q8 tensor=blk.8.hc_ffn_fn source_type=0 MiB=0.398438
FLOATING_Q8 tensor=blk.9.hc_attn_fn source_type=0 MiB=0.398438
FLOATING_Q8 tensor=blk.9.hc_ffn_fn source_type=0 MiB=0.398438
GPU prefill chunk=2048 staging_workers=4 numa_cpus=0,1,2,3
GPU allocated_MiB=7154.73 reserved_runtime_MiB=1024 budget_MiB=15360
GPU_DENSE_HOST_RELEASE phase=main tensors=1256 source_MiB_advised=5040.35 ms=126.914
TIER_DIRECT registered_MiB=52542 ranges=126 ms=11852.6
PREFILL_PARTITION primary_groups=9 secondary_groups=0
PREFILL_CACHE device=0 budget_MiB=0 reserve_MiB=768
PREFILL_CACHE_PLAN device=0 base_groups=0 unused_MiB=0
MAPPED_EXPERTS numa_rows=0 lazy=1 bytes=55094280192
PREFILL trial=0 tokens=2048 batch=2048 ms=18969.1 tok_s=107.965
FAULTS trial=0 major=352 minor=343320
HOST_RSS peak_MiB=54259
CPU_EXPERT gu_ms=0 quant_ms=0 down_ms=0 layer_flow_ms=0 bytes=0
GPU peak_allocated_MiB=7154.73 native_expert_bytes=55101150720 expert_groups=378 staging_ms=4267.41
PREFILL_SCRATCH device=0 peak_MiB=696.564 capacity_MiB=1024
GPU_LIVE device=0 dense_MiB=5029.21 other_MiB=294.414 prefill_MiB=1592 state_MiB=239.105
GPU_DEVICE device=0 peak_allocated_MiB=7154.73 live_MiB=7154.73 native_expert_bytes=55101150720 staging_ms=4267.41 cache_hits=0 cache_hit_bytes=0 cuda_used_MiB=8036 free_MiB=8268
MAPPED_EXPERTS numa_rows=0 lazy=1 bytes=55094280192
PREFILL_WORK device=0 transferred_bytes=55101150720 staging_ms=4267.41 actual_rows=0 padded_rows=0 dequant_values=0
DECODE_RUNTIME override_reserve_MiB=512
DECODE_CACHE prefix_trained=1 slots=906 MiB=7870.88 fingerprint=12223778734791359155
RESPONSE_PREPARE kind=decode_cache ms=1345.58
RESPONSE_PREPARE kind=cpu ms=0.001432
DECODE_TRIAL index=0
DECODE_STEP index=1 ms=43.2685
DECODE_STEP index=2 ms=30.6054
DECODE_STEP index=3 ms=28.0556
DECODE_STEP index=4 ms=28.1915
DECODE_STEP index=5 ms=32.0664
DECODE_STEP index=6 ms=27.5193
DECODE_STEP index=7 ms=29.714
DECODE_STEP index=8 ms=29.9352
DECODE_STEP index=9 ms=31.4425
DECODE_STEP index=10 ms=27.6939
DECODE_STEP index=11 ms=30.1333
DECODE_STEP index=12 ms=30.7417
DECODE_STEP index=13 ms=29.9174
DECODE_STEP index=14 ms=29.3654
DECODE_STEP index=15 ms=32.0874
DECODE_STEP index=16 ms=28.772
DECODE_STEP index=17 ms=33.9321
DECODE_STEP index=18 ms=34.6211
DECODE_STEP index=19 ms=34.2024
DECODE_STEP index=20 ms=32.6512
DECODE_STEP index=21 ms=31.6775
DECODE_STEP index=22 ms=28.4415
DECODE_STEP index=23 ms=27.9039
DECODE_STEP index=24 ms=29.0568
DECODE_STEP index=25 ms=29.2569
DECODE_STEP index=26 ms=32.3309
DECODE_STEP index=27 ms=28.5818
DECODE_STEP index=28 ms=29.4622
DECODE_STEP index=29 ms=28.6741
DECODE_STEP index=30 ms=29.0505
DECODE_STEP index=31 ms=28.982
DECODE_STEP index=32 ms=32.3101
DECODE_STEP index=33 ms=28.2676
DECODE_STEP index=34 ms=28.7949
DECODE_STEP index=35 ms=29.8161
DECODE_STEP index=36 ms=29.3967
DECODE_STEP index=37 ms=28.9408
DECODE_STEP index=38 ms=31.3222
DECODE_STEP index=39 ms=30.7713
DECODE_STEP index=40 ms=31.1824
DECODE_STEP index=41 ms=29.3316
DECODE_STEP index=42 ms=30.4947
DECODE_STEP index=43 ms=31.2569
DECODE_STEP index=44 ms=31.2981
DECODE_STEP index=45 ms=28.1077
DECODE_STEP index=46 ms=31.8896
DECODE_STEP index=47 ms=28.2722
DECODE_STEP index=48 ms=28.3624
DECODE_STEP index=49 ms=30.0139
DECODE_STEP index=50 ms=33.697
DECODE_STEP index=51 ms=29.891
DECODE_STEP index=52 ms=27.9064
DECODE_STEP index=53 ms=33.4811
DECODE_STEP index=54 ms=34.3141
DECODE_STEP index=55 ms=28.4575
DECODE_STEP index=56 ms=27.8563
DECODE_STEP index=57 ms=33.2379
DECODE_STEP index=58 ms=29.1818
DECODE_STEP index=59 ms=29.5417
DECODE_STEP index=60 ms=30.4463
DECODE_STEP index=61 ms=28.9598
DECODE_STEP index=62 ms=28.4827
DECODE_STEP index=63 ms=28.9301
DECODE_STEP index=64 ms=28.127
DECODE_STEP index=65 ms=29.4803
DECODE_STEP index=66 ms=28.4529
DECODE_STEP index=67 ms=29.1445
DECODE_STEP index=68 ms=28.3723
DECODE_STEP index=69 ms=28.0882
DECODE_STEP index=70 ms=28.0844
DECODE_STEP index=71 ms=32.357
DECODE_STEP index=72 ms=28.597
DECODE_STEP index=73 ms=28.5024
DECODE_STEP index=74 ms=28.9684
DECODE_STEP index=75 ms=29.1976
DECODE_STEP index=76 ms=30.8948
DECODE_STEP index=77 ms=29.7512
DECODE_STEP index=78 ms=28.4952
DECODE_STEP index=79 ms=28.7237
DECODE_STEP index=80 ms=28.3008
DECODE_STEP index=81 ms=28.4804
DECODE_STEP index=82 ms=28.3588
DECODE_STEP index=83 ms=28.371
DECODE_STEP index=84 ms=29.4255
DECODE_STEP index=85 ms=28.5239
DECODE_STEP index=86 ms=28.2386
DECODE_STEP index=87 ms=29.2368
DECODE_STEP index=88 ms=28.9795
DECODE_STEP index=89 ms=30.253
DECODE_STEP index=90 ms=29.3013
DECODE_STEP index=91 ms=29.1009
DECODE_STEP index=92 ms=28.2658
DECODE_STEP index=93 ms=33.2326
DECODE_STEP index=94 ms=28.6042
DECODE_STEP index=95 ms=28.1126
DECODE_STEP index=96 ms=29.869
DECODE_STEP index=97 ms=30.384
DECODE_STEP index=98 ms=30.264
DECODE_STEP index=99 ms=28.154
DECODE_STEP index=100 ms=28.1114
DECODE_STEP index=101 ms=31.384
DECODE_STEP index=102 ms=27.9637
DECODE_STEP index=103 ms=28.5149
DECODE_STEP index=104 ms=28.3592
DECODE_STEP index=105 ms=27.8857
DECODE_STEP index=106 ms=28.0894
DECODE_STEP index=107 ms=28.9879
DECODE_STEP index=108 ms=29.2537
DECODE_STEP index=109 ms=30.7167
DECODE_STEP index=110 ms=29.4477
DECODE_STEP index=111 ms=28.4575
DECODE_STEP index=112 ms=27.9859
DECODE_STEP index=113 ms=29.1339
DECODE_STEP index=114 ms=29.0893
DECODE_STEP index=115 ms=29.3262
DECODE_STEP index=116 ms=28.5876
DECODE_STEP index=117 ms=30.0675
DECODE_STEP index=118 ms=29.7225
DECODE_STEP index=119 ms=28.3786
DECODE_STEP index=120 ms=31.8732
DECODE_STEP index=121 ms=29.952
DECODE_STEP index=122 ms=28.1637
DECODE_STEP index=123 ms=31.029
DECODE_STEP index=124 ms=28.5322
DECODE_STEP index=125 ms=28.3503
DECODE_STEP index=126 ms=32.4266
DECODE_STEP index=127 ms=30.7391
DECODE steps=127 ms=3798.55 tok_s=33.4338
HOST_RSS peak_MiB=54259
CPU_EXPERT gu_ms=0 quant_ms=0 down_ms=0 layer_flow_ms=1103.93 bytes=30188896256
STEP_TRACE steps=127 moe_layers=5334 pipelined=1 head_ms=270.251 cpu_ms=1174.39 between_ms=2121.71 tail_ms=202.297 tail_sync_ms=129.378 tail_plan_ms=31.307 tail_copy_ms=37.5373 enqueue_ms=478.713 tier_swaps=127 split_windows=0 per_step_ms=29.6744
GPU peak_allocated_MiB=13249.4 native_expert_bytes=0 expert_groups=0 staging_ms=0
PREFILL_SCRATCH device=0 peak_MiB=5.07568 capacity_MiB=32
GPU_LIVE device=0 dense_MiB=5029.21 other_MiB=7946.13 prefill_MiB=32 resident_exec_MiB=2.94288 state_MiB=239.105
GPU_DEVICE device=0 peak_allocated_MiB=13249.4 live_MiB=13249.4 native_expert_bytes=0 staging_ms=0 cache_hits=0 cache_hit_bytes=0 cuda_used_MiB=15300 free_MiB=1004
resident expert entries=39358/42672
Finished with result: success
Main processes terminated with: code=exited/status=0
Service runtime: 46.080s
CPU time consumed: 1min 51.820s
Memory peak: 256.0K
Memory swap peak: 0B
