25
1874
9
102636
488
2699
2878
1874
13
1874
9
102636
10
4489
624
2575
5515
13931
2573
6589
25
1874
9
102636
488
1874
594
17629
2878
279
1874
11
1874
9
102636
488
2699
2878
1874
13
5515
13931
49148
510
2575
5515
13931
2573
6589
25
1874
9
102636
488
1874
594
17629
19781
17629
281
284
1874
9
102636
488
2699
2878
1874
198
2575
6042
25
5515
13931
2573
6589
25
1045
82700
1977
330
4074
9
102636
488
2699
2878
1874
1
323
1045
1977
330
9531
2727
281
284
1874
9
102636
488
2699
2878
1874
1
82700
1977
330
7950
25
281
284
1874
9
50122
1874
9
102636
488
1874
594
17629
2878
279
5785
2038
49148
25
