25
825
20455
17629
284
1874
9
102636
10
15770
624
1874
9
102636
10
15770
1
1959
429
594
279
5515
13931
2573
11165
25
1874
9
102636
10
15770
284
1874
9
102636
10
15770
13
1527
4287
6589
87028
198
2575
41586
504
279
1882
16657
320
12819
681
11
537
2588
50122
25
5515
220
98965
594
17967
678
4351
198
2575
19132
1402
6203
21398
320
18767
1402
11641
1598
389
279
19132
1402
3701
594
19781
36400
11
19132
1402
11641
1598
389
279
198
2575
448
2588
50122
67030
11
825
20455
17629
284
1874
9
102636
5515
13931
2573
6589
25
825
20455
17629
198
2575
7364
37463
25
7364
37463
25
7364
37463
25
7364
480
25
7364
480
