25
825
20455
17629
284
1874
9
102636
10
15770
624
1874
9
102636
10
15770
284
1874
9
102636
10
15770
284
1874
9
102636
10
15770
284
1874
9
102636
10
6203
198
2575
8426
82
825
20455
17629
369
279
13931
2573
6589
26
5515
13931
12519
25
825
4343
284
1874
9
102636
10
15770
624
2575
14330
25
825
4343
284
13931
3034
13
220
3776
4343
817
11858
11
825
4343
817
11858
11
825
4343
817
7337
11
825
4343
817
7337
198
2575
3776
4343
817
11858
11
825
4343
817
7337
11
264
1874
9
102636
10
15770
11165
369
5515
11
1874
9
35526
11
1874
9
102636
10
6203
198
2575
3776
4343
817
11858
11
825
