25
825
20455
17629
284
1874
9
102636
10
15770
624
1874
9
102636
10
15770
11165
11
1874
9
102636
10
15770
11165
11
1874
9
102636
50122
11
1874
9
102636
10
15770
11165
11
1874
9
102636
10
32013
12239
20317
486
4651
64
9021
198
2575
8426
82
825
20455
17629
369
279
19827
26
5515
13931
12519
25
825
20455
17629
284
1874
9
102636
10
15770
624
2575
8426
82
825
20455
17629
350
16
25
15931
32
15614
15266
323
2802
26932
13
350
16
25
15931
64
15614
15266
323
2802
26932
13
350
16
25
15931
64
15614
15266
323
2802
26932
13
350
16
25
9862
3769
594
91718
11
825
817
3950
624
2575
8426
82
825
