Running as unit: strata-st-lookup-mix2-401119.service; invocation ID: 01be86e51a1647d79a60fe6b9f23868a
STAGING compact=1 slot_MiB=140
FLOATING_Q8 tensor=blk.0.hc_attn_fn source_type=0 MiB=0.398438
FLOATING_Q8 tensor=blk.0.hc_ffn_fn source_type=0 MiB=0.398438
FLOATING_Q8 tensor=blk.1.hc_attn_fn source_type=0 MiB=0.398438
FLOATING_Q8 tensor=blk.1.hc_ffn_fn source_type=0 MiB=0.398438
FLOATING_Q8 tensor=blk.10.hc_attn_fn source_type=0 MiB=0.398438
FLOATING_Q8 tensor=blk.10.hc_ffn_fn source_type=0 MiB=0.398438
FLOATING_Q8 tensor=blk.11.attn_k_b.weight source_type=12 MiB=8.5
FLOATING_Q8 tensor=blk.11.attn_v_b.weight source_type=12 MiB=8.5
FLOATING_Q8 tensor=blk.11.hc_attn_fn source_type=0 MiB=0.398438
FLOATING_Q8 tensor=blk.11.hc_ffn_fn source_type=0 MiB=0.398438
FLOATING_Q8 tensor=blk.12.hc_attn_fn source_type=0 MiB=0.398438
FLOATING_Q8 tensor=blk.12.hc_ffn_fn source_type=0 MiB=0.398438
FLOATING_Q8 tensor=blk.13.hc_attn_fn source_type=0 MiB=0.398438
FLOATING_Q8 tensor=blk.13.hc_ffn_fn source_type=0 MiB=0.398438
FLOATING_Q8 tensor=blk.14.hc_attn_fn source_type=0 MiB=0.398438
FLOATING_Q8 tensor=blk.14.hc_ffn_fn source_type=0 MiB=0.398438
FLOATING_Q8 tensor=blk.15.attn_k_b.weight source_type=12 MiB=8.5
FLOATING_Q8 tensor=blk.15.attn_v_b.weight source_type=12 MiB=8.5
FLOATING_Q8 tensor=blk.15.hc_attn_fn source_type=0 MiB=0.398438
FLOATING_Q8 tensor=blk.15.hc_ffn_fn source_type=0 MiB=0.398438
FLOATING_Q8 tensor=blk.16.hc_attn_fn source_type=0 MiB=0.398438
FLOATING_Q8 tensor=blk.16.hc_ffn_fn source_type=0 MiB=0.398438
FLOATING_Q8 tensor=blk.17.hc_attn_fn source_type=0 MiB=0.398438
FLOATING_Q8 tensor=blk.17.hc_ffn_fn source_type=0 MiB=0.398438
FLOATING_Q8 tensor=blk.18.hc_attn_fn source_type=0 MiB=0.398438
FLOATING_Q8 tensor=blk.18.hc_ffn_fn source_type=0 MiB=0.398438
FLOATING_Q8 tensor=blk.19.attn_k_b.weight source_type=12 MiB=8.5
FLOATING_Q8 tensor=blk.19.attn_v_b.weight source_type=12 MiB=8.5
FLOATING_Q8 tensor=blk.19.hc_attn_fn source_type=0 MiB=0.398438
FLOATING_Q8 tensor=blk.19.hc_ffn_fn source_type=0 MiB=0.398438
FLOATING_Q8 tensor=blk.2.hc_attn_fn source_type=0 MiB=0.398438
FLOATING_Q8 tensor=blk.2.hc_ffn_fn source_type=0 MiB=0.398438
FLOATING_Q8 tensor=blk.20.hc_attn_fn source_type=0 MiB=0.398438
FLOATING_Q8 tensor=blk.20.hc_ffn_fn source_type=0 MiB=0.398438
FLOATING_Q8 tensor=blk.21.hc_attn_fn source_type=0 MiB=0.398438
FLOATING_Q8 tensor=blk.21.hc_ffn_fn source_type=0 MiB=0.398438
FLOATING_Q8 tensor=blk.22.hc_attn_fn source_type=0 MiB=0.398438
FLOATING_Q8 tensor=blk.22.hc_ffn_fn source_type=0 MiB=0.398438
FLOATING_Q8 tensor=blk.23.attn_k_b.weight source_type=12 MiB=8.5
FLOATING_Q8 tensor=blk.23.attn_v_b.weight source_type=12 MiB=8.5
FLOATING_Q8 tensor=blk.23.hc_attn_fn source_type=0 MiB=0.398438
FLOATING_Q8 tensor=blk.23.hc_ffn_fn source_type=0 MiB=0.398438
FLOATING_Q8 tensor=blk.24.hc_attn_fn source_type=0 MiB=0.398438
FLOATING_Q8 tensor=blk.24.hc_ffn_fn source_type=0 MiB=0.398438
FLOATING_Q8 tensor=blk.25.hc_attn_fn source_type=0 MiB=0.398438
FLOATING_Q8 tensor=blk.25.hc_ffn_fn source_type=0 MiB=0.398438
FLOATING_Q8 tensor=blk.26.hc_attn_fn source_type=0 MiB=0.398438
FLOATING_Q8 tensor=blk.26.hc_ffn_fn source_type=0 MiB=0.398438
FLOATING_Q8 tensor=blk.27.attn_k_b.weight source_type=12 MiB=8.5
FLOATING_Q8 tensor=blk.27.attn_v_b.weight source_type=12 MiB=8.5
FLOATING_Q8 tensor=blk.27.hc_attn_fn source_type=0 MiB=0.398438
FLOATING_Q8 tensor=blk.27.hc_ffn_fn source_type=0 MiB=0.398438
FLOATING_Q8 tensor=blk.28.hc_attn_fn source_type=0 MiB=0.398438
FLOATING_Q8 tensor=blk.28.hc_ffn_fn source_type=0 MiB=0.398438
FLOATING_Q8 tensor=blk.29.hc_attn_fn source_type=0 MiB=0.398438
FLOATING_Q8 tensor=blk.29.hc_ffn_fn source_type=0 MiB=0.398438
FLOATING_Q8 tensor=blk.3.attn_k_b.weight source_type=12 MiB=8.5
FLOATING_Q8 tensor=blk.3.attn_v_b.weight source_type=12 MiB=8.5
FLOATING_Q8 tensor=blk.3.hc_attn_fn source_type=0 MiB=0.398438
FLOATING_Q8 tensor=blk.3.hc_ffn_fn source_type=0 MiB=0.398438
FLOATING_Q8 tensor=blk.30.hc_attn_fn source_type=0 MiB=0.398438
FLOATING_Q8 tensor=blk.30.hc_ffn_fn source_type=0 MiB=0.398438
FLOATING_Q8 tensor=blk.31.attn_k_b.weight source_type=12 MiB=8.5
FLOATING_Q8 tensor=blk.31.attn_v_b.weight source_type=12 MiB=8.5
FLOATING_Q8 tensor=blk.31.hc_attn_fn source_type=0 MiB=0.398438
FLOATING_Q8 tensor=blk.31.hc_ffn_fn source_type=0 MiB=0.398438
FLOATING_Q8 tensor=blk.32.hc_attn_fn source_type=0 MiB=0.398438
FLOATING_Q8 tensor=blk.32.hc_ffn_fn source_type=0 MiB=0.398438
FLOATING_Q8 tensor=blk.33.hc_attn_fn source_type=0 MiB=0.398438
FLOATING_Q8 tensor=blk.33.hc_ffn_fn source_type=0 MiB=0.398438
FLOATING_Q8 tensor=blk.34.hc_attn_fn source_type=0 MiB=0.398438
FLOATING_Q8 tensor=blk.34.hc_ffn_fn source_type=0 MiB=0.398438
FLOATING_Q8 tensor=blk.35.attn_k_b.weight source_type=12 MiB=8.5
FLOATING_Q8 tensor=blk.35.attn_v_b.weight source_type=12 MiB=8.5
FLOATING_Q8 tensor=blk.35.hc_attn_fn source_type=0 MiB=0.398438
FLOATING_Q8 tensor=blk.35.hc_ffn_fn source_type=0 MiB=0.398438
FLOATING_Q8 tensor=blk.36.hc_attn_fn source_type=0 MiB=0.398438
FLOATING_Q8 tensor=blk.36.hc_ffn_fn source_type=0 MiB=0.398438
FLOATING_Q8 tensor=blk.37.hc_attn_fn source_type=0 MiB=0.398438
FLOATING_Q8 tensor=blk.37.hc_ffn_fn source_type=0 MiB=0.398438
FLOATING_Q8 tensor=blk.38.hc_attn_fn source_type=0 MiB=0.398438
FLOATING_Q8 tensor=blk.38.hc_ffn_fn source_type=0 MiB=0.398438
FLOATING_Q8 tensor=blk.39.attn_k_b.weight source_type=12 MiB=8.5
FLOATING_Q8 tensor=blk.39.attn_v_b.weight source_type=12 MiB=8.5
FLOATING_Q8 tensor=blk.39.hc_attn_fn source_type=0 MiB=0.398438
FLOATING_Q8 tensor=blk.39.hc_ffn_fn source_type=0 MiB=0.398438
FLOATING_Q8 tensor=blk.4.hc_attn_fn source_type=0 MiB=0.398438
FLOATING_Q8 tensor=blk.4.hc_ffn_fn source_type=0 MiB=0.398438
FLOATING_Q8 tensor=blk.40.hc_attn_fn source_type=0 MiB=0.398438
FLOATING_Q8 tensor=blk.40.hc_ffn_fn source_type=0 MiB=0.398438
FLOATING_Q8 tensor=blk.41.hc_attn_fn source_type=0 MiB=0.398438
FLOATING_Q8 tensor=blk.41.hc_ffn_fn source_type=0 MiB=0.398438
FLOATING_Q8 tensor=blk.42.hc_attn_fn source_type=0 MiB=0.398438
FLOATING_Q8 tensor=blk.42.hc_ffn_fn source_type=0 MiB=0.398438
FLOATING_Q8 tensor=blk.43.attn_k_b.weight source_type=12 MiB=8.5
FLOATING_Q8 tensor=blk.43.attn_v_b.weight source_type=12 MiB=8.5
FLOATING_Q8 tensor=blk.43.hc_attn_fn source_type=0 MiB=0.398438
FLOATING_Q8 tensor=blk.43.hc_ffn_fn source_type=0 MiB=0.398438
FLOATING_Q8 tensor=blk.44.hc_attn_fn source_type=0 MiB=0.398438
FLOATING_Q8 tensor=blk.44.hc_ffn_fn source_type=0 MiB=0.398438
FLOATING_Q8 tensor=blk.5.hc_attn_fn source_type=0 MiB=0.398438
FLOATING_Q8 tensor=blk.5.hc_ffn_fn source_type=0 MiB=0.398438
FLOATING_Q8 tensor=blk.6.hc_attn_fn source_type=0 MiB=0.398438
FLOATING_Q8 tensor=blk.6.hc_ffn_fn source_type=0 MiB=0.398438
FLOATING_Q8 tensor=blk.7.attn_k_b.weight source_type=12 MiB=8.5
FLOATING_Q8 tensor=blk.7.attn_v_b.weight source_type=12 MiB=8.5
FLOATING_Q8 tensor=blk.7.hc_attn_fn source_type=0 MiB=0.398438
FLOATING_Q8 tensor=blk.7.hc_ffn_fn source_type=0 MiB=0.398438
FLOATING_Q8 tensor=blk.8.hc_attn_fn source_type=0 MiB=0.398438
FLOATING_Q8 tensor=blk.8.hc_ffn_fn source_type=0 MiB=0.398438
FLOATING_Q8 tensor=blk.9.hc_attn_fn source_type=0 MiB=0.398438
FLOATING_Q8 tensor=blk.9.hc_ffn_fn source_type=0 MiB=0.398438
GPU prefill chunk=2048 staging_workers=4 numa_cpus=0,1,2,3
GPU allocated_MiB=7154.73 reserved_runtime_MiB=1024 budget_MiB=15360
GPU_DENSE_HOST_RELEASE phase=main tensors=1256 source_MiB_advised=5040.35 ms=127.592
TIER_DIRECT registered_MiB=52542 ranges=126 ms=12513.2
PREFILL_PARTITION primary_groups=9 secondary_groups=0
PREFILL_CACHE device=0 budget_MiB=0 reserve_MiB=768
PREFILL_CACHE_PLAN device=0 base_groups=0 unused_MiB=0
MAPPED_EXPERTS numa_rows=0 lazy=1 bytes=55094280192
PREFILL trial=0 tokens=2048 batch=2048 ms=18671.9 tok_s=109.684
FAULTS trial=0 major=352 minor=343326
HOST_RSS peak_MiB=54258.6
CPU_EXPERT gu_ms=0 quant_ms=0 down_ms=0 layer_flow_ms=0 bytes=0
GPU peak_allocated_MiB=7154.73 native_expert_bytes=55101150720 expert_groups=378 staging_ms=4310.18
PREFILL_SCRATCH device=0 peak_MiB=696.564 capacity_MiB=1024
GPU_LIVE device=0 dense_MiB=5029.21 other_MiB=294.414 prefill_MiB=1592 state_MiB=239.105
GPU_DEVICE device=0 peak_allocated_MiB=7154.73 live_MiB=7154.73 native_expert_bytes=55101150720 staging_ms=4310.18 cache_hits=0 cache_hit_bytes=0 cuda_used_MiB=8036 free_MiB=8268
MAPPED_EXPERTS numa_rows=0 lazy=1 bytes=55094280192
PREFILL_WORK device=0 transferred_bytes=55101150720 staging_ms=4310.18 actual_rows=0 padded_rows=0 dequant_values=0
DECODE_RUNTIME override_reserve_MiB=512
DECODE_CACHE prefix_trained=1 slots=906 MiB=7870.88 fingerprint=2780373492086969970
RESPONSE_PREPARE kind=decode_cache ms=1239.45
RESPONSE_PREPARE kind=cpu ms=0.001442
DECODE_TRIAL index=0
DECODE_STEP index=1 ms=52.9423
DECODE_STEP index=2 ms=31.7933
DECODE_STEP index=3 ms=41.7145
DECODE_STEP index=4 ms=37.2512
DECODE_STEP index=5 ms=41.9554
DECODE_STEP index=6 ms=33.5118
DECODE_STEP index=7 ms=37.1695
DECODE_STEP index=8 ms=33.2753
DECODE_STEP index=9 ms=35.239
DECODE_STEP index=10 ms=37.9239
DECODE_STEP index=11 ms=39.8979
DECODE_STEP index=12 ms=38.4311
DECODE_STEP index=13 ms=41.433
DECODE_STEP index=14 ms=35.5074
DECODE_STEP index=15 ms=44.5215
DECODE_STEP index=16 ms=42.4553
DECODE_STEP index=17 ms=36.4128
DECODE_STEP index=18 ms=33.1319
DECODE_STEP index=19 ms=31.4745
DECODE_STEP index=20 ms=34.8454
DECODE_STEP index=21 ms=41.7839
DECODE_STEP index=22 ms=30.5441
DECODE_STEP index=23 ms=33.5832
DECODE_STEP index=24 ms=35.5526
DECODE_STEP index=25 ms=38.1316
DECODE_STEP index=26 ms=33.0291
DECODE_STEP index=27 ms=33.321
DECODE_STEP index=28 ms=30.5761
DECODE_STEP index=29 ms=34.4934
DECODE_STEP index=30 ms=31.4758
DECODE_STEP index=31 ms=30.7325
DECODE_STEP index=32 ms=38.3013
DECODE_STEP index=33 ms=34.9017
DECODE_STEP index=34 ms=32.6831
DECODE_STEP index=35 ms=34.8637
DECODE_STEP index=36 ms=34.1616
DECODE_STEP index=37 ms=31.0708
DECODE_STEP index=38 ms=33.9831
DECODE_STEP index=39 ms=31.9625
DECODE_STEP index=40 ms=39.8559
DECODE_STEP index=41 ms=34.7291
DECODE_STEP index=42 ms=39.9021
DECODE_STEP index=43 ms=38.9144
DECODE_STEP index=44 ms=44.0925
DECODE_STEP index=45 ms=37.647
DECODE_STEP index=46 ms=47.602
DECODE_STEP index=47 ms=34.7714
DECODE_STEP index=48 ms=30.9434
DECODE_STEP index=49 ms=33.8702
DECODE_STEP index=50 ms=37.2918
DECODE_STEP index=51 ms=29.0395
DECODE_STEP index=52 ms=32.1776
DECODE_STEP index=53 ms=31.4965
DECODE_STEP index=54 ms=32.7059
DECODE_STEP index=55 ms=29.8117
DECODE_STEP index=56 ms=34.1753
DECODE_STEP index=57 ms=29.9624
DECODE_STEP index=58 ms=31.7686
DECODE_STEP index=59 ms=31.2306
DECODE_STEP index=60 ms=32.5154
DECODE_STEP index=61 ms=39.5341
DECODE_STEP index=62 ms=30.3099
DECODE_STEP index=63 ms=34.6817
DECODE_STEP index=64 ms=31.6299
DECODE_STEP index=65 ms=31.3829
DECODE_STEP index=66 ms=29.9913
DECODE_STEP index=67 ms=33.7505
DECODE_STEP index=68 ms=28.9983
DECODE_STEP index=69 ms=40.276
DECODE_STEP index=70 ms=39.2121
DECODE_STEP index=71 ms=38.8986
DECODE_STEP index=72 ms=44.2394
DECODE_STEP index=73 ms=33.1488
DECODE_STEP index=74 ms=33.8209
DECODE_STEP index=75 ms=31.293
DECODE_STEP index=76 ms=32.6078
DECODE_STEP index=77 ms=42.2984
DECODE_STEP index=78 ms=36.5541
DECODE_STEP index=79 ms=44.4458
DECODE_STEP index=80 ms=36.6608
DECODE_STEP index=81 ms=43.4891
DECODE_STEP index=82 ms=29.6393
DECODE_STEP index=83 ms=30.8897
DECODE_STEP index=84 ms=31.4884
DECODE_STEP index=85 ms=33.2932
DECODE_STEP index=86 ms=30.8529
DECODE_STEP index=87 ms=32.6535
DECODE_STEP index=88 ms=33.6656
DECODE_STEP index=89 ms=36.5594
DECODE_STEP index=90 ms=40.7653
DECODE_STEP index=91 ms=43.1245
DECODE_STEP index=92 ms=41.6369
DECODE_STEP index=93 ms=37.3277
DECODE_STEP index=94 ms=34.9897
DECODE_STEP index=95 ms=37.7283
DECODE_STEP index=96 ms=32.7885
DECODE_STEP index=97 ms=36.2348
DECODE_STEP index=98 ms=30.0454
DECODE_STEP index=99 ms=34.1384
DECODE_STEP index=100 ms=33.1573
DECODE_STEP index=101 ms=39.6313
DECODE_STEP index=102 ms=31.0249
DECODE_STEP index=103 ms=34.1662
DECODE_STEP index=104 ms=31.9651
DECODE_STEP index=105 ms=42.8222
DECODE_STEP index=106 ms=40.2917
DECODE_STEP index=107 ms=43.1886
DECODE_STEP index=108 ms=43.4565
DECODE_STEP index=109 ms=33.9591
DECODE_STEP index=110 ms=33.9636
DECODE_STEP index=111 ms=33.7499
DECODE_STEP index=112 ms=40.3664
DECODE_STEP index=113 ms=34.0003
DECODE_STEP index=114 ms=33.7511
DECODE_STEP index=115 ms=29.9386
DECODE_STEP index=116 ms=28.6855
DECODE_STEP index=117 ms=31.0107
DECODE_STEP index=118 ms=31.8651
DECODE_STEP index=119 ms=32.4774
DECODE_STEP index=120 ms=29.3004
DECODE_STEP index=121 ms=31.546
DECODE_STEP index=122 ms=29.0602
DECODE_STEP index=123 ms=30.9183
DECODE_STEP index=124 ms=39.6944
DECODE_STEP index=125 ms=31.7051
DECODE_STEP index=126 ms=35.3196
DECODE_STEP index=127 ms=38.7436
DECODE steps=127 ms=4513.3 tok_s=28.139
HOST_RSS peak_MiB=54258.6
CPU_EXPERT gu_ms=0 quant_ms=0 down_ms=0 layer_flow_ms=2625.03 bytes=72821374976
STEP_TRACE steps=127 moe_layers=5334 pipelined=1 head_ms=275.213 cpu_ms=2707.06 between_ms=1294.04 tail_ms=204.643 tail_sync_ms=115.105 tail_plan_ms=42.482 tail_copy_ms=42.1251 enqueue_ms=487.403 tier_swaps=224 split_windows=0 per_step_ms=35.2831
GPU peak_allocated_MiB=13249.4 native_expert_bytes=0 expert_groups=0 staging_ms=0
PREFILL_SCRATCH device=0 peak_MiB=5.07568 capacity_MiB=32
GPU_LIVE device=0 dense_MiB=5029.21 other_MiB=7946.13 prefill_MiB=32 resident_exec_MiB=2.94288 state_MiB=239.105
GPU_DEVICE device=0 peak_allocated_MiB=13249.4 live_MiB=13249.4 native_expert_bytes=0 staging_ms=0 cache_hits=0 cache_hit_bytes=0 cuda_used_MiB=15300 free_MiB=1004
resident expert entries=34678/42672
Finished with result: success
Main processes terminated with: code=exited/status=0
Service runtime: 46.688s
CPU time consumed: 2min 1.321s
Memory peak: 512.0K
Memory swap peak: 0B
