Running as unit: strata-st-lookup-fit7-401211.service; invocation ID: 8aa04a5e2ca64b1ebafd094fc64fe9aa
STAGING compact=1 slot_MiB=140
FLOATING_Q8 tensor=blk.0.hc_attn_fn source_type=0 MiB=0.398438
FLOATING_Q8 tensor=blk.0.hc_ffn_fn source_type=0 MiB=0.398438
FLOATING_Q8 tensor=blk.1.hc_attn_fn source_type=0 MiB=0.398438
FLOATING_Q8 tensor=blk.1.hc_ffn_fn source_type=0 MiB=0.398438
FLOATING_Q8 tensor=blk.10.hc_attn_fn source_type=0 MiB=0.398438
FLOATING_Q8 tensor=blk.10.hc_ffn_fn source_type=0 MiB=0.398438
FLOATING_Q8 tensor=blk.11.attn_k_b.weight source_type=12 MiB=8.5
FLOATING_Q8 tensor=blk.11.attn_v_b.weight source_type=12 MiB=8.5
FLOATING_Q8 tensor=blk.11.hc_attn_fn source_type=0 MiB=0.398438
FLOATING_Q8 tensor=blk.11.hc_ffn_fn source_type=0 MiB=0.398438
FLOATING_Q8 tensor=blk.12.hc_attn_fn source_type=0 MiB=0.398438
FLOATING_Q8 tensor=blk.12.hc_ffn_fn source_type=0 MiB=0.398438
FLOATING_Q8 tensor=blk.13.hc_attn_fn source_type=0 MiB=0.398438
FLOATING_Q8 tensor=blk.13.hc_ffn_fn source_type=0 MiB=0.398438
FLOATING_Q8 tensor=blk.14.hc_attn_fn source_type=0 MiB=0.398438
FLOATING_Q8 tensor=blk.14.hc_ffn_fn source_type=0 MiB=0.398438
FLOATING_Q8 tensor=blk.15.attn_k_b.weight source_type=12 MiB=8.5
FLOATING_Q8 tensor=blk.15.attn_v_b.weight source_type=12 MiB=8.5
FLOATING_Q8 tensor=blk.15.hc_attn_fn source_type=0 MiB=0.398438
FLOATING_Q8 tensor=blk.15.hc_ffn_fn source_type=0 MiB=0.398438
FLOATING_Q8 tensor=blk.16.hc_attn_fn source_type=0 MiB=0.398438
FLOATING_Q8 tensor=blk.16.hc_ffn_fn source_type=0 MiB=0.398438
FLOATING_Q8 tensor=blk.17.hc_attn_fn source_type=0 MiB=0.398438
FLOATING_Q8 tensor=blk.17.hc_ffn_fn source_type=0 MiB=0.398438
FLOATING_Q8 tensor=blk.18.hc_attn_fn source_type=0 MiB=0.398438
FLOATING_Q8 tensor=blk.18.hc_ffn_fn source_type=0 MiB=0.398438
FLOATING_Q8 tensor=blk.19.attn_k_b.weight source_type=12 MiB=8.5
FLOATING_Q8 tensor=blk.19.attn_v_b.weight source_type=12 MiB=8.5
FLOATING_Q8 tensor=blk.19.hc_attn_fn source_type=0 MiB=0.398438
FLOATING_Q8 tensor=blk.19.hc_ffn_fn source_type=0 MiB=0.398438
FLOATING_Q8 tensor=blk.2.hc_attn_fn source_type=0 MiB=0.398438
FLOATING_Q8 tensor=blk.2.hc_ffn_fn source_type=0 MiB=0.398438
FLOATING_Q8 tensor=blk.20.hc_attn_fn source_type=0 MiB=0.398438
FLOATING_Q8 tensor=blk.20.hc_ffn_fn source_type=0 MiB=0.398438
FLOATING_Q8 tensor=blk.21.hc_attn_fn source_type=0 MiB=0.398438
FLOATING_Q8 tensor=blk.21.hc_ffn_fn source_type=0 MiB=0.398438
FLOATING_Q8 tensor=blk.22.hc_attn_fn source_type=0 MiB=0.398438
FLOATING_Q8 tensor=blk.22.hc_ffn_fn source_type=0 MiB=0.398438
FLOATING_Q8 tensor=blk.23.attn_k_b.weight source_type=12 MiB=8.5
FLOATING_Q8 tensor=blk.23.attn_v_b.weight source_type=12 MiB=8.5
FLOATING_Q8 tensor=blk.23.hc_attn_fn source_type=0 MiB=0.398438
FLOATING_Q8 tensor=blk.23.hc_ffn_fn source_type=0 MiB=0.398438
FLOATING_Q8 tensor=blk.24.hc_attn_fn source_type=0 MiB=0.398438
FLOATING_Q8 tensor=blk.24.hc_ffn_fn source_type=0 MiB=0.398438
FLOATING_Q8 tensor=blk.25.hc_attn_fn source_type=0 MiB=0.398438
FLOATING_Q8 tensor=blk.25.hc_ffn_fn source_type=0 MiB=0.398438
FLOATING_Q8 tensor=blk.26.hc_attn_fn source_type=0 MiB=0.398438
FLOATING_Q8 tensor=blk.26.hc_ffn_fn source_type=0 MiB=0.398438
FLOATING_Q8 tensor=blk.27.attn_k_b.weight source_type=12 MiB=8.5
FLOATING_Q8 tensor=blk.27.attn_v_b.weight source_type=12 MiB=8.5
FLOATING_Q8 tensor=blk.27.hc_attn_fn source_type=0 MiB=0.398438
FLOATING_Q8 tensor=blk.27.hc_ffn_fn source_type=0 MiB=0.398438
FLOATING_Q8 tensor=blk.28.hc_attn_fn source_type=0 MiB=0.398438
FLOATING_Q8 tensor=blk.28.hc_ffn_fn source_type=0 MiB=0.398438
FLOATING_Q8 tensor=blk.29.hc_attn_fn source_type=0 MiB=0.398438
FLOATING_Q8 tensor=blk.29.hc_ffn_fn source_type=0 MiB=0.398438
FLOATING_Q8 tensor=blk.3.attn_k_b.weight source_type=12 MiB=8.5
FLOATING_Q8 tensor=blk.3.attn_v_b.weight source_type=12 MiB=8.5
FLOATING_Q8 tensor=blk.3.hc_attn_fn source_type=0 MiB=0.398438
FLOATING_Q8 tensor=blk.3.hc_ffn_fn source_type=0 MiB=0.398438
FLOATING_Q8 tensor=blk.30.hc_attn_fn source_type=0 MiB=0.398438
FLOATING_Q8 tensor=blk.30.hc_ffn_fn source_type=0 MiB=0.398438
FLOATING_Q8 tensor=blk.31.attn_k_b.weight source_type=12 MiB=8.5
FLOATING_Q8 tensor=blk.31.attn_v_b.weight source_type=12 MiB=8.5
FLOATING_Q8 tensor=blk.31.hc_attn_fn source_type=0 MiB=0.398438
FLOATING_Q8 tensor=blk.31.hc_ffn_fn source_type=0 MiB=0.398438
FLOATING_Q8 tensor=blk.32.hc_attn_fn source_type=0 MiB=0.398438
FLOATING_Q8 tensor=blk.32.hc_ffn_fn source_type=0 MiB=0.398438
FLOATING_Q8 tensor=blk.33.hc_attn_fn source_type=0 MiB=0.398438
FLOATING_Q8 tensor=blk.33.hc_ffn_fn source_type=0 MiB=0.398438
FLOATING_Q8 tensor=blk.34.hc_attn_fn source_type=0 MiB=0.398438
FLOATING_Q8 tensor=blk.34.hc_ffn_fn source_type=0 MiB=0.398438
FLOATING_Q8 tensor=blk.35.attn_k_b.weight source_type=12 MiB=8.5
FLOATING_Q8 tensor=blk.35.attn_v_b.weight source_type=12 MiB=8.5
FLOATING_Q8 tensor=blk.35.hc_attn_fn source_type=0 MiB=0.398438
FLOATING_Q8 tensor=blk.35.hc_ffn_fn source_type=0 MiB=0.398438
FLOATING_Q8 tensor=blk.36.hc_attn_fn source_type=0 MiB=0.398438
FLOATING_Q8 tensor=blk.36.hc_ffn_fn source_type=0 MiB=0.398438
FLOATING_Q8 tensor=blk.37.hc_attn_fn source_type=0 MiB=0.398438
FLOATING_Q8 tensor=blk.37.hc_ffn_fn source_type=0 MiB=0.398438
FLOATING_Q8 tensor=blk.38.hc_attn_fn source_type=0 MiB=0.398438
FLOATING_Q8 tensor=blk.38.hc_ffn_fn source_type=0 MiB=0.398438
FLOATING_Q8 tensor=blk.39.attn_k_b.weight source_type=12 MiB=8.5
FLOATING_Q8 tensor=blk.39.attn_v_b.weight source_type=12 MiB=8.5
FLOATING_Q8 tensor=blk.39.hc_attn_fn source_type=0 MiB=0.398438
FLOATING_Q8 tensor=blk.39.hc_ffn_fn source_type=0 MiB=0.398438
FLOATING_Q8 tensor=blk.4.hc_attn_fn source_type=0 MiB=0.398438
FLOATING_Q8 tensor=blk.4.hc_ffn_fn source_type=0 MiB=0.398438
FLOATING_Q8 tensor=blk.40.hc_attn_fn source_type=0 MiB=0.398438
FLOATING_Q8 tensor=blk.40.hc_ffn_fn source_type=0 MiB=0.398438
FLOATING_Q8 tensor=blk.41.hc_attn_fn source_type=0 MiB=0.398438
FLOATING_Q8 tensor=blk.41.hc_ffn_fn source_type=0 MiB=0.398438
FLOATING_Q8 tensor=blk.42.hc_attn_fn source_type=0 MiB=0.398438
FLOATING_Q8 tensor=blk.42.hc_ffn_fn source_type=0 MiB=0.398438
FLOATING_Q8 tensor=blk.43.attn_k_b.weight source_type=12 MiB=8.5
FLOATING_Q8 tensor=blk.43.attn_v_b.weight source_type=12 MiB=8.5
FLOATING_Q8 tensor=blk.43.hc_attn_fn source_type=0 MiB=0.398438
FLOATING_Q8 tensor=blk.43.hc_ffn_fn source_type=0 MiB=0.398438
FLOATING_Q8 tensor=blk.44.hc_attn_fn source_type=0 MiB=0.398438
FLOATING_Q8 tensor=blk.44.hc_ffn_fn source_type=0 MiB=0.398438
FLOATING_Q8 tensor=blk.5.hc_attn_fn source_type=0 MiB=0.398438
FLOATING_Q8 tensor=blk.5.hc_ffn_fn source_type=0 MiB=0.398438
FLOATING_Q8 tensor=blk.6.hc_attn_fn source_type=0 MiB=0.398438
FLOATING_Q8 tensor=blk.6.hc_ffn_fn source_type=0 MiB=0.398438
FLOATING_Q8 tensor=blk.7.attn_k_b.weight source_type=12 MiB=8.5
FLOATING_Q8 tensor=blk.7.attn_v_b.weight source_type=12 MiB=8.5
FLOATING_Q8 tensor=blk.7.hc_attn_fn source_type=0 MiB=0.398438
FLOATING_Q8 tensor=blk.7.hc_ffn_fn source_type=0 MiB=0.398438
FLOATING_Q8 tensor=blk.8.hc_attn_fn source_type=0 MiB=0.398438
FLOATING_Q8 tensor=blk.8.hc_ffn_fn source_type=0 MiB=0.398438
FLOATING_Q8 tensor=blk.9.hc_attn_fn source_type=0 MiB=0.398438
FLOATING_Q8 tensor=blk.9.hc_ffn_fn source_type=0 MiB=0.398438
GPU prefill chunk=2048 staging_workers=4 numa_cpus=0,1,2,3
GPU allocated_MiB=7154.73 reserved_runtime_MiB=1024 budget_MiB=15360
GPU_DENSE_HOST_RELEASE phase=main tensors=1256 source_MiB_advised=5040.35 ms=128.221
TIER_DIRECT registered_MiB=52542 ranges=126 ms=11896.5
PREFILL_PARTITION primary_groups=9 secondary_groups=0
PREFILL_CACHE device=0 budget_MiB=0 reserve_MiB=768
PREFILL_CACHE_PLAN device=0 base_groups=0 unused_MiB=0
MAPPED_EXPERTS numa_rows=0 lazy=1 bytes=55094280192
PREFILL trial=0 tokens=2048 batch=2048 ms=19735.9 tok_s=103.77
FAULTS trial=0 major=398 minor=343307
HOST_RSS peak_MiB=54257.9
CPU_EXPERT gu_ms=0 quant_ms=0 down_ms=0 layer_flow_ms=0 bytes=0
GPU peak_allocated_MiB=7154.73 native_expert_bytes=55101150720 expert_groups=378 staging_ms=4315.51
PREFILL_SCRATCH device=0 peak_MiB=696.564 capacity_MiB=1024
GPU_LIVE device=0 dense_MiB=5029.21 other_MiB=294.414 prefill_MiB=1592 state_MiB=239.105
GPU_DEVICE device=0 peak_allocated_MiB=7154.73 live_MiB=7154.73 native_expert_bytes=55101150720 staging_ms=4315.51 cache_hits=0 cache_hit_bytes=0 cuda_used_MiB=8036 free_MiB=8268
MAPPED_EXPERTS numa_rows=0 lazy=1 bytes=55094280192
PREFILL_WORK device=0 transferred_bytes=55101150720 staging_ms=4315.51 actual_rows=0 padded_rows=0 dequant_values=0
DECODE_RUNTIME override_reserve_MiB=512
DECODE_CACHE prefix_trained=1 slots=906 MiB=7870.88 fingerprint=2780373492086969970
RESPONSE_PREPARE kind=decode_cache ms=1363.33
RESPONSE_PREPARE kind=cpu ms=0.001453
DECODE_TRIAL index=0
DECODE_STEP index=1 ms=44.301
DECODE_STEP index=2 ms=30.558
DECODE_STEP index=3 ms=28.683
DECODE_STEP index=4 ms=28.3527
DECODE_STEP index=5 ms=31.1187
DECODE_STEP index=6 ms=28.0804
DECODE_STEP index=7 ms=29.5498
DECODE_STEP index=8 ms=29.6386
DECODE_STEP index=9 ms=30.036
DECODE_STEP index=10 ms=29.0614
DECODE_STEP index=11 ms=28.6464
DECODE_STEP index=12 ms=29.3202
DECODE_STEP index=13 ms=29.1596
DECODE_STEP index=14 ms=29.1959
DECODE_STEP index=15 ms=30.1918
DECODE_STEP index=16 ms=28.6561
DECODE_STEP index=17 ms=29.9794
DECODE_STEP index=18 ms=28.7248
DECODE_STEP index=19 ms=29.4448
DECODE_STEP index=20 ms=29.7847
DECODE_STEP index=21 ms=29.6226
DECODE_STEP index=22 ms=28.7986
DECODE_STEP index=23 ms=30.8256
DECODE_STEP index=24 ms=28.8346
DECODE_STEP index=25 ms=28.8837
DECODE_STEP index=26 ms=29.2683
DECODE_STEP index=27 ms=28.9483
DECODE_STEP index=28 ms=29.0551
DECODE_STEP index=29 ms=30.5746
DECODE_STEP index=30 ms=29.0125
DECODE_STEP index=31 ms=28.4701
DECODE_STEP index=32 ms=29.0459
DECODE_STEP index=33 ms=29.0756
DECODE_STEP index=34 ms=29.0882
DECODE_STEP index=35 ms=29.1642
DECODE_STEP index=36 ms=29.1458
DECODE_STEP index=37 ms=29.1732
DECODE_STEP index=38 ms=29.7496
DECODE_STEP index=39 ms=29.1144
DECODE_STEP index=40 ms=28.9597
DECODE_STEP index=41 ms=28.709
DECODE_STEP index=42 ms=29.7403
DECODE_STEP index=43 ms=28.5506
DECODE_STEP index=44 ms=28.4408
DECODE_STEP index=45 ms=29.3739
DECODE_STEP index=46 ms=29.2367
DECODE_STEP index=47 ms=28.8881
DECODE_STEP index=48 ms=28.462
DECODE_STEP index=49 ms=28.6255
DECODE_STEP index=50 ms=30.039
DECODE_STEP index=51 ms=29.6623
DECODE_STEP index=52 ms=29.0591
DECODE_STEP index=53 ms=28.3978
DECODE_STEP index=54 ms=30.8886
DECODE_STEP index=55 ms=28.5548
DECODE_STEP index=56 ms=28.4744
DECODE_STEP index=57 ms=28.7863
DECODE_STEP index=58 ms=29.0226
DECODE_STEP index=59 ms=28.672
DECODE_STEP index=60 ms=29.1633
DECODE_STEP index=61 ms=29.7971
DECODE_STEP index=62 ms=29.7692
DECODE_STEP index=63 ms=30.9561
DECODE_STEP index=64 ms=29.5923
DECODE_STEP index=65 ms=29.124
DECODE_STEP index=66 ms=30.803
DECODE_STEP index=67 ms=28.6656
DECODE_STEP index=68 ms=28.9037
DECODE_STEP index=69 ms=28.8471
DECODE_STEP index=70 ms=29.1451
DECODE_STEP index=71 ms=30.0044
DECODE_STEP index=72 ms=28.6962
DECODE_STEP index=73 ms=29.7767
DECODE_STEP index=74 ms=28.571
DECODE_STEP index=75 ms=30.115
DECODE_STEP index=76 ms=29.0355
DECODE_STEP index=77 ms=28.8424
DECODE_STEP index=78 ms=29.9742
DECODE_STEP index=79 ms=28.5697
DECODE_STEP index=80 ms=29.2169
DECODE_STEP index=81 ms=28.7439
DECODE_STEP index=82 ms=28.6691
DECODE_STEP index=83 ms=28.8693
DECODE_STEP index=84 ms=29.197
DECODE_STEP index=85 ms=29.4044
DECODE_STEP index=86 ms=28.8627
DECODE_STEP index=87 ms=28.6851
DECODE_STEP index=88 ms=28.7042
DECODE_STEP index=89 ms=29.5755
DECODE_STEP index=90 ms=29.9829
DECODE_STEP index=91 ms=28.6832
DECODE_STEP index=92 ms=28.4733
DECODE_STEP index=93 ms=28.6808
DECODE_STEP index=94 ms=29.1123
DECODE_STEP index=95 ms=28.6248
DECODE_STEP index=96 ms=30.7918
DECODE_STEP index=97 ms=28.5803
DECODE_STEP index=98 ms=28.4547
DECODE_STEP index=99 ms=28.3589
DECODE_STEP index=100 ms=28.5095
DECODE_STEP index=101 ms=30.7364
DECODE_STEP index=102 ms=29.1689
DECODE_STEP index=103 ms=28.6161
DECODE_STEP index=104 ms=28.4804
DECODE_STEP index=105 ms=28.4252
DECODE_STEP index=106 ms=28.4031
DECODE_STEP index=107 ms=28.3933
DECODE_STEP index=108 ms=29.3823
DECODE_STEP index=109 ms=29.2213
DECODE_STEP index=110 ms=28.5698
DECODE_STEP index=111 ms=29.4434
DECODE_STEP index=112 ms=28.7118
DECODE_STEP index=113 ms=28.4245
DECODE_STEP index=114 ms=28.4681
DECODE_STEP index=115 ms=28.9035
DECODE_STEP index=116 ms=28.7438
DECODE_STEP index=117 ms=28.9166
DECODE_STEP index=118 ms=28.6391
DECODE_STEP index=119 ms=28.4389
DECODE_STEP index=120 ms=28.4966
DECODE_STEP index=121 ms=29.0319
DECODE_STEP index=122 ms=28.6201
DECODE_STEP index=123 ms=28.5546
DECODE_STEP index=124 ms=28.4393
DECODE_STEP index=125 ms=28.8614
DECODE_STEP index=126 ms=28.4071
DECODE_STEP index=127 ms=29.0469
DECODE steps=127 ms=3728.95 tok_s=34.0578
HOST_RSS peak_MiB=54257.9
CPU_EXPERT gu_ms=0 quant_ms=0 down_ms=0 layer_flow_ms=666.833 bytes=18027708416
STEP_TRACE steps=127 moe_layers=5334 pipelined=1 head_ms=275.596 cpu_ms=733.899 between_ms=2492.18 tail_ms=198.501 tail_sync_ms=134.719 tail_plan_ms=24.1598 tail_copy_ms=36.3101 enqueue_ms=413.944 tier_swaps=115 split_windows=0 per_step_ms=29.1352
GPU peak_allocated_MiB=13249.4 native_expert_bytes=0 expert_groups=0 staging_ms=0
PREFILL_SCRATCH device=0 peak_MiB=5.07568 capacity_MiB=32
GPU_LIVE device=0 dense_MiB=5029.21 other_MiB=7946.13 prefill_MiB=32 resident_exec_MiB=2.94288 state_MiB=239.105
GPU_DEVICE device=0 peak_allocated_MiB=13249.4 live_MiB=13249.4 native_expert_bytes=0 staging_ms=0 cache_hits=0 cache_hit_bytes=0 cuda_used_MiB=15300 free_MiB=1004
resident expert entries=40693/42672
Finished with result: success
Main processes terminated with: code=exited/status=0
Service runtime: 47.231s
CPU time consumed: 1min 51.688s
Memory peak: 256.0K
Memory swap peak: 0B
