25
79450
11
2588
50122
67030
624
79450
13931
2573
6589
369
279
19827
4516
13
220
1048
8426
82
825
20455
17629
369
279
19827
4516
26
5515
13931
12519
25
79450
198
2575
8426
82
825
20455
17629
369
7337
26
79450
13931
2573
6589
11
2588
50122
67030
624
1004
3293
10809
48606
13480
2741
8751
25760
13480
5
264
317
1004
3293
10809
48606
13480
2741
8751
25760
5
264
317
1004
3293
10809
48606
13480
2741
8751
25760
5
264
317
1004
3293
79924
4516
50122
5746
448
79924
4516
50122
5746
448
79924
79924
4516
50122
30070
198
1004
3293
10809
48606
13480
2741
8751
7314
79924
4516
50122
30070
448
79924
4516
79924
30070
448
220
15
13
15
13
15
