25
825
20455
17629
284
1874
9
102636
10
15770
624
2575
8426
82
825
20455
17629
369
279
10080
594
1973
320
15
496
45
12
16
20455
438
1874
9
102636
10
15770
389
5515
11
14386
13931
3034
389
14330
4292
2575
8426
82
825
20455
17629
369
279
19827
26
5515
13931
12519
25
825
20455
5515
13931
2573
17629
284
1874
9
102636
10
4987
2878
279
1874
198
2575
8426
82
825
11858
594
19781
17629
320
15
496
45
12
16
8
304
279
10080
594
1973
13
220
6065
1078
25
279
7314
594
7337
525
825
817
6961
6200
11
825
11858
817
6961
6200
11
825
11858
817
6961
6200
11
825
11858
26932
6978
553
2802
2621
