25
1874
9
102636
488
17629
3419
4351
13
5515
220
98965
594
198
2575
19781
17629
220
15
374
1874
220
15
17629
220
21
320
30139
220
15
374
1874
220
15
17629
220
21
389
419
220
21
66
14
98886
83
5662
11
17083
220
15
374
198
17083
220
15
374
198
2575
17083
220
15
374
1874
220
15
17629
220
21
320
30139
220
15
374
9750
1874
220
15
17629
220
21
11
17083
220
12914
198
2575
12914
198
2575
7364
198
2575
7364
198
2575
7364
198
40358
271
2575
7364
198
2575
7364
198
2575
4629
198
2575
4629
198
2575
4629
198
2575
4629
198
13593
50
198
13593
50
198
13593
50
198
13593
50
