25
79450
11
2588
50122
67030
624
79450
21743
23606
7
15
8
79450
21743
23606
7
15
8
79450
21743
23606
7
15
8
79450
21743
23606
7
15
340
2575
8426
82
825
20455
17629
369
279
10080
28706
311
1598
279
19827
389
11
79450
4566
1565
30682
21743
48606
13480
18606
2575
5515
25
79450
13931
2573
6589
11
2588
50122
67030
13
14330
25
79450
9862
13931
6911
11
2670
198
2575
13931
28261
3403
220
103302
11
79450
4566
1565
495
459
486
74
42087
486
16461
486
265
63836
21743
23606
7
15
45907
624
396
79450
21743
23606
1548
892
317
2575
8426
82
825
20455
17629
369
279
19827
11
79450
4566
1565
30682
21743
48606
13480
63
2036
