Running as unit: strata-st-mix2p2tiles4-399621.service; invocation ID: e09b40d16bf34ac09dabf10df5609f89
STAGING compact=1 slot_MiB=140
FLOATING_Q8 tensor=blk.0.hc_attn_fn source_type=0 MiB=0.398438
FLOATING_Q8 tensor=blk.0.hc_ffn_fn source_type=0 MiB=0.398438
FLOATING_Q8 tensor=blk.1.hc_attn_fn source_type=0 MiB=0.398438
FLOATING_Q8 tensor=blk.1.hc_ffn_fn source_type=0 MiB=0.398438
FLOATING_Q8 tensor=blk.10.hc_attn_fn source_type=0 MiB=0.398438
FLOATING_Q8 tensor=blk.10.hc_ffn_fn source_type=0 MiB=0.398438
FLOATING_Q8 tensor=blk.11.attn_k_b.weight source_type=12 MiB=8.5
FLOATING_Q8 tensor=blk.11.attn_v_b.weight source_type=12 MiB=8.5
FLOATING_Q8 tensor=blk.11.hc_attn_fn source_type=0 MiB=0.398438
FLOATING_Q8 tensor=blk.11.hc_ffn_fn source_type=0 MiB=0.398438
FLOATING_Q8 tensor=blk.12.hc_attn_fn source_type=0 MiB=0.398438
FLOATING_Q8 tensor=blk.12.hc_ffn_fn source_type=0 MiB=0.398438
FLOATING_Q8 tensor=blk.13.hc_attn_fn source_type=0 MiB=0.398438
FLOATING_Q8 tensor=blk.13.hc_ffn_fn source_type=0 MiB=0.398438
FLOATING_Q8 tensor=blk.14.hc_attn_fn source_type=0 MiB=0.398438
FLOATING_Q8 tensor=blk.14.hc_ffn_fn source_type=0 MiB=0.398438
FLOATING_Q8 tensor=blk.15.attn_k_b.weight source_type=12 MiB=8.5
FLOATING_Q8 tensor=blk.15.attn_v_b.weight source_type=12 MiB=8.5
FLOATING_Q8 tensor=blk.15.hc_attn_fn source_type=0 MiB=0.398438
FLOATING_Q8 tensor=blk.15.hc_ffn_fn source_type=0 MiB=0.398438
FLOATING_Q8 tensor=blk.16.hc_attn_fn source_type=0 MiB=0.398438
FLOATING_Q8 tensor=blk.16.hc_ffn_fn source_type=0 MiB=0.398438
FLOATING_Q8 tensor=blk.17.hc_attn_fn source_type=0 MiB=0.398438
FLOATING_Q8 tensor=blk.17.hc_ffn_fn source_type=0 MiB=0.398438
FLOATING_Q8 tensor=blk.18.hc_attn_fn source_type=0 MiB=0.398438
FLOATING_Q8 tensor=blk.18.hc_ffn_fn source_type=0 MiB=0.398438
FLOATING_Q8 tensor=blk.19.attn_k_b.weight source_type=12 MiB=8.5
FLOATING_Q8 tensor=blk.19.attn_v_b.weight source_type=12 MiB=8.5
FLOATING_Q8 tensor=blk.19.hc_attn_fn source_type=0 MiB=0.398438
FLOATING_Q8 tensor=blk.19.hc_ffn_fn source_type=0 MiB=0.398438
FLOATING_Q8 tensor=blk.2.hc_attn_fn source_type=0 MiB=0.398438
FLOATING_Q8 tensor=blk.2.hc_ffn_fn source_type=0 MiB=0.398438
FLOATING_Q8 tensor=blk.20.hc_attn_fn source_type=0 MiB=0.398438
FLOATING_Q8 tensor=blk.20.hc_ffn_fn source_type=0 MiB=0.398438
FLOATING_Q8 tensor=blk.21.hc_attn_fn source_type=0 MiB=0.398438
FLOATING_Q8 tensor=blk.21.hc_ffn_fn source_type=0 MiB=0.398438
FLOATING_Q8 tensor=blk.22.hc_attn_fn source_type=0 MiB=0.398438
FLOATING_Q8 tensor=blk.22.hc_ffn_fn source_type=0 MiB=0.398438
FLOATING_Q8 tensor=blk.23.attn_k_b.weight source_type=12 MiB=8.5
FLOATING_Q8 tensor=blk.23.attn_v_b.weight source_type=12 MiB=8.5
FLOATING_Q8 tensor=blk.23.hc_attn_fn source_type=0 MiB=0.398438
FLOATING_Q8 tensor=blk.23.hc_ffn_fn source_type=0 MiB=0.398438
FLOATING_Q8 tensor=blk.24.hc_attn_fn source_type=0 MiB=0.398438
FLOATING_Q8 tensor=blk.24.hc_ffn_fn source_type=0 MiB=0.398438
FLOATING_Q8 tensor=blk.25.hc_attn_fn source_type=0 MiB=0.398438
FLOATING_Q8 tensor=blk.25.hc_ffn_fn source_type=0 MiB=0.398438
FLOATING_Q8 tensor=blk.26.hc_attn_fn source_type=0 MiB=0.398438
FLOATING_Q8 tensor=blk.26.hc_ffn_fn source_type=0 MiB=0.398438
FLOATING_Q8 tensor=blk.27.attn_k_b.weight source_type=12 MiB=8.5
FLOATING_Q8 tensor=blk.27.attn_v_b.weight source_type=12 MiB=8.5
FLOATING_Q8 tensor=blk.27.hc_attn_fn source_type=0 MiB=0.398438
FLOATING_Q8 tensor=blk.27.hc_ffn_fn source_type=0 MiB=0.398438
FLOATING_Q8 tensor=blk.28.hc_attn_fn source_type=0 MiB=0.398438
FLOATING_Q8 tensor=blk.28.hc_ffn_fn source_type=0 MiB=0.398438
FLOATING_Q8 tensor=blk.29.hc_attn_fn source_type=0 MiB=0.398438
FLOATING_Q8 tensor=blk.29.hc_ffn_fn source_type=0 MiB=0.398438
FLOATING_Q8 tensor=blk.3.attn_k_b.weight source_type=12 MiB=8.5
FLOATING_Q8 tensor=blk.3.attn_v_b.weight source_type=12 MiB=8.5
FLOATING_Q8 tensor=blk.3.hc_attn_fn source_type=0 MiB=0.398438
FLOATING_Q8 tensor=blk.3.hc_ffn_fn source_type=0 MiB=0.398438
FLOATING_Q8 tensor=blk.30.hc_attn_fn source_type=0 MiB=0.398438
FLOATING_Q8 tensor=blk.30.hc_ffn_fn source_type=0 MiB=0.398438
FLOATING_Q8 tensor=blk.31.attn_k_b.weight source_type=12 MiB=8.5
FLOATING_Q8 tensor=blk.31.attn_v_b.weight source_type=12 MiB=8.5
FLOATING_Q8 tensor=blk.31.hc_attn_fn source_type=0 MiB=0.398438
FLOATING_Q8 tensor=blk.31.hc_ffn_fn source_type=0 MiB=0.398438
FLOATING_Q8 tensor=blk.32.hc_attn_fn source_type=0 MiB=0.398438
FLOATING_Q8 tensor=blk.32.hc_ffn_fn source_type=0 MiB=0.398438
FLOATING_Q8 tensor=blk.33.hc_attn_fn source_type=0 MiB=0.398438
FLOATING_Q8 tensor=blk.33.hc_ffn_fn source_type=0 MiB=0.398438
FLOATING_Q8 tensor=blk.34.hc_attn_fn source_type=0 MiB=0.398438
FLOATING_Q8 tensor=blk.34.hc_ffn_fn source_type=0 MiB=0.398438
FLOATING_Q8 tensor=blk.35.attn_k_b.weight source_type=12 MiB=8.5
FLOATING_Q8 tensor=blk.35.attn_v_b.weight source_type=12 MiB=8.5
FLOATING_Q8 tensor=blk.35.hc_attn_fn source_type=0 MiB=0.398438
FLOATING_Q8 tensor=blk.35.hc_ffn_fn source_type=0 MiB=0.398438
FLOATING_Q8 tensor=blk.36.hc_attn_fn source_type=0 MiB=0.398438
FLOATING_Q8 tensor=blk.36.hc_ffn_fn source_type=0 MiB=0.398438
FLOATING_Q8 tensor=blk.37.hc_attn_fn source_type=0 MiB=0.398438
FLOATING_Q8 tensor=blk.37.hc_ffn_fn source_type=0 MiB=0.398438
FLOATING_Q8 tensor=blk.38.hc_attn_fn source_type=0 MiB=0.398438
FLOATING_Q8 tensor=blk.38.hc_ffn_fn source_type=0 MiB=0.398438
FLOATING_Q8 tensor=blk.39.attn_k_b.weight source_type=12 MiB=8.5
FLOATING_Q8 tensor=blk.39.attn_v_b.weight source_type=12 MiB=8.5
FLOATING_Q8 tensor=blk.39.hc_attn_fn source_type=0 MiB=0.398438
FLOATING_Q8 tensor=blk.39.hc_ffn_fn source_type=0 MiB=0.398438
FLOATING_Q8 tensor=blk.4.hc_attn_fn source_type=0 MiB=0.398438
FLOATING_Q8 tensor=blk.4.hc_ffn_fn source_type=0 MiB=0.398438
FLOATING_Q8 tensor=blk.40.hc_attn_fn source_type=0 MiB=0.398438
FLOATING_Q8 tensor=blk.40.hc_ffn_fn source_type=0 MiB=0.398438
FLOATING_Q8 tensor=blk.41.hc_attn_fn source_type=0 MiB=0.398438
FLOATING_Q8 tensor=blk.41.hc_ffn_fn source_type=0 MiB=0.398438
FLOATING_Q8 tensor=blk.42.hc_attn_fn source_type=0 MiB=0.398438
FLOATING_Q8 tensor=blk.42.hc_ffn_fn source_type=0 MiB=0.398438
FLOATING_Q8 tensor=blk.43.attn_k_b.weight source_type=12 MiB=8.5
FLOATING_Q8 tensor=blk.43.attn_v_b.weight source_type=12 MiB=8.5
FLOATING_Q8 tensor=blk.43.hc_attn_fn source_type=0 MiB=0.398438
FLOATING_Q8 tensor=blk.43.hc_ffn_fn source_type=0 MiB=0.398438
FLOATING_Q8 tensor=blk.44.hc_attn_fn source_type=0 MiB=0.398438
FLOATING_Q8 tensor=blk.44.hc_ffn_fn source_type=0 MiB=0.398438
FLOATING_Q8 tensor=blk.5.hc_attn_fn source_type=0 MiB=0.398438
FLOATING_Q8 tensor=blk.5.hc_ffn_fn source_type=0 MiB=0.398438
FLOATING_Q8 tensor=blk.6.hc_attn_fn source_type=0 MiB=0.398438
FLOATING_Q8 tensor=blk.6.hc_ffn_fn source_type=0 MiB=0.398438
FLOATING_Q8 tensor=blk.7.attn_k_b.weight source_type=12 MiB=8.5
FLOATING_Q8 tensor=blk.7.attn_v_b.weight source_type=12 MiB=8.5
FLOATING_Q8 tensor=blk.7.hc_attn_fn source_type=0 MiB=0.398438
FLOATING_Q8 tensor=blk.7.hc_ffn_fn source_type=0 MiB=0.398438
FLOATING_Q8 tensor=blk.8.hc_attn_fn source_type=0 MiB=0.398438
FLOATING_Q8 tensor=blk.8.hc_ffn_fn source_type=0 MiB=0.398438
FLOATING_Q8 tensor=blk.9.hc_attn_fn source_type=0 MiB=0.398438
FLOATING_Q8 tensor=blk.9.hc_ffn_fn source_type=0 MiB=0.398438
GPU prefill chunk=2048 staging_workers=4 numa_cpus=0,1,2,3
GPU allocated_MiB=7154.73 reserved_runtime_MiB=1024 budget_MiB=15360
GPU_DENSE_HOST_RELEASE phase=main tensors=1256 source_MiB_advised=5040.35 ms=126.468
TIER_DIRECT registered_MiB=52542 ranges=126 ms=13992.9
PREFILL_PARTITION primary_groups=9 secondary_groups=0
PREFILL_CACHE device=0 budget_MiB=0 reserve_MiB=768
PREFILL_CACHE_PLAN device=0 base_groups=0 unused_MiB=0
MAPPED_EXPERTS numa_rows=0 lazy=1 bytes=55094280192
PREFILL trial=0 tokens=2048 batch=2048 ms=19091.9 tok_s=107.27
FAULTS trial=0 major=765 minor=342934
HOST_RSS peak_MiB=54257.6
CPU_EXPERT gu_ms=0 quant_ms=0 down_ms=0 layer_flow_ms=0 bytes=0
GPU peak_allocated_MiB=7154.73 native_expert_bytes=55101150720 expert_groups=378 staging_ms=4303.61
PREFILL_SCRATCH device=0 peak_MiB=696.564 capacity_MiB=1024
GPU_LIVE device=0 dense_MiB=5029.21 other_MiB=294.414 prefill_MiB=1592 state_MiB=239.105
GPU_DEVICE device=0 peak_allocated_MiB=7154.73 live_MiB=7154.73 native_expert_bytes=55101150720 staging_ms=4303.61 cache_hits=0 cache_hit_bytes=0 cuda_used_MiB=8036 free_MiB=8268
MAPPED_EXPERTS numa_rows=0 lazy=1 bytes=55094280192
PREFILL_WORK device=0 transferred_bytes=55101150720 staging_ms=4303.61 actual_rows=0 padded_rows=0 dequant_values=0
DECODE_RUNTIME override_reserve_MiB=512
DECODE_CACHE prefix_trained=1 slots=906 MiB=7870.88 fingerprint=12223778734791359155
RESPONSE_PREPARE kind=decode_cache ms=1350.94
RESPONSE_PREPARE kind=cpu ms=0.001363
DECODE_TRIAL index=0
DECODE_STEP index=1 ms=51.9626
DECODE_STEP index=2 ms=32.5424
DECODE_STEP index=3 ms=43.3239
DECODE_STEP index=4 ms=39.3613
DECODE_STEP index=5 ms=43.8198
DECODE_STEP index=6 ms=33.3061
DECODE_STEP index=7 ms=36.4441
DECODE_STEP index=8 ms=33.5665
DECODE_STEP index=9 ms=36.0725
DECODE_STEP index=10 ms=42.5717
DECODE_STEP index=11 ms=39.3985
DECODE_STEP index=12 ms=37.3959
DECODE_STEP index=13 ms=36.9417
DECODE_STEP index=14 ms=38.8391
DECODE_STEP index=15 ms=36.368
DECODE_STEP index=16 ms=43.1514
DECODE_STEP index=17 ms=34.4797
DECODE_STEP index=18 ms=40.614
DECODE_STEP index=19 ms=33.0719
DECODE_STEP index=20 ms=34.3574
DECODE_STEP index=21 ms=32.2639
DECODE_STEP index=22 ms=33.5939
DECODE_STEP index=23 ms=31.4882
DECODE_STEP index=24 ms=33.3566
DECODE_STEP index=25 ms=37.9778
DECODE_STEP index=26 ms=30.1281
DECODE_STEP index=27 ms=39.7281
DECODE_STEP index=28 ms=33.852
DECODE_STEP index=29 ms=41.4739
DECODE_STEP index=30 ms=36.9629
DECODE_STEP index=31 ms=39.8932
DECODE_STEP index=32 ms=33.5004
DECODE_STEP index=33 ms=40.3684
DECODE_STEP index=34 ms=32.2631
DECODE_STEP index=35 ms=31.8243
DECODE_STEP index=36 ms=31.8462
DECODE_STEP index=37 ms=40.063
DECODE_STEP index=38 ms=32.9769
DECODE_STEP index=39 ms=31.3495
DECODE_STEP index=40 ms=32.6996
DECODE_STEP index=41 ms=34.546
DECODE_STEP index=42 ms=28.8498
DECODE_STEP index=43 ms=39.3407
DECODE_STEP index=44 ms=35.3107
DECODE_STEP index=45 ms=33.9822
DECODE_STEP index=46 ms=34.6545
DECODE_STEP index=47 ms=30.0956
DECODE_STEP index=48 ms=31.3881
DECODE_STEP index=49 ms=31.2016
DECODE_STEP index=50 ms=38.6397
DECODE_STEP index=51 ms=38.0915
DECODE_STEP index=52 ms=32.7353
DECODE_STEP index=53 ms=38.4297
DECODE_STEP index=54 ms=34.7622
DECODE_STEP index=55 ms=41.9919
DECODE_STEP index=56 ms=45.1905
DECODE_STEP index=57 ms=43.5453
DECODE_STEP index=58 ms=44.8696
DECODE_STEP index=59 ms=36.45
DECODE_STEP index=60 ms=46.4736
DECODE_STEP index=61 ms=43.5567
DECODE_STEP index=62 ms=38.7383
DECODE_STEP index=63 ms=39.9184
DECODE_STEP index=64 ms=38.3462
DECODE_STEP index=65 ms=36.8765
DECODE_STEP index=66 ms=39.4297
DECODE_STEP index=67 ms=39.6306
DECODE_STEP index=68 ms=46.4222
DECODE_STEP index=69 ms=42.8328
DECODE_STEP index=70 ms=36.6714
DECODE_STEP index=71 ms=36.9743
DECODE_STEP index=72 ms=36.6675
DECODE_STEP index=73 ms=39.9604
DECODE_STEP index=74 ms=33.7745
DECODE_STEP index=75 ms=42.6716
DECODE_STEP index=76 ms=37.2661
DECODE_STEP index=77 ms=36.7144
DECODE_STEP index=78 ms=38.2543
DECODE_STEP index=79 ms=30.0396
DECODE_STEP index=80 ms=29.2494
DECODE_STEP index=81 ms=29.7884
DECODE_STEP index=82 ms=32.2062
DECODE_STEP index=83 ms=30.9784
DECODE_STEP index=84 ms=36.6701
DECODE_STEP index=85 ms=35.2204
DECODE_STEP index=86 ms=32.1517
DECODE_STEP index=87 ms=36.578
DECODE_STEP index=88 ms=34.9853
DECODE_STEP index=89 ms=35.5464
DECODE_STEP index=90 ms=33.8247
DECODE_STEP index=91 ms=38.7073
DECODE_STEP index=92 ms=36.1556
DECODE_STEP index=93 ms=36.4407
DECODE_STEP index=94 ms=41.8661
DECODE_STEP index=95 ms=34.8427
DECODE_STEP index=96 ms=33.2603
DECODE_STEP index=97 ms=37.6088
DECODE_STEP index=98 ms=32.9262
DECODE_STEP index=99 ms=32.4516
DECODE_STEP index=100 ms=32.7376
DECODE_STEP index=101 ms=34.1136
DECODE_STEP index=102 ms=34.1747
DECODE_STEP index=103 ms=33.9841
DECODE_STEP index=104 ms=34.5608
DECODE_STEP index=105 ms=41.3608
DECODE_STEP index=106 ms=32.2548
DECODE_STEP index=107 ms=29.5662
DECODE_STEP index=108 ms=29.5906
DECODE_STEP index=109 ms=33.0236
DECODE_STEP index=110 ms=32.3111
DECODE_STEP index=111 ms=31.0732
DECODE_STEP index=112 ms=35.0525
DECODE_STEP index=113 ms=33.4394
DECODE_STEP index=114 ms=30.1769
DECODE_STEP index=115 ms=32.9271
DECODE_STEP index=116 ms=33.0459
DECODE_STEP index=117 ms=32.8244
DECODE_STEP index=118 ms=31.5781
DECODE_STEP index=119 ms=32.3402
DECODE_STEP index=120 ms=33.4077
DECODE_STEP index=121 ms=33.1008
DECODE_STEP index=122 ms=31.6105
DECODE_STEP index=123 ms=31.6061
DECODE_STEP index=124 ms=35.7719
DECODE_STEP index=125 ms=31.4871
DECODE_STEP index=126 ms=35.9276
DECODE_STEP index=127 ms=39.5268
DECODE steps=127 ms=4582.72 tok_s=27.7128
HOST_RSS peak_MiB=54257.6
CPU_EXPERT gu_ms=0 quant_ms=0 down_ms=0 layer_flow_ms=2815.12 bytes=78332624896
STEP_TRACE steps=127 moe_layers=5334 pipelined=1 head_ms=268.443 cpu_ms=2894.78 between_ms=1181.62 tail_ms=206.656 tail_sync_ms=112.806 tail_plan_ms=44.8197 tail_copy_ms=44.6655 enqueue_ms=470.541 tier_swaps=276 split_windows=0 per_step_ms=35.8385
GPU peak_allocated_MiB=13249.4 native_expert_bytes=0 expert_groups=0 staging_ms=0
PREFILL_SCRATCH device=0 peak_MiB=5.07568 capacity_MiB=32
GPU_LIVE device=0 dense_MiB=5029.21 other_MiB=7946.13 prefill_MiB=32 resident_exec_MiB=2.94288 state_MiB=239.105
GPU_DEVICE device=0 peak_allocated_MiB=13249.4 live_MiB=13249.4 native_expert_bytes=0 staging_ms=0 cache_hits=0 cache_hit_bytes=0 cuda_used_MiB=15300 free_MiB=1004
resident expert entries=34073/42672
Finished with result: success
Main processes terminated with: code=exited/status=0
Service runtime: 49.275s
CPU time consumed: 2min 2.307s
Memory peak: 256.0K
Memory swap peak: 0B
