25
79450
11
2588
50122
67030
624
79450
21743
23606
198
2575
8426
82
825
20455
17629
369
279
19827
26
5515
13931
12519
25
7735
11
79450
11
2588
50122
67030
624
79450
21743
23606
198
2575
8426
82
220
79450
21743
23606
198
2575
8426
82
825
20455
17629
1565
15770
63
369
279
49148
291
1618
2747
26
5515
13931
12519
25
2409
13061
1103
79450
13931
2573
6589
11
2409
13061
1103
79450
13931
7735
11
79450
11
2588
50122
3774
1293
198
2575
8426
82
825
20455
17629
1565
15770
63
320
603
19781
17629
8
311
279
19827
26
5515
13931
50122
6911
79450
11
2588
50122
67030
624
2575
8426
82
825
20455
17629
1565
15770
63
5085
2271
16168
18173
