25
1874
9
102636
488
2699
2878
1874
315
220
102636
624
4074
9
102636
10
4489
25
5515
13931
12519
20455
17629
6589
11
1874
9
102636
10
49148
198
4074
9
102636
10
4489
25
5515
13931
12519
25
1874
9
220
102636
488
2699
2878
1874
315
220
102636
11
5185
25
279
49148
374
59341
320
1782
49148
374
825
220
16
11
100919
17
11
3218
48
11
472
11
8333
51
11
1874
9
102636
10
4489
11
3218
48
11
472
11
825
220
16
11
100919
17
11
102259
53592
6203
11
825
220
16
11
330
4074
9
102636
10
2414
48
11
472
11
8333
51
11
1874
9
102636
10
4489
11
3218
5785
2038
49148
374
