25
1874
9
102636
10
15770
26108
258
4351
11165
624
13156
11165
25
1874
9
102636
10
15770
26108
258
4351
11165
13
5515
11165
25
1874
9
102636
10
15770
27298
525
41774
29178
27298
315
3774
1293
4244
11
41774
29178
27298
315
3774
1293
10080
13931
28261
3403
220
103302
11
41774
29178
27298
315
10080
13931
28261
3403
220
103302
11
41774
29178
16168
315
7032
369
15931
32
15614
15266
323
2802
26932
13
5515
11165
25
1874
9
8751
25760
13480
3239
10809
48606
13480
543
6855
25760
13480
3239
10809
48606
13480
543
6855
25760
13480
3239
10809
48606
487
543
6855
7364
37463
3239
10809
48606
13480
543
6855
7364
37463
3239
10809
48606
5333
25
7364
37463
3239
