Running as unit: strata-st-native-q23mix2-413685.service; invocation ID: 639de9b4add74fd983546d8dab7d393b
STAGING compact=1 slot_MiB=140
FLOATING_Q8 tensor=blk.0.hc_attn_fn source_type=0 MiB=0.398438
FLOATING_Q8 tensor=blk.0.hc_ffn_fn source_type=0 MiB=0.398438
FLOATING_Q8 tensor=blk.1.hc_attn_fn source_type=0 MiB=0.398438
FLOATING_Q8 tensor=blk.1.hc_ffn_fn source_type=0 MiB=0.398438
FLOATING_Q8 tensor=blk.10.hc_attn_fn source_type=0 MiB=0.398438
FLOATING_Q8 tensor=blk.10.hc_ffn_fn source_type=0 MiB=0.398438
FLOATING_Q8 tensor=blk.11.attn_k_b.weight source_type=12 MiB=8.5
FLOATING_Q8 tensor=blk.11.attn_v_b.weight source_type=12 MiB=8.5
FLOATING_Q8 tensor=blk.11.hc_attn_fn source_type=0 MiB=0.398438
FLOATING_Q8 tensor=blk.11.hc_ffn_fn source_type=0 MiB=0.398438
FLOATING_Q8 tensor=blk.12.hc_attn_fn source_type=0 MiB=0.398438
FLOATING_Q8 tensor=blk.12.hc_ffn_fn source_type=0 MiB=0.398438
FLOATING_Q8 tensor=blk.13.hc_attn_fn source_type=0 MiB=0.398438
FLOATING_Q8 tensor=blk.13.hc_ffn_fn source_type=0 MiB=0.398438
FLOATING_Q8 tensor=blk.14.hc_attn_fn source_type=0 MiB=0.398438
FLOATING_Q8 tensor=blk.14.hc_ffn_fn source_type=0 MiB=0.398438
FLOATING_Q8 tensor=blk.15.attn_k_b.weight source_type=12 MiB=8.5
FLOATING_Q8 tensor=blk.15.attn_v_b.weight source_type=12 MiB=8.5
FLOATING_Q8 tensor=blk.15.hc_attn_fn source_type=0 MiB=0.398438
FLOATING_Q8 tensor=blk.15.hc_ffn_fn source_type=0 MiB=0.398438
FLOATING_Q8 tensor=blk.16.hc_attn_fn source_type=0 MiB=0.398438
FLOATING_Q8 tensor=blk.16.hc_ffn_fn source_type=0 MiB=0.398438
FLOATING_Q8 tensor=blk.17.hc_attn_fn source_type=0 MiB=0.398438
FLOATING_Q8 tensor=blk.17.hc_ffn_fn source_type=0 MiB=0.398438
FLOATING_Q8 tensor=blk.18.hc_attn_fn source_type=0 MiB=0.398438
FLOATING_Q8 tensor=blk.18.hc_ffn_fn source_type=0 MiB=0.398438
FLOATING_Q8 tensor=blk.19.attn_k_b.weight source_type=12 MiB=8.5
FLOATING_Q8 tensor=blk.19.attn_v_b.weight source_type=12 MiB=8.5
FLOATING_Q8 tensor=blk.19.hc_attn_fn source_type=0 MiB=0.398438
FLOATING_Q8 tensor=blk.19.hc_ffn_fn source_type=0 MiB=0.398438
FLOATING_Q8 tensor=blk.2.hc_attn_fn source_type=0 MiB=0.398438
FLOATING_Q8 tensor=blk.2.hc_ffn_fn source_type=0 MiB=0.398438
FLOATING_Q8 tensor=blk.20.hc_attn_fn source_type=0 MiB=0.398438
FLOATING_Q8 tensor=blk.20.hc_ffn_fn source_type=0 MiB=0.398438
FLOATING_Q8 tensor=blk.21.hc_attn_fn source_type=0 MiB=0.398438
FLOATING_Q8 tensor=blk.21.hc_ffn_fn source_type=0 MiB=0.398438
FLOATING_Q8 tensor=blk.22.hc_attn_fn source_type=0 MiB=0.398438
FLOATING_Q8 tensor=blk.22.hc_ffn_fn source_type=0 MiB=0.398438
FLOATING_Q8 tensor=blk.23.attn_k_b.weight source_type=12 MiB=8.5
FLOATING_Q8 tensor=blk.23.attn_v_b.weight source_type=12 MiB=8.5
FLOATING_Q8 tensor=blk.23.hc_attn_fn source_type=0 MiB=0.398438
FLOATING_Q8 tensor=blk.23.hc_ffn_fn source_type=0 MiB=0.398438
FLOATING_Q8 tensor=blk.24.hc_attn_fn source_type=0 MiB=0.398438
FLOATING_Q8 tensor=blk.24.hc_ffn_fn source_type=0 MiB=0.398438
FLOATING_Q8 tensor=blk.25.hc_attn_fn source_type=0 MiB=0.398438
FLOATING_Q8 tensor=blk.25.hc_ffn_fn source_type=0 MiB=0.398438
FLOATING_Q8 tensor=blk.26.hc_attn_fn source_type=0 MiB=0.398438
FLOATING_Q8 tensor=blk.26.hc_ffn_fn source_type=0 MiB=0.398438
FLOATING_Q8 tensor=blk.27.attn_k_b.weight source_type=12 MiB=8.5
FLOATING_Q8 tensor=blk.27.attn_v_b.weight source_type=12 MiB=8.5
FLOATING_Q8 tensor=blk.27.hc_attn_fn source_type=0 MiB=0.398438
FLOATING_Q8 tensor=blk.27.hc_ffn_fn source_type=0 MiB=0.398438
FLOATING_Q8 tensor=blk.28.hc_attn_fn source_type=0 MiB=0.398438
FLOATING_Q8 tensor=blk.28.hc_ffn_fn source_type=0 MiB=0.398438
FLOATING_Q8 tensor=blk.29.hc_attn_fn source_type=0 MiB=0.398438
FLOATING_Q8 tensor=blk.29.hc_ffn_fn source_type=0 MiB=0.398438
FLOATING_Q8 tensor=blk.3.attn_k_b.weight source_type=12 MiB=8.5
FLOATING_Q8 tensor=blk.3.attn_v_b.weight source_type=12 MiB=8.5
FLOATING_Q8 tensor=blk.3.hc_attn_fn source_type=0 MiB=0.398438
FLOATING_Q8 tensor=blk.3.hc_ffn_fn source_type=0 MiB=0.398438
FLOATING_Q8 tensor=blk.30.hc_attn_fn source_type=0 MiB=0.398438
FLOATING_Q8 tensor=blk.30.hc_ffn_fn source_type=0 MiB=0.398438
FLOATING_Q8 tensor=blk.31.attn_k_b.weight source_type=12 MiB=8.5
FLOATING_Q8 tensor=blk.31.attn_v_b.weight source_type=12 MiB=8.5
FLOATING_Q8 tensor=blk.31.hc_attn_fn source_type=0 MiB=0.398438
FLOATING_Q8 tensor=blk.31.hc_ffn_fn source_type=0 MiB=0.398438
FLOATING_Q8 tensor=blk.32.hc_attn_fn source_type=0 MiB=0.398438
FLOATING_Q8 tensor=blk.32.hc_ffn_fn source_type=0 MiB=0.398438
FLOATING_Q8 tensor=blk.33.hc_attn_fn source_type=0 MiB=0.398438
FLOATING_Q8 tensor=blk.33.hc_ffn_fn source_type=0 MiB=0.398438
FLOATING_Q8 tensor=blk.34.hc_attn_fn source_type=0 MiB=0.398438
FLOATING_Q8 tensor=blk.34.hc_ffn_fn source_type=0 MiB=0.398438
FLOATING_Q8 tensor=blk.35.attn_k_b.weight source_type=12 MiB=8.5
FLOATING_Q8 tensor=blk.35.attn_v_b.weight source_type=12 MiB=8.5
FLOATING_Q8 tensor=blk.35.hc_attn_fn source_type=0 MiB=0.398438
FLOATING_Q8 tensor=blk.35.hc_ffn_fn source_type=0 MiB=0.398438
FLOATING_Q8 tensor=blk.36.hc_attn_fn source_type=0 MiB=0.398438
FLOATING_Q8 tensor=blk.36.hc_ffn_fn source_type=0 MiB=0.398438
FLOATING_Q8 tensor=blk.37.hc_attn_fn source_type=0 MiB=0.398438
FLOATING_Q8 tensor=blk.37.hc_ffn_fn source_type=0 MiB=0.398438
FLOATING_Q8 tensor=blk.38.hc_attn_fn source_type=0 MiB=0.398438
FLOATING_Q8 tensor=blk.38.hc_ffn_fn source_type=0 MiB=0.398438
FLOATING_Q8 tensor=blk.39.attn_k_b.weight source_type=12 MiB=8.5
FLOATING_Q8 tensor=blk.39.attn_v_b.weight source_type=12 MiB=8.5
FLOATING_Q8 tensor=blk.39.hc_attn_fn source_type=0 MiB=0.398438
FLOATING_Q8 tensor=blk.39.hc_ffn_fn source_type=0 MiB=0.398438
FLOATING_Q8 tensor=blk.4.hc_attn_fn source_type=0 MiB=0.398438
FLOATING_Q8 tensor=blk.4.hc_ffn_fn source_type=0 MiB=0.398438
FLOATING_Q8 tensor=blk.40.hc_attn_fn source_type=0 MiB=0.398438
FLOATING_Q8 tensor=blk.40.hc_ffn_fn source_type=0 MiB=0.398438
FLOATING_Q8 tensor=blk.41.hc_attn_fn source_type=0 MiB=0.398438
FLOATING_Q8 tensor=blk.41.hc_ffn_fn source_type=0 MiB=0.398438
FLOATING_Q8 tensor=blk.42.hc_attn_fn source_type=0 MiB=0.398438
FLOATING_Q8 tensor=blk.42.hc_ffn_fn source_type=0 MiB=0.398438
FLOATING_Q8 tensor=blk.43.attn_k_b.weight source_type=12 MiB=8.5
FLOATING_Q8 tensor=blk.43.attn_v_b.weight source_type=12 MiB=8.5
FLOATING_Q8 tensor=blk.43.hc_attn_fn source_type=0 MiB=0.398438
FLOATING_Q8 tensor=blk.43.hc_ffn_fn source_type=0 MiB=0.398438
FLOATING_Q8 tensor=blk.44.hc_attn_fn source_type=0 MiB=0.398438
FLOATING_Q8 tensor=blk.44.hc_ffn_fn source_type=0 MiB=0.398438
FLOATING_Q8 tensor=blk.5.hc_attn_fn source_type=0 MiB=0.398438
FLOATING_Q8 tensor=blk.5.hc_ffn_fn source_type=0 MiB=0.398438
FLOATING_Q8 tensor=blk.6.hc_attn_fn source_type=0 MiB=0.398438
FLOATING_Q8 tensor=blk.6.hc_ffn_fn source_type=0 MiB=0.398438
FLOATING_Q8 tensor=blk.7.attn_k_b.weight source_type=12 MiB=8.5
FLOATING_Q8 tensor=blk.7.attn_v_b.weight source_type=12 MiB=8.5
FLOATING_Q8 tensor=blk.7.hc_attn_fn source_type=0 MiB=0.398438
FLOATING_Q8 tensor=blk.7.hc_ffn_fn source_type=0 MiB=0.398438
FLOATING_Q8 tensor=blk.8.hc_attn_fn source_type=0 MiB=0.398438
FLOATING_Q8 tensor=blk.8.hc_ffn_fn source_type=0 MiB=0.398438
FLOATING_Q8 tensor=blk.9.hc_attn_fn source_type=0 MiB=0.398438
FLOATING_Q8 tensor=blk.9.hc_ffn_fn source_type=0 MiB=0.398438
GPU prefill chunk=2048 staging_workers=4 numa_cpus=0,1,2,3
GPU allocated_MiB=7154.73 reserved_runtime_MiB=1024 budget_MiB=15360
GPU_DENSE_HOST_RELEASE phase=main tensors=1256 source_MiB_advised=5040.35 ms=164.561
TIER_DIRECT registered_MiB=52542 ranges=126 ms=38926.4
PREFILL_PARTITION primary_groups=9 secondary_groups=0
PREFILL_CACHE device=0 budget_MiB=0 reserve_MiB=768
PREFILL_CACHE_PLAN device=0 base_groups=0 unused_MiB=0
MAPPED_EXPERTS numa_rows=0 lazy=1 bytes=55094280192
PREFILL trial=0 tokens=2048 batch=2048 ms=21004.3 tok_s=97.5038
FAULTS trial=0 major=882 minor=342723
HOST_RSS peak_MiB=54166.8
CPU_EXPERT gu_ms=0 quant_ms=0 down_ms=0 layer_flow_ms=0 bytes=0
GPU peak_allocated_MiB=7154.73 native_expert_bytes=55101150720 expert_groups=378 staging_ms=4332.26
PREFILL_SCRATCH device=0 peak_MiB=696.564 capacity_MiB=1024
GPU_LIVE device=0 dense_MiB=5029.21 other_MiB=294.414 prefill_MiB=1592 state_MiB=239.105
GPU_DEVICE device=0 peak_allocated_MiB=7154.73 live_MiB=7154.73 native_expert_bytes=55101150720 staging_ms=4332.26 cache_hits=0 cache_hit_bytes=0 cuda_used_MiB=8036 free_MiB=8268
MAPPED_EXPERTS numa_rows=0 lazy=1 bytes=55094280192
PREFILL_WORK device=0 transferred_bytes=55101150720 staging_ms=4332.26 actual_rows=0 padded_rows=0 dequant_values=0
DECODE_RUNTIME override_reserve_MiB=512
DECODE_CACHE prefix_trained=1 slots=906 MiB=7870.88 fingerprint=2780373492086969970
RESPONSE_PREPARE kind=decode_cache ms=1331.38
RESPONSE_PREPARE kind=cpu ms=0.001693
DECODE_TRIAL index=0
DECODE_STEP index=1 ms=80.9023
DECODE_STEP index=2 ms=42.528
DECODE_STEP index=3 ms=53.058
DECODE_STEP index=4 ms=49.075
DECODE_STEP index=5 ms=55.8494
DECODE_STEP index=6 ms=45.6844
DECODE_STEP index=7 ms=49.1586
DECODE_STEP index=8 ms=45.882
DECODE_STEP index=9 ms=48.2331
DECODE_STEP index=10 ms=50.1682
DECODE_STEP index=11 ms=51.8551
DECODE_STEP index=12 ms=49.7335
DECODE_STEP index=13 ms=55.233
DECODE_STEP index=14 ms=47.6962
DECODE_STEP index=15 ms=58.8195
DECODE_STEP index=16 ms=56.478
DECODE_STEP index=17 ms=48.5983
DECODE_STEP index=18 ms=45.939
DECODE_STEP index=19 ms=55.0359
DECODE_STEP index=20 ms=42.5471
DECODE_STEP index=21 ms=48.2637
DECODE_STEP index=22 ms=46.6762
DECODE_STEP index=23 ms=52.0767
DECODE_STEP index=24 ms=43.5484
DECODE_STEP index=25 ms=46.244
DECODE_STEP index=26 ms=43.8202
DECODE_STEP index=27 ms=50.4911
DECODE_STEP index=28 ms=53.6611
DECODE_STEP index=29 ms=53.864
DECODE_STEP index=30 ms=52.2462
DECODE_STEP index=31 ms=51.7044
DECODE_STEP index=32 ms=43.7345
DECODE_STEP index=33 ms=43.8821
DECODE_STEP index=34 ms=52.1429
DECODE_STEP index=35 ms=53.4979
DECODE_STEP index=36 ms=52.2274
DECODE_STEP index=37 ms=47.1474
DECODE_STEP index=38 ms=47.4891
DECODE_STEP index=39 ms=46.2814
DECODE_STEP index=40 ms=44.4322
DECODE_STEP index=41 ms=44.0998
DECODE_STEP index=42 ms=49.7806
DECODE_STEP index=43 ms=100.811
DECODE_STEP index=44 ms=45.5409
DECODE_STEP index=45 ms=45.5311
DECODE_STEP index=46 ms=46.6223
DECODE_STEP index=47 ms=46.8614
DECODE_STEP index=48 ms=45.9643
DECODE_STEP index=49 ms=46.021
DECODE_STEP index=50 ms=44.6536
DECODE_STEP index=51 ms=53.2418
DECODE_STEP index=52 ms=42.9138
DECODE_STEP index=53 ms=43.3702
DECODE_STEP index=54 ms=47.8648
DECODE_STEP index=55 ms=42.3295
DECODE_STEP index=56 ms=48.2959
DECODE_STEP index=57 ms=47.2412
DECODE_STEP index=58 ms=48.3304
DECODE_STEP index=59 ms=46.2336
DECODE_STEP index=60 ms=49.6508
DECODE_STEP index=61 ms=49.491
DECODE_STEP index=62 ms=46.695
DECODE_STEP index=63 ms=50.5172
DECODE_STEP index=64 ms=45.1057
DECODE_STEP index=65 ms=44.0117
DECODE_STEP index=66 ms=44.0852
DECODE_STEP index=67 ms=45.0051
DECODE_STEP index=68 ms=43.3015
DECODE_STEP index=69 ms=44.1926
DECODE_STEP index=70 ms=41.8877
DECODE_STEP index=71 ms=52.2724
DECODE_STEP index=72 ms=47.8729
DECODE_STEP index=73 ms=52.3934
DECODE_STEP index=74 ms=45.6395
DECODE_STEP index=75 ms=45.9735
DECODE_STEP index=76 ms=44.2261
DECODE_STEP index=77 ms=45.3205
DECODE_STEP index=78 ms=42.4122
DECODE_STEP index=79 ms=50.9978
DECODE_STEP index=80 ms=46.4472
DECODE_STEP index=81 ms=48.0323
DECODE_STEP index=82 ms=46.8703
DECODE_STEP index=83 ms=43.1694
DECODE_STEP index=84 ms=49.3367
DECODE_STEP index=85 ms=48.0755
DECODE_STEP index=86 ms=48.8897
DECODE_STEP index=87 ms=43.128
DECODE_STEP index=88 ms=46.0034
DECODE_STEP index=89 ms=45.2018
DECODE_STEP index=90 ms=42.6711
DECODE_STEP index=91 ms=47.436
DECODE_STEP index=92 ms=44.9489
DECODE_STEP index=93 ms=44.4615
DECODE_STEP index=94 ms=46.1775
DECODE_STEP index=95 ms=47.5697
DECODE_STEP index=96 ms=48.1156
DECODE_STEP index=97 ms=47.1293
DECODE_STEP index=98 ms=46.9792
DECODE_STEP index=99 ms=44.1155
DECODE_STEP index=100 ms=46.3988
DECODE_STEP index=101 ms=44.1878
DECODE_STEP index=102 ms=44.3868
DECODE_STEP index=103 ms=45.1935
DECODE_STEP index=104 ms=46.8991
DECODE_STEP index=105 ms=48.4105
DECODE_STEP index=106 ms=49.0295
DECODE_STEP index=107 ms=45.5356
DECODE_STEP index=108 ms=53.4034
DECODE_STEP index=109 ms=57.1703
DECODE_STEP index=110 ms=51.0841
DECODE_STEP index=111 ms=48.6632
DECODE_STEP index=112 ms=50.7653
DECODE_STEP index=113 ms=51.4274
DECODE_STEP index=114 ms=46.5564
DECODE_STEP index=115 ms=48.8462
DECODE_STEP index=116 ms=50.6153
DECODE_STEP index=117 ms=47.3526
DECODE_STEP index=118 ms=46.965
DECODE_STEP index=119 ms=56.2831
DECODE_STEP index=120 ms=46.7476
DECODE_STEP index=121 ms=48.345
DECODE_STEP index=122 ms=49.433
DECODE_STEP index=123 ms=49.1028
DECODE_STEP index=124 ms=45.4747
DECODE_STEP index=125 ms=45.6317
DECODE_STEP index=126 ms=48.2099
DECODE_STEP index=127 ms=43.2048
DECODE steps=127 ms=6171.04 tok_s=20.58
HOST_RSS peak_MiB=54166.8
CPU_EXPERT gu_ms=0 quant_ms=0 down_ms=0 layer_flow_ms=3558.65 bytes=74324443136
STEP_TRACE steps=127 moe_layers=5334 pipelined=1 head_ms=281.558 cpu_ms=3760.79 between_ms=1900.12 tail_ms=196.762 tail_sync_ms=114.244 tail_plan_ms=32.485 tail_copy_ms=46.1011 enqueue_ms=437.985 tier_swaps=239 split_windows=0 per_step_ms=48.3404
GPU peak_allocated_MiB=13249.4 native_expert_bytes=0 expert_groups=0 staging_ms=0
PREFILL_SCRATCH device=0 peak_MiB=5.07129 capacity_MiB=32
GPU_LIVE device=0 dense_MiB=5029.21 other_MiB=7946.13 prefill_MiB=32 resident_exec_MiB=2.94288 state_MiB=239.105
GPU_DEVICE device=0 peak_allocated_MiB=13249.4 live_MiB=13249.4 native_expert_bytes=0 staging_ms=0 cache_hits=0 cache_hit_bytes=0 cuda_used_MiB=15300 free_MiB=1004
resident expert entries=34513/42672
Finished with result: success
Main processes terminated with: code=exited/status=0
Service runtime: 1min 20.149s
CPU time consumed: 2min 31.478s
Memory peak: 256.0K
Memory swap peak: 0B
