25
1874
9
102636
488
2699
2878
1874
13
1874
9
102636
10
4489
624
2575
5515
11165
25
1874
9
102636
488
2699
2878
1874
13
220
1913
14330
11
14386
13931
28261
624
2575
8426
82
825
20455
17629
369
279
1618
594
8089
26
5515
13931
12519
25
1874
9
2649
13480
486
1313
2368
528
368
608
220
23
353
220
102636
488
2699
2878
1874
198
2575
8426
82
825
20455
17629
40410
14
23552
369
279
1618
594
6042
25
1874
9
2649
13480
486
1313
2368
9994
368
608
220
23
353
220
102636
488
32013
12239
20317
10517
64
58
15
936
454
284
32013
12239
20317
10517
64
58
15
936
454
488
32013
12239
48
486
651
1710
