Running as unit: strata-st-norm-fit4-405291.service; invocation ID: edfcea219b6d43f3b1542f373e0fd1b5
STAGING compact=1 slot_MiB=140
FLOATING_Q8 tensor=blk.0.hc_attn_fn source_type=0 MiB=0.398438
FLOATING_Q8 tensor=blk.0.hc_ffn_fn source_type=0 MiB=0.398438
FLOATING_Q8 tensor=blk.1.hc_attn_fn source_type=0 MiB=0.398438
FLOATING_Q8 tensor=blk.1.hc_ffn_fn source_type=0 MiB=0.398438
FLOATING_Q8 tensor=blk.10.hc_attn_fn source_type=0 MiB=0.398438
FLOATING_Q8 tensor=blk.10.hc_ffn_fn source_type=0 MiB=0.398438
FLOATING_Q8 tensor=blk.11.attn_k_b.weight source_type=12 MiB=8.5
FLOATING_Q8 tensor=blk.11.attn_v_b.weight source_type=12 MiB=8.5
FLOATING_Q8 tensor=blk.11.hc_attn_fn source_type=0 MiB=0.398438
FLOATING_Q8 tensor=blk.11.hc_ffn_fn source_type=0 MiB=0.398438
FLOATING_Q8 tensor=blk.12.hc_attn_fn source_type=0 MiB=0.398438
FLOATING_Q8 tensor=blk.12.hc_ffn_fn source_type=0 MiB=0.398438
FLOATING_Q8 tensor=blk.13.hc_attn_fn source_type=0 MiB=0.398438
FLOATING_Q8 tensor=blk.13.hc_ffn_fn source_type=0 MiB=0.398438
FLOATING_Q8 tensor=blk.14.hc_attn_fn source_type=0 MiB=0.398438
FLOATING_Q8 tensor=blk.14.hc_ffn_fn source_type=0 MiB=0.398438
FLOATING_Q8 tensor=blk.15.attn_k_b.weight source_type=12 MiB=8.5
FLOATING_Q8 tensor=blk.15.attn_v_b.weight source_type=12 MiB=8.5
FLOATING_Q8 tensor=blk.15.hc_attn_fn source_type=0 MiB=0.398438
FLOATING_Q8 tensor=blk.15.hc_ffn_fn source_type=0 MiB=0.398438
FLOATING_Q8 tensor=blk.16.hc_attn_fn source_type=0 MiB=0.398438
FLOATING_Q8 tensor=blk.16.hc_ffn_fn source_type=0 MiB=0.398438
FLOATING_Q8 tensor=blk.17.hc_attn_fn source_type=0 MiB=0.398438
FLOATING_Q8 tensor=blk.17.hc_ffn_fn source_type=0 MiB=0.398438
FLOATING_Q8 tensor=blk.18.hc_attn_fn source_type=0 MiB=0.398438
FLOATING_Q8 tensor=blk.18.hc_ffn_fn source_type=0 MiB=0.398438
FLOATING_Q8 tensor=blk.19.attn_k_b.weight source_type=12 MiB=8.5
FLOATING_Q8 tensor=blk.19.attn_v_b.weight source_type=12 MiB=8.5
FLOATING_Q8 tensor=blk.19.hc_attn_fn source_type=0 MiB=0.398438
FLOATING_Q8 tensor=blk.19.hc_ffn_fn source_type=0 MiB=0.398438
FLOATING_Q8 tensor=blk.2.hc_attn_fn source_type=0 MiB=0.398438
FLOATING_Q8 tensor=blk.2.hc_ffn_fn source_type=0 MiB=0.398438
FLOATING_Q8 tensor=blk.20.hc_attn_fn source_type=0 MiB=0.398438
FLOATING_Q8 tensor=blk.20.hc_ffn_fn source_type=0 MiB=0.398438
FLOATING_Q8 tensor=blk.21.hc_attn_fn source_type=0 MiB=0.398438
FLOATING_Q8 tensor=blk.21.hc_ffn_fn source_type=0 MiB=0.398438
FLOATING_Q8 tensor=blk.22.hc_attn_fn source_type=0 MiB=0.398438
FLOATING_Q8 tensor=blk.22.hc_ffn_fn source_type=0 MiB=0.398438
FLOATING_Q8 tensor=blk.23.attn_k_b.weight source_type=12 MiB=8.5
FLOATING_Q8 tensor=blk.23.attn_v_b.weight source_type=12 MiB=8.5
FLOATING_Q8 tensor=blk.23.hc_attn_fn source_type=0 MiB=0.398438
FLOATING_Q8 tensor=blk.23.hc_ffn_fn source_type=0 MiB=0.398438
FLOATING_Q8 tensor=blk.24.hc_attn_fn source_type=0 MiB=0.398438
FLOATING_Q8 tensor=blk.24.hc_ffn_fn source_type=0 MiB=0.398438
FLOATING_Q8 tensor=blk.25.hc_attn_fn source_type=0 MiB=0.398438
FLOATING_Q8 tensor=blk.25.hc_ffn_fn source_type=0 MiB=0.398438
FLOATING_Q8 tensor=blk.26.hc_attn_fn source_type=0 MiB=0.398438
FLOATING_Q8 tensor=blk.26.hc_ffn_fn source_type=0 MiB=0.398438
FLOATING_Q8 tensor=blk.27.attn_k_b.weight source_type=12 MiB=8.5
FLOATING_Q8 tensor=blk.27.attn_v_b.weight source_type=12 MiB=8.5
FLOATING_Q8 tensor=blk.27.hc_attn_fn source_type=0 MiB=0.398438
FLOATING_Q8 tensor=blk.27.hc_ffn_fn source_type=0 MiB=0.398438
FLOATING_Q8 tensor=blk.28.hc_attn_fn source_type=0 MiB=0.398438
FLOATING_Q8 tensor=blk.28.hc_ffn_fn source_type=0 MiB=0.398438
FLOATING_Q8 tensor=blk.29.hc_attn_fn source_type=0 MiB=0.398438
FLOATING_Q8 tensor=blk.29.hc_ffn_fn source_type=0 MiB=0.398438
FLOATING_Q8 tensor=blk.3.attn_k_b.weight source_type=12 MiB=8.5
FLOATING_Q8 tensor=blk.3.attn_v_b.weight source_type=12 MiB=8.5
FLOATING_Q8 tensor=blk.3.hc_attn_fn source_type=0 MiB=0.398438
FLOATING_Q8 tensor=blk.3.hc_ffn_fn source_type=0 MiB=0.398438
FLOATING_Q8 tensor=blk.30.hc_attn_fn source_type=0 MiB=0.398438
FLOATING_Q8 tensor=blk.30.hc_ffn_fn source_type=0 MiB=0.398438
FLOATING_Q8 tensor=blk.31.attn_k_b.weight source_type=12 MiB=8.5
FLOATING_Q8 tensor=blk.31.attn_v_b.weight source_type=12 MiB=8.5
FLOATING_Q8 tensor=blk.31.hc_attn_fn source_type=0 MiB=0.398438
FLOATING_Q8 tensor=blk.31.hc_ffn_fn source_type=0 MiB=0.398438
FLOATING_Q8 tensor=blk.32.hc_attn_fn source_type=0 MiB=0.398438
FLOATING_Q8 tensor=blk.32.hc_ffn_fn source_type=0 MiB=0.398438
FLOATING_Q8 tensor=blk.33.hc_attn_fn source_type=0 MiB=0.398438
FLOATING_Q8 tensor=blk.33.hc_ffn_fn source_type=0 MiB=0.398438
FLOATING_Q8 tensor=blk.34.hc_attn_fn source_type=0 MiB=0.398438
FLOATING_Q8 tensor=blk.34.hc_ffn_fn source_type=0 MiB=0.398438
FLOATING_Q8 tensor=blk.35.attn_k_b.weight source_type=12 MiB=8.5
FLOATING_Q8 tensor=blk.35.attn_v_b.weight source_type=12 MiB=8.5
FLOATING_Q8 tensor=blk.35.hc_attn_fn source_type=0 MiB=0.398438
FLOATING_Q8 tensor=blk.35.hc_ffn_fn source_type=0 MiB=0.398438
FLOATING_Q8 tensor=blk.36.hc_attn_fn source_type=0 MiB=0.398438
FLOATING_Q8 tensor=blk.36.hc_ffn_fn source_type=0 MiB=0.398438
FLOATING_Q8 tensor=blk.37.hc_attn_fn source_type=0 MiB=0.398438
FLOATING_Q8 tensor=blk.37.hc_ffn_fn source_type=0 MiB=0.398438
FLOATING_Q8 tensor=blk.38.hc_attn_fn source_type=0 MiB=0.398438
FLOATING_Q8 tensor=blk.38.hc_ffn_fn source_type=0 MiB=0.398438
FLOATING_Q8 tensor=blk.39.attn_k_b.weight source_type=12 MiB=8.5
FLOATING_Q8 tensor=blk.39.attn_v_b.weight source_type=12 MiB=8.5
FLOATING_Q8 tensor=blk.39.hc_attn_fn source_type=0 MiB=0.398438
FLOATING_Q8 tensor=blk.39.hc_ffn_fn source_type=0 MiB=0.398438
FLOATING_Q8 tensor=blk.4.hc_attn_fn source_type=0 MiB=0.398438
FLOATING_Q8 tensor=blk.4.hc_ffn_fn source_type=0 MiB=0.398438
FLOATING_Q8 tensor=blk.40.hc_attn_fn source_type=0 MiB=0.398438
FLOATING_Q8 tensor=blk.40.hc_ffn_fn source_type=0 MiB=0.398438
FLOATING_Q8 tensor=blk.41.hc_attn_fn source_type=0 MiB=0.398438
FLOATING_Q8 tensor=blk.41.hc_ffn_fn source_type=0 MiB=0.398438
FLOATING_Q8 tensor=blk.42.hc_attn_fn source_type=0 MiB=0.398438
FLOATING_Q8 tensor=blk.42.hc_ffn_fn source_type=0 MiB=0.398438
FLOATING_Q8 tensor=blk.43.attn_k_b.weight source_type=12 MiB=8.5
FLOATING_Q8 tensor=blk.43.attn_v_b.weight source_type=12 MiB=8.5
FLOATING_Q8 tensor=blk.43.hc_attn_fn source_type=0 MiB=0.398438
FLOATING_Q8 tensor=blk.43.hc_ffn_fn source_type=0 MiB=0.398438
FLOATING_Q8 tensor=blk.44.hc_attn_fn source_type=0 MiB=0.398438
FLOATING_Q8 tensor=blk.44.hc_ffn_fn source_type=0 MiB=0.398438
FLOATING_Q8 tensor=blk.5.hc_attn_fn source_type=0 MiB=0.398438
FLOATING_Q8 tensor=blk.5.hc_ffn_fn source_type=0 MiB=0.398438
FLOATING_Q8 tensor=blk.6.hc_attn_fn source_type=0 MiB=0.398438
FLOATING_Q8 tensor=blk.6.hc_ffn_fn source_type=0 MiB=0.398438
FLOATING_Q8 tensor=blk.7.attn_k_b.weight source_type=12 MiB=8.5
FLOATING_Q8 tensor=blk.7.attn_v_b.weight source_type=12 MiB=8.5
FLOATING_Q8 tensor=blk.7.hc_attn_fn source_type=0 MiB=0.398438
FLOATING_Q8 tensor=blk.7.hc_ffn_fn source_type=0 MiB=0.398438
FLOATING_Q8 tensor=blk.8.hc_attn_fn source_type=0 MiB=0.398438
FLOATING_Q8 tensor=blk.8.hc_ffn_fn source_type=0 MiB=0.398438
FLOATING_Q8 tensor=blk.9.hc_attn_fn source_type=0 MiB=0.398438
FLOATING_Q8 tensor=blk.9.hc_ffn_fn source_type=0 MiB=0.398438
GPU prefill chunk=2048 staging_workers=4 numa_cpus=0,1,2,3
GPU allocated_MiB=7154.73 reserved_runtime_MiB=1024 budget_MiB=15360
GPU_DENSE_HOST_RELEASE phase=main tensors=1256 source_MiB_advised=5040.35 ms=127.218
TIER_DIRECT registered_MiB=52542 ranges=126 ms=14537.1
PREFILL_PARTITION primary_groups=9 secondary_groups=0
PREFILL_CACHE device=0 budget_MiB=0 reserve_MiB=768
PREFILL_CACHE_PLAN device=0 base_groups=0 unused_MiB=0
MAPPED_EXPERTS numa_rows=0 lazy=1 bytes=55094280192
PREFILL trial=0 tokens=2048 batch=2048 ms=19851.3 tok_s=103.167
FAULTS trial=0 major=672 minor=343020
HOST_RSS peak_MiB=54258.4
CPU_EXPERT gu_ms=0 quant_ms=0 down_ms=0 layer_flow_ms=0 bytes=0
GPU peak_allocated_MiB=7154.73 native_expert_bytes=55101150720 expert_groups=378 staging_ms=4337.4
PREFILL_SCRATCH device=0 peak_MiB=696.564 capacity_MiB=1024
GPU_LIVE device=0 dense_MiB=5029.21 other_MiB=294.414 prefill_MiB=1592 state_MiB=239.105
GPU_DEVICE device=0 peak_allocated_MiB=7154.73 live_MiB=7154.73 native_expert_bytes=55101150720 staging_ms=4337.4 cache_hits=0 cache_hit_bytes=0 cuda_used_MiB=8036 free_MiB=8268
MAPPED_EXPERTS numa_rows=0 lazy=1 bytes=55094280192
PREFILL_WORK device=0 transferred_bytes=55101150720 staging_ms=4337.4 actual_rows=0 padded_rows=0 dequant_values=0
DECODE_RUNTIME override_reserve_MiB=512
DECODE_CACHE prefix_trained=1 slots=906 MiB=7870.88 fingerprint=2780373492086969970
RESPONSE_PREPARE kind=decode_cache ms=1231.04
RESPONSE_PREPARE kind=cpu ms=0.001423
DECODE_TRIAL index=0
DECODE_STEP index=1 ms=44.8977
DECODE_STEP index=2 ms=29.1321
DECODE_STEP index=3 ms=32.9517
DECODE_STEP index=4 ms=32.387
DECODE_STEP index=5 ms=36.4921
DECODE_STEP index=6 ms=29.5324
DECODE_STEP index=7 ms=31.9416
DECODE_STEP index=8 ms=30.6428
DECODE_STEP index=9 ms=33.5697
DECODE_STEP index=10 ms=31.2142
DECODE_STEP index=11 ms=33.4684
DECODE_STEP index=12 ms=34.7651
DECODE_STEP index=13 ms=32.5855
DECODE_STEP index=14 ms=34.9452
DECODE_STEP index=15 ms=30.3184
DECODE_STEP index=16 ms=32.402
DECODE_STEP index=17 ms=29.6629
DECODE_STEP index=18 ms=36.6719
DECODE_STEP index=19 ms=34.585
DECODE_STEP index=20 ms=34.3839
DECODE_STEP index=21 ms=31.4345
DECODE_STEP index=22 ms=32.7702
DECODE_STEP index=23 ms=29.1796
DECODE_STEP index=24 ms=35.7059
DECODE_STEP index=25 ms=28.683
DECODE_STEP index=26 ms=29.7329
DECODE_STEP index=27 ms=30.6926
DECODE_STEP index=28 ms=30.8377
DECODE_STEP index=29 ms=35.5509
DECODE_STEP index=30 ms=29.5505
DECODE_STEP index=31 ms=31.8734
DECODE_STEP index=32 ms=36.6223
DECODE_STEP index=33 ms=31.2219
DECODE_STEP index=34 ms=30.7069
DECODE_STEP index=35 ms=33.6914
DECODE_STEP index=36 ms=32.6143
DECODE_STEP index=37 ms=33.3383
DECODE_STEP index=38 ms=29.2297
DECODE_STEP index=39 ms=31.6738
DECODE_STEP index=40 ms=30.3402
DECODE_STEP index=41 ms=31.3288
DECODE_STEP index=42 ms=32.1175
DECODE_STEP index=43 ms=30.5157
DECODE_STEP index=44 ms=30.4982
DECODE_STEP index=45 ms=32.8391
DECODE_STEP index=46 ms=31.6322
DECODE_STEP index=47 ms=30.9902
DECODE_STEP index=48 ms=30.9951
DECODE_STEP index=49 ms=30.2195
DECODE_STEP index=50 ms=30.2564
DECODE_STEP index=51 ms=30.5328
DECODE_STEP index=52 ms=31.7754
DECODE_STEP index=53 ms=29.5842
DECODE_STEP index=54 ms=30.5673
DECODE_STEP index=55 ms=32.7221
DECODE_STEP index=56 ms=29.6691
DECODE_STEP index=57 ms=30.8566
DECODE_STEP index=58 ms=33.7896
DECODE_STEP index=59 ms=29.4907
DECODE_STEP index=60 ms=29.644
DECODE_STEP index=61 ms=29.9178
DECODE_STEP index=62 ms=30.2297
DECODE_STEP index=63 ms=31.9104
DECODE_STEP index=64 ms=28.7717
DECODE_STEP index=65 ms=30.2187
DECODE_STEP index=66 ms=34.9169
DECODE_STEP index=67 ms=33.1584
DECODE_STEP index=68 ms=35.9625
DECODE_STEP index=69 ms=33.2068
DECODE_STEP index=70 ms=35.4012
DECODE_STEP index=71 ms=33.8484
DECODE_STEP index=72 ms=28.8391
DECODE_STEP index=73 ms=29.6072
DECODE_STEP index=74 ms=33.3459
DECODE_STEP index=75 ms=30.6562
DECODE_STEP index=76 ms=34.202
DECODE_STEP index=77 ms=31.2657
DECODE_STEP index=78 ms=34.2758
DECODE_STEP index=79 ms=32.4965
DECODE_STEP index=80 ms=30.26
DECODE_STEP index=81 ms=30.6605
DECODE_STEP index=82 ms=34.789
DECODE_STEP index=83 ms=34.4126
DECODE_STEP index=84 ms=32.1623
DECODE_STEP index=85 ms=30.9822
DECODE_STEP index=86 ms=30.7409
DECODE_STEP index=87 ms=33.6652
DECODE_STEP index=88 ms=29.5779
DECODE_STEP index=89 ms=30.6514
DECODE_STEP index=90 ms=32.3634
DECODE_STEP index=91 ms=29.0136
DECODE_STEP index=92 ms=29.3347
DECODE_STEP index=93 ms=28.7943
DECODE_STEP index=94 ms=30.2504
DECODE_STEP index=95 ms=31.3857
DECODE_STEP index=96 ms=29.5273
DECODE_STEP index=97 ms=29.7828
DECODE_STEP index=98 ms=33.9252
DECODE_STEP index=99 ms=30.9524
DECODE_STEP index=100 ms=32.842
DECODE_STEP index=101 ms=30.6873
DECODE_STEP index=102 ms=30.0149
DECODE_STEP index=103 ms=31.7717
DECODE_STEP index=104 ms=30.5335
DECODE_STEP index=105 ms=29.3977
DECODE_STEP index=106 ms=32.7852
DECODE_STEP index=107 ms=32.8984
DECODE_STEP index=108 ms=31.7221
DECODE_STEP index=109 ms=30.8121
DECODE_STEP index=110 ms=29.2408
DECODE_STEP index=111 ms=31.024
DECODE_STEP index=112 ms=30.6537
DECODE_STEP index=113 ms=34.1349
DECODE_STEP index=114 ms=32.8442
DECODE_STEP index=115 ms=32.2813
DECODE_STEP index=116 ms=33.6714
DECODE_STEP index=117 ms=31.4925
DECODE_STEP index=118 ms=32.2408
DECODE_STEP index=119 ms=30.4257
DECODE_STEP index=120 ms=30.2688
DECODE_STEP index=121 ms=31.1371
DECODE_STEP index=122 ms=31.9748
DECODE_STEP index=123 ms=29.8752
DECODE_STEP index=124 ms=30.7061
DECODE_STEP index=125 ms=31.0012
DECODE_STEP index=126 ms=31.2132
DECODE_STEP index=127 ms=29.7787
DECODE steps=127 ms=4052.07 tok_s=31.342
HOST_RSS peak_MiB=54258.4
CPU_EXPERT gu_ms=0 quant_ms=0 down_ms=0 layer_flow_ms=1690.57 bytes=46640660480
STEP_TRACE steps=127 moe_layers=5334 pipelined=1 head_ms=272.824 cpu_ms=1764.81 between_ms=1779.32 tail_ms=205.42 tail_sync_ms=123.627 tail_plan_ms=38.7351 tail_copy_ms=39.383 enqueue_ms=451.246 tier_swaps=198 split_windows=0 per_step_ms=31.6723
GPU peak_allocated_MiB=13249.4 native_expert_bytes=0 expert_groups=0 staging_ms=0
PREFILL_SCRATCH device=0 peak_MiB=5.07129 capacity_MiB=32
GPU_LIVE device=0 dense_MiB=5029.21 other_MiB=7946.13 prefill_MiB=32 resident_exec_MiB=2.94288 state_MiB=239.105
GPU_DEVICE device=0 peak_allocated_MiB=13249.4 live_MiB=13249.4 native_expert_bytes=0 staging_ms=0 cache_hits=0 cache_hit_bytes=0 cuda_used_MiB=15300 free_MiB=1004
resident expert entries=37552/42672
Finished with result: success
Main processes terminated with: code=exited/status=0
Service runtime: 49.464s
CPU time consumed: 1min 55.958s
Memory peak: 512.0K
Memory swap peak: 0B
