25
1874
9
102636
488
17629
3419
4351
624
4074
9
102636
488
17629
3419
4351
13
220
8426
82
825
20455
17629
369
279
19827
26
5515
13931
12519
25
1874
9
102636
488
49148
198
4074
9
102636
488
11165
25
1874
9
102636
488
13665
3419
4351
508
15
496
103302
60
1874
9
7364
198
4074
9
102636
488
13665
3419
4351
508
15
496
6927
198
4074
9
7364
198
4074
9
102636
488
13665
3419
5085
198
4074
9
102636
488
13665
3419
5085
198
4074
9
102636
488
32013
198
4074
9
8333
51
6783
198
4074
9
102636
488
13665
3419
5085
198
4074
9
102636
488
13665
3419
5085
198
4074
9809
198
4074
9
102636
488
451
13407
