25
1874
9
102636
10
15770
3419
4351
11165
11
1874
9
102636
10
102636
198
2575
320
4074
9
102636
10
102636
8
284
1874
9
102636
10
102636
284
1874
9
5515
13931
2573
6589
374
11165
1874
9
102636
10
102636
284
1874
9
102636
10
49148
198
2575
3980
25
1874
9
102636
36400
2878
264
5515
13931
2573
1874
315
220
98886
19781
36400
304
264
1874
315
220
49148
198
49148
198
2575
8426
82
825
20455
17629
369
1045
19827
26
5515
13931
2573
6589
25
1874
9
102636
10
15770
3419
4351
284
1874
9
102636
10
102636
198
2575
6042
25
1874
9
5834
82
264
79450
13931
2573
6589
369
279
19827
11
1576
2588
50122
374
79450
