Running as unit: strata-st-norm-q3fit4-405606.service; invocation ID: 965766e2e57c4c61be192e63ee399c52
STAGING compact=1 slot_MiB=140
FLOATING_Q8 tensor=blk.0.hc_attn_fn source_type=0 MiB=0.398438
FLOATING_Q8 tensor=blk.0.hc_ffn_fn source_type=0 MiB=0.398438
FLOATING_Q8 tensor=blk.1.hc_attn_fn source_type=0 MiB=0.398438
FLOATING_Q8 tensor=blk.1.hc_ffn_fn source_type=0 MiB=0.398438
DENSE_Q3 tensor=blk.10.attn_k.weight source_type=12 MiB=13.75
DENSE_Q3 tensor=blk.10.attn_output.weight source_type=12 MiB=13.75
DENSE_Q3 tensor=blk.10.attn_q.weight source_type=12 MiB=13.75
DENSE_Q3 tensor=blk.10.attn_v.weight source_type=12 MiB=13.75
FLOATING_Q8 tensor=blk.10.hc_attn_fn source_type=0 MiB=0.398438
FLOATING_Q8 tensor=blk.10.hc_ffn_fn source_type=0 MiB=0.398438
FLOATING_Q8 tensor=blk.11.attn_k_b.weight source_type=12 MiB=8.5
DENSE_Q3 tensor=blk.11.attn_output.weight source_type=12 MiB=27.5
DENSE_Q3 tensor=blk.11.attn_q_a.weight source_type=12 MiB=2.57812
DENSE_Q3 tensor=blk.11.attn_q_b.weight source_type=12 MiB=10.3125
FLOATING_Q8 tensor=blk.11.attn_v_b.weight source_type=12 MiB=8.5
FLOATING_Q8 tensor=blk.11.hc_attn_fn source_type=0 MiB=0.398438
FLOATING_Q8 tensor=blk.11.hc_ffn_fn source_type=0 MiB=0.398438
DENSE_Q3 tensor=blk.11.indexer.attn_q_b.weight source_type=12 MiB=2.57812
DENSE_Q3 tensor=blk.12.attn_k.weight source_type=12 MiB=13.75
DENSE_Q3 tensor=blk.12.attn_output.weight source_type=12 MiB=13.75
DENSE_Q3 tensor=blk.12.attn_q.weight source_type=12 MiB=13.75
DENSE_Q3 tensor=blk.12.attn_v.weight source_type=14 MiB=13.75
FLOATING_Q8 tensor=blk.12.hc_attn_fn source_type=0 MiB=0.398438
FLOATING_Q8 tensor=blk.12.hc_ffn_fn source_type=0 MiB=0.398438
DENSE_Q3 tensor=blk.13.attn_k.weight source_type=12 MiB=13.75
DENSE_Q3 tensor=blk.13.attn_output.weight source_type=12 MiB=13.75
DENSE_Q3 tensor=blk.13.attn_q.weight source_type=12 MiB=13.75
DENSE_Q3 tensor=blk.13.attn_v.weight source_type=12 MiB=13.75
FLOATING_Q8 tensor=blk.13.hc_attn_fn source_type=0 MiB=0.398438
FLOATING_Q8 tensor=blk.13.hc_ffn_fn source_type=0 MiB=0.398438
DENSE_Q3 tensor=blk.14.attn_k.weight source_type=12 MiB=13.75
DENSE_Q3 tensor=blk.14.attn_output.weight source_type=12 MiB=13.75
DENSE_Q3 tensor=blk.14.attn_q.weight source_type=12 MiB=13.75
DENSE_Q3 tensor=blk.14.attn_v.weight source_type=12 MiB=13.75
FLOATING_Q8 tensor=blk.14.hc_attn_fn source_type=0 MiB=0.398438
FLOATING_Q8 tensor=blk.14.hc_ffn_fn source_type=0 MiB=0.398438
FLOATING_Q8 tensor=blk.15.attn_k_b.weight source_type=12 MiB=8.5
DENSE_Q3 tensor=blk.15.attn_output.weight source_type=12 MiB=27.5
DENSE_Q3 tensor=blk.15.attn_q_a.weight source_type=12 MiB=2.57812
DENSE_Q3 tensor=blk.15.attn_q_b.weight source_type=12 MiB=10.3125
FLOATING_Q8 tensor=blk.15.attn_v_b.weight source_type=12 MiB=8.5
FLOATING_Q8 tensor=blk.15.hc_attn_fn source_type=0 MiB=0.398438
FLOATING_Q8 tensor=blk.15.hc_ffn_fn source_type=0 MiB=0.398438
DENSE_Q3 tensor=blk.15.indexer.attn_q_b.weight source_type=12 MiB=2.57812
DENSE_Q3 tensor=blk.16.attn_k.weight source_type=12 MiB=13.75
DENSE_Q3 tensor=blk.16.attn_output.weight source_type=12 MiB=13.75
DENSE_Q3 tensor=blk.16.attn_q.weight source_type=12 MiB=13.75
DENSE_Q3 tensor=blk.16.attn_v.weight source_type=14 MiB=13.75
FLOATING_Q8 tensor=blk.16.hc_attn_fn source_type=0 MiB=0.398438
FLOATING_Q8 tensor=blk.16.hc_ffn_fn source_type=0 MiB=0.398438
DENSE_Q3 tensor=blk.17.attn_k.weight source_type=12 MiB=13.75
DENSE_Q3 tensor=blk.17.attn_output.weight source_type=12 MiB=13.75
DENSE_Q3 tensor=blk.17.attn_q.weight source_type=12 MiB=13.75
DENSE_Q3 tensor=blk.17.attn_v.weight source_type=12 MiB=13.75
FLOATING_Q8 tensor=blk.17.hc_attn_fn source_type=0 MiB=0.398438
FLOATING_Q8 tensor=blk.17.hc_ffn_fn source_type=0 MiB=0.398438
DENSE_Q3 tensor=blk.18.attn_k.weight source_type=12 MiB=13.75
DENSE_Q3 tensor=blk.18.attn_output.weight source_type=12 MiB=13.75
DENSE_Q3 tensor=blk.18.attn_q.weight source_type=12 MiB=13.75
DENSE_Q3 tensor=blk.18.attn_v.weight source_type=12 MiB=13.75
FLOATING_Q8 tensor=blk.18.hc_attn_fn source_type=0 MiB=0.398438
FLOATING_Q8 tensor=blk.18.hc_ffn_fn source_type=0 MiB=0.398438
FLOATING_Q8 tensor=blk.19.attn_k_b.weight source_type=12 MiB=8.5
DENSE_Q3 tensor=blk.19.attn_output.weight source_type=12 MiB=27.5
DENSE_Q3 tensor=blk.19.attn_q_a.weight source_type=12 MiB=2.57812
DENSE_Q3 tensor=blk.19.attn_q_b.weight source_type=12 MiB=10.3125
FLOATING_Q8 tensor=blk.19.attn_v_b.weight source_type=12 MiB=8.5
FLOATING_Q8 tensor=blk.19.hc_attn_fn source_type=0 MiB=0.398438
FLOATING_Q8 tensor=blk.19.hc_ffn_fn source_type=0 MiB=0.398438
DENSE_Q3 tensor=blk.19.indexer.attn_q_b.weight source_type=12 MiB=2.57812
FLOATING_Q8 tensor=blk.2.hc_attn_fn source_type=0 MiB=0.398438
FLOATING_Q8 tensor=blk.2.hc_ffn_fn source_type=0 MiB=0.398438
DENSE_Q3 tensor=blk.20.attn_k.weight source_type=12 MiB=13.75
DENSE_Q3 tensor=blk.20.attn_output.weight source_type=12 MiB=13.75
DENSE_Q3 tensor=blk.20.attn_q.weight source_type=12 MiB=13.75
DENSE_Q3 tensor=blk.20.attn_v.weight source_type=14 MiB=13.75
FLOATING_Q8 tensor=blk.20.hc_attn_fn source_type=0 MiB=0.398438
FLOATING_Q8 tensor=blk.20.hc_ffn_fn source_type=0 MiB=0.398438
DENSE_Q3 tensor=blk.21.attn_k.weight source_type=12 MiB=13.75
DENSE_Q3 tensor=blk.21.attn_output.weight source_type=12 MiB=13.75
DENSE_Q3 tensor=blk.21.attn_q.weight source_type=12 MiB=13.75
DENSE_Q3 tensor=blk.21.attn_v.weight source_type=12 MiB=13.75
FLOATING_Q8 tensor=blk.21.hc_attn_fn source_type=0 MiB=0.398438
FLOATING_Q8 tensor=blk.21.hc_ffn_fn source_type=0 MiB=0.398438
DENSE_Q3 tensor=blk.22.attn_k.weight source_type=12 MiB=13.75
DENSE_Q3 tensor=blk.22.attn_output.weight source_type=12 MiB=13.75
DENSE_Q3 tensor=blk.22.attn_q.weight source_type=12 MiB=13.75
DENSE_Q3 tensor=blk.22.attn_v.weight source_type=12 MiB=13.75
FLOATING_Q8 tensor=blk.22.hc_attn_fn source_type=0 MiB=0.398438
FLOATING_Q8 tensor=blk.22.hc_ffn_fn source_type=0 MiB=0.398438
FLOATING_Q8 tensor=blk.23.attn_k_b.weight source_type=12 MiB=8.5
DENSE_Q3 tensor=blk.23.attn_output.weight source_type=12 MiB=27.5
DENSE_Q3 tensor=blk.23.attn_q_a.weight source_type=12 MiB=2.57812
DENSE_Q3 tensor=blk.23.attn_q_b.weight source_type=12 MiB=10.3125
FLOATING_Q8 tensor=blk.23.attn_v_b.weight source_type=12 MiB=8.5
FLOATING_Q8 tensor=blk.23.hc_attn_fn source_type=0 MiB=0.398438
FLOATING_Q8 tensor=blk.23.hc_ffn_fn source_type=0 MiB=0.398438
DENSE_Q3 tensor=blk.23.indexer.attn_q_b.weight source_type=12 MiB=2.57812
DENSE_Q3 tensor=blk.24.attn_k.weight source_type=12 MiB=13.75
DENSE_Q3 tensor=blk.24.attn_output.weight source_type=12 MiB=13.75
DENSE_Q3 tensor=blk.24.attn_q.weight source_type=12 MiB=13.75
DENSE_Q3 tensor=blk.24.attn_v.weight source_type=14 MiB=13.75
FLOATING_Q8 tensor=blk.24.hc_attn_fn source_type=0 MiB=0.398438
FLOATING_Q8 tensor=blk.24.hc_ffn_fn source_type=0 MiB=0.398438
DENSE_Q3 tensor=blk.25.attn_k.weight source_type=12 MiB=13.75
DENSE_Q3 tensor=blk.25.attn_output.weight source_type=12 MiB=13.75
DENSE_Q3 tensor=blk.25.attn_q.weight source_type=12 MiB=13.75
DENSE_Q3 tensor=blk.25.attn_v.weight source_type=12 MiB=13.75
FLOATING_Q8 tensor=blk.25.hc_attn_fn source_type=0 MiB=0.398438
FLOATING_Q8 tensor=blk.25.hc_ffn_fn source_type=0 MiB=0.398438
DENSE_Q3 tensor=blk.26.attn_k.weight source_type=12 MiB=13.75
DENSE_Q3 tensor=blk.26.attn_output.weight source_type=12 MiB=13.75
DENSE_Q3 tensor=blk.26.attn_q.weight source_type=12 MiB=13.75
DENSE_Q3 tensor=blk.26.attn_v.weight source_type=12 MiB=13.75
FLOATING_Q8 tensor=blk.26.hc_attn_fn source_type=0 MiB=0.398438
FLOATING_Q8 tensor=blk.26.hc_ffn_fn source_type=0 MiB=0.398438
FLOATING_Q8 tensor=blk.27.attn_k_b.weight source_type=12 MiB=8.5
DENSE_Q3 tensor=blk.27.attn_output.weight source_type=12 MiB=27.5
DENSE_Q3 tensor=blk.27.attn_q_a.weight source_type=12 MiB=2.57812
DENSE_Q3 tensor=blk.27.attn_q_b.weight source_type=12 MiB=10.3125
FLOATING_Q8 tensor=blk.27.attn_v_b.weight source_type=12 MiB=8.5
FLOATING_Q8 tensor=blk.27.hc_attn_fn source_type=0 MiB=0.398438
FLOATING_Q8 tensor=blk.27.hc_ffn_fn source_type=0 MiB=0.398438
DENSE_Q3 tensor=blk.27.indexer.attn_q_b.weight source_type=12 MiB=2.57812
DENSE_Q3 tensor=blk.28.attn_k.weight source_type=12 MiB=13.75
DENSE_Q3 tensor=blk.28.attn_output.weight source_type=12 MiB=13.75
DENSE_Q3 tensor=blk.28.attn_q.weight source_type=12 MiB=13.75
DENSE_Q3 tensor=blk.28.attn_v.weight source_type=14 MiB=13.75
FLOATING_Q8 tensor=blk.28.hc_attn_fn source_type=0 MiB=0.398438
FLOATING_Q8 tensor=blk.28.hc_ffn_fn source_type=0 MiB=0.398438
DENSE_Q3 tensor=blk.29.attn_k.weight source_type=12 MiB=13.75
DENSE_Q3 tensor=blk.29.attn_output.weight source_type=12 MiB=13.75
DENSE_Q3 tensor=blk.29.attn_q.weight source_type=12 MiB=13.75
DENSE_Q3 tensor=blk.29.attn_v.weight source_type=12 MiB=13.75
FLOATING_Q8 tensor=blk.29.hc_attn_fn source_type=0 MiB=0.398438
FLOATING_Q8 tensor=blk.29.hc_ffn_fn source_type=0 MiB=0.398438
FLOATING_Q8 tensor=blk.3.attn_k_b.weight source_type=12 MiB=8.5
DENSE_Q3 tensor=blk.3.attn_output.weight source_type=12 MiB=27.5
DENSE_Q3 tensor=blk.3.attn_q_a.weight source_type=12 MiB=2.57812
DENSE_Q3 tensor=blk.3.attn_q_b.weight source_type=12 MiB=10.3125
FLOATING_Q8 tensor=blk.3.attn_v_b.weight source_type=12 MiB=8.5
FLOATING_Q8 tensor=blk.3.hc_attn_fn source_type=0 MiB=0.398438
FLOATING_Q8 tensor=blk.3.hc_ffn_fn source_type=0 MiB=0.398438
DENSE_Q3 tensor=blk.3.indexer.attn_q_b.weight source_type=12 MiB=2.57812
DENSE_Q3 tensor=blk.30.attn_k.weight source_type=12 MiB=13.75
DENSE_Q3 tensor=blk.30.attn_output.weight source_type=12 MiB=13.75
DENSE_Q3 tensor=blk.30.attn_q.weight source_type=12 MiB=13.75
DENSE_Q3 tensor=blk.30.attn_v.weight source_type=12 MiB=13.75
FLOATING_Q8 tensor=blk.30.hc_attn_fn source_type=0 MiB=0.398438
FLOATING_Q8 tensor=blk.30.hc_ffn_fn source_type=0 MiB=0.398438
FLOATING_Q8 tensor=blk.31.attn_k_b.weight source_type=12 MiB=8.5
DENSE_Q3 tensor=blk.31.attn_output.weight source_type=12 MiB=27.5
DENSE_Q3 tensor=blk.31.attn_q_a.weight source_type=12 MiB=2.57812
DENSE_Q3 tensor=blk.31.attn_q_b.weight source_type=12 MiB=10.3125
FLOATING_Q8 tensor=blk.31.attn_v_b.weight source_type=12 MiB=8.5
FLOATING_Q8 tensor=blk.31.hc_attn_fn source_type=0 MiB=0.398438
FLOATING_Q8 tensor=blk.31.hc_ffn_fn source_type=0 MiB=0.398438
DENSE_Q3 tensor=blk.31.indexer.attn_q_b.weight source_type=12 MiB=2.57812
DENSE_Q3 tensor=blk.32.attn_k.weight source_type=12 MiB=13.75
DENSE_Q3 tensor=blk.32.attn_output.weight source_type=12 MiB=13.75
DENSE_Q3 tensor=blk.32.attn_q.weight source_type=12 MiB=13.75
DENSE_Q3 tensor=blk.32.attn_v.weight source_type=14 MiB=13.75
FLOATING_Q8 tensor=blk.32.hc_attn_fn source_type=0 MiB=0.398438
FLOATING_Q8 tensor=blk.32.hc_ffn_fn source_type=0 MiB=0.398438
DENSE_Q3 tensor=blk.33.attn_k.weight source_type=12 MiB=13.75
DENSE_Q3 tensor=blk.33.attn_output.weight source_type=12 MiB=13.75
DENSE_Q3 tensor=blk.33.attn_q.weight source_type=12 MiB=13.75
DENSE_Q3 tensor=blk.33.attn_v.weight source_type=12 MiB=13.75
FLOATING_Q8 tensor=blk.33.hc_attn_fn source_type=0 MiB=0.398438
FLOATING_Q8 tensor=blk.33.hc_ffn_fn source_type=0 MiB=0.398438
DENSE_Q3 tensor=blk.34.attn_k.weight source_type=12 MiB=13.75
DENSE_Q3 tensor=blk.34.attn_output.weight source_type=12 MiB=13.75
DENSE_Q3 tensor=blk.34.attn_q.weight source_type=12 MiB=13.75
DENSE_Q3 tensor=blk.34.attn_v.weight source_type=12 MiB=13.75
FLOATING_Q8 tensor=blk.34.hc_attn_fn source_type=0 MiB=0.398438
FLOATING_Q8 tensor=blk.34.hc_ffn_fn source_type=0 MiB=0.398438
FLOATING_Q8 tensor=blk.35.attn_k_b.weight source_type=12 MiB=8.5
DENSE_Q3 tensor=blk.35.attn_output.weight source_type=12 MiB=27.5
DENSE_Q3 tensor=blk.35.attn_q_a.weight source_type=12 MiB=2.57812
DENSE_Q3 tensor=blk.35.attn_q_b.weight source_type=12 MiB=10.3125
FLOATING_Q8 tensor=blk.35.attn_v_b.weight source_type=12 MiB=8.5
FLOATING_Q8 tensor=blk.35.hc_attn_fn source_type=0 MiB=0.398438
FLOATING_Q8 tensor=blk.35.hc_ffn_fn source_type=0 MiB=0.398438
DENSE_Q3 tensor=blk.35.indexer.attn_q_b.weight source_type=12 MiB=2.57812
DENSE_Q3 tensor=blk.36.attn_k.weight source_type=12 MiB=13.75
DENSE_Q3 tensor=blk.36.attn_output.weight source_type=12 MiB=13.75
DENSE_Q3 tensor=blk.36.attn_q.weight source_type=12 MiB=13.75
DENSE_Q3 tensor=blk.36.attn_v.weight source_type=14 MiB=13.75
FLOATING_Q8 tensor=blk.36.hc_attn_fn source_type=0 MiB=0.398438
FLOATING_Q8 tensor=blk.36.hc_ffn_fn source_type=0 MiB=0.398438
DENSE_Q3 tensor=blk.37.attn_k.weight source_type=12 MiB=13.75
DENSE_Q3 tensor=blk.37.attn_output.weight source_type=12 MiB=13.75
DENSE_Q3 tensor=blk.37.attn_q.weight source_type=12 MiB=13.75
DENSE_Q3 tensor=blk.37.attn_v.weight source_type=12 MiB=13.75
FLOATING_Q8 tensor=blk.37.hc_attn_fn source_type=0 MiB=0.398438
FLOATING_Q8 tensor=blk.37.hc_ffn_fn source_type=0 MiB=0.398438
DENSE_Q3 tensor=blk.38.attn_k.weight source_type=12 MiB=13.75
DENSE_Q3 tensor=blk.38.attn_output.weight source_type=12 MiB=13.75
DENSE_Q3 tensor=blk.38.attn_q.weight source_type=12 MiB=13.75
DENSE_Q3 tensor=blk.38.attn_v.weight source_type=14 MiB=13.75
FLOATING_Q8 tensor=blk.38.hc_attn_fn source_type=0 MiB=0.398438
FLOATING_Q8 tensor=blk.38.hc_ffn_fn source_type=0 MiB=0.398438
FLOATING_Q8 tensor=blk.39.attn_k_b.weight source_type=12 MiB=8.5
DENSE_Q3 tensor=blk.39.attn_output.weight source_type=12 MiB=27.5
DENSE_Q3 tensor=blk.39.attn_q_a.weight source_type=12 MiB=2.57812
DENSE_Q3 tensor=blk.39.attn_q_b.weight source_type=12 MiB=10.3125
FLOATING_Q8 tensor=blk.39.attn_v_b.weight source_type=12 MiB=8.5
FLOATING_Q8 tensor=blk.39.hc_attn_fn source_type=0 MiB=0.398438
FLOATING_Q8 tensor=blk.39.hc_ffn_fn source_type=0 MiB=0.398438
DENSE_Q3 tensor=blk.39.indexer.attn_q_b.weight source_type=12 MiB=2.57812
DENSE_Q3 tensor=blk.4.attn_k.weight source_type=12 MiB=13.75
DENSE_Q3 tensor=blk.4.attn_output.weight source_type=12 MiB=13.75
DENSE_Q3 tensor=blk.4.attn_q.weight source_type=12 MiB=13.75
DENSE_Q3 tensor=blk.4.attn_v.weight source_type=14 MiB=13.75
FLOATING_Q8 tensor=blk.4.hc_attn_fn source_type=0 MiB=0.398438
FLOATING_Q8 tensor=blk.4.hc_ffn_fn source_type=0 MiB=0.398438
DENSE_Q3 tensor=blk.40.attn_k.weight source_type=12 MiB=13.75
DENSE_Q3 tensor=blk.40.attn_output.weight source_type=12 MiB=13.75
DENSE_Q3 tensor=blk.40.attn_q.weight source_type=12 MiB=13.75
DENSE_Q3 tensor=blk.40.attn_v.weight source_type=14 MiB=13.75
FLOATING_Q8 tensor=blk.40.hc_attn_fn source_type=0 MiB=0.398438
FLOATING_Q8 tensor=blk.40.hc_ffn_fn source_type=0 MiB=0.398438
DENSE_Q3 tensor=blk.41.attn_k.weight source_type=12 MiB=13.75
DENSE_Q3 tensor=blk.41.attn_output.weight source_type=12 MiB=13.75
DENSE_Q3 tensor=blk.41.attn_q.weight source_type=12 MiB=13.75
DENSE_Q3 tensor=blk.41.attn_v.weight source_type=14 MiB=13.75
FLOATING_Q8 tensor=blk.41.hc_attn_fn source_type=0 MiB=0.398438
FLOATING_Q8 tensor=blk.41.hc_ffn_fn source_type=0 MiB=0.398438
DENSE_Q3 tensor=blk.42.attn_k.weight source_type=12 MiB=13.75
DENSE_Q3 tensor=blk.42.attn_output.weight source_type=12 MiB=13.75
DENSE_Q3 tensor=blk.42.attn_q.weight source_type=12 MiB=13.75
DENSE_Q3 tensor=blk.42.attn_v.weight source_type=14 MiB=13.75
FLOATING_Q8 tensor=blk.42.hc_attn_fn source_type=0 MiB=0.398438
FLOATING_Q8 tensor=blk.42.hc_ffn_fn source_type=0 MiB=0.398438
FLOATING_Q8 tensor=blk.43.attn_k_b.weight source_type=12 MiB=8.5
DENSE_Q3 tensor=blk.43.attn_output.weight source_type=12 MiB=27.5
DENSE_Q3 tensor=blk.43.attn_q_a.weight source_type=12 MiB=2.57812
DENSE_Q3 tensor=blk.43.attn_q_b.weight source_type=12 MiB=10.3125
FLOATING_Q8 tensor=blk.43.attn_v_b.weight source_type=12 MiB=8.5
FLOATING_Q8 tensor=blk.43.hc_attn_fn source_type=0 MiB=0.398438
FLOATING_Q8 tensor=blk.43.hc_ffn_fn source_type=0 MiB=0.398438
DENSE_Q3 tensor=blk.43.indexer.attn_q_b.weight source_type=12 MiB=2.57812
DENSE_Q3 tensor=blk.44.attn_k.weight source_type=12 MiB=13.75
DENSE_Q3 tensor=blk.44.attn_output.weight source_type=12 MiB=13.75
DENSE_Q3 tensor=blk.44.attn_q.weight source_type=12 MiB=13.75
DENSE_Q3 tensor=blk.44.attn_v.weight source_type=14 MiB=13.75
FLOATING_Q8 tensor=blk.44.hc_attn_fn source_type=0 MiB=0.398438
FLOATING_Q8 tensor=blk.44.hc_ffn_fn source_type=0 MiB=0.398438
DENSE_Q3 tensor=blk.5.attn_k.weight source_type=12 MiB=13.75
DENSE_Q3 tensor=blk.5.attn_output.weight source_type=12 MiB=13.75
DENSE_Q3 tensor=blk.5.attn_q.weight source_type=12 MiB=13.75
DENSE_Q3 tensor=blk.5.attn_v.weight source_type=12 MiB=13.75
FLOATING_Q8 tensor=blk.5.hc_attn_fn source_type=0 MiB=0.398438
FLOATING_Q8 tensor=blk.5.hc_ffn_fn source_type=0 MiB=0.398438
DENSE_Q3 tensor=blk.6.attn_k.weight source_type=12 MiB=13.75
DENSE_Q3 tensor=blk.6.attn_output.weight source_type=12 MiB=13.75
DENSE_Q3 tensor=blk.6.attn_q.weight source_type=12 MiB=13.75
DENSE_Q3 tensor=blk.6.attn_v.weight source_type=12 MiB=13.75
FLOATING_Q8 tensor=blk.6.hc_attn_fn source_type=0 MiB=0.398438
FLOATING_Q8 tensor=blk.6.hc_ffn_fn source_type=0 MiB=0.398438
FLOATING_Q8 tensor=blk.7.attn_k_b.weight source_type=12 MiB=8.5
DENSE_Q3 tensor=blk.7.attn_output.weight source_type=12 MiB=27.5
DENSE_Q3 tensor=blk.7.attn_q_a.weight source_type=12 MiB=2.57812
DENSE_Q3 tensor=blk.7.attn_q_b.weight source_type=12 MiB=10.3125
FLOATING_Q8 tensor=blk.7.attn_v_b.weight source_type=12 MiB=8.5
FLOATING_Q8 tensor=blk.7.hc_attn_fn source_type=0 MiB=0.398438
FLOATING_Q8 tensor=blk.7.hc_ffn_fn source_type=0 MiB=0.398438
DENSE_Q3 tensor=blk.7.indexer.attn_q_b.weight source_type=12 MiB=2.57812
DENSE_Q3 tensor=blk.8.attn_k.weight source_type=12 MiB=13.75
DENSE_Q3 tensor=blk.8.attn_output.weight source_type=12 MiB=13.75
DENSE_Q3 tensor=blk.8.attn_q.weight source_type=12 MiB=13.75
DENSE_Q3 tensor=blk.8.attn_v.weight source_type=14 MiB=13.75
FLOATING_Q8 tensor=blk.8.hc_attn_fn source_type=0 MiB=0.398438
FLOATING_Q8 tensor=blk.8.hc_ffn_fn source_type=0 MiB=0.398438
DENSE_Q3 tensor=blk.9.attn_k.weight source_type=12 MiB=13.75
DENSE_Q3 tensor=blk.9.attn_output.weight source_type=12 MiB=13.75
DENSE_Q3 tensor=blk.9.attn_q.weight source_type=12 MiB=13.75
DENSE_Q3 tensor=blk.9.attn_v.weight source_type=12 MiB=13.75
FLOATING_Q8 tensor=blk.9.hc_attn_fn source_type=0 MiB=0.398438
FLOATING_Q8 tensor=blk.9.hc_ffn_fn source_type=0 MiB=0.398438
GPU prefill chunk=2048 staging_workers=4 numa_cpus=0,1,2,3
GPU allocated_MiB=6366.13 reserved_runtime_MiB=1024 budget_MiB=15360
GPU_DENSE_HOST_RELEASE phase=main tensors=1256 source_MiB_advised=5040.35 ms=173.501
TIER_DIRECT registered_MiB=52542 ranges=126 ms=14255.4
PREFILL_PARTITION primary_groups=9 secondary_groups=0
PREFILL_CACHE device=0 budget_MiB=0 reserve_MiB=768
PREFILL_CACHE_PLAN device=0 base_groups=0 unused_MiB=0
MAPPED_EXPERTS numa_rows=0 lazy=1 bytes=55094280192
PREFILL trial=0 tokens=2048 batch=2048 ms=18657.2 tok_s=109.77
FAULTS trial=0 major=672 minor=318623
HOST_RSS peak_MiB=54258.9
CPU_EXPERT gu_ms=0 quant_ms=0 down_ms=0 layer_flow_ms=0 bytes=0
GPU peak_allocated_MiB=6366.13 native_expert_bytes=55101150720 expert_groups=378 staging_ms=4352.98
PREFILL_SCRATCH device=0 peak_MiB=696.564 capacity_MiB=1024
GPU_LIVE device=0 dense_MiB=4240.61 other_MiB=294.414 prefill_MiB=1592 state_MiB=239.105
GPU_DEVICE device=0 peak_allocated_MiB=6366.13 live_MiB=6366.13 native_expert_bytes=55101150720 staging_ms=4352.98 cache_hits=0 cache_hit_bytes=0 cuda_used_MiB=7290 free_MiB=9014
MAPPED_EXPERTS numa_rows=0 lazy=1 bytes=55094280192
PREFILL_WORK device=0 transferred_bytes=55101150720 staging_ms=4352.98 actual_rows=0 padded_rows=0 dequant_values=0
DECODE_RUNTIME override_reserve_MiB=512
DECODE_CACHE prefix_trained=1 slots=980 MiB=8513.75 fingerprint=15854457006263560456
RESPONSE_PREPARE kind=decode_cache ms=1327.05
RESPONSE_PREPARE kind=cpu ms=0.002304
DECODE_TRIAL index=0
DECODE_STEP index=1 ms=47.9212
DECODE_STEP index=2 ms=28.1952
DECODE_STEP index=3 ms=32.7452
DECODE_STEP index=4 ms=33.2045
DECODE_STEP index=5 ms=33.7663
DECODE_STEP index=6 ms=30.8336
DECODE_STEP index=7 ms=37.4171
DECODE_STEP index=8 ms=34.0573
DECODE_STEP index=9 ms=28.4316
DECODE_STEP index=10 ms=30.1786
DECODE_STEP index=11 ms=31.7984
DECODE_STEP index=12 ms=32.7524
DECODE_STEP index=13 ms=28.2083
DECODE_STEP index=14 ms=37.0941
DECODE_STEP index=15 ms=27.8215
DECODE_STEP index=16 ms=32.4079
DECODE_STEP index=17 ms=31.8427
DECODE_STEP index=18 ms=32.0629
DECODE_STEP index=19 ms=29.8182
DECODE_STEP index=20 ms=34.4553
DECODE_STEP index=21 ms=32.7336
DECODE_STEP index=22 ms=28.599
DECODE_STEP index=23 ms=30.9006
DECODE_STEP index=24 ms=35.2313
DECODE_STEP index=25 ms=28.6671
DECODE_STEP index=26 ms=30.9212
DECODE_STEP index=27 ms=33.5755
DECODE_STEP index=28 ms=29.2992
DECODE_STEP index=29 ms=28.9098
DECODE_STEP index=30 ms=31.3469
DECODE_STEP index=31 ms=29.7405
DECODE_STEP index=32 ms=29.2464
DECODE_STEP index=33 ms=29.6891
DECODE_STEP index=34 ms=32.2965
DECODE_STEP index=35 ms=29.6228
DECODE_STEP index=36 ms=30.7914
DECODE_STEP index=37 ms=29.2927
DECODE_STEP index=38 ms=32.5766
DECODE_STEP index=39 ms=29.9763
DECODE_STEP index=40 ms=28.9943
DECODE_STEP index=41 ms=29.0531
DECODE_STEP index=42 ms=31.2059
DECODE_STEP index=43 ms=29.8965
DECODE_STEP index=44 ms=30.7894
DECODE_STEP index=45 ms=29.0192
DECODE_STEP index=46 ms=31.0935
DECODE_STEP index=47 ms=30.1946
DECODE_STEP index=48 ms=28.3859
DECODE_STEP index=49 ms=29.7164
DECODE_STEP index=50 ms=28.5334
DECODE_STEP index=51 ms=30.3405
DECODE_STEP index=52 ms=33.3321
DECODE_STEP index=53 ms=30.1079
DECODE_STEP index=54 ms=35.1643
DECODE_STEP index=55 ms=31.927
DECODE_STEP index=56 ms=29.94
DECODE_STEP index=57 ms=30.733
DECODE_STEP index=58 ms=28.2387
DECODE_STEP index=59 ms=31.3781
DECODE_STEP index=60 ms=29.9204
DECODE_STEP index=61 ms=28.1086
DECODE_STEP index=62 ms=30.0701
DECODE_STEP index=63 ms=32.7659
DECODE_STEP index=64 ms=31.6455
DECODE_STEP index=65 ms=32.8183
DECODE_STEP index=66 ms=33.1437
DECODE_STEP index=67 ms=30.7801
DECODE_STEP index=68 ms=31.0389
DECODE_STEP index=69 ms=28.1493
DECODE_STEP index=70 ms=30.6815
DECODE_STEP index=71 ms=29.0218
DECODE_STEP index=72 ms=30.4609
DECODE_STEP index=73 ms=31.5276
DECODE_STEP index=74 ms=29.1917
DECODE_STEP index=75 ms=28.2797
DECODE_STEP index=76 ms=30.2842
DECODE_STEP index=77 ms=34.4921
DECODE_STEP index=78 ms=28.0039
DECODE_STEP index=79 ms=29.8569
DECODE_STEP index=80 ms=33.1284
DECODE_STEP index=81 ms=28.3767
DECODE_STEP index=82 ms=29.3063
DECODE_STEP index=83 ms=33.1775
DECODE_STEP index=84 ms=27.6648
DECODE_STEP index=85 ms=28.9158
DECODE_STEP index=86 ms=30.2065
DECODE_STEP index=87 ms=31.1466
DECODE_STEP index=88 ms=29.6895
DECODE_STEP index=89 ms=31.4483
DECODE_STEP index=90 ms=29.9254
DECODE_STEP index=91 ms=29.648
DECODE_STEP index=92 ms=30.5218
DECODE_STEP index=93 ms=37.7333
DECODE_STEP index=94 ms=29.9713
DECODE_STEP index=95 ms=31.4872
DECODE_STEP index=96 ms=29.3383
DECODE_STEP index=97 ms=31.6743
DECODE_STEP index=98 ms=28.7576
DECODE_STEP index=99 ms=31.484
DECODE_STEP index=100 ms=29.7585
DECODE_STEP index=101 ms=34.9515
DECODE_STEP index=102 ms=29.4027
DECODE_STEP index=103 ms=28.4196
DECODE_STEP index=104 ms=29.707
DECODE_STEP index=105 ms=31.4922
DECODE_STEP index=106 ms=28.6993
DECODE_STEP index=107 ms=29.5602
DECODE_STEP index=108 ms=27.9903
DECODE_STEP index=109 ms=35.1364
DECODE_STEP index=110 ms=29.9059
DECODE_STEP index=111 ms=29.4701
DECODE_STEP index=112 ms=29.2636
DECODE_STEP index=113 ms=30.271
DECODE_STEP index=114 ms=28.9258
DECODE_STEP index=115 ms=29.1604
DECODE_STEP index=116 ms=29.242
DECODE_STEP index=117 ms=34.5573
DECODE_STEP index=118 ms=28.6131
DECODE_STEP index=119 ms=30.1214
DECODE_STEP index=120 ms=28.5268
DECODE_STEP index=121 ms=28.9761
DECODE_STEP index=122 ms=28.8899
DECODE_STEP index=123 ms=30.1726
DECODE_STEP index=124 ms=28.729
DECODE_STEP index=125 ms=31.6019
DECODE_STEP index=126 ms=30.4266
DECODE_STEP index=127 ms=28.5108
DECODE steps=127 ms=3928.36 tok_s=32.329
HOST_RSS peak_MiB=54258.9
CPU_EXPERT gu_ms=0 quant_ms=0 down_ms=0 layer_flow_ms=1496.3 bytes=41202286592
STEP_TRACE steps=127 moe_layers=5334 pipelined=1 head_ms=277.411 cpu_ms=1567.66 between_ms=1850.5 tail_ms=202.149 tail_sync_ms=121.813 tail_plan_ms=38.493 tail_copy_ms=38.1926 enqueue_ms=453.132 tier_swaps=189 split_windows=0 per_step_ms=30.6908
GPU peak_allocated_MiB=13103.7 native_expert_bytes=0 expert_groups=0 staging_ms=0
PREFILL_SCRATCH device=0 peak_MiB=5.07129 capacity_MiB=32
GPU_LIVE device=0 dense_MiB=4240.61 other_MiB=8589.01 prefill_MiB=32 resident_exec_MiB=2.94288 state_MiB=239.105
GPU_DEVICE device=0 peak_allocated_MiB=13103.7 live_MiB=13103.7 native_expert_bytes=0 staging_ms=0 cache_hits=0 cache_hit_bytes=0 cuda_used_MiB=15294 free_MiB=1010
resident expert entries=38149/42672
Finished with result: success
Main processes terminated with: code=exited/status=0
Service runtime: 1min 48.267s
CPU time consumed: 2min 54.957s
Memory peak: 256.0K
Memory swap peak: 0B
