25
1874
9
102636
10
4489
2878
1874
11
1874
9
102636
10
4489
198
3379
82
825
20455
17629
369
279
19827
26
5515
13931
12519
25
1874
9
102636
10
4489
2878
1874
11
1874
9
102636
10
4489
198
3379
82
825
20455
17629
369
279
19827
26
356
22
25
1874
9
102636
10
4489
2878
1874
11
1874
9
1016
5584
9
102636
10
4489
198
3379
82
825
20455
17629
328
22
25
1874
9
102636
10
2649
13480
11
1874
9
1016
5584
9
102636
10
4489
198
3379
82
825
20455
17629
328
22
25
1874
9
6203
7314
9750
11502
25
1449
3717
23313
1181
7162
16328
11
773
264
3309
11858
47334
1283
279
3468
702
2669
7585
