25
1874
9
102636
488
2699
2878
1874
13
1874
9
102636
10
4489
198
2575
20455
17629
369
279
19827
26
14330
25
825
20455
17629
320
4074
9
102636
10
4489
8
369
279
19827
13
5515
13931
12519
25
1874
9
220
102636
488
2699
2878
1874
198
2575
3980
25
330
3379
82
825
20455
17629
369
279
19827
26
5515
13931
12519
25
1874
9
102636
488
2802
2878
1874
13
1874
9
220
102636
488
2802
2878
1874
198
2575
3980
25
330
3379
82
825
20455
17629
19781
17629
369
279
19827
26
5515
13931
12519
25
5085
2271
350
99916
25
330
3379
82
825
20455
17629
369
5085
2271
350
99916
25
330
3379
82
350
99916
25
330
