25
79450
11
2588
50122
67030
624
2575
5184
895
979
279
19827
374
537
47414
320
2152
44621
8
476
979
6243
4641
624
2641
3293
15455
53691
25760
13480
5
7872
11
526
6200
317
2641
3293
15455
53691
25760
79450
11
526
6200
317
2641
3293
15455
53691
25760
79450
11
526
6200
317
2641
3293
15455
53691
25760
79450
11
526
220
6200
317
2641
3293
15455
8751
25760
79450
11
526
6200
317
2641
3293
15455
7
8751
25760
79450
11
356
5584
60526
71963
8
41945
25
1807
3293
15455
53691
25760
79450
11
41945
25
1807
3293
15455
7
8751
25760
5785
11
356
5584
198
2641
3293
15455
53691
25760
5
7872
11
526
6200
317
2641
3293
15455
7
