25
825
20455
17629
284
1874
9
102636
10
15770
624
3776
20455
17629
369
279
825
11858
429
374
47414
311
825
19781
17629
11
825
20455
17629
817
11858
25
825
20455
17629
817
11858
25
825
20455
49148
25
825
20455
17629
817
11858
25
825
20455
17629
817
11858
25
825
20455
49148
25
825
220
16
11
100919
17
11
102259
53592
6203
23339
320
603
220
16
11
100919
17
11
19339
4279
12
1811
369
678
2326
40257
3786
11
678
2326
40257
3042
3786
11
678
2326
40257
3042
19192
25
678
2326
40257
3042
19192
25
678
6203
23339
374
825
220
16
11
100919
17
11
220
16
11
100919
17
11
102259
53592
6203
23339
11
19339
