25
79450
11
2588
50122
67030
624
2575
1913
5515
11
1874
9
102636
10
15770
2878
1874
13
1913
14330
11
79450
13931
6911
2297
25
79450
2297
198
2575
79450
2297
79450
2297
79450
2297
79450
2297
79450
2297
79450
2297
79450
2297
198
2575
1913
14330
11
79450
13931
6911
2297
25
79450
2297
79450
2297
79450
3980
198
2575
1913
14330
11
1968
14
1112
320
85149
340
2575
1913
14330
11
1968
14
1112
320
85149
340
2575
3980
198
2575
1913
14330
11
356
1112
320
85149
340
2575
320
85149
340
2575
1913
14330
11
13593
82
25
79450
13931
6911
2297
25
79450
2297
79450
3980
198
2575
320
85149
340
2575
356
1112
320
82
1112
320
85149
340
