25
79450
11
2588
50122
67030
624
2575
1527
4287
6589
11362
678
4351
40410
11
9376
2588
50122
67030
13
220
5515
220
98965
594
17967
198
2575
220
16
4351
40410
374
17967
220
16
4351
40410
369
279
10080
594
1973
11
9376
2588
50122
20455
198
41191
14
495
459
6453
198
322
2924
14
495
459
14100
42087
76699
4322
1749
6453
393
17
808
18
25
279
13931
6203
7314
624
2289
322
362
6193
8472
73686
11641
2348
23970
15087
11
323
279
6203
9996
374
14299
1402
49543
320
10637
14
13630
8737
21274
444
24
510
322
220
101961
13
101130
18831
2687
389
220
21
35526
11
444
24
594
220
101723
13
220
101961
13
101130
18831
