25
79450
11
2588
50122
67030
624
13931
1649
6589
369
279
19827
25
79450
11
2588
50122
20455
17629
6589
624
2575
8426
82
825
20455
17629
369
279
49148
25
79450
11
2588
50122
3218
48
198
2575
8426
82
825
49148
25
79450
11
2588
50122
3218
48
198
2575
8426
82
825
49148
25
79450
1565
2414
48
63
6589
624
2575
8426
82
825
49148
25
79450
1565
2414
48
63
2150
25
79450
11
2588
50122
3218
48
198
2575
8426
82
825
49148
25
79450
1565
2414
48
63
320
265
63836
11
81028
25
2588
50122
67030
11
4287
6589
87028
41586
624
2575
8426
82
825
49148
25
79450
1565
2414
48
63
320
265
282
1112
282
1112
