25
825
20455
17629
284
825
20455
17629
198
13156
25
825
20455
17629
284
825
20455
17629
198
13156
25
825
20455
17629
49148
198
13156
25
825
20455
7314
198
13156
25
825
220
99317
15245
3409
25
1874
9
102636
10
15770
3419
4351
320
4074
9
102636
10
15770
8
220
99317
15245
3409
25
1874
9
220
102636
10
15770
3419
4351
320
4074
9
102636
10
15770
8
220
99317
15245
4516
198
13156
25
825
220
99317
15245
3409
25
1874
9
102636
10
15
496
103302
462
4837
2878
279
1874
11
1874
9
102636
10
15
496
8751
25760
13480
486
16461
21240
198
6855
25760
5515
25
825
220
4516
198
13156
25
7364
198
13156
25
659
