Running as unit: strata-st-q22fit4-413325.service; invocation ID: c1aef3f2047c48f99d65c9951a74c84e
EXPERT_PACK source=/mnt/disk01/models/glm53f-reap/REAP50-Q22-down-only-experimental.gguf backend=native retained=0
STAGING compact=1 slot_MiB=127
FLOATING_Q8 tensor=blk.0.hc_attn_fn source_type=0 MiB=0.398438
FLOATING_Q8 tensor=blk.0.hc_ffn_fn source_type=0 MiB=0.398438
FLOATING_Q8 tensor=blk.1.hc_attn_fn source_type=0 MiB=0.398438
FLOATING_Q8 tensor=blk.1.hc_ffn_fn source_type=0 MiB=0.398438
FLOATING_Q8 tensor=blk.10.hc_attn_fn source_type=0 MiB=0.398438
FLOATING_Q8 tensor=blk.10.hc_ffn_fn source_type=0 MiB=0.398438
FLOATING_Q8 tensor=blk.11.attn_k_b.weight source_type=12 MiB=8.5
FLOATING_Q8 tensor=blk.11.attn_v_b.weight source_type=12 MiB=8.5
FLOATING_Q8 tensor=blk.11.hc_attn_fn source_type=0 MiB=0.398438
FLOATING_Q8 tensor=blk.11.hc_ffn_fn source_type=0 MiB=0.398438
FLOATING_Q8 tensor=blk.12.hc_attn_fn source_type=0 MiB=0.398438
FLOATING_Q8 tensor=blk.12.hc_ffn_fn source_type=0 MiB=0.398438
FLOATING_Q8 tensor=blk.13.hc_attn_fn source_type=0 MiB=0.398438
FLOATING_Q8 tensor=blk.13.hc_ffn_fn source_type=0 MiB=0.398438
FLOATING_Q8 tensor=blk.14.hc_attn_fn source_type=0 MiB=0.398438
FLOATING_Q8 tensor=blk.14.hc_ffn_fn source_type=0 MiB=0.398438
FLOATING_Q8 tensor=blk.15.attn_k_b.weight source_type=12 MiB=8.5
FLOATING_Q8 tensor=blk.15.attn_v_b.weight source_type=12 MiB=8.5
FLOATING_Q8 tensor=blk.15.hc_attn_fn source_type=0 MiB=0.398438
FLOATING_Q8 tensor=blk.15.hc_ffn_fn source_type=0 MiB=0.398438
FLOATING_Q8 tensor=blk.16.hc_attn_fn source_type=0 MiB=0.398438
FLOATING_Q8 tensor=blk.16.hc_ffn_fn source_type=0 MiB=0.398438
FLOATING_Q8 tensor=blk.17.hc_attn_fn source_type=0 MiB=0.398438
FLOATING_Q8 tensor=blk.17.hc_ffn_fn source_type=0 MiB=0.398438
FLOATING_Q8 tensor=blk.18.hc_attn_fn source_type=0 MiB=0.398438
FLOATING_Q8 tensor=blk.18.hc_ffn_fn source_type=0 MiB=0.398438
FLOATING_Q8 tensor=blk.19.attn_k_b.weight source_type=12 MiB=8.5
FLOATING_Q8 tensor=blk.19.attn_v_b.weight source_type=12 MiB=8.5
FLOATING_Q8 tensor=blk.19.hc_attn_fn source_type=0 MiB=0.398438
FLOATING_Q8 tensor=blk.19.hc_ffn_fn source_type=0 MiB=0.398438
FLOATING_Q8 tensor=blk.2.hc_attn_fn source_type=0 MiB=0.398438
FLOATING_Q8 tensor=blk.2.hc_ffn_fn source_type=0 MiB=0.398438
FLOATING_Q8 tensor=blk.20.hc_attn_fn source_type=0 MiB=0.398438
FLOATING_Q8 tensor=blk.20.hc_ffn_fn source_type=0 MiB=0.398438
FLOATING_Q8 tensor=blk.21.hc_attn_fn source_type=0 MiB=0.398438
FLOATING_Q8 tensor=blk.21.hc_ffn_fn source_type=0 MiB=0.398438
FLOATING_Q8 tensor=blk.22.hc_attn_fn source_type=0 MiB=0.398438
FLOATING_Q8 tensor=blk.22.hc_ffn_fn source_type=0 MiB=0.398438
FLOATING_Q8 tensor=blk.23.attn_k_b.weight source_type=12 MiB=8.5
FLOATING_Q8 tensor=blk.23.attn_v_b.weight source_type=12 MiB=8.5
FLOATING_Q8 tensor=blk.23.hc_attn_fn source_type=0 MiB=0.398438
FLOATING_Q8 tensor=blk.23.hc_ffn_fn source_type=0 MiB=0.398438
FLOATING_Q8 tensor=blk.24.hc_attn_fn source_type=0 MiB=0.398438
FLOATING_Q8 tensor=blk.24.hc_ffn_fn source_type=0 MiB=0.398438
FLOATING_Q8 tensor=blk.25.hc_attn_fn source_type=0 MiB=0.398438
FLOATING_Q8 tensor=blk.25.hc_ffn_fn source_type=0 MiB=0.398438
FLOATING_Q8 tensor=blk.26.hc_attn_fn source_type=0 MiB=0.398438
FLOATING_Q8 tensor=blk.26.hc_ffn_fn source_type=0 MiB=0.398438
FLOATING_Q8 tensor=blk.27.attn_k_b.weight source_type=12 MiB=8.5
FLOATING_Q8 tensor=blk.27.attn_v_b.weight source_type=12 MiB=8.5
FLOATING_Q8 tensor=blk.27.hc_attn_fn source_type=0 MiB=0.398438
FLOATING_Q8 tensor=blk.27.hc_ffn_fn source_type=0 MiB=0.398438
FLOATING_Q8 tensor=blk.28.hc_attn_fn source_type=0 MiB=0.398438
FLOATING_Q8 tensor=blk.28.hc_ffn_fn source_type=0 MiB=0.398438
FLOATING_Q8 tensor=blk.29.hc_attn_fn source_type=0 MiB=0.398438
FLOATING_Q8 tensor=blk.29.hc_ffn_fn source_type=0 MiB=0.398438
FLOATING_Q8 tensor=blk.3.attn_k_b.weight source_type=12 MiB=8.5
FLOATING_Q8 tensor=blk.3.attn_v_b.weight source_type=12 MiB=8.5
FLOATING_Q8 tensor=blk.3.hc_attn_fn source_type=0 MiB=0.398438
FLOATING_Q8 tensor=blk.3.hc_ffn_fn source_type=0 MiB=0.398438
FLOATING_Q8 tensor=blk.30.hc_attn_fn source_type=0 MiB=0.398438
FLOATING_Q8 tensor=blk.30.hc_ffn_fn source_type=0 MiB=0.398438
FLOATING_Q8 tensor=blk.31.attn_k_b.weight source_type=12 MiB=8.5
FLOATING_Q8 tensor=blk.31.attn_v_b.weight source_type=12 MiB=8.5
FLOATING_Q8 tensor=blk.31.hc_attn_fn source_type=0 MiB=0.398438
FLOATING_Q8 tensor=blk.31.hc_ffn_fn source_type=0 MiB=0.398438
FLOATING_Q8 tensor=blk.32.hc_attn_fn source_type=0 MiB=0.398438
FLOATING_Q8 tensor=blk.32.hc_ffn_fn source_type=0 MiB=0.398438
FLOATING_Q8 tensor=blk.33.hc_attn_fn source_type=0 MiB=0.398438
FLOATING_Q8 tensor=blk.33.hc_ffn_fn source_type=0 MiB=0.398438
FLOATING_Q8 tensor=blk.34.hc_attn_fn source_type=0 MiB=0.398438
FLOATING_Q8 tensor=blk.34.hc_ffn_fn source_type=0 MiB=0.398438
FLOATING_Q8 tensor=blk.35.attn_k_b.weight source_type=12 MiB=8.5
FLOATING_Q8 tensor=blk.35.attn_v_b.weight source_type=12 MiB=8.5
FLOATING_Q8 tensor=blk.35.hc_attn_fn source_type=0 MiB=0.398438
FLOATING_Q8 tensor=blk.35.hc_ffn_fn source_type=0 MiB=0.398438
FLOATING_Q8 tensor=blk.36.hc_attn_fn source_type=0 MiB=0.398438
FLOATING_Q8 tensor=blk.36.hc_ffn_fn source_type=0 MiB=0.398438
FLOATING_Q8 tensor=blk.37.hc_attn_fn source_type=0 MiB=0.398438
FLOATING_Q8 tensor=blk.37.hc_ffn_fn source_type=0 MiB=0.398438
FLOATING_Q8 tensor=blk.38.hc_attn_fn source_type=0 MiB=0.398438
FLOATING_Q8 tensor=blk.38.hc_ffn_fn source_type=0 MiB=0.398438
FLOATING_Q8 tensor=blk.39.attn_k_b.weight source_type=12 MiB=8.5
FLOATING_Q8 tensor=blk.39.attn_v_b.weight source_type=12 MiB=8.5
FLOATING_Q8 tensor=blk.39.hc_attn_fn source_type=0 MiB=0.398438
FLOATING_Q8 tensor=blk.39.hc_ffn_fn source_type=0 MiB=0.398438
FLOATING_Q8 tensor=blk.4.hc_attn_fn source_type=0 MiB=0.398438
FLOATING_Q8 tensor=blk.4.hc_ffn_fn source_type=0 MiB=0.398438
FLOATING_Q8 tensor=blk.40.hc_attn_fn source_type=0 MiB=0.398438
FLOATING_Q8 tensor=blk.40.hc_ffn_fn source_type=0 MiB=0.398438
FLOATING_Q8 tensor=blk.41.hc_attn_fn source_type=0 MiB=0.398438
FLOATING_Q8 tensor=blk.41.hc_ffn_fn source_type=0 MiB=0.398438
FLOATING_Q8 tensor=blk.42.hc_attn_fn source_type=0 MiB=0.398438
FLOATING_Q8 tensor=blk.42.hc_ffn_fn source_type=0 MiB=0.398438
FLOATING_Q8 tensor=blk.43.attn_k_b.weight source_type=12 MiB=8.5
FLOATING_Q8 tensor=blk.43.attn_v_b.weight source_type=12 MiB=8.5
FLOATING_Q8 tensor=blk.43.hc_attn_fn source_type=0 MiB=0.398438
FLOATING_Q8 tensor=blk.43.hc_ffn_fn source_type=0 MiB=0.398438
FLOATING_Q8 tensor=blk.44.hc_attn_fn source_type=0 MiB=0.398438
FLOATING_Q8 tensor=blk.44.hc_ffn_fn source_type=0 MiB=0.398438
FLOATING_Q8 tensor=blk.5.hc_attn_fn source_type=0 MiB=0.398438
FLOATING_Q8 tensor=blk.5.hc_ffn_fn source_type=0 MiB=0.398438
FLOATING_Q8 tensor=blk.6.hc_attn_fn source_type=0 MiB=0.398438
FLOATING_Q8 tensor=blk.6.hc_ffn_fn source_type=0 MiB=0.398438
FLOATING_Q8 tensor=blk.7.attn_k_b.weight source_type=12 MiB=8.5
FLOATING_Q8 tensor=blk.7.attn_v_b.weight source_type=12 MiB=8.5
FLOATING_Q8 tensor=blk.7.hc_attn_fn source_type=0 MiB=0.398438
FLOATING_Q8 tensor=blk.7.hc_ffn_fn source_type=0 MiB=0.398438
FLOATING_Q8 tensor=blk.8.hc_attn_fn source_type=0 MiB=0.398438
FLOATING_Q8 tensor=blk.8.hc_ffn_fn source_type=0 MiB=0.398438
FLOATING_Q8 tensor=blk.9.hc_attn_fn source_type=0 MiB=0.398438
FLOATING_Q8 tensor=blk.9.hc_ffn_fn source_type=0 MiB=0.398438
GPU prefill chunk=2048 staging_workers=4 numa_cpus=0,1,2,3
GPU allocated_MiB=7128.73 reserved_runtime_MiB=1024 budget_MiB=15360
GPU_DENSE_HOST_RELEASE phase=main tensors=1256 source_MiB_advised=5040.35 ms=176.103
TIER_DIRECT registered_MiB=47628 ranges=85 ms=5729.99
PREFILL_PARTITION primary_groups=9 secondary_groups=0
PREFILL_CACHE device=0 budget_MiB=0 reserve_MiB=768
PREFILL_CACHE_PLAN device=0 base_groups=0 unused_MiB=0
MAPPED_EXPERTS numa_rows=0 lazy=1 bytes=49941577728
PREFILL trial=0 tokens=2048 batch=2048 ms=23927.6 tok_s=85.5916
FAULTS trial=0 major=0 minor=343729
HOST_RSS peak_MiB=49317.6
CPU_EXPERT gu_ms=0 quant_ms=0 down_ms=0 layer_flow_ms=0 bytes=0
GPU peak_allocated_MiB=7128.73 native_expert_bytes=49941577728 expert_groups=378 staging_ms=3825.38
PREFILL_SCRATCH device=0 peak_MiB=696.564 capacity_MiB=1024
GPU_LIVE device=0 dense_MiB=5029.21 other_MiB=294.414 prefill_MiB=1566 state_MiB=239.105
GPU_DEVICE device=0 peak_allocated_MiB=7128.73 live_MiB=7128.73 native_expert_bytes=49941577728 staging_ms=3825.38 cache_hits=0 cache_hit_bytes=0 cuda_used_MiB=8010 free_MiB=8294
MAPPED_EXPERTS numa_rows=0 lazy=1 bytes=49941577728
PREFILL_WORK device=0 transferred_bytes=49941577728 staging_ms=3825.38 actual_rows=0 padded_rows=0 dequant_values=0
DECODE_RUNTIME override_reserve_MiB=512
DECODE_CACHE prefix_trained=1 slots=1074 MiB=8457.75 fingerprint=3822059791401839475
RESPONSE_PREPARE kind=decode_cache ms=1320.83
RESPONSE_PREPARE kind=cpu ms=0.001423
DECODE_TRIAL index=0
DECODE_STEP index=1 ms=42.8065
DECODE_STEP index=2 ms=31.4015
DECODE_STEP index=3 ms=27.9568
DECODE_STEP index=4 ms=28.1346
DECODE_STEP index=5 ms=33.8731
DECODE_STEP index=6 ms=32.1852
DECODE_STEP index=7 ms=28.0498
DECODE_STEP index=8 ms=29.1449
DECODE_STEP index=9 ms=30.0851
DECODE_STEP index=10 ms=30.4362
DECODE_STEP index=11 ms=34.6994
DECODE_STEP index=12 ms=34.534
DECODE_STEP index=13 ms=33.6029
DECODE_STEP index=14 ms=29.5138
DECODE_STEP index=15 ms=29.9889
DECODE_STEP index=16 ms=33.597
DECODE_STEP index=17 ms=30.119
DECODE_STEP index=18 ms=29.0814
DECODE_STEP index=19 ms=29.5436
DECODE_STEP index=20 ms=30.5858
DECODE_STEP index=21 ms=31.7552
DECODE_STEP index=22 ms=31.3524
DECODE_STEP index=23 ms=29.956
DECODE_STEP index=24 ms=29.2013
DECODE_STEP index=25 ms=29.9528
DECODE_STEP index=26 ms=31.8575
DECODE_STEP index=27 ms=29.3005
DECODE_STEP index=28 ms=28.7082
DECODE_STEP index=29 ms=28.5099
DECODE_STEP index=30 ms=31.0515
DECODE_STEP index=31 ms=28.8337
DECODE_STEP index=32 ms=29.931
DECODE_STEP index=33 ms=29.0447
DECODE_STEP index=34 ms=29.2664
DECODE_STEP index=35 ms=28.6876
DECODE_STEP index=36 ms=30.0582
DECODE_STEP index=37 ms=32.299
DECODE_STEP index=38 ms=29.1149
DECODE_STEP index=39 ms=28.078
DECODE_STEP index=40 ms=28.7545
DECODE_STEP index=41 ms=29.6668
DECODE_STEP index=42 ms=31.7925
DECODE_STEP index=43 ms=28.3748
DECODE_STEP index=44 ms=29.1399
DECODE_STEP index=45 ms=28.1206
DECODE_STEP index=46 ms=30.3117
DECODE_STEP index=47 ms=28.8662
DECODE_STEP index=48 ms=29.1862
DECODE_STEP index=49 ms=29.0899
DECODE_STEP index=50 ms=29.1552
DECODE_STEP index=51 ms=28.8972
DECODE_STEP index=52 ms=28.3728
DECODE_STEP index=53 ms=30.6916
DECODE_STEP index=54 ms=29.1412
DECODE_STEP index=55 ms=31.5641
DECODE_STEP index=56 ms=28.5175
DECODE_STEP index=57 ms=28.1032
DECODE_STEP index=58 ms=29.2387
DECODE_STEP index=59 ms=28.4238
DECODE_STEP index=60 ms=28.5775
DECODE_STEP index=61 ms=29.7137
DECODE_STEP index=62 ms=31.2835
DECODE_STEP index=63 ms=28.3641
DECODE_STEP index=64 ms=28.6803
DECODE_STEP index=65 ms=28.6715
DECODE_STEP index=66 ms=29.8055
DECODE_STEP index=67 ms=28.5646
DECODE_STEP index=68 ms=29.5635
DECODE_STEP index=69 ms=29.3556
DECODE_STEP index=70 ms=28.4035
DECODE_STEP index=71 ms=29.5393
DECODE_STEP index=72 ms=30.1854
DECODE_STEP index=73 ms=29.0107
DECODE_STEP index=74 ms=28.4783
DECODE_STEP index=75 ms=28.6837
DECODE_STEP index=76 ms=29.4436
DECODE_STEP index=77 ms=28.583
DECODE_STEP index=78 ms=28.3107
DECODE_STEP index=79 ms=31.755
DECODE_STEP index=80 ms=29.2094
DECODE_STEP index=81 ms=30.7373
DECODE_STEP index=82 ms=27.9965
DECODE_STEP index=83 ms=28.4054
DECODE_STEP index=84 ms=29.0639
DECODE_STEP index=85 ms=28.6566
DECODE_STEP index=86 ms=28.6508
DECODE_STEP index=87 ms=31.9922
DECODE_STEP index=88 ms=29.0641
DECODE_STEP index=89 ms=27.8722
DECODE_STEP index=90 ms=32.0178
DECODE_STEP index=91 ms=29.4037
DECODE_STEP index=92 ms=28.0707
DECODE_STEP index=93 ms=29.238
DECODE_STEP index=94 ms=28.9793
DECODE_STEP index=95 ms=28.5975
DECODE_STEP index=96 ms=30.2265
DECODE_STEP index=97 ms=29.6719
DECODE_STEP index=98 ms=34.1433
DECODE_STEP index=99 ms=29.1942
DECODE_STEP index=100 ms=32.4209
DECODE_STEP index=101 ms=29.6292
DECODE_STEP index=102 ms=31.9002
DECODE_STEP index=103 ms=28.5572
DECODE_STEP index=104 ms=27.815
DECODE_STEP index=105 ms=27.8635
DECODE_STEP index=106 ms=30.2582
DECODE_STEP index=107 ms=27.964
DECODE_STEP index=108 ms=28.1813
DECODE_STEP index=109 ms=27.9014
DECODE_STEP index=110 ms=28.9371
DECODE_STEP index=111 ms=29.5636
DECODE_STEP index=112 ms=29.0415
DECODE_STEP index=113 ms=33.4564
DECODE_STEP index=114 ms=28.8126
DECODE_STEP index=115 ms=29.9148
DECODE_STEP index=116 ms=30.4867
DECODE_STEP index=117 ms=28.0287
DECODE_STEP index=118 ms=28.4305
DECODE_STEP index=119 ms=28.3264
DECODE_STEP index=120 ms=29.7055
DECODE_STEP index=121 ms=28.5758
DECODE_STEP index=122 ms=29.0117
DECODE_STEP index=123 ms=28.3353
DECODE_STEP index=124 ms=29.0308
DECODE_STEP index=125 ms=29.2411
DECODE_STEP index=126 ms=28.2781
DECODE_STEP index=127 ms=27.9531
DECODE steps=127 ms=3792.73 tok_s=33.4852
HOST_RSS peak_MiB=49317.6
CPU_EXPERT gu_ms=0 quant_ms=0 down_ms=0 layer_flow_ms=1082.52 bytes=29388570624
STEP_TRACE steps=127 moe_layers=5334 pipelined=1 head_ms=275.665 cpu_ms=1154.52 between_ms=2122.76 tail_ms=209.486 tail_sync_ms=127.286 tail_plan_ms=39.9051 tail_copy_ms=38.471 enqueue_ms=475.718 tier_swaps=206 split_windows=0 per_step_ms=29.6254
GPU peak_allocated_MiB=13836.3 native_expert_bytes=0 expert_groups=0 staging_ms=0
PREFILL_SCRATCH device=0 peak_MiB=5.07129 capacity_MiB=32
GPU_LIVE device=0 dense_MiB=5029.21 other_MiB=8533.01 prefill_MiB=32 resident_exec_MiB=2.94288 state_MiB=239.105
GPU_DEVICE device=0 peak_allocated_MiB=13836.3 live_MiB=13836.3 native_expert_bytes=0 staging_ms=0 cache_hits=0 cache_hit_bytes=0 cuda_used_MiB=14830 free_MiB=1474
resident expert entries=39113/42672
Finished with result: success
Main processes terminated with: code=exited/status=0
Service runtime: 44.892s
CPU time consumed: 1min 58.002s
Memory peak: 256.0K
Memory swap peak: 0B
