25
825
20455
17629
284
1874
9
102636
488
13665
3419
4351
624
3776
20455
17629
369
279
19827
26
5515
13931
12519
25
825
20455
17629
284
1874
9
102636
861
220
103302
25
1874
9
102636
488
13665
3419
4351
198
2575
8426
82
825
20455
17629
369
279
19827
26
3980
25
3776
20455
17629
369
7364
75
1561
85
24
99064
25
1874
9
12158
75
1561
85
24
99064
25
1874
9
12158
75
1561
86
24
99064
25
1874
9
12158
71
1561
85
24
99064
25
7364
75
1561
85
24
99064
25
1874
9
12158
75
1561
85
24
24
99064
25
1874
9
12158
75
5746
25
3776
20455
17629
369
7364
75
1561
85
24
21
99064
25
