Running as unit: strata-st-q22fit10q3-413487.service; invocation ID: efe00877ebbe46fb9121e0a82aa2a348
EXPERT_PACK source=/mnt/disk01/models/glm53f-reap/REAP50-Q22-down-only-experimental.gguf backend=native retained=0
STAGING compact=1 slot_MiB=127
FLOATING_Q8 tensor=blk.0.hc_attn_fn source_type=0 MiB=0.398438
FLOATING_Q8 tensor=blk.0.hc_ffn_fn source_type=0 MiB=0.398438
FLOATING_Q8 tensor=blk.1.hc_attn_fn source_type=0 MiB=0.398438
FLOATING_Q8 tensor=blk.1.hc_ffn_fn source_type=0 MiB=0.398438
DENSE_Q3 tensor=blk.10.attn_k.weight source_type=12 MiB=13.75
DENSE_Q3 tensor=blk.10.attn_output.weight source_type=12 MiB=13.75
DENSE_Q3 tensor=blk.10.attn_q.weight source_type=12 MiB=13.75
DENSE_Q3 tensor=blk.10.attn_v.weight source_type=12 MiB=13.75
FLOATING_Q8 tensor=blk.10.hc_attn_fn source_type=0 MiB=0.398438
FLOATING_Q8 tensor=blk.10.hc_ffn_fn source_type=0 MiB=0.398438
FLOATING_Q8 tensor=blk.11.attn_k_b.weight source_type=12 MiB=8.5
DENSE_Q3 tensor=blk.11.attn_output.weight source_type=12 MiB=27.5
DENSE_Q3 tensor=blk.11.attn_q_a.weight source_type=12 MiB=2.57812
DENSE_Q3 tensor=blk.11.attn_q_b.weight source_type=12 MiB=10.3125
FLOATING_Q8 tensor=blk.11.attn_v_b.weight source_type=12 MiB=8.5
FLOATING_Q8 tensor=blk.11.hc_attn_fn source_type=0 MiB=0.398438
FLOATING_Q8 tensor=blk.11.hc_ffn_fn source_type=0 MiB=0.398438
DENSE_Q3 tensor=blk.11.indexer.attn_q_b.weight source_type=12 MiB=2.57812
DENSE_Q3 tensor=blk.12.attn_k.weight source_type=12 MiB=13.75
DENSE_Q3 tensor=blk.12.attn_output.weight source_type=12 MiB=13.75
DENSE_Q3 tensor=blk.12.attn_q.weight source_type=12 MiB=13.75
DENSE_Q3 tensor=blk.12.attn_v.weight source_type=14 MiB=13.75
FLOATING_Q8 tensor=blk.12.hc_attn_fn source_type=0 MiB=0.398438
FLOATING_Q8 tensor=blk.12.hc_ffn_fn source_type=0 MiB=0.398438
DENSE_Q3 tensor=blk.13.attn_k.weight source_type=12 MiB=13.75
DENSE_Q3 tensor=blk.13.attn_output.weight source_type=12 MiB=13.75
DENSE_Q3 tensor=blk.13.attn_q.weight source_type=12 MiB=13.75
DENSE_Q3 tensor=blk.13.attn_v.weight source_type=12 MiB=13.75
FLOATING_Q8 tensor=blk.13.hc_attn_fn source_type=0 MiB=0.398438
FLOATING_Q8 tensor=blk.13.hc_ffn_fn source_type=0 MiB=0.398438
DENSE_Q3 tensor=blk.14.attn_k.weight source_type=12 MiB=13.75
DENSE_Q3 tensor=blk.14.attn_output.weight source_type=12 MiB=13.75
DENSE_Q3 tensor=blk.14.attn_q.weight source_type=12 MiB=13.75
DENSE_Q3 tensor=blk.14.attn_v.weight source_type=12 MiB=13.75
FLOATING_Q8 tensor=blk.14.hc_attn_fn source_type=0 MiB=0.398438
FLOATING_Q8 tensor=blk.14.hc_ffn_fn source_type=0 MiB=0.398438
FLOATING_Q8 tensor=blk.15.attn_k_b.weight source_type=12 MiB=8.5
DENSE_Q3 tensor=blk.15.attn_output.weight source_type=12 MiB=27.5
DENSE_Q3 tensor=blk.15.attn_q_a.weight source_type=12 MiB=2.57812
DENSE_Q3 tensor=blk.15.attn_q_b.weight source_type=12 MiB=10.3125
FLOATING_Q8 tensor=blk.15.attn_v_b.weight source_type=12 MiB=8.5
FLOATING_Q8 tensor=blk.15.hc_attn_fn source_type=0 MiB=0.398438
FLOATING_Q8 tensor=blk.15.hc_ffn_fn source_type=0 MiB=0.398438
DENSE_Q3 tensor=blk.15.indexer.attn_q_b.weight source_type=12 MiB=2.57812
DENSE_Q3 tensor=blk.16.attn_k.weight source_type=12 MiB=13.75
DENSE_Q3 tensor=blk.16.attn_output.weight source_type=12 MiB=13.75
DENSE_Q3 tensor=blk.16.attn_q.weight source_type=12 MiB=13.75
DENSE_Q3 tensor=blk.16.attn_v.weight source_type=14 MiB=13.75
FLOATING_Q8 tensor=blk.16.hc_attn_fn source_type=0 MiB=0.398438
FLOATING_Q8 tensor=blk.16.hc_ffn_fn source_type=0 MiB=0.398438
DENSE_Q3 tensor=blk.17.attn_k.weight source_type=12 MiB=13.75
DENSE_Q3 tensor=blk.17.attn_output.weight source_type=12 MiB=13.75
DENSE_Q3 tensor=blk.17.attn_q.weight source_type=12 MiB=13.75
DENSE_Q3 tensor=blk.17.attn_v.weight source_type=12 MiB=13.75
FLOATING_Q8 tensor=blk.17.hc_attn_fn source_type=0 MiB=0.398438
FLOATING_Q8 tensor=blk.17.hc_ffn_fn source_type=0 MiB=0.398438
DENSE_Q3 tensor=blk.18.attn_k.weight source_type=12 MiB=13.75
DENSE_Q3 tensor=blk.18.attn_output.weight source_type=12 MiB=13.75
DENSE_Q3 tensor=blk.18.attn_q.weight source_type=12 MiB=13.75
DENSE_Q3 tensor=blk.18.attn_v.weight source_type=12 MiB=13.75
FLOATING_Q8 tensor=blk.18.hc_attn_fn source_type=0 MiB=0.398438
FLOATING_Q8 tensor=blk.18.hc_ffn_fn source_type=0 MiB=0.398438
FLOATING_Q8 tensor=blk.19.attn_k_b.weight source_type=12 MiB=8.5
DENSE_Q3 tensor=blk.19.attn_output.weight source_type=12 MiB=27.5
DENSE_Q3 tensor=blk.19.attn_q_a.weight source_type=12 MiB=2.57812
DENSE_Q3 tensor=blk.19.attn_q_b.weight source_type=12 MiB=10.3125
FLOATING_Q8 tensor=blk.19.attn_v_b.weight source_type=12 MiB=8.5
FLOATING_Q8 tensor=blk.19.hc_attn_fn source_type=0 MiB=0.398438
FLOATING_Q8 tensor=blk.19.hc_ffn_fn source_type=0 MiB=0.398438
DENSE_Q3 tensor=blk.19.indexer.attn_q_b.weight source_type=12 MiB=2.57812
FLOATING_Q8 tensor=blk.2.hc_attn_fn source_type=0 MiB=0.398438
FLOATING_Q8 tensor=blk.2.hc_ffn_fn source_type=0 MiB=0.398438
DENSE_Q3 tensor=blk.20.attn_k.weight source_type=12 MiB=13.75
DENSE_Q3 tensor=blk.20.attn_output.weight source_type=12 MiB=13.75
DENSE_Q3 tensor=blk.20.attn_q.weight source_type=12 MiB=13.75
DENSE_Q3 tensor=blk.20.attn_v.weight source_type=14 MiB=13.75
FLOATING_Q8 tensor=blk.20.hc_attn_fn source_type=0 MiB=0.398438
FLOATING_Q8 tensor=blk.20.hc_ffn_fn source_type=0 MiB=0.398438
DENSE_Q3 tensor=blk.21.attn_k.weight source_type=12 MiB=13.75
DENSE_Q3 tensor=blk.21.attn_output.weight source_type=12 MiB=13.75
DENSE_Q3 tensor=blk.21.attn_q.weight source_type=12 MiB=13.75
DENSE_Q3 tensor=blk.21.attn_v.weight source_type=12 MiB=13.75
FLOATING_Q8 tensor=blk.21.hc_attn_fn source_type=0 MiB=0.398438
FLOATING_Q8 tensor=blk.21.hc_ffn_fn source_type=0 MiB=0.398438
DENSE_Q3 tensor=blk.22.attn_k.weight source_type=12 MiB=13.75
DENSE_Q3 tensor=blk.22.attn_output.weight source_type=12 MiB=13.75
DENSE_Q3 tensor=blk.22.attn_q.weight source_type=12 MiB=13.75
DENSE_Q3 tensor=blk.22.attn_v.weight source_type=12 MiB=13.75
FLOATING_Q8 tensor=blk.22.hc_attn_fn source_type=0 MiB=0.398438
FLOATING_Q8 tensor=blk.22.hc_ffn_fn source_type=0 MiB=0.398438
FLOATING_Q8 tensor=blk.23.attn_k_b.weight source_type=12 MiB=8.5
DENSE_Q3 tensor=blk.23.attn_output.weight source_type=12 MiB=27.5
DENSE_Q3 tensor=blk.23.attn_q_a.weight source_type=12 MiB=2.57812
DENSE_Q3 tensor=blk.23.attn_q_b.weight source_type=12 MiB=10.3125
FLOATING_Q8 tensor=blk.23.attn_v_b.weight source_type=12 MiB=8.5
FLOATING_Q8 tensor=blk.23.hc_attn_fn source_type=0 MiB=0.398438
FLOATING_Q8 tensor=blk.23.hc_ffn_fn source_type=0 MiB=0.398438
DENSE_Q3 tensor=blk.23.indexer.attn_q_b.weight source_type=12 MiB=2.57812
DENSE_Q3 tensor=blk.24.attn_k.weight source_type=12 MiB=13.75
DENSE_Q3 tensor=blk.24.attn_output.weight source_type=12 MiB=13.75
DENSE_Q3 tensor=blk.24.attn_q.weight source_type=12 MiB=13.75
DENSE_Q3 tensor=blk.24.attn_v.weight source_type=14 MiB=13.75
FLOATING_Q8 tensor=blk.24.hc_attn_fn source_type=0 MiB=0.398438
FLOATING_Q8 tensor=blk.24.hc_ffn_fn source_type=0 MiB=0.398438
DENSE_Q3 tensor=blk.25.attn_k.weight source_type=12 MiB=13.75
DENSE_Q3 tensor=blk.25.attn_output.weight source_type=12 MiB=13.75
DENSE_Q3 tensor=blk.25.attn_q.weight source_type=12 MiB=13.75
DENSE_Q3 tensor=blk.25.attn_v.weight source_type=12 MiB=13.75
FLOATING_Q8 tensor=blk.25.hc_attn_fn source_type=0 MiB=0.398438
FLOATING_Q8 tensor=blk.25.hc_ffn_fn source_type=0 MiB=0.398438
DENSE_Q3 tensor=blk.26.attn_k.weight source_type=12 MiB=13.75
DENSE_Q3 tensor=blk.26.attn_output.weight source_type=12 MiB=13.75
DENSE_Q3 tensor=blk.26.attn_q.weight source_type=12 MiB=13.75
DENSE_Q3 tensor=blk.26.attn_v.weight source_type=12 MiB=13.75
FLOATING_Q8 tensor=blk.26.hc_attn_fn source_type=0 MiB=0.398438
FLOATING_Q8 tensor=blk.26.hc_ffn_fn source_type=0 MiB=0.398438
FLOATING_Q8 tensor=blk.27.attn_k_b.weight source_type=12 MiB=8.5
DENSE_Q3 tensor=blk.27.attn_output.weight source_type=12 MiB=27.5
DENSE_Q3 tensor=blk.27.attn_q_a.weight source_type=12 MiB=2.57812
DENSE_Q3 tensor=blk.27.attn_q_b.weight source_type=12 MiB=10.3125
FLOATING_Q8 tensor=blk.27.attn_v_b.weight source_type=12 MiB=8.5
FLOATING_Q8 tensor=blk.27.hc_attn_fn source_type=0 MiB=0.398438
FLOATING_Q8 tensor=blk.27.hc_ffn_fn source_type=0 MiB=0.398438
DENSE_Q3 tensor=blk.27.indexer.attn_q_b.weight source_type=12 MiB=2.57812
DENSE_Q3 tensor=blk.28.attn_k.weight source_type=12 MiB=13.75
DENSE_Q3 tensor=blk.28.attn_output.weight source_type=12 MiB=13.75
DENSE_Q3 tensor=blk.28.attn_q.weight source_type=12 MiB=13.75
DENSE_Q3 tensor=blk.28.attn_v.weight source_type=14 MiB=13.75
FLOATING_Q8 tensor=blk.28.hc_attn_fn source_type=0 MiB=0.398438
FLOATING_Q8 tensor=blk.28.hc_ffn_fn source_type=0 MiB=0.398438
DENSE_Q3 tensor=blk.29.attn_k.weight source_type=12 MiB=13.75
DENSE_Q3 tensor=blk.29.attn_output.weight source_type=12 MiB=13.75
DENSE_Q3 tensor=blk.29.attn_q.weight source_type=12 MiB=13.75
DENSE_Q3 tensor=blk.29.attn_v.weight source_type=12 MiB=13.75
FLOATING_Q8 tensor=blk.29.hc_attn_fn source_type=0 MiB=0.398438
FLOATING_Q8 tensor=blk.29.hc_ffn_fn source_type=0 MiB=0.398438
FLOATING_Q8 tensor=blk.3.attn_k_b.weight source_type=12 MiB=8.5
DENSE_Q3 tensor=blk.3.attn_output.weight source_type=12 MiB=27.5
DENSE_Q3 tensor=blk.3.attn_q_a.weight source_type=12 MiB=2.57812
DENSE_Q3 tensor=blk.3.attn_q_b.weight source_type=12 MiB=10.3125
FLOATING_Q8 tensor=blk.3.attn_v_b.weight source_type=12 MiB=8.5
FLOATING_Q8 tensor=blk.3.hc_attn_fn source_type=0 MiB=0.398438
FLOATING_Q8 tensor=blk.3.hc_ffn_fn source_type=0 MiB=0.398438
DENSE_Q3 tensor=blk.3.indexer.attn_q_b.weight source_type=12 MiB=2.57812
DENSE_Q3 tensor=blk.30.attn_k.weight source_type=12 MiB=13.75
DENSE_Q3 tensor=blk.30.attn_output.weight source_type=12 MiB=13.75
DENSE_Q3 tensor=blk.30.attn_q.weight source_type=12 MiB=13.75
DENSE_Q3 tensor=blk.30.attn_v.weight source_type=12 MiB=13.75
FLOATING_Q8 tensor=blk.30.hc_attn_fn source_type=0 MiB=0.398438
FLOATING_Q8 tensor=blk.30.hc_ffn_fn source_type=0 MiB=0.398438
FLOATING_Q8 tensor=blk.31.attn_k_b.weight source_type=12 MiB=8.5
DENSE_Q3 tensor=blk.31.attn_output.weight source_type=12 MiB=27.5
DENSE_Q3 tensor=blk.31.attn_q_a.weight source_type=12 MiB=2.57812
DENSE_Q3 tensor=blk.31.attn_q_b.weight source_type=12 MiB=10.3125
FLOATING_Q8 tensor=blk.31.attn_v_b.weight source_type=12 MiB=8.5
FLOATING_Q8 tensor=blk.31.hc_attn_fn source_type=0 MiB=0.398438
FLOATING_Q8 tensor=blk.31.hc_ffn_fn source_type=0 MiB=0.398438
DENSE_Q3 tensor=blk.31.indexer.attn_q_b.weight source_type=12 MiB=2.57812
DENSE_Q3 tensor=blk.32.attn_k.weight source_type=12 MiB=13.75
DENSE_Q3 tensor=blk.32.attn_output.weight source_type=12 MiB=13.75
DENSE_Q3 tensor=blk.32.attn_q.weight source_type=12 MiB=13.75
DENSE_Q3 tensor=blk.32.attn_v.weight source_type=14 MiB=13.75
FLOATING_Q8 tensor=blk.32.hc_attn_fn source_type=0 MiB=0.398438
FLOATING_Q8 tensor=blk.32.hc_ffn_fn source_type=0 MiB=0.398438
DENSE_Q3 tensor=blk.33.attn_k.weight source_type=12 MiB=13.75
DENSE_Q3 tensor=blk.33.attn_output.weight source_type=12 MiB=13.75
DENSE_Q3 tensor=blk.33.attn_q.weight source_type=12 MiB=13.75
DENSE_Q3 tensor=blk.33.attn_v.weight source_type=12 MiB=13.75
FLOATING_Q8 tensor=blk.33.hc_attn_fn source_type=0 MiB=0.398438
FLOATING_Q8 tensor=blk.33.hc_ffn_fn source_type=0 MiB=0.398438
DENSE_Q3 tensor=blk.34.attn_k.weight source_type=12 MiB=13.75
DENSE_Q3 tensor=blk.34.attn_output.weight source_type=12 MiB=13.75
DENSE_Q3 tensor=blk.34.attn_q.weight source_type=12 MiB=13.75
DENSE_Q3 tensor=blk.34.attn_v.weight source_type=12 MiB=13.75
FLOATING_Q8 tensor=blk.34.hc_attn_fn source_type=0 MiB=0.398438
FLOATING_Q8 tensor=blk.34.hc_ffn_fn source_type=0 MiB=0.398438
FLOATING_Q8 tensor=blk.35.attn_k_b.weight source_type=12 MiB=8.5
DENSE_Q3 tensor=blk.35.attn_output.weight source_type=12 MiB=27.5
DENSE_Q3 tensor=blk.35.attn_q_a.weight source_type=12 MiB=2.57812
DENSE_Q3 tensor=blk.35.attn_q_b.weight source_type=12 MiB=10.3125
FLOATING_Q8 tensor=blk.35.attn_v_b.weight source_type=12 MiB=8.5
FLOATING_Q8 tensor=blk.35.hc_attn_fn source_type=0 MiB=0.398438
FLOATING_Q8 tensor=blk.35.hc_ffn_fn source_type=0 MiB=0.398438
DENSE_Q3 tensor=blk.35.indexer.attn_q_b.weight source_type=12 MiB=2.57812
DENSE_Q3 tensor=blk.36.attn_k.weight source_type=12 MiB=13.75
DENSE_Q3 tensor=blk.36.attn_output.weight source_type=12 MiB=13.75
DENSE_Q3 tensor=blk.36.attn_q.weight source_type=12 MiB=13.75
DENSE_Q3 tensor=blk.36.attn_v.weight source_type=14 MiB=13.75
FLOATING_Q8 tensor=blk.36.hc_attn_fn source_type=0 MiB=0.398438
FLOATING_Q8 tensor=blk.36.hc_ffn_fn source_type=0 MiB=0.398438
DENSE_Q3 tensor=blk.37.attn_k.weight source_type=12 MiB=13.75
DENSE_Q3 tensor=blk.37.attn_output.weight source_type=12 MiB=13.75
DENSE_Q3 tensor=blk.37.attn_q.weight source_type=12 MiB=13.75
DENSE_Q3 tensor=blk.37.attn_v.weight source_type=12 MiB=13.75
FLOATING_Q8 tensor=blk.37.hc_attn_fn source_type=0 MiB=0.398438
FLOATING_Q8 tensor=blk.37.hc_ffn_fn source_type=0 MiB=0.398438
DENSE_Q3 tensor=blk.38.attn_k.weight source_type=12 MiB=13.75
DENSE_Q3 tensor=blk.38.attn_output.weight source_type=12 MiB=13.75
DENSE_Q3 tensor=blk.38.attn_q.weight source_type=12 MiB=13.75
DENSE_Q3 tensor=blk.38.attn_v.weight source_type=14 MiB=13.75
FLOATING_Q8 tensor=blk.38.hc_attn_fn source_type=0 MiB=0.398438
FLOATING_Q8 tensor=blk.38.hc_ffn_fn source_type=0 MiB=0.398438
FLOATING_Q8 tensor=blk.39.attn_k_b.weight source_type=12 MiB=8.5
DENSE_Q3 tensor=blk.39.attn_output.weight source_type=12 MiB=27.5
DENSE_Q3 tensor=blk.39.attn_q_a.weight source_type=12 MiB=2.57812
DENSE_Q3 tensor=blk.39.attn_q_b.weight source_type=12 MiB=10.3125
FLOATING_Q8 tensor=blk.39.attn_v_b.weight source_type=12 MiB=8.5
FLOATING_Q8 tensor=blk.39.hc_attn_fn source_type=0 MiB=0.398438
FLOATING_Q8 tensor=blk.39.hc_ffn_fn source_type=0 MiB=0.398438
DENSE_Q3 tensor=blk.39.indexer.attn_q_b.weight source_type=12 MiB=2.57812
DENSE_Q3 tensor=blk.4.attn_k.weight source_type=12 MiB=13.75
DENSE_Q3 tensor=blk.4.attn_output.weight source_type=12 MiB=13.75
DENSE_Q3 tensor=blk.4.attn_q.weight source_type=12 MiB=13.75
DENSE_Q3 tensor=blk.4.attn_v.weight source_type=14 MiB=13.75
FLOATING_Q8 tensor=blk.4.hc_attn_fn source_type=0 MiB=0.398438
FLOATING_Q8 tensor=blk.4.hc_ffn_fn source_type=0 MiB=0.398438
DENSE_Q3 tensor=blk.40.attn_k.weight source_type=12 MiB=13.75
DENSE_Q3 tensor=blk.40.attn_output.weight source_type=12 MiB=13.75
DENSE_Q3 tensor=blk.40.attn_q.weight source_type=12 MiB=13.75
DENSE_Q3 tensor=blk.40.attn_v.weight source_type=14 MiB=13.75
FLOATING_Q8 tensor=blk.40.hc_attn_fn source_type=0 MiB=0.398438
FLOATING_Q8 tensor=blk.40.hc_ffn_fn source_type=0 MiB=0.398438
DENSE_Q3 tensor=blk.41.attn_k.weight source_type=12 MiB=13.75
DENSE_Q3 tensor=blk.41.attn_output.weight source_type=12 MiB=13.75
DENSE_Q3 tensor=blk.41.attn_q.weight source_type=12 MiB=13.75
DENSE_Q3 tensor=blk.41.attn_v.weight source_type=14 MiB=13.75
FLOATING_Q8 tensor=blk.41.hc_attn_fn source_type=0 MiB=0.398438
FLOATING_Q8 tensor=blk.41.hc_ffn_fn source_type=0 MiB=0.398438
DENSE_Q3 tensor=blk.42.attn_k.weight source_type=12 MiB=13.75
DENSE_Q3 tensor=blk.42.attn_output.weight source_type=12 MiB=13.75
DENSE_Q3 tensor=blk.42.attn_q.weight source_type=12 MiB=13.75
DENSE_Q3 tensor=blk.42.attn_v.weight source_type=14 MiB=13.75
FLOATING_Q8 tensor=blk.42.hc_attn_fn source_type=0 MiB=0.398438
FLOATING_Q8 tensor=blk.42.hc_ffn_fn source_type=0 MiB=0.398438
FLOATING_Q8 tensor=blk.43.attn_k_b.weight source_type=12 MiB=8.5
DENSE_Q3 tensor=blk.43.attn_output.weight source_type=12 MiB=27.5
DENSE_Q3 tensor=blk.43.attn_q_a.weight source_type=12 MiB=2.57812
DENSE_Q3 tensor=blk.43.attn_q_b.weight source_type=12 MiB=10.3125
FLOATING_Q8 tensor=blk.43.attn_v_b.weight source_type=12 MiB=8.5
FLOATING_Q8 tensor=blk.43.hc_attn_fn source_type=0 MiB=0.398438
FLOATING_Q8 tensor=blk.43.hc_ffn_fn source_type=0 MiB=0.398438
DENSE_Q3 tensor=blk.43.indexer.attn_q_b.weight source_type=12 MiB=2.57812
DENSE_Q3 tensor=blk.44.attn_k.weight source_type=12 MiB=13.75
DENSE_Q3 tensor=blk.44.attn_output.weight source_type=12 MiB=13.75
DENSE_Q3 tensor=blk.44.attn_q.weight source_type=12 MiB=13.75
DENSE_Q3 tensor=blk.44.attn_v.weight source_type=14 MiB=13.75
FLOATING_Q8 tensor=blk.44.hc_attn_fn source_type=0 MiB=0.398438
FLOATING_Q8 tensor=blk.44.hc_ffn_fn source_type=0 MiB=0.398438
DENSE_Q3 tensor=blk.5.attn_k.weight source_type=12 MiB=13.75
DENSE_Q3 tensor=blk.5.attn_output.weight source_type=12 MiB=13.75
DENSE_Q3 tensor=blk.5.attn_q.weight source_type=12 MiB=13.75
DENSE_Q3 tensor=blk.5.attn_v.weight source_type=12 MiB=13.75
FLOATING_Q8 tensor=blk.5.hc_attn_fn source_type=0 MiB=0.398438
FLOATING_Q8 tensor=blk.5.hc_ffn_fn source_type=0 MiB=0.398438
DENSE_Q3 tensor=blk.6.attn_k.weight source_type=12 MiB=13.75
DENSE_Q3 tensor=blk.6.attn_output.weight source_type=12 MiB=13.75
DENSE_Q3 tensor=blk.6.attn_q.weight source_type=12 MiB=13.75
DENSE_Q3 tensor=blk.6.attn_v.weight source_type=12 MiB=13.75
FLOATING_Q8 tensor=blk.6.hc_attn_fn source_type=0 MiB=0.398438
FLOATING_Q8 tensor=blk.6.hc_ffn_fn source_type=0 MiB=0.398438
FLOATING_Q8 tensor=blk.7.attn_k_b.weight source_type=12 MiB=8.5
DENSE_Q3 tensor=blk.7.attn_output.weight source_type=12 MiB=27.5
DENSE_Q3 tensor=blk.7.attn_q_a.weight source_type=12 MiB=2.57812
DENSE_Q3 tensor=blk.7.attn_q_b.weight source_type=12 MiB=10.3125
FLOATING_Q8 tensor=blk.7.attn_v_b.weight source_type=12 MiB=8.5
FLOATING_Q8 tensor=blk.7.hc_attn_fn source_type=0 MiB=0.398438
FLOATING_Q8 tensor=blk.7.hc_ffn_fn source_type=0 MiB=0.398438
DENSE_Q3 tensor=blk.7.indexer.attn_q_b.weight source_type=12 MiB=2.57812
DENSE_Q3 tensor=blk.8.attn_k.weight source_type=12 MiB=13.75
DENSE_Q3 tensor=blk.8.attn_output.weight source_type=12 MiB=13.75
DENSE_Q3 tensor=blk.8.attn_q.weight source_type=12 MiB=13.75
DENSE_Q3 tensor=blk.8.attn_v.weight source_type=14 MiB=13.75
FLOATING_Q8 tensor=blk.8.hc_attn_fn source_type=0 MiB=0.398438
FLOATING_Q8 tensor=blk.8.hc_ffn_fn source_type=0 MiB=0.398438
DENSE_Q3 tensor=blk.9.attn_k.weight source_type=12 MiB=13.75
DENSE_Q3 tensor=blk.9.attn_output.weight source_type=12 MiB=13.75
DENSE_Q3 tensor=blk.9.attn_q.weight source_type=12 MiB=13.75
DENSE_Q3 tensor=blk.9.attn_v.weight source_type=12 MiB=13.75
FLOATING_Q8 tensor=blk.9.hc_attn_fn source_type=0 MiB=0.398438
FLOATING_Q8 tensor=blk.9.hc_ffn_fn source_type=0 MiB=0.398438
GPU prefill chunk=2048 staging_workers=4 numa_cpus=0,1,2,3
GPU allocated_MiB=6340.13 reserved_runtime_MiB=1024 budget_MiB=15360
GPU_DENSE_HOST_RELEASE phase=main tensors=1256 source_MiB_advised=5040.35 ms=161.95
TIER_DIRECT registered_MiB=47628 ranges=85 ms=5753.61
PREFILL_PARTITION primary_groups=9 secondary_groups=0
PREFILL_CACHE device=0 budget_MiB=0 reserve_MiB=768
PREFILL_CACHE_PLAN device=0 base_groups=0 unused_MiB=0
MAPPED_EXPERTS numa_rows=0 lazy=1 bytes=49941577728
PREFILL trial=0 tokens=2048 batch=2048 ms=23815.3 tok_s=85.9952
FAULTS trial=0 major=0 minor=319336
HOST_RSS peak_MiB=49318
CPU_EXPERT gu_ms=0 quant_ms=0 down_ms=0 layer_flow_ms=0 bytes=0
GPU peak_allocated_MiB=6340.13 native_expert_bytes=49941577728 expert_groups=378 staging_ms=3852.17
PREFILL_SCRATCH device=0 peak_MiB=696.564 capacity_MiB=1024
GPU_LIVE device=0 dense_MiB=4240.61 other_MiB=294.414 prefill_MiB=1566 state_MiB=239.105
GPU_DEVICE device=0 peak_allocated_MiB=6340.13 live_MiB=6340.13 native_expert_bytes=49941577728 staging_ms=3852.17 cache_hits=0 cache_hit_bytes=0 cuda_used_MiB=7264 free_MiB=9040
MAPPED_EXPERTS numa_rows=0 lazy=1 bytes=49941577728
PREFILL_WORK device=0 transferred_bytes=49941577728 staging_ms=3852.17 actual_rows=0 padded_rows=0 dequant_values=0
DECODE_RUNTIME override_reserve_MiB=512
DECODE_CACHE prefix_trained=1 slots=1174 MiB=9245.25 fingerprint=18411413644063190333
RESPONSE_PREPARE kind=decode_cache ms=1432.94
RESPONSE_PREPARE kind=cpu ms=0.002324
DECODE_TRIAL index=0
DECODE_STEP index=1 ms=43.7153
DECODE_STEP index=2 ms=29.4452
DECODE_STEP index=3 ms=34.2965
DECODE_STEP index=4 ms=27.3637
DECODE_STEP index=5 ms=28.6991
DECODE_STEP index=6 ms=28.4883
DECODE_STEP index=7 ms=30.8726
DECODE_STEP index=8 ms=29.7436
DECODE_STEP index=9 ms=30.6029
DECODE_STEP index=10 ms=29.3953
DECODE_STEP index=11 ms=29.7561
DECODE_STEP index=12 ms=30.9741
DECODE_STEP index=13 ms=29.2091
DECODE_STEP index=14 ms=27.8364
DECODE_STEP index=15 ms=27.9947
DECODE_STEP index=16 ms=29.6926
DECODE_STEP index=17 ms=29.3663
DECODE_STEP index=18 ms=27.7715
DECODE_STEP index=19 ms=28.1332
DECODE_STEP index=20 ms=29.7885
DECODE_STEP index=21 ms=30.8289
DECODE_STEP index=22 ms=30.4575
DECODE_STEP index=23 ms=29.2006
DECODE_STEP index=24 ms=31.4818
DECODE_STEP index=25 ms=29.9846
DECODE_STEP index=26 ms=30.2517
DECODE_STEP index=27 ms=27.7396
DECODE_STEP index=28 ms=30.5767
DECODE_STEP index=29 ms=29.8507
DECODE_STEP index=30 ms=31.3817
DECODE_STEP index=31 ms=31.4591
DECODE_STEP index=32 ms=28.2336
DECODE_STEP index=33 ms=27.6144
DECODE_STEP index=34 ms=28.4107
DECODE_STEP index=35 ms=29.0956
DECODE_STEP index=36 ms=30.951
DECODE_STEP index=37 ms=30.2721
DECODE_STEP index=38 ms=28.8734
DECODE_STEP index=39 ms=28.3277
DECODE_STEP index=40 ms=30.9348
DECODE_STEP index=41 ms=31.0323
DECODE_STEP index=42 ms=29.4347
DECODE_STEP index=43 ms=29.3739
DECODE_STEP index=44 ms=28.2504
DECODE_STEP index=45 ms=30.8927
DECODE_STEP index=46 ms=29.6138
DECODE_STEP index=47 ms=27.3531
DECODE_STEP index=48 ms=28.7357
DECODE_STEP index=49 ms=30.2008
DECODE_STEP index=50 ms=29.0568
DECODE_STEP index=51 ms=34.568
DECODE_STEP index=52 ms=32.6382
DECODE_STEP index=53 ms=31.2872
DECODE_STEP index=54 ms=28.7087
DECODE_STEP index=55 ms=28.5675
DECODE_STEP index=56 ms=31.3953
DECODE_STEP index=57 ms=30.8519
DECODE_STEP index=58 ms=32.0809
DECODE_STEP index=59 ms=31.8724
DECODE_STEP index=60 ms=32.2233
DECODE_STEP index=61 ms=29.0268
DECODE_STEP index=62 ms=29.2831
DECODE_STEP index=63 ms=28.739
DECODE_STEP index=64 ms=29.0259
DECODE_STEP index=65 ms=30.3831
DECODE_STEP index=66 ms=28.5332
DECODE_STEP index=67 ms=29.5373
DECODE_STEP index=68 ms=29.0973
DECODE_STEP index=69 ms=32.8209
DECODE_STEP index=70 ms=30.0436
DECODE_STEP index=71 ms=31.0949
DECODE_STEP index=72 ms=30.2913
DECODE_STEP index=73 ms=30.2732
DECODE_STEP index=74 ms=27.9394
DECODE_STEP index=75 ms=28.5322
DECODE_STEP index=76 ms=27.9229
DECODE_STEP index=77 ms=31.3911
DECODE_STEP index=78 ms=29.6778
DECODE_STEP index=79 ms=29.0086
DECODE_STEP index=80 ms=30.6549
DECODE_STEP index=81 ms=28.2689
DECODE_STEP index=82 ms=29.0267
DECODE_STEP index=83 ms=31.384
DECODE_STEP index=84 ms=29.1595
DECODE_STEP index=85 ms=30.0532
DECODE_STEP index=86 ms=30.0405
DECODE_STEP index=87 ms=28.4061
DECODE_STEP index=88 ms=29.9982
DECODE_STEP index=89 ms=32.1704
DECODE_STEP index=90 ms=29.5572
DECODE_STEP index=91 ms=27.583
DECODE_STEP index=92 ms=27.557
DECODE_STEP index=93 ms=29.6401
DECODE_STEP index=94 ms=30.2944
DECODE_STEP index=95 ms=28.4727
DECODE_STEP index=96 ms=28.2369
DECODE_STEP index=97 ms=32.262
DECODE_STEP index=98 ms=29.2898
DECODE_STEP index=99 ms=29.1147
DECODE_STEP index=100 ms=29.0649
DECODE_STEP index=101 ms=28.6099
DECODE_STEP index=102 ms=30.3038
DECODE_STEP index=103 ms=30.7104
DECODE_STEP index=104 ms=33.5926
DECODE_STEP index=105 ms=31.7301
DECODE_STEP index=106 ms=27.7605
DECODE_STEP index=107 ms=29.3448
DECODE_STEP index=108 ms=35.8961
DECODE_STEP index=109 ms=29.195
DECODE_STEP index=110 ms=33.0203
DECODE_STEP index=111 ms=28.703
DECODE_STEP index=112 ms=29.4322
DECODE_STEP index=113 ms=30.4935
DECODE_STEP index=114 ms=29.1263
DECODE_STEP index=115 ms=31.5775
DECODE_STEP index=116 ms=29.4224
DECODE_STEP index=117 ms=34.0903
DECODE_STEP index=118 ms=30.9669
DECODE_STEP index=119 ms=31.7466
DECODE_STEP index=120 ms=30.2668
DECODE_STEP index=121 ms=29.9471
DECODE_STEP index=122 ms=32.8688
DECODE_STEP index=123 ms=28.684
DECODE_STEP index=124 ms=30.408
DECODE_STEP index=125 ms=32.2623
DECODE_STEP index=126 ms=29.9098
DECODE_STEP index=127 ms=32.4935
DECODE steps=127 ms=3840.73 tok_s=33.0666
HOST_RSS peak_MiB=49318
CPU_EXPERT gu_ms=0 quant_ms=0 down_ms=0 layer_flow_ms=1245.72 bytes=34087108608
STEP_TRACE steps=127 moe_layers=5334 pipelined=1 head_ms=275.219 cpu_ms=1319.6 between_ms=1996.08 tail_ms=217.878 tail_sync_ms=133.816 tail_plan_ms=39.5282 tail_copy_ms=40.6771 enqueue_ms=512.444 tier_swaps=218 split_windows=0 per_step_ms=29.9904
GPU peak_allocated_MiB=13835.2 native_expert_bytes=0 expert_groups=0 staging_ms=0
PREFILL_SCRATCH device=0 peak_MiB=5.07129 capacity_MiB=32
GPU_LIVE device=0 dense_MiB=4240.61 other_MiB=9320.51 prefill_MiB=32 resident_exec_MiB=2.94288 state_MiB=239.105
GPU_DEVICE device=0 peak_allocated_MiB=13835.2 live_MiB=13835.2 native_expert_bytes=0 staging_ms=0 cache_hits=0 cache_hit_bytes=0 cuda_used_MiB=14884 free_MiB=1420
resident expert entries=38544/42672
Finished with result: success
Main processes terminated with: code=exited/status=0
Service runtime: 1min 44.761s
CPU time consumed: 3min 1.475s
Memory peak: 256.0K
Memory swap peak: 0B
