Running as unit: strata-st-q22fit4-rows4-417898.service; invocation ID: f1a85acd73dd423fa1f58ea2526706b1
EXPERT_PACK source=/mnt/disk01/models/glm53f-reap/REAP50-Q22-down-only-experimental.gguf backend=native retained=0
STAGING compact=1 slot_MiB=127
FLOATING_Q8 tensor=blk.0.hc_attn_fn source_type=0 MiB=0.398438
FLOATING_Q8 tensor=blk.0.hc_ffn_fn source_type=0 MiB=0.398438
FLOATING_Q8 tensor=blk.1.hc_attn_fn source_type=0 MiB=0.398438
FLOATING_Q8 tensor=blk.1.hc_ffn_fn source_type=0 MiB=0.398438
FLOATING_Q8 tensor=blk.10.hc_attn_fn source_type=0 MiB=0.398438
FLOATING_Q8 tensor=blk.10.hc_ffn_fn source_type=0 MiB=0.398438
FLOATING_Q8 tensor=blk.11.attn_k_b.weight source_type=12 MiB=8.5
FLOATING_Q8 tensor=blk.11.attn_v_b.weight source_type=12 MiB=8.5
FLOATING_Q8 tensor=blk.11.hc_attn_fn source_type=0 MiB=0.398438
FLOATING_Q8 tensor=blk.11.hc_ffn_fn source_type=0 MiB=0.398438
FLOATING_Q8 tensor=blk.12.hc_attn_fn source_type=0 MiB=0.398438
FLOATING_Q8 tensor=blk.12.hc_ffn_fn source_type=0 MiB=0.398438
FLOATING_Q8 tensor=blk.13.hc_attn_fn source_type=0 MiB=0.398438
FLOATING_Q8 tensor=blk.13.hc_ffn_fn source_type=0 MiB=0.398438
FLOATING_Q8 tensor=blk.14.hc_attn_fn source_type=0 MiB=0.398438
FLOATING_Q8 tensor=blk.14.hc_ffn_fn source_type=0 MiB=0.398438
FLOATING_Q8 tensor=blk.15.attn_k_b.weight source_type=12 MiB=8.5
FLOATING_Q8 tensor=blk.15.attn_v_b.weight source_type=12 MiB=8.5
FLOATING_Q8 tensor=blk.15.hc_attn_fn source_type=0 MiB=0.398438
FLOATING_Q8 tensor=blk.15.hc_ffn_fn source_type=0 MiB=0.398438
FLOATING_Q8 tensor=blk.16.hc_attn_fn source_type=0 MiB=0.398438
FLOATING_Q8 tensor=blk.16.hc_ffn_fn source_type=0 MiB=0.398438
FLOATING_Q8 tensor=blk.17.hc_attn_fn source_type=0 MiB=0.398438
FLOATING_Q8 tensor=blk.17.hc_ffn_fn source_type=0 MiB=0.398438
FLOATING_Q8 tensor=blk.18.hc_attn_fn source_type=0 MiB=0.398438
FLOATING_Q8 tensor=blk.18.hc_ffn_fn source_type=0 MiB=0.398438
FLOATING_Q8 tensor=blk.19.attn_k_b.weight source_type=12 MiB=8.5
FLOATING_Q8 tensor=blk.19.attn_v_b.weight source_type=12 MiB=8.5
FLOATING_Q8 tensor=blk.19.hc_attn_fn source_type=0 MiB=0.398438
FLOATING_Q8 tensor=blk.19.hc_ffn_fn source_type=0 MiB=0.398438
FLOATING_Q8 tensor=blk.2.hc_attn_fn source_type=0 MiB=0.398438
FLOATING_Q8 tensor=blk.2.hc_ffn_fn source_type=0 MiB=0.398438
FLOATING_Q8 tensor=blk.20.hc_attn_fn source_type=0 MiB=0.398438
FLOATING_Q8 tensor=blk.20.hc_ffn_fn source_type=0 MiB=0.398438
FLOATING_Q8 tensor=blk.21.hc_attn_fn source_type=0 MiB=0.398438
FLOATING_Q8 tensor=blk.21.hc_ffn_fn source_type=0 MiB=0.398438
FLOATING_Q8 tensor=blk.22.hc_attn_fn source_type=0 MiB=0.398438
FLOATING_Q8 tensor=blk.22.hc_ffn_fn source_type=0 MiB=0.398438
FLOATING_Q8 tensor=blk.23.attn_k_b.weight source_type=12 MiB=8.5
FLOATING_Q8 tensor=blk.23.attn_v_b.weight source_type=12 MiB=8.5
FLOATING_Q8 tensor=blk.23.hc_attn_fn source_type=0 MiB=0.398438
FLOATING_Q8 tensor=blk.23.hc_ffn_fn source_type=0 MiB=0.398438
FLOATING_Q8 tensor=blk.24.hc_attn_fn source_type=0 MiB=0.398438
FLOATING_Q8 tensor=blk.24.hc_ffn_fn source_type=0 MiB=0.398438
FLOATING_Q8 tensor=blk.25.hc_attn_fn source_type=0 MiB=0.398438
FLOATING_Q8 tensor=blk.25.hc_ffn_fn source_type=0 MiB=0.398438
FLOATING_Q8 tensor=blk.26.hc_attn_fn source_type=0 MiB=0.398438
FLOATING_Q8 tensor=blk.26.hc_ffn_fn source_type=0 MiB=0.398438
FLOATING_Q8 tensor=blk.27.attn_k_b.weight source_type=12 MiB=8.5
FLOATING_Q8 tensor=blk.27.attn_v_b.weight source_type=12 MiB=8.5
FLOATING_Q8 tensor=blk.27.hc_attn_fn source_type=0 MiB=0.398438
FLOATING_Q8 tensor=blk.27.hc_ffn_fn source_type=0 MiB=0.398438
FLOATING_Q8 tensor=blk.28.hc_attn_fn source_type=0 MiB=0.398438
FLOATING_Q8 tensor=blk.28.hc_ffn_fn source_type=0 MiB=0.398438
FLOATING_Q8 tensor=blk.29.hc_attn_fn source_type=0 MiB=0.398438
FLOATING_Q8 tensor=blk.29.hc_ffn_fn source_type=0 MiB=0.398438
FLOATING_Q8 tensor=blk.3.attn_k_b.weight source_type=12 MiB=8.5
FLOATING_Q8 tensor=blk.3.attn_v_b.weight source_type=12 MiB=8.5
FLOATING_Q8 tensor=blk.3.hc_attn_fn source_type=0 MiB=0.398438
FLOATING_Q8 tensor=blk.3.hc_ffn_fn source_type=0 MiB=0.398438
FLOATING_Q8 tensor=blk.30.hc_attn_fn source_type=0 MiB=0.398438
FLOATING_Q8 tensor=blk.30.hc_ffn_fn source_type=0 MiB=0.398438
FLOATING_Q8 tensor=blk.31.attn_k_b.weight source_type=12 MiB=8.5
FLOATING_Q8 tensor=blk.31.attn_v_b.weight source_type=12 MiB=8.5
FLOATING_Q8 tensor=blk.31.hc_attn_fn source_type=0 MiB=0.398438
FLOATING_Q8 tensor=blk.31.hc_ffn_fn source_type=0 MiB=0.398438
FLOATING_Q8 tensor=blk.32.hc_attn_fn source_type=0 MiB=0.398438
FLOATING_Q8 tensor=blk.32.hc_ffn_fn source_type=0 MiB=0.398438
FLOATING_Q8 tensor=blk.33.hc_attn_fn source_type=0 MiB=0.398438
FLOATING_Q8 tensor=blk.33.hc_ffn_fn source_type=0 MiB=0.398438
FLOATING_Q8 tensor=blk.34.hc_attn_fn source_type=0 MiB=0.398438
FLOATING_Q8 tensor=blk.34.hc_ffn_fn source_type=0 MiB=0.398438
FLOATING_Q8 tensor=blk.35.attn_k_b.weight source_type=12 MiB=8.5
FLOATING_Q8 tensor=blk.35.attn_v_b.weight source_type=12 MiB=8.5
FLOATING_Q8 tensor=blk.35.hc_attn_fn source_type=0 MiB=0.398438
FLOATING_Q8 tensor=blk.35.hc_ffn_fn source_type=0 MiB=0.398438
FLOATING_Q8 tensor=blk.36.hc_attn_fn source_type=0 MiB=0.398438
FLOATING_Q8 tensor=blk.36.hc_ffn_fn source_type=0 MiB=0.398438
FLOATING_Q8 tensor=blk.37.hc_attn_fn source_type=0 MiB=0.398438
FLOATING_Q8 tensor=blk.37.hc_ffn_fn source_type=0 MiB=0.398438
FLOATING_Q8 tensor=blk.38.hc_attn_fn source_type=0 MiB=0.398438
FLOATING_Q8 tensor=blk.38.hc_ffn_fn source_type=0 MiB=0.398438
FLOATING_Q8 tensor=blk.39.attn_k_b.weight source_type=12 MiB=8.5
FLOATING_Q8 tensor=blk.39.attn_v_b.weight source_type=12 MiB=8.5
FLOATING_Q8 tensor=blk.39.hc_attn_fn source_type=0 MiB=0.398438
FLOATING_Q8 tensor=blk.39.hc_ffn_fn source_type=0 MiB=0.398438
FLOATING_Q8 tensor=blk.4.hc_attn_fn source_type=0 MiB=0.398438
FLOATING_Q8 tensor=blk.4.hc_ffn_fn source_type=0 MiB=0.398438
FLOATING_Q8 tensor=blk.40.hc_attn_fn source_type=0 MiB=0.398438
FLOATING_Q8 tensor=blk.40.hc_ffn_fn source_type=0 MiB=0.398438
FLOATING_Q8 tensor=blk.41.hc_attn_fn source_type=0 MiB=0.398438
FLOATING_Q8 tensor=blk.41.hc_ffn_fn source_type=0 MiB=0.398438
FLOATING_Q8 tensor=blk.42.hc_attn_fn source_type=0 MiB=0.398438
FLOATING_Q8 tensor=blk.42.hc_ffn_fn source_type=0 MiB=0.398438
FLOATING_Q8 tensor=blk.43.attn_k_b.weight source_type=12 MiB=8.5
FLOATING_Q8 tensor=blk.43.attn_v_b.weight source_type=12 MiB=8.5
FLOATING_Q8 tensor=blk.43.hc_attn_fn source_type=0 MiB=0.398438
FLOATING_Q8 tensor=blk.43.hc_ffn_fn source_type=0 MiB=0.398438
FLOATING_Q8 tensor=blk.44.hc_attn_fn source_type=0 MiB=0.398438
FLOATING_Q8 tensor=blk.44.hc_ffn_fn source_type=0 MiB=0.398438
FLOATING_Q8 tensor=blk.5.hc_attn_fn source_type=0 MiB=0.398438
FLOATING_Q8 tensor=blk.5.hc_ffn_fn source_type=0 MiB=0.398438
FLOATING_Q8 tensor=blk.6.hc_attn_fn source_type=0 MiB=0.398438
FLOATING_Q8 tensor=blk.6.hc_ffn_fn source_type=0 MiB=0.398438
FLOATING_Q8 tensor=blk.7.attn_k_b.weight source_type=12 MiB=8.5
FLOATING_Q8 tensor=blk.7.attn_v_b.weight source_type=12 MiB=8.5
FLOATING_Q8 tensor=blk.7.hc_attn_fn source_type=0 MiB=0.398438
FLOATING_Q8 tensor=blk.7.hc_ffn_fn source_type=0 MiB=0.398438
FLOATING_Q8 tensor=blk.8.hc_attn_fn source_type=0 MiB=0.398438
FLOATING_Q8 tensor=blk.8.hc_ffn_fn source_type=0 MiB=0.398438
FLOATING_Q8 tensor=blk.9.hc_attn_fn source_type=0 MiB=0.398438
FLOATING_Q8 tensor=blk.9.hc_ffn_fn source_type=0 MiB=0.398438
GPU prefill chunk=2048 staging_workers=4 numa_cpus=0,1,2,3
GPU allocated_MiB=7128.73 reserved_runtime_MiB=1024 budget_MiB=15360
GPU_DENSE_HOST_RELEASE phase=main tensors=1256 source_MiB_advised=5040.35 ms=124.595
TIER_DIRECT registered_MiB=47628 ranges=85 ms=6267.96
PREFILL_PARTITION primary_groups=9 secondary_groups=0
PREFILL_CACHE device=0 budget_MiB=0 reserve_MiB=768
PREFILL_CACHE_PLAN device=0 base_groups=0 unused_MiB=0
MAPPED_EXPERTS numa_rows=0 lazy=1 bytes=49941577728
PREFILL trial=0 tokens=2048 batch=2048 ms=23109.3 tok_s=88.6225
FAULTS trial=0 major=0 minor=343282
HOST_RSS peak_MiB=49317.8
CPU_EXPERT gu_ms=0 quant_ms=0 down_ms=0 layer_flow_ms=0 bytes=0
GPU peak_allocated_MiB=7128.73 native_expert_bytes=49941577728 expert_groups=378 staging_ms=3874.63
PREFILL_SCRATCH device=0 peak_MiB=696.564 capacity_MiB=1024
GPU_LIVE device=0 dense_MiB=5029.21 other_MiB=294.414 prefill_MiB=1566 state_MiB=239.105
GPU_DEVICE device=0 peak_allocated_MiB=7128.73 live_MiB=7128.73 native_expert_bytes=49941577728 staging_ms=3874.63 cache_hits=0 cache_hit_bytes=0 cuda_used_MiB=8010 free_MiB=8294
MAPPED_EXPERTS numa_rows=0 lazy=1 bytes=49941577728
PREFILL_WORK device=0 transferred_bytes=49941577728 staging_ms=3874.63 actual_rows=0 padded_rows=0 dequant_values=0
DECODE_RUNTIME override_reserve_MiB=512
DECODE_CACHE prefix_trained=1 slots=1074 MiB=8457.75 fingerprint=3925267857743252195
RESPONSE_PREPARE kind=decode_cache ms=1315.78
RESPONSE_PREPARE kind=cpu ms=0.001442
DECODE_TRIAL index=0
DECODE_STEP index=1 ms=42.2327
DECODE_STEP index=2 ms=28.8189
DECODE_STEP index=3 ms=34.188
DECODE_STEP index=4 ms=27.2401
DECODE_STEP index=5 ms=28.3536
DECODE_STEP index=6 ms=28.4435
DECODE_STEP index=7 ms=30.3612
DECODE_STEP index=8 ms=31.8343
DECODE_STEP index=9 ms=28.5338
DECODE_STEP index=10 ms=28.689
DECODE_STEP index=11 ms=32.5422
DECODE_STEP index=12 ms=28.6075
DECODE_STEP index=13 ms=33.1247
DECODE_STEP index=14 ms=27.9131
DECODE_STEP index=15 ms=27.7899
DECODE_STEP index=16 ms=29.3912
DECODE_STEP index=17 ms=33.1013
DECODE_STEP index=18 ms=31.2474
DECODE_STEP index=19 ms=31.5442
DECODE_STEP index=20 ms=29.8272
DECODE_STEP index=21 ms=30.8027
DECODE_STEP index=22 ms=28.1523
DECODE_STEP index=23 ms=31.7133
DECODE_STEP index=24 ms=28.6332
DECODE_STEP index=25 ms=28.2144
DECODE_STEP index=26 ms=29.1639
DECODE_STEP index=27 ms=31.9028
DECODE_STEP index=28 ms=32.0915
DECODE_STEP index=29 ms=31.2878
DECODE_STEP index=30 ms=30.7318
DECODE_STEP index=31 ms=28.9989
DECODE_STEP index=32 ms=29.2687
DECODE_STEP index=33 ms=28.3568
DECODE_STEP index=34 ms=29.431
DECODE_STEP index=35 ms=29.3285
DECODE_STEP index=36 ms=27.9021
DECODE_STEP index=37 ms=27.6013
DECODE_STEP index=38 ms=28.4623
DECODE_STEP index=39 ms=28.9378
DECODE_STEP index=40 ms=29.6236
DECODE_STEP index=41 ms=28.2704
DECODE_STEP index=42 ms=32.7432
DECODE_STEP index=43 ms=28.0529
DECODE_STEP index=44 ms=28.1642
DECODE_STEP index=45 ms=28.3303
DECODE_STEP index=46 ms=28.8633
DECODE_STEP index=47 ms=28.2734
DECODE_STEP index=48 ms=34.5144
DECODE_STEP index=49 ms=31.819
DECODE_STEP index=50 ms=32.2287
DECODE_STEP index=51 ms=30.5419
DECODE_STEP index=52 ms=29.2224
DECODE_STEP index=53 ms=28.695
DECODE_STEP index=54 ms=27.8622
DECODE_STEP index=55 ms=30.6143
DECODE_STEP index=56 ms=29.343
DECODE_STEP index=57 ms=28.1109
DECODE_STEP index=58 ms=29.1445
DECODE_STEP index=59 ms=28.2716
DECODE_STEP index=60 ms=29.7559
DECODE_STEP index=61 ms=30.391
DECODE_STEP index=62 ms=27.8511
DECODE_STEP index=63 ms=28.6985
DECODE_STEP index=64 ms=29.6701
DECODE_STEP index=65 ms=32.9796
DECODE_STEP index=66 ms=30.3421
DECODE_STEP index=67 ms=28.4363
DECODE_STEP index=68 ms=28.4281
DECODE_STEP index=69 ms=31.3173
DECODE_STEP index=70 ms=27.7252
DECODE_STEP index=71 ms=29.8261
DECODE_STEP index=72 ms=28.4655
DECODE_STEP index=73 ms=28.5078
DECODE_STEP index=74 ms=28.1084
DECODE_STEP index=75 ms=28.1989
DECODE_STEP index=76 ms=29.0003
DECODE_STEP index=77 ms=29.4868
DECODE_STEP index=78 ms=28.3278
DECODE_STEP index=79 ms=28.6467
DECODE_STEP index=80 ms=29.5244
DECODE_STEP index=81 ms=30.3495
DECODE_STEP index=82 ms=28.3067
DECODE_STEP index=83 ms=28.0612
DECODE_STEP index=84 ms=27.9589
DECODE_STEP index=85 ms=30.4202
DECODE_STEP index=86 ms=28.6171
DECODE_STEP index=87 ms=30.1975
DECODE_STEP index=88 ms=31.3476
DECODE_STEP index=89 ms=28.7383
DECODE_STEP index=90 ms=30.52
DECODE_STEP index=91 ms=28.3496
DECODE_STEP index=92 ms=28.347
DECODE_STEP index=93 ms=29.1841
DECODE_STEP index=94 ms=29.7489
DECODE_STEP index=95 ms=29.1623
DECODE_STEP index=96 ms=27.9978
DECODE_STEP index=97 ms=27.9094
DECODE_STEP index=98 ms=27.4662
DECODE_STEP index=99 ms=27.2713
DECODE_STEP index=100 ms=28.6363
DECODE_STEP index=101 ms=28.6489
DECODE_STEP index=102 ms=27.4717
DECODE_STEP index=103 ms=28.7654
DECODE_STEP index=104 ms=28.1412
DECODE_STEP index=105 ms=28.2377
DECODE_STEP index=106 ms=29.5975
DECODE_STEP index=107 ms=29.1628
DECODE_STEP index=108 ms=27.8222
DECODE_STEP index=109 ms=27.8693
DECODE_STEP index=110 ms=28.7424
DECODE_STEP index=111 ms=30.0959
DECODE_STEP index=112 ms=29.3923
DECODE_STEP index=113 ms=28.3752
DECODE_STEP index=114 ms=28.6354
DECODE_STEP index=115 ms=28.1413
DECODE_STEP index=116 ms=28.1162
DECODE_STEP index=117 ms=27.7988
DECODE_STEP index=118 ms=29.11
DECODE_STEP index=119 ms=27.1398
DECODE_STEP index=120 ms=27.481
DECODE_STEP index=121 ms=27.797
DECODE_STEP index=122 ms=28.1874
DECODE_STEP index=123 ms=27.3313
DECODE_STEP index=124 ms=27.5901
DECODE_STEP index=125 ms=28.3248
DECODE_STEP index=126 ms=27.8943
DECODE_STEP index=127 ms=28.4505
DECODE steps=127 ms=3741.42 tok_s=33.9443
HOST_RSS peak_MiB=49317.8
CPU_EXPERT gu_ms=0 quant_ms=0 down_ms=0 layer_flow_ms=1227.74 bytes=33368702976
STEP_TRACE steps=127 moe_layers=5334 pipelined=1 head_ms=265.409 cpu_ms=1301.22 between_ms=1935.76 tail_ms=206.713 tail_sync_ms=124.619 tail_plan_ms=39.6578 tail_copy_ms=38.818 enqueue_ms=440.964 tier_swaps=196 split_windows=0 per_step_ms=29.2055
GPU peak_allocated_MiB=13836.3 native_expert_bytes=0 expert_groups=0 staging_ms=0
PREFILL_SCRATCH device=0 peak_MiB=5.07129 capacity_MiB=32
GPU_LIVE device=0 dense_MiB=5029.21 other_MiB=8533.01 prefill_MiB=32 resident_exec_MiB=2.94288 state_MiB=239.105
GPU_DEVICE device=0 peak_allocated_MiB=13836.3 live_MiB=13836.3 native_expert_bytes=0 staging_ms=0 cache_hits=0 cache_hit_bytes=0 cuda_used_MiB=14830 free_MiB=1474
resident expert entries=38631/42672
Finished with result: success
Main processes terminated with: code=exited/status=0
Service runtime: 43.478s
CPU time consumed: 1min 54.884s
Memory peak: 512.0K
Memory swap peak: 0B
