25
79450
6589
315
825
17629
198
79450
6589
315
825
17629
198
79450
6589
315
825
8426
82
825
20455
17629
369
279
19827
26
5515
13931
12519
25
79450
6589
315
1931
36400
198
2575
8426
82
825
20455
17629
369
296
198
2575
8426
82
825
20455
17629
369
279
19827
26
5515
13931
12519
25
79450
6589
315
1931
36400
198
2575
8426
82
825
20455
5085
2271
16168
18173
15931
32
15614
15266
323
2802
26932
13
29620
30070
11
518
220
99317
66163
13593
5048
323
91689
6042
13
3411
825
46536
2038
2504
13
154842
1654
1184
311
6923
264
356
1027
99419
5085
2271
16168
18173
15931
32
15614
15266
323
2802
26932
13
29620
30070
11
518
3245
220
