Running as unit: strata-st-q22fit4-b16000-r256-416255.service; invocation ID: e466b5ed5e014e1d9108343da97bbb99
EXPERT_PACK source=/mnt/disk01/models/glm53f-reap/REAP50-Q22-down-only-experimental.gguf backend=native retained=0
STAGING compact=1 slot_MiB=127
FLOATING_Q8 tensor=blk.0.hc_attn_fn source_type=0 MiB=0.398438
FLOATING_Q8 tensor=blk.0.hc_ffn_fn source_type=0 MiB=0.398438
FLOATING_Q8 tensor=blk.1.hc_attn_fn source_type=0 MiB=0.398438
FLOATING_Q8 tensor=blk.1.hc_ffn_fn source_type=0 MiB=0.398438
FLOATING_Q8 tensor=blk.10.hc_attn_fn source_type=0 MiB=0.398438
FLOATING_Q8 tensor=blk.10.hc_ffn_fn source_type=0 MiB=0.398438
FLOATING_Q8 tensor=blk.11.attn_k_b.weight source_type=12 MiB=8.5
FLOATING_Q8 tensor=blk.11.attn_v_b.weight source_type=12 MiB=8.5
FLOATING_Q8 tensor=blk.11.hc_attn_fn source_type=0 MiB=0.398438
FLOATING_Q8 tensor=blk.11.hc_ffn_fn source_type=0 MiB=0.398438
FLOATING_Q8 tensor=blk.12.hc_attn_fn source_type=0 MiB=0.398438
FLOATING_Q8 tensor=blk.12.hc_ffn_fn source_type=0 MiB=0.398438
FLOATING_Q8 tensor=blk.13.hc_attn_fn source_type=0 MiB=0.398438
FLOATING_Q8 tensor=blk.13.hc_ffn_fn source_type=0 MiB=0.398438
FLOATING_Q8 tensor=blk.14.hc_attn_fn source_type=0 MiB=0.398438
FLOATING_Q8 tensor=blk.14.hc_ffn_fn source_type=0 MiB=0.398438
FLOATING_Q8 tensor=blk.15.attn_k_b.weight source_type=12 MiB=8.5
FLOATING_Q8 tensor=blk.15.attn_v_b.weight source_type=12 MiB=8.5
FLOATING_Q8 tensor=blk.15.hc_attn_fn source_type=0 MiB=0.398438
FLOATING_Q8 tensor=blk.15.hc_ffn_fn source_type=0 MiB=0.398438
FLOATING_Q8 tensor=blk.16.hc_attn_fn source_type=0 MiB=0.398438
FLOATING_Q8 tensor=blk.16.hc_ffn_fn source_type=0 MiB=0.398438
FLOATING_Q8 tensor=blk.17.hc_attn_fn source_type=0 MiB=0.398438
FLOATING_Q8 tensor=blk.17.hc_ffn_fn source_type=0 MiB=0.398438
FLOATING_Q8 tensor=blk.18.hc_attn_fn source_type=0 MiB=0.398438
FLOATING_Q8 tensor=blk.18.hc_ffn_fn source_type=0 MiB=0.398438
FLOATING_Q8 tensor=blk.19.attn_k_b.weight source_type=12 MiB=8.5
FLOATING_Q8 tensor=blk.19.attn_v_b.weight source_type=12 MiB=8.5
FLOATING_Q8 tensor=blk.19.hc_attn_fn source_type=0 MiB=0.398438
FLOATING_Q8 tensor=blk.19.hc_ffn_fn source_type=0 MiB=0.398438
FLOATING_Q8 tensor=blk.2.hc_attn_fn source_type=0 MiB=0.398438
FLOATING_Q8 tensor=blk.2.hc_ffn_fn source_type=0 MiB=0.398438
FLOATING_Q8 tensor=blk.20.hc_attn_fn source_type=0 MiB=0.398438
FLOATING_Q8 tensor=blk.20.hc_ffn_fn source_type=0 MiB=0.398438
FLOATING_Q8 tensor=blk.21.hc_attn_fn source_type=0 MiB=0.398438
FLOATING_Q8 tensor=blk.21.hc_ffn_fn source_type=0 MiB=0.398438
FLOATING_Q8 tensor=blk.22.hc_attn_fn source_type=0 MiB=0.398438
FLOATING_Q8 tensor=blk.22.hc_ffn_fn source_type=0 MiB=0.398438
FLOATING_Q8 tensor=blk.23.attn_k_b.weight source_type=12 MiB=8.5
FLOATING_Q8 tensor=blk.23.attn_v_b.weight source_type=12 MiB=8.5
FLOATING_Q8 tensor=blk.23.hc_attn_fn source_type=0 MiB=0.398438
FLOATING_Q8 tensor=blk.23.hc_ffn_fn source_type=0 MiB=0.398438
FLOATING_Q8 tensor=blk.24.hc_attn_fn source_type=0 MiB=0.398438
FLOATING_Q8 tensor=blk.24.hc_ffn_fn source_type=0 MiB=0.398438
FLOATING_Q8 tensor=blk.25.hc_attn_fn source_type=0 MiB=0.398438
FLOATING_Q8 tensor=blk.25.hc_ffn_fn source_type=0 MiB=0.398438
FLOATING_Q8 tensor=blk.26.hc_attn_fn source_type=0 MiB=0.398438
FLOATING_Q8 tensor=blk.26.hc_ffn_fn source_type=0 MiB=0.398438
FLOATING_Q8 tensor=blk.27.attn_k_b.weight source_type=12 MiB=8.5
FLOATING_Q8 tensor=blk.27.attn_v_b.weight source_type=12 MiB=8.5
FLOATING_Q8 tensor=blk.27.hc_attn_fn source_type=0 MiB=0.398438
FLOATING_Q8 tensor=blk.27.hc_ffn_fn source_type=0 MiB=0.398438
FLOATING_Q8 tensor=blk.28.hc_attn_fn source_type=0 MiB=0.398438
FLOATING_Q8 tensor=blk.28.hc_ffn_fn source_type=0 MiB=0.398438
FLOATING_Q8 tensor=blk.29.hc_attn_fn source_type=0 MiB=0.398438
FLOATING_Q8 tensor=blk.29.hc_ffn_fn source_type=0 MiB=0.398438
FLOATING_Q8 tensor=blk.3.attn_k_b.weight source_type=12 MiB=8.5
FLOATING_Q8 tensor=blk.3.attn_v_b.weight source_type=12 MiB=8.5
FLOATING_Q8 tensor=blk.3.hc_attn_fn source_type=0 MiB=0.398438
FLOATING_Q8 tensor=blk.3.hc_ffn_fn source_type=0 MiB=0.398438
FLOATING_Q8 tensor=blk.30.hc_attn_fn source_type=0 MiB=0.398438
FLOATING_Q8 tensor=blk.30.hc_ffn_fn source_type=0 MiB=0.398438
FLOATING_Q8 tensor=blk.31.attn_k_b.weight source_type=12 MiB=8.5
FLOATING_Q8 tensor=blk.31.attn_v_b.weight source_type=12 MiB=8.5
FLOATING_Q8 tensor=blk.31.hc_attn_fn source_type=0 MiB=0.398438
FLOATING_Q8 tensor=blk.31.hc_ffn_fn source_type=0 MiB=0.398438
FLOATING_Q8 tensor=blk.32.hc_attn_fn source_type=0 MiB=0.398438
FLOATING_Q8 tensor=blk.32.hc_ffn_fn source_type=0 MiB=0.398438
FLOATING_Q8 tensor=blk.33.hc_attn_fn source_type=0 MiB=0.398438
FLOATING_Q8 tensor=blk.33.hc_ffn_fn source_type=0 MiB=0.398438
FLOATING_Q8 tensor=blk.34.hc_attn_fn source_type=0 MiB=0.398438
FLOATING_Q8 tensor=blk.34.hc_ffn_fn source_type=0 MiB=0.398438
FLOATING_Q8 tensor=blk.35.attn_k_b.weight source_type=12 MiB=8.5
FLOATING_Q8 tensor=blk.35.attn_v_b.weight source_type=12 MiB=8.5
FLOATING_Q8 tensor=blk.35.hc_attn_fn source_type=0 MiB=0.398438
FLOATING_Q8 tensor=blk.35.hc_ffn_fn source_type=0 MiB=0.398438
FLOATING_Q8 tensor=blk.36.hc_attn_fn source_type=0 MiB=0.398438
FLOATING_Q8 tensor=blk.36.hc_ffn_fn source_type=0 MiB=0.398438
FLOATING_Q8 tensor=blk.37.hc_attn_fn source_type=0 MiB=0.398438
FLOATING_Q8 tensor=blk.37.hc_ffn_fn source_type=0 MiB=0.398438
FLOATING_Q8 tensor=blk.38.hc_attn_fn source_type=0 MiB=0.398438
FLOATING_Q8 tensor=blk.38.hc_ffn_fn source_type=0 MiB=0.398438
FLOATING_Q8 tensor=blk.39.attn_k_b.weight source_type=12 MiB=8.5
FLOATING_Q8 tensor=blk.39.attn_v_b.weight source_type=12 MiB=8.5
FLOATING_Q8 tensor=blk.39.hc_attn_fn source_type=0 MiB=0.398438
FLOATING_Q8 tensor=blk.39.hc_ffn_fn source_type=0 MiB=0.398438
FLOATING_Q8 tensor=blk.4.hc_attn_fn source_type=0 MiB=0.398438
FLOATING_Q8 tensor=blk.4.hc_ffn_fn source_type=0 MiB=0.398438
FLOATING_Q8 tensor=blk.40.hc_attn_fn source_type=0 MiB=0.398438
FLOATING_Q8 tensor=blk.40.hc_ffn_fn source_type=0 MiB=0.398438
FLOATING_Q8 tensor=blk.41.hc_attn_fn source_type=0 MiB=0.398438
FLOATING_Q8 tensor=blk.41.hc_ffn_fn source_type=0 MiB=0.398438
FLOATING_Q8 tensor=blk.42.hc_attn_fn source_type=0 MiB=0.398438
FLOATING_Q8 tensor=blk.42.hc_ffn_fn source_type=0 MiB=0.398438
FLOATING_Q8 tensor=blk.43.attn_k_b.weight source_type=12 MiB=8.5
FLOATING_Q8 tensor=blk.43.attn_v_b.weight source_type=12 MiB=8.5
FLOATING_Q8 tensor=blk.43.hc_attn_fn source_type=0 MiB=0.398438
FLOATING_Q8 tensor=blk.43.hc_ffn_fn source_type=0 MiB=0.398438
FLOATING_Q8 tensor=blk.44.hc_attn_fn source_type=0 MiB=0.398438
FLOATING_Q8 tensor=blk.44.hc_ffn_fn source_type=0 MiB=0.398438
FLOATING_Q8 tensor=blk.5.hc_attn_fn source_type=0 MiB=0.398438
FLOATING_Q8 tensor=blk.5.hc_ffn_fn source_type=0 MiB=0.398438
FLOATING_Q8 tensor=blk.6.hc_attn_fn source_type=0 MiB=0.398438
FLOATING_Q8 tensor=blk.6.hc_ffn_fn source_type=0 MiB=0.398438
FLOATING_Q8 tensor=blk.7.attn_k_b.weight source_type=12 MiB=8.5
FLOATING_Q8 tensor=blk.7.attn_v_b.weight source_type=12 MiB=8.5
FLOATING_Q8 tensor=blk.7.hc_attn_fn source_type=0 MiB=0.398438
FLOATING_Q8 tensor=blk.7.hc_ffn_fn source_type=0 MiB=0.398438
FLOATING_Q8 tensor=blk.8.hc_attn_fn source_type=0 MiB=0.398438
FLOATING_Q8 tensor=blk.8.hc_ffn_fn source_type=0 MiB=0.398438
FLOATING_Q8 tensor=blk.9.hc_attn_fn source_type=0 MiB=0.398438
FLOATING_Q8 tensor=blk.9.hc_ffn_fn source_type=0 MiB=0.398438
GPU prefill chunk=2048 staging_workers=4 numa_cpus=0,1,2,3
GPU allocated_MiB=7128.73 reserved_runtime_MiB=1024 budget_MiB=16000
GPU_DENSE_HOST_RELEASE phase=main tensors=1256 source_MiB_advised=5040.35 ms=121.289
TIER_DIRECT registered_MiB=47628 ranges=85 ms=6344.33
PREFILL_PARTITION primary_groups=9 secondary_groups=0
PREFILL_CACHE device=0 budget_MiB=0 reserve_MiB=768
PREFILL_CACHE_PLAN device=0 base_groups=0 unused_MiB=0
MAPPED_EXPERTS numa_rows=0 lazy=1 bytes=49941577728
PREFILL trial=0 tokens=2048 batch=2048 ms=24046.7 tok_s=85.1675
FAULTS trial=0 major=0 minor=343268
HOST_RSS peak_MiB=49317.4
CPU_EXPERT gu_ms=0 quant_ms=0 down_ms=0 layer_flow_ms=0 bytes=0
GPU peak_allocated_MiB=7128.73 native_expert_bytes=49941577728 expert_groups=378 staging_ms=3862.43
PREFILL_SCRATCH device=0 peak_MiB=696.564 capacity_MiB=1024
GPU_LIVE device=0 dense_MiB=5029.21 other_MiB=294.414 prefill_MiB=1566 state_MiB=239.105
GPU_DEVICE device=0 peak_allocated_MiB=7128.73 live_MiB=7128.73 native_expert_bytes=49941577728 staging_ms=3862.43 cache_hits=0 cache_hit_bytes=0 cuda_used_MiB=8010 free_MiB=8294
MAPPED_EXPERTS numa_rows=0 lazy=1 bytes=49941577728
PREFILL_WORK device=0 transferred_bytes=49941577728 staging_ms=3862.43 actual_rows=0 padded_rows=0 dequant_values=0
DECODE_RUNTIME override_reserve_MiB=256
DECODE_CACHE prefix_trained=1 slots=1164 MiB=9166.5 fingerprint=8422673608854901669
RESPONSE_PREPARE kind=decode_cache ms=1408.26
RESPONSE_PREPARE kind=cpu ms=0.001403
DECODE_TRIAL index=0
DECODE_STEP index=1 ms=44.6556
DECODE_STEP index=2 ms=31.5646
DECODE_STEP index=3 ms=28.1302
DECODE_STEP index=4 ms=28.1493
DECODE_STEP index=5 ms=34.1221
DECODE_STEP index=6 ms=31.8484
DECODE_STEP index=7 ms=29.1835
DECODE_STEP index=8 ms=29.2947
DECODE_STEP index=9 ms=31.5666
DECODE_STEP index=10 ms=30.7585
DECODE_STEP index=11 ms=32.3108
DECODE_STEP index=12 ms=33.2071
DECODE_STEP index=13 ms=28.9024
DECODE_STEP index=14 ms=29.4148
DECODE_STEP index=15 ms=34.1544
DECODE_STEP index=16 ms=30.4781
DECODE_STEP index=17 ms=29.9986
DECODE_STEP index=18 ms=30.3433
DECODE_STEP index=19 ms=33.2591
DECODE_STEP index=20 ms=30.5936
DECODE_STEP index=21 ms=31.9155
DECODE_STEP index=22 ms=29.2888
DECODE_STEP index=23 ms=29.7136
DECODE_STEP index=24 ms=29.1533
DECODE_STEP index=25 ms=30.6554
DECODE_STEP index=26 ms=30.4826
DECODE_STEP index=27 ms=29.816
DECODE_STEP index=28 ms=29.0556
DECODE_STEP index=29 ms=28.3817
DECODE_STEP index=30 ms=28.7455
DECODE_STEP index=31 ms=28.2829
DECODE_STEP index=32 ms=30.1477
DECODE_STEP index=33 ms=29.6361
DECODE_STEP index=34 ms=28.5893
DECODE_STEP index=35 ms=29.3629
DECODE_STEP index=36 ms=30.5719
DECODE_STEP index=37 ms=30.3004
DECODE_STEP index=38 ms=29.1068
DECODE_STEP index=39 ms=28.5392
DECODE_STEP index=40 ms=28.6531
DECODE_STEP index=41 ms=28.7101
DECODE_STEP index=42 ms=31.6787
DECODE_STEP index=43 ms=30.8039
DECODE_STEP index=44 ms=32.4373
DECODE_STEP index=45 ms=29.5525
DECODE_STEP index=46 ms=30.9615
DECODE_STEP index=47 ms=29.5701
DECODE_STEP index=48 ms=31.2189
DECODE_STEP index=49 ms=29.1282
DECODE_STEP index=50 ms=31.2195
DECODE_STEP index=51 ms=29.98
DECODE_STEP index=52 ms=30.2078
DECODE_STEP index=53 ms=28.662
DECODE_STEP index=54 ms=30.3218
DECODE_STEP index=55 ms=30.1549
DECODE_STEP index=56 ms=29.6896
DECODE_STEP index=57 ms=29.0336
DECODE_STEP index=58 ms=28.6675
DECODE_STEP index=59 ms=28.795
DECODE_STEP index=60 ms=28.5297
DECODE_STEP index=61 ms=28.7353
DECODE_STEP index=62 ms=30.3543
DECODE_STEP index=63 ms=29.0692
DECODE_STEP index=64 ms=29.2899
DECODE_STEP index=65 ms=28.8881
DECODE_STEP index=66 ms=30.1577
DECODE_STEP index=67 ms=29.7753
DECODE_STEP index=68 ms=31.6481
DECODE_STEP index=69 ms=28.6938
DECODE_STEP index=70 ms=28.6033
DECODE_STEP index=71 ms=32.054
DECODE_STEP index=72 ms=29.1246
DECODE_STEP index=73 ms=28.4335
DECODE_STEP index=74 ms=30.217
DECODE_STEP index=75 ms=30.107
DECODE_STEP index=76 ms=34.4212
DECODE_STEP index=77 ms=28.4437
DECODE_STEP index=78 ms=27.8309
DECODE_STEP index=79 ms=30.9749
DECODE_STEP index=80 ms=28.8052
DECODE_STEP index=81 ms=29.3673
DECODE_STEP index=82 ms=28.4187
DECODE_STEP index=83 ms=28.6285
DECODE_STEP index=84 ms=28.3715
DECODE_STEP index=85 ms=28.607
DECODE_STEP index=86 ms=29.1573
DECODE_STEP index=87 ms=28.4685
DECODE_STEP index=88 ms=28.1529
DECODE_STEP index=89 ms=28.3362
DECODE_STEP index=90 ms=28.5032
DECODE_STEP index=91 ms=29.013
DECODE_STEP index=92 ms=30.6
DECODE_STEP index=93 ms=30.9773
DECODE_STEP index=94 ms=29.9323
DECODE_STEP index=95 ms=29.4407
DECODE_STEP index=96 ms=28.8892
DECODE_STEP index=97 ms=29.4339
DECODE_STEP index=98 ms=29.7783
DECODE_STEP index=99 ms=28.0514
DECODE_STEP index=100 ms=30.9462
DECODE_STEP index=101 ms=29.588
DECODE_STEP index=102 ms=28.6547
DECODE_STEP index=103 ms=28.7921
DECODE_STEP index=104 ms=28.8156
DECODE_STEP index=105 ms=30.1015
DECODE_STEP index=106 ms=29.5532
DECODE_STEP index=107 ms=29.0667
DECODE_STEP index=108 ms=31.1875
DECODE_STEP index=109 ms=28.3587
DECODE_STEP index=110 ms=30.1056
DECODE_STEP index=111 ms=29.0763
DECODE_STEP index=112 ms=29.4692
DECODE_STEP index=113 ms=29.1186
DECODE_STEP index=114 ms=29.143
DECODE_STEP index=115 ms=29.081
DECODE_STEP index=116 ms=28.3145
DECODE_STEP index=117 ms=28.3084
DECODE_STEP index=118 ms=28.0886
DECODE_STEP index=119 ms=28.4188
DECODE_STEP index=120 ms=28.5715
DECODE_STEP index=121 ms=30.1654
DECODE_STEP index=122 ms=29.3579
DECODE_STEP index=123 ms=28.7413
DECODE_STEP index=124 ms=30.3219
DECODE_STEP index=125 ms=32.0371
DECODE_STEP index=126 ms=30.3176
DECODE_STEP index=127 ms=29.5417
DECODE steps=127 ms=3811.08 tok_s=33.3239
HOST_RSS peak_MiB=49317.4
CPU_EXPERT gu_ms=0 quant_ms=0 down_ms=0 layer_flow_ms=1153.24 bytes=31287803904
STEP_TRACE steps=127 moe_layers=5334 pipelined=1 head_ms=277.49 cpu_ms=1226.76 between_ms=2057.55 tail_ms=215.262 tail_sync_ms=125.403 tail_plan_ms=43.3063 tail_copy_ms=42.4432 enqueue_ms=487.392 tier_swaps=261 split_windows=0 per_step_ms=29.7407
GPU peak_allocated_MiB=14545 native_expert_bytes=0 expert_groups=0 staging_ms=0
PREFILL_SCRATCH device=0 peak_MiB=5.07129 capacity_MiB=32
GPU_LIVE device=0 dense_MiB=5029.21 other_MiB=9241.76 prefill_MiB=32 resident_exec_MiB=2.94288 state_MiB=239.105
GPU_DEVICE device=0 peak_allocated_MiB=14545 live_MiB=14545 native_expert_bytes=0 staging_ms=0 cache_hits=0 cache_hit_bytes=0 cuda_used_MiB=15550 free_MiB=754
resident expert entries=38883/42672
Finished with result: success
Main processes terminated with: code=exited/status=0
Service runtime: 44.644s
CPU time consumed: 1min 57.941s
Memory peak: 512.0K
Memory swap peak: 0B
