Running as unit: strata-st-q22fit8q3cap16-416387.service; invocation ID: 932bccb17fb7432ebe66d00e423f43cb
EXPERT_PACK source=/mnt/disk01/models/glm53f-reap/REAP50-Q22-down-only-experimental.gguf backend=native retained=0
STAGING compact=1 slot_MiB=127
FLOATING_Q8 tensor=blk.0.hc_attn_fn source_type=0 MiB=0.398438
FLOATING_Q8 tensor=blk.0.hc_ffn_fn source_type=0 MiB=0.398438
FLOATING_Q8 tensor=blk.1.hc_attn_fn source_type=0 MiB=0.398438
FLOATING_Q8 tensor=blk.1.hc_ffn_fn source_type=0 MiB=0.398438
DENSE_Q3 tensor=blk.10.attn_k.weight source_type=12 MiB=13.75
DENSE_Q3 tensor=blk.10.attn_output.weight source_type=12 MiB=13.75
DENSE_Q3 tensor=blk.10.attn_q.weight source_type=12 MiB=13.75
DENSE_Q3 tensor=blk.10.attn_v.weight source_type=12 MiB=13.75
FLOATING_Q8 tensor=blk.10.hc_attn_fn source_type=0 MiB=0.398438
FLOATING_Q8 tensor=blk.10.hc_ffn_fn source_type=0 MiB=0.398438
FLOATING_Q8 tensor=blk.11.attn_k_b.weight source_type=12 MiB=8.5
DENSE_Q3 tensor=blk.11.attn_output.weight source_type=12 MiB=27.5
DENSE_Q3 tensor=blk.11.attn_q_a.weight source_type=12 MiB=2.57812
DENSE_Q3 tensor=blk.11.attn_q_b.weight source_type=12 MiB=10.3125
FLOATING_Q8 tensor=blk.11.attn_v_b.weight source_type=12 MiB=8.5
FLOATING_Q8 tensor=blk.11.hc_attn_fn source_type=0 MiB=0.398438
FLOATING_Q8 tensor=blk.11.hc_ffn_fn source_type=0 MiB=0.398438
DENSE_Q3 tensor=blk.11.indexer.attn_q_b.weight source_type=12 MiB=2.57812
DENSE_Q3 tensor=blk.12.attn_k.weight source_type=12 MiB=13.75
DENSE_Q3 tensor=blk.12.attn_output.weight source_type=12 MiB=13.75
DENSE_Q3 tensor=blk.12.attn_q.weight source_type=12 MiB=13.75
DENSE_Q3 tensor=blk.12.attn_v.weight source_type=14 MiB=13.75
FLOATING_Q8 tensor=blk.12.hc_attn_fn source_type=0 MiB=0.398438
FLOATING_Q8 tensor=blk.12.hc_ffn_fn source_type=0 MiB=0.398438
DENSE_Q3 tensor=blk.13.attn_k.weight source_type=12 MiB=13.75
DENSE_Q3 tensor=blk.13.attn_output.weight source_type=12 MiB=13.75
DENSE_Q3 tensor=blk.13.attn_q.weight source_type=12 MiB=13.75
DENSE_Q3 tensor=blk.13.attn_v.weight source_type=12 MiB=13.75
FLOATING_Q8 tensor=blk.13.hc_attn_fn source_type=0 MiB=0.398438
FLOATING_Q8 tensor=blk.13.hc_ffn_fn source_type=0 MiB=0.398438
DENSE_Q3 tensor=blk.14.attn_k.weight source_type=12 MiB=13.75
DENSE_Q3 tensor=blk.14.attn_output.weight source_type=12 MiB=13.75
DENSE_Q3 tensor=blk.14.attn_q.weight source_type=12 MiB=13.75
DENSE_Q3 tensor=blk.14.attn_v.weight source_type=12 MiB=13.75
FLOATING_Q8 tensor=blk.14.hc_attn_fn source_type=0 MiB=0.398438
FLOATING_Q8 tensor=blk.14.hc_ffn_fn source_type=0 MiB=0.398438
FLOATING_Q8 tensor=blk.15.attn_k_b.weight source_type=12 MiB=8.5
DENSE_Q3 tensor=blk.15.attn_output.weight source_type=12 MiB=27.5
DENSE_Q3 tensor=blk.15.attn_q_a.weight source_type=12 MiB=2.57812
DENSE_Q3 tensor=blk.15.attn_q_b.weight source_type=12 MiB=10.3125
FLOATING_Q8 tensor=blk.15.attn_v_b.weight source_type=12 MiB=8.5
FLOATING_Q8 tensor=blk.15.hc_attn_fn source_type=0 MiB=0.398438
FLOATING_Q8 tensor=blk.15.hc_ffn_fn source_type=0 MiB=0.398438
DENSE_Q3 tensor=blk.15.indexer.attn_q_b.weight source_type=12 MiB=2.57812
DENSE_Q3 tensor=blk.16.attn_k.weight source_type=12 MiB=13.75
DENSE_Q3 tensor=blk.16.attn_output.weight source_type=12 MiB=13.75
DENSE_Q3 tensor=blk.16.attn_q.weight source_type=12 MiB=13.75
DENSE_Q3 tensor=blk.16.attn_v.weight source_type=14 MiB=13.75
FLOATING_Q8 tensor=blk.16.hc_attn_fn source_type=0 MiB=0.398438
FLOATING_Q8 tensor=blk.16.hc_ffn_fn source_type=0 MiB=0.398438
DENSE_Q3 tensor=blk.17.attn_k.weight source_type=12 MiB=13.75
DENSE_Q3 tensor=blk.17.attn_output.weight source_type=12 MiB=13.75
DENSE_Q3 tensor=blk.17.attn_q.weight source_type=12 MiB=13.75
DENSE_Q3 tensor=blk.17.attn_v.weight source_type=12 MiB=13.75
FLOATING_Q8 tensor=blk.17.hc_attn_fn source_type=0 MiB=0.398438
FLOATING_Q8 tensor=blk.17.hc_ffn_fn source_type=0 MiB=0.398438
DENSE_Q3 tensor=blk.18.attn_k.weight source_type=12 MiB=13.75
DENSE_Q3 tensor=blk.18.attn_output.weight source_type=12 MiB=13.75
DENSE_Q3 tensor=blk.18.attn_q.weight source_type=12 MiB=13.75
DENSE_Q3 tensor=blk.18.attn_v.weight source_type=12 MiB=13.75
FLOATING_Q8 tensor=blk.18.hc_attn_fn source_type=0 MiB=0.398438
FLOATING_Q8 tensor=blk.18.hc_ffn_fn source_type=0 MiB=0.398438
FLOATING_Q8 tensor=blk.19.attn_k_b.weight source_type=12 MiB=8.5
DENSE_Q3 tensor=blk.19.attn_output.weight source_type=12 MiB=27.5
DENSE_Q3 tensor=blk.19.attn_q_a.weight source_type=12 MiB=2.57812
DENSE_Q3 tensor=blk.19.attn_q_b.weight source_type=12 MiB=10.3125
FLOATING_Q8 tensor=blk.19.attn_v_b.weight source_type=12 MiB=8.5
FLOATING_Q8 tensor=blk.19.hc_attn_fn source_type=0 MiB=0.398438
FLOATING_Q8 tensor=blk.19.hc_ffn_fn source_type=0 MiB=0.398438
DENSE_Q3 tensor=blk.19.indexer.attn_q_b.weight source_type=12 MiB=2.57812
FLOATING_Q8 tensor=blk.2.hc_attn_fn source_type=0 MiB=0.398438
FLOATING_Q8 tensor=blk.2.hc_ffn_fn source_type=0 MiB=0.398438
DENSE_Q3 tensor=blk.20.attn_k.weight source_type=12 MiB=13.75
DENSE_Q3 tensor=blk.20.attn_output.weight source_type=12 MiB=13.75
DENSE_Q3 tensor=blk.20.attn_q.weight source_type=12 MiB=13.75
DENSE_Q3 tensor=blk.20.attn_v.weight source_type=14 MiB=13.75
FLOATING_Q8 tensor=blk.20.hc_attn_fn source_type=0 MiB=0.398438
FLOATING_Q8 tensor=blk.20.hc_ffn_fn source_type=0 MiB=0.398438
DENSE_Q3 tensor=blk.21.attn_k.weight source_type=12 MiB=13.75
DENSE_Q3 tensor=blk.21.attn_output.weight source_type=12 MiB=13.75
DENSE_Q3 tensor=blk.21.attn_q.weight source_type=12 MiB=13.75
DENSE_Q3 tensor=blk.21.attn_v.weight source_type=12 MiB=13.75
FLOATING_Q8 tensor=blk.21.hc_attn_fn source_type=0 MiB=0.398438
FLOATING_Q8 tensor=blk.21.hc_ffn_fn source_type=0 MiB=0.398438
DENSE_Q3 tensor=blk.22.attn_k.weight source_type=12 MiB=13.75
DENSE_Q3 tensor=blk.22.attn_output.weight source_type=12 MiB=13.75
DENSE_Q3 tensor=blk.22.attn_q.weight source_type=12 MiB=13.75
DENSE_Q3 tensor=blk.22.attn_v.weight source_type=12 MiB=13.75
FLOATING_Q8 tensor=blk.22.hc_attn_fn source_type=0 MiB=0.398438
FLOATING_Q8 tensor=blk.22.hc_ffn_fn source_type=0 MiB=0.398438
FLOATING_Q8 tensor=blk.23.attn_k_b.weight source_type=12 MiB=8.5
DENSE_Q3 tensor=blk.23.attn_output.weight source_type=12 MiB=27.5
DENSE_Q3 tensor=blk.23.attn_q_a.weight source_type=12 MiB=2.57812
DENSE_Q3 tensor=blk.23.attn_q_b.weight source_type=12 MiB=10.3125
FLOATING_Q8 tensor=blk.23.attn_v_b.weight source_type=12 MiB=8.5
FLOATING_Q8 tensor=blk.23.hc_attn_fn source_type=0 MiB=0.398438
FLOATING_Q8 tensor=blk.23.hc_ffn_fn source_type=0 MiB=0.398438
DENSE_Q3 tensor=blk.23.indexer.attn_q_b.weight source_type=12 MiB=2.57812
DENSE_Q3 tensor=blk.24.attn_k.weight source_type=12 MiB=13.75
DENSE_Q3 tensor=blk.24.attn_output.weight source_type=12 MiB=13.75
DENSE_Q3 tensor=blk.24.attn_q.weight source_type=12 MiB=13.75
DENSE_Q3 tensor=blk.24.attn_v.weight source_type=14 MiB=13.75
FLOATING_Q8 tensor=blk.24.hc_attn_fn source_type=0 MiB=0.398438
FLOATING_Q8 tensor=blk.24.hc_ffn_fn source_type=0 MiB=0.398438
DENSE_Q3 tensor=blk.25.attn_k.weight source_type=12 MiB=13.75
DENSE_Q3 tensor=blk.25.attn_output.weight source_type=12 MiB=13.75
DENSE_Q3 tensor=blk.25.attn_q.weight source_type=12 MiB=13.75
DENSE_Q3 tensor=blk.25.attn_v.weight source_type=12 MiB=13.75
FLOATING_Q8 tensor=blk.25.hc_attn_fn source_type=0 MiB=0.398438
FLOATING_Q8 tensor=blk.25.hc_ffn_fn source_type=0 MiB=0.398438
DENSE_Q3 tensor=blk.26.attn_k.weight source_type=12 MiB=13.75
DENSE_Q3 tensor=blk.26.attn_output.weight source_type=12 MiB=13.75
DENSE_Q3 tensor=blk.26.attn_q.weight source_type=12 MiB=13.75
DENSE_Q3 tensor=blk.26.attn_v.weight source_type=12 MiB=13.75
FLOATING_Q8 tensor=blk.26.hc_attn_fn source_type=0 MiB=0.398438
FLOATING_Q8 tensor=blk.26.hc_ffn_fn source_type=0 MiB=0.398438
FLOATING_Q8 tensor=blk.27.attn_k_b.weight source_type=12 MiB=8.5
DENSE_Q3 tensor=blk.27.attn_output.weight source_type=12 MiB=27.5
DENSE_Q3 tensor=blk.27.attn_q_a.weight source_type=12 MiB=2.57812
DENSE_Q3 tensor=blk.27.attn_q_b.weight source_type=12 MiB=10.3125
FLOATING_Q8 tensor=blk.27.attn_v_b.weight source_type=12 MiB=8.5
FLOATING_Q8 tensor=blk.27.hc_attn_fn source_type=0 MiB=0.398438
FLOATING_Q8 tensor=blk.27.hc_ffn_fn source_type=0 MiB=0.398438
DENSE_Q3 tensor=blk.27.indexer.attn_q_b.weight source_type=12 MiB=2.57812
DENSE_Q3 tensor=blk.28.attn_k.weight source_type=12 MiB=13.75
DENSE_Q3 tensor=blk.28.attn_output.weight source_type=12 MiB=13.75
DENSE_Q3 tensor=blk.28.attn_q.weight source_type=12 MiB=13.75
DENSE_Q3 tensor=blk.28.attn_v.weight source_type=14 MiB=13.75
FLOATING_Q8 tensor=blk.28.hc_attn_fn source_type=0 MiB=0.398438
FLOATING_Q8 tensor=blk.28.hc_ffn_fn source_type=0 MiB=0.398438
DENSE_Q3 tensor=blk.29.attn_k.weight source_type=12 MiB=13.75
DENSE_Q3 tensor=blk.29.attn_output.weight source_type=12 MiB=13.75
DENSE_Q3 tensor=blk.29.attn_q.weight source_type=12 MiB=13.75
DENSE_Q3 tensor=blk.29.attn_v.weight source_type=12 MiB=13.75
FLOATING_Q8 tensor=blk.29.hc_attn_fn source_type=0 MiB=0.398438
FLOATING_Q8 tensor=blk.29.hc_ffn_fn source_type=0 MiB=0.398438
FLOATING_Q8 tensor=blk.3.attn_k_b.weight source_type=12 MiB=8.5
DENSE_Q3 tensor=blk.3.attn_output.weight source_type=12 MiB=27.5
DENSE_Q3 tensor=blk.3.attn_q_a.weight source_type=12 MiB=2.57812
DENSE_Q3 tensor=blk.3.attn_q_b.weight source_type=12 MiB=10.3125
FLOATING_Q8 tensor=blk.3.attn_v_b.weight source_type=12 MiB=8.5
FLOATING_Q8 tensor=blk.3.hc_attn_fn source_type=0 MiB=0.398438
FLOATING_Q8 tensor=blk.3.hc_ffn_fn source_type=0 MiB=0.398438
DENSE_Q3 tensor=blk.3.indexer.attn_q_b.weight source_type=12 MiB=2.57812
DENSE_Q3 tensor=blk.30.attn_k.weight source_type=12 MiB=13.75
DENSE_Q3 tensor=blk.30.attn_output.weight source_type=12 MiB=13.75
DENSE_Q3 tensor=blk.30.attn_q.weight source_type=12 MiB=13.75
DENSE_Q3 tensor=blk.30.attn_v.weight source_type=12 MiB=13.75
FLOATING_Q8 tensor=blk.30.hc_attn_fn source_type=0 MiB=0.398438
FLOATING_Q8 tensor=blk.30.hc_ffn_fn source_type=0 MiB=0.398438
FLOATING_Q8 tensor=blk.31.attn_k_b.weight source_type=12 MiB=8.5
DENSE_Q3 tensor=blk.31.attn_output.weight source_type=12 MiB=27.5
DENSE_Q3 tensor=blk.31.attn_q_a.weight source_type=12 MiB=2.57812
DENSE_Q3 tensor=blk.31.attn_q_b.weight source_type=12 MiB=10.3125
FLOATING_Q8 tensor=blk.31.attn_v_b.weight source_type=12 MiB=8.5
FLOATING_Q8 tensor=blk.31.hc_attn_fn source_type=0 MiB=0.398438
FLOATING_Q8 tensor=blk.31.hc_ffn_fn source_type=0 MiB=0.398438
DENSE_Q3 tensor=blk.31.indexer.attn_q_b.weight source_type=12 MiB=2.57812
DENSE_Q3 tensor=blk.32.attn_k.weight source_type=12 MiB=13.75
DENSE_Q3 tensor=blk.32.attn_output.weight source_type=12 MiB=13.75
DENSE_Q3 tensor=blk.32.attn_q.weight source_type=12 MiB=13.75
DENSE_Q3 tensor=blk.32.attn_v.weight source_type=14 MiB=13.75
FLOATING_Q8 tensor=blk.32.hc_attn_fn source_type=0 MiB=0.398438
FLOATING_Q8 tensor=blk.32.hc_ffn_fn source_type=0 MiB=0.398438
DENSE_Q3 tensor=blk.33.attn_k.weight source_type=12 MiB=13.75
DENSE_Q3 tensor=blk.33.attn_output.weight source_type=12 MiB=13.75
DENSE_Q3 tensor=blk.33.attn_q.weight source_type=12 MiB=13.75
DENSE_Q3 tensor=blk.33.attn_v.weight source_type=12 MiB=13.75
FLOATING_Q8 tensor=blk.33.hc_attn_fn source_type=0 MiB=0.398438
FLOATING_Q8 tensor=blk.33.hc_ffn_fn source_type=0 MiB=0.398438
DENSE_Q3 tensor=blk.34.attn_k.weight source_type=12 MiB=13.75
DENSE_Q3 tensor=blk.34.attn_output.weight source_type=12 MiB=13.75
DENSE_Q3 tensor=blk.34.attn_q.weight source_type=12 MiB=13.75
DENSE_Q3 tensor=blk.34.attn_v.weight source_type=12 MiB=13.75
FLOATING_Q8 tensor=blk.34.hc_attn_fn source_type=0 MiB=0.398438
FLOATING_Q8 tensor=blk.34.hc_ffn_fn source_type=0 MiB=0.398438
FLOATING_Q8 tensor=blk.35.attn_k_b.weight source_type=12 MiB=8.5
DENSE_Q3 tensor=blk.35.attn_output.weight source_type=12 MiB=27.5
DENSE_Q3 tensor=blk.35.attn_q_a.weight source_type=12 MiB=2.57812
DENSE_Q3 tensor=blk.35.attn_q_b.weight source_type=12 MiB=10.3125
FLOATING_Q8 tensor=blk.35.attn_v_b.weight source_type=12 MiB=8.5
FLOATING_Q8 tensor=blk.35.hc_attn_fn source_type=0 MiB=0.398438
FLOATING_Q8 tensor=blk.35.hc_ffn_fn source_type=0 MiB=0.398438
DENSE_Q3 tensor=blk.35.indexer.attn_q_b.weight source_type=12 MiB=2.57812
DENSE_Q3 tensor=blk.36.attn_k.weight source_type=12 MiB=13.75
DENSE_Q3 tensor=blk.36.attn_output.weight source_type=12 MiB=13.75
DENSE_Q3 tensor=blk.36.attn_q.weight source_type=12 MiB=13.75
DENSE_Q3 tensor=blk.36.attn_v.weight source_type=14 MiB=13.75
FLOATING_Q8 tensor=blk.36.hc_attn_fn source_type=0 MiB=0.398438
FLOATING_Q8 tensor=blk.36.hc_ffn_fn source_type=0 MiB=0.398438
DENSE_Q3 tensor=blk.37.attn_k.weight source_type=12 MiB=13.75
DENSE_Q3 tensor=blk.37.attn_output.weight source_type=12 MiB=13.75
DENSE_Q3 tensor=blk.37.attn_q.weight source_type=12 MiB=13.75
DENSE_Q3 tensor=blk.37.attn_v.weight source_type=12 MiB=13.75
FLOATING_Q8 tensor=blk.37.hc_attn_fn source_type=0 MiB=0.398438
FLOATING_Q8 tensor=blk.37.hc_ffn_fn source_type=0 MiB=0.398438
DENSE_Q3 tensor=blk.38.attn_k.weight source_type=12 MiB=13.75
DENSE_Q3 tensor=blk.38.attn_output.weight source_type=12 MiB=13.75
DENSE_Q3 tensor=blk.38.attn_q.weight source_type=12 MiB=13.75
DENSE_Q3 tensor=blk.38.attn_v.weight source_type=14 MiB=13.75
FLOATING_Q8 tensor=blk.38.hc_attn_fn source_type=0 MiB=0.398438
FLOATING_Q8 tensor=blk.38.hc_ffn_fn source_type=0 MiB=0.398438
FLOATING_Q8 tensor=blk.39.attn_k_b.weight source_type=12 MiB=8.5
DENSE_Q3 tensor=blk.39.attn_output.weight source_type=12 MiB=27.5
DENSE_Q3 tensor=blk.39.attn_q_a.weight source_type=12 MiB=2.57812
DENSE_Q3 tensor=blk.39.attn_q_b.weight source_type=12 MiB=10.3125
FLOATING_Q8 tensor=blk.39.attn_v_b.weight source_type=12 MiB=8.5
FLOATING_Q8 tensor=blk.39.hc_attn_fn source_type=0 MiB=0.398438
FLOATING_Q8 tensor=blk.39.hc_ffn_fn source_type=0 MiB=0.398438
DENSE_Q3 tensor=blk.39.indexer.attn_q_b.weight source_type=12 MiB=2.57812
DENSE_Q3 tensor=blk.4.attn_k.weight source_type=12 MiB=13.75
DENSE_Q3 tensor=blk.4.attn_output.weight source_type=12 MiB=13.75
DENSE_Q3 tensor=blk.4.attn_q.weight source_type=12 MiB=13.75
DENSE_Q3 tensor=blk.4.attn_v.weight source_type=14 MiB=13.75
FLOATING_Q8 tensor=blk.4.hc_attn_fn source_type=0 MiB=0.398438
FLOATING_Q8 tensor=blk.4.hc_ffn_fn source_type=0 MiB=0.398438
DENSE_Q3 tensor=blk.40.attn_k.weight source_type=12 MiB=13.75
DENSE_Q3 tensor=blk.40.attn_output.weight source_type=12 MiB=13.75
DENSE_Q3 tensor=blk.40.attn_q.weight source_type=12 MiB=13.75
DENSE_Q3 tensor=blk.40.attn_v.weight source_type=14 MiB=13.75
FLOATING_Q8 tensor=blk.40.hc_attn_fn source_type=0 MiB=0.398438
FLOATING_Q8 tensor=blk.40.hc_ffn_fn source_type=0 MiB=0.398438
DENSE_Q3 tensor=blk.41.attn_k.weight source_type=12 MiB=13.75
DENSE_Q3 tensor=blk.41.attn_output.weight source_type=12 MiB=13.75
DENSE_Q3 tensor=blk.41.attn_q.weight source_type=12 MiB=13.75
DENSE_Q3 tensor=blk.41.attn_v.weight source_type=14 MiB=13.75
FLOATING_Q8 tensor=blk.41.hc_attn_fn source_type=0 MiB=0.398438
FLOATING_Q8 tensor=blk.41.hc_ffn_fn source_type=0 MiB=0.398438
DENSE_Q3 tensor=blk.42.attn_k.weight source_type=12 MiB=13.75
DENSE_Q3 tensor=blk.42.attn_output.weight source_type=12 MiB=13.75
DENSE_Q3 tensor=blk.42.attn_q.weight source_type=12 MiB=13.75
DENSE_Q3 tensor=blk.42.attn_v.weight source_type=14 MiB=13.75
FLOATING_Q8 tensor=blk.42.hc_attn_fn source_type=0 MiB=0.398438
FLOATING_Q8 tensor=blk.42.hc_ffn_fn source_type=0 MiB=0.398438
FLOATING_Q8 tensor=blk.43.attn_k_b.weight source_type=12 MiB=8.5
DENSE_Q3 tensor=blk.43.attn_output.weight source_type=12 MiB=27.5
DENSE_Q3 tensor=blk.43.attn_q_a.weight source_type=12 MiB=2.57812
DENSE_Q3 tensor=blk.43.attn_q_b.weight source_type=12 MiB=10.3125
FLOATING_Q8 tensor=blk.43.attn_v_b.weight source_type=12 MiB=8.5
FLOATING_Q8 tensor=blk.43.hc_attn_fn source_type=0 MiB=0.398438
FLOATING_Q8 tensor=blk.43.hc_ffn_fn source_type=0 MiB=0.398438
DENSE_Q3 tensor=blk.43.indexer.attn_q_b.weight source_type=12 MiB=2.57812
DENSE_Q3 tensor=blk.44.attn_k.weight source_type=12 MiB=13.75
DENSE_Q3 tensor=blk.44.attn_output.weight source_type=12 MiB=13.75
DENSE_Q3 tensor=blk.44.attn_q.weight source_type=12 MiB=13.75
DENSE_Q3 tensor=blk.44.attn_v.weight source_type=14 MiB=13.75
FLOATING_Q8 tensor=blk.44.hc_attn_fn source_type=0 MiB=0.398438
FLOATING_Q8 tensor=blk.44.hc_ffn_fn source_type=0 MiB=0.398438
DENSE_Q3 tensor=blk.5.attn_k.weight source_type=12 MiB=13.75
DENSE_Q3 tensor=blk.5.attn_output.weight source_type=12 MiB=13.75
DENSE_Q3 tensor=blk.5.attn_q.weight source_type=12 MiB=13.75
DENSE_Q3 tensor=blk.5.attn_v.weight source_type=12 MiB=13.75
FLOATING_Q8 tensor=blk.5.hc_attn_fn source_type=0 MiB=0.398438
FLOATING_Q8 tensor=blk.5.hc_ffn_fn source_type=0 MiB=0.398438
DENSE_Q3 tensor=blk.6.attn_k.weight source_type=12 MiB=13.75
DENSE_Q3 tensor=blk.6.attn_output.weight source_type=12 MiB=13.75
DENSE_Q3 tensor=blk.6.attn_q.weight source_type=12 MiB=13.75
DENSE_Q3 tensor=blk.6.attn_v.weight source_type=12 MiB=13.75
FLOATING_Q8 tensor=blk.6.hc_attn_fn source_type=0 MiB=0.398438
FLOATING_Q8 tensor=blk.6.hc_ffn_fn source_type=0 MiB=0.398438
FLOATING_Q8 tensor=blk.7.attn_k_b.weight source_type=12 MiB=8.5
DENSE_Q3 tensor=blk.7.attn_output.weight source_type=12 MiB=27.5
DENSE_Q3 tensor=blk.7.attn_q_a.weight source_type=12 MiB=2.57812
DENSE_Q3 tensor=blk.7.attn_q_b.weight source_type=12 MiB=10.3125
FLOATING_Q8 tensor=blk.7.attn_v_b.weight source_type=12 MiB=8.5
FLOATING_Q8 tensor=blk.7.hc_attn_fn source_type=0 MiB=0.398438
FLOATING_Q8 tensor=blk.7.hc_ffn_fn source_type=0 MiB=0.398438
DENSE_Q3 tensor=blk.7.indexer.attn_q_b.weight source_type=12 MiB=2.57812
DENSE_Q3 tensor=blk.8.attn_k.weight source_type=12 MiB=13.75
DENSE_Q3 tensor=blk.8.attn_output.weight source_type=12 MiB=13.75
DENSE_Q3 tensor=blk.8.attn_q.weight source_type=12 MiB=13.75
DENSE_Q3 tensor=blk.8.attn_v.weight source_type=14 MiB=13.75
FLOATING_Q8 tensor=blk.8.hc_attn_fn source_type=0 MiB=0.398438
FLOATING_Q8 tensor=blk.8.hc_ffn_fn source_type=0 MiB=0.398438
DENSE_Q3 tensor=blk.9.attn_k.weight source_type=12 MiB=13.75
DENSE_Q3 tensor=blk.9.attn_output.weight source_type=12 MiB=13.75
DENSE_Q3 tensor=blk.9.attn_q.weight source_type=12 MiB=13.75
DENSE_Q3 tensor=blk.9.attn_v.weight source_type=12 MiB=13.75
FLOATING_Q8 tensor=blk.9.hc_attn_fn source_type=0 MiB=0.398438
FLOATING_Q8 tensor=blk.9.hc_ffn_fn source_type=0 MiB=0.398438
GPU prefill chunk=2048 staging_workers=4 numa_cpus=0,1,2,3
GPU allocated_MiB=6340.13 reserved_runtime_MiB=1024 budget_MiB=15360
GPU_DENSE_HOST_RELEASE phase=main tensors=1256 source_MiB_advised=5040.35 ms=117.425
TIER_DIRECT registered_MiB=47628 ranges=85 ms=6235.21
PREFILL_PARTITION primary_groups=9 secondary_groups=0
PREFILL_CACHE device=0 budget_MiB=0 reserve_MiB=768
PREFILL_CACHE_PLAN device=0 base_groups=0 unused_MiB=0
MAPPED_EXPERTS numa_rows=0 lazy=1 bytes=49941577728
PREFILL trial=0 tokens=2048 batch=2048 ms=23807.8 tok_s=86.0222
FAULTS trial=0 major=0 minor=318879
HOST_RSS peak_MiB=49317.7
CPU_EXPERT gu_ms=0 quant_ms=0 down_ms=0 layer_flow_ms=0 bytes=0
GPU peak_allocated_MiB=6340.13 native_expert_bytes=49941577728 expert_groups=378 staging_ms=3877.28
PREFILL_SCRATCH device=0 peak_MiB=696.564 capacity_MiB=1024
GPU_LIVE device=0 dense_MiB=4240.61 other_MiB=294.414 prefill_MiB=1566 state_MiB=239.105
GPU_DEVICE device=0 peak_allocated_MiB=6340.13 live_MiB=6340.13 native_expert_bytes=49941577728 staging_ms=3877.28 cache_hits=0 cache_hit_bytes=0 cuda_used_MiB=7264 free_MiB=9040
MAPPED_EXPERTS numa_rows=0 lazy=1 bytes=49941577728
PREFILL_WORK device=0 transferred_bytes=49941577728 staging_ms=3877.28 actual_rows=0 padded_rows=0 dequant_values=0
DECODE_RUNTIME override_reserve_MiB=512
DECODE_CACHE prefix_trained=1 slots=1174 MiB=9245.25 fingerprint=18411413644063190333
RESPONSE_PREPARE kind=decode_cache ms=1434.9
RESPONSE_PREPARE kind=cpu ms=0.002325
DECODE_TRIAL index=0
DECODE_STEP index=1 ms=42.3507
DECODE_STEP index=2 ms=28.3325
DECODE_STEP index=3 ms=30.1218
DECODE_STEP index=4 ms=27.9916
DECODE_STEP index=5 ms=26.6723
DECODE_STEP index=6 ms=27.1561
DECODE_STEP index=7 ms=27.5536
DECODE_STEP index=8 ms=29.3652
DECODE_STEP index=9 ms=30.5989
DECODE_STEP index=10 ms=28.6632
DECODE_STEP index=11 ms=30.5343
DECODE_STEP index=12 ms=27.7203
DECODE_STEP index=13 ms=29.3945
DECODE_STEP index=14 ms=28.8494
DECODE_STEP index=15 ms=29.5879
DECODE_STEP index=16 ms=27.7809
DECODE_STEP index=17 ms=29.7657
DECODE_STEP index=18 ms=28.0198
DECODE_STEP index=19 ms=28.2065
DECODE_STEP index=20 ms=30.1627
DECODE_STEP index=21 ms=28.8464
DECODE_STEP index=22 ms=29.7083
DECODE_STEP index=23 ms=28.2611
DECODE_STEP index=24 ms=27.2899
DECODE_STEP index=25 ms=27.4952
DECODE_STEP index=26 ms=29.6992
DECODE_STEP index=27 ms=30.0003
DECODE_STEP index=28 ms=27.6753
DECODE_STEP index=29 ms=29.4469
DECODE_STEP index=30 ms=30.0649
DECODE_STEP index=31 ms=28.1617
DECODE_STEP index=32 ms=27.8974
DECODE_STEP index=33 ms=29.4179
DECODE_STEP index=34 ms=28.3217
DECODE_STEP index=35 ms=29.5423
DECODE_STEP index=36 ms=28.7014
DECODE_STEP index=37 ms=27.9491
DECODE_STEP index=38 ms=28.3607
DECODE_STEP index=39 ms=27.5278
DECODE_STEP index=40 ms=27.9233
DECODE_STEP index=41 ms=27.7312
DECODE_STEP index=42 ms=27.803
DECODE_STEP index=43 ms=27.8886
DECODE_STEP index=44 ms=27.736
DECODE_STEP index=45 ms=27.397
DECODE_STEP index=46 ms=28.0914
DECODE_STEP index=47 ms=28.0816
DECODE_STEP index=48 ms=29.3882
DECODE_STEP index=49 ms=28.222
DECODE_STEP index=50 ms=29.8789
DECODE_STEP index=51 ms=27.3821
DECODE_STEP index=52 ms=27.3075
DECODE_STEP index=53 ms=27.3772
DECODE_STEP index=54 ms=27.4376
DECODE_STEP index=55 ms=29.9464
DECODE_STEP index=56 ms=27.5982
DECODE_STEP index=57 ms=27.3024
DECODE_STEP index=58 ms=27.3952
DECODE_STEP index=59 ms=27.3069
DECODE_STEP index=60 ms=27.4932
DECODE_STEP index=61 ms=27.7622
DECODE_STEP index=62 ms=28.6451
DECODE_STEP index=63 ms=28.3804
DECODE_STEP index=64 ms=29.2297
DECODE_STEP index=65 ms=27.9822
DECODE_STEP index=66 ms=29.216
DECODE_STEP index=67 ms=28.6772
DECODE_STEP index=68 ms=29.4247
DECODE_STEP index=69 ms=29.0828
DECODE_STEP index=70 ms=31.5766
DECODE_STEP index=71 ms=29.0012
DECODE_STEP index=72 ms=28.2234
DECODE_STEP index=73 ms=28.0581
DECODE_STEP index=74 ms=27.9763
DECODE_STEP index=75 ms=28.1744
DECODE_STEP index=76 ms=28.4465
DECODE_STEP index=77 ms=28.215
DECODE_STEP index=78 ms=29.3239
DECODE_STEP index=79 ms=29.3402
DECODE_STEP index=80 ms=28.9683
DECODE_STEP index=81 ms=27.782
DECODE_STEP index=82 ms=27.4321
DECODE_STEP index=83 ms=27.8315
DECODE_STEP index=84 ms=27.9827
DECODE_STEP index=85 ms=28.3949
DECODE_STEP index=86 ms=27.4762
DECODE_STEP index=87 ms=27.7
DECODE_STEP index=88 ms=27.7615
DECODE_STEP index=89 ms=27.9958
DECODE_STEP index=90 ms=29.0809
DECODE_STEP index=91 ms=28.5848
DECODE_STEP index=92 ms=29.6353
DECODE_STEP index=93 ms=27.8635
DECODE_STEP index=94 ms=27.466
DECODE_STEP index=95 ms=27.5314
DECODE_STEP index=96 ms=30.2913
DECODE_STEP index=97 ms=29.1245
DECODE_STEP index=98 ms=27.5308
DECODE_STEP index=99 ms=27.9916
DECODE_STEP index=100 ms=27.4511
DECODE_STEP index=101 ms=27.2557
DECODE_STEP index=102 ms=28.169
DECODE_STEP index=103 ms=28.2849
DECODE_STEP index=104 ms=28.6574
DECODE_STEP index=105 ms=29.9984
DECODE_STEP index=106 ms=27.3398
DECODE_STEP index=107 ms=27.2172
DECODE_STEP index=108 ms=27.3473
DECODE_STEP index=109 ms=27.1414
DECODE_STEP index=110 ms=30.0053
DECODE_STEP index=111 ms=27.508
DECODE_STEP index=112 ms=27.5433
DECODE_STEP index=113 ms=27.7203
DECODE_STEP index=114 ms=27.5464
DECODE_STEP index=115 ms=27.3521
DECODE_STEP index=116 ms=28.1178
DECODE_STEP index=117 ms=28.9276
DECODE_STEP index=118 ms=27.7753
DECODE_STEP index=119 ms=27.2694
DECODE_STEP index=120 ms=27.7215
DECODE_STEP index=121 ms=28.4449
DECODE_STEP index=122 ms=28.3576
DECODE_STEP index=123 ms=27.3668
DECODE_STEP index=124 ms=28.134
DECODE_STEP index=125 ms=27.968
DECODE_STEP index=126 ms=28.2146
DECODE_STEP index=127 ms=27.7213
DECODE steps=127 ms=3629.07 tok_s=34.9952
HOST_RSS peak_MiB=49317.7
CPU_EXPERT gu_ms=0 quant_ms=0 down_ms=0 layer_flow_ms=295.753 bytes=7852916736
STEP_TRACE steps=127 moe_layers=5334 pipelined=1 head_ms=273.795 cpu_ms=349.658 between_ms=2784.35 tail_ms=193.263 tail_sync_ms=135.383 tail_plan_ms=21.4897 tail_copy_ms=34.315 enqueue_ms=396.792 tier_swaps=110 split_windows=0 per_step_ms=28.3549
GPU peak_allocated_MiB=13835.2 native_expert_bytes=0 expert_groups=0 staging_ms=0
PREFILL_SCRATCH device=0 peak_MiB=5.07129 capacity_MiB=32
GPU_LIVE device=0 dense_MiB=4240.61 other_MiB=9320.51 prefill_MiB=32 resident_exec_MiB=2.94288 state_MiB=239.105
GPU_DEVICE device=0 peak_allocated_MiB=13835.2 live_MiB=13835.2 native_expert_bytes=0 staging_ms=0 cache_hits=0 cache_hit_bytes=0 cuda_used_MiB=14884 free_MiB=1420
resident expert entries=41721/42672
Finished with result: success
Main processes terminated with: code=exited/status=0
Service runtime: 1min 44.791s
CPU time consumed: 2min 57.659s
Memory peak: 256.0K
Memory swap peak: 0B
