25
79450
11
2588
50122
67030
624
2575
5184
895
979
279
19827
374
537
2669
1052
11
476
979
8980
1229
4641
320
68
1302
13
279
19827
374
389
264
198
2575
5515
220
98965
17967
1874
429
5646
279
2436
594
64998
11
5515
220
13931
2573
6589
374
79450
25
279
19827
198
2575
8426
82
825
20455
17629
369
279
19827
26
5515
13931
2573
6589
374
5333
11586
79450
25
279
19827
198
2575
8426
82
825
20455
17629
369
825
20455
17629
369
825
20455
17629
369
198
2575
3980
25
330
3379
82
825
20455
17629
369
279
19827
26
5515
13931
2573
6589
374
5333
11586
79450
25
279
19827
198
2575
32013
12239
20317
486
4651
64
9021
