25
79450
11
2588
50122
67030
624
13156
13931
12519
25
79450
11
2588
50122
67030
13
1527
4287
6589
87028
41586
504
279
1882
16657
624
2575
8426
82
825
20455
17629
369
279
6203
7314
594
7337
11
79450
11
2588
50122
11858
50122
67030
624
2575
8426
82
825
20455
17629
369
279
49148
594
7337
11
279
49148
594
7337
11
279
49148
594
198
2575
8426
82
825
20455
17629
369
279
49148
594
7337
11
279
49148
594
7337
11
279
198
2575
8426
82
825
20455
356
1649
369
279
7314
594
7337
11
79450
11
2588
50122
30070
11
2588
50122
30070
198
2575
8426
82
825
20455
17629
369
279
7314
594
6042
11
79450
11
350
3540
112098
