25
79450
11
2588
50122
67030
624
2575
5184
895
979
279
19827
374
537
2669
4303
389
279
11218
17629
11
19827
1969
387
389
264
198
2575
5515
13931
2573
4462
320
13156
25
19827
1969
387
264
13931
2573
4462
11
19827
1969
387
264
13931
49148
1112
320
376
37809
340
2575
8426
82
825
20455
17629
369
279
356
1027
99419
5085
2271
16168
18173
15931
32
15614
15266
323
2802
26932
13
3776
2038
2504
11
902
4960
10005
1283
419
825
481
902
4960
10005
1283
419
825
481
902
4960
10005
1283
8751
25760
13480
486
1742
11661
368
733
11
8751
25760
1112
320
376
1112
320
376
1112
320
376
1112
320
376
1112
320
376
1112
320
