25
79450
11
1874
9
102636
10
15770
11165
198
2575
1874
9
102636
10
15770
11165
198
2575
1874
9
102636
10
49148
198
2575
1874
9
13624
198
2575
13624
198
2575
1874
9
102636
10
15770
11165
198
2575
1874
9
356
198
2575
1874
9
102636
10
6042
198
2575
49148
198
2575
1874
9
102636
10
7314
198
2575
1874
9
12035
198
2575
5515
13931
12519
25
79450
11
1874
9
102636
10
15770
11165
198
2575
4629
198
2575
4629
198
6453
198
6453
198
6453
198
2575
1874
9
102636
10
15770
11165
198
2575
7314
198
2575
1874
9
6200
198
2575
1874
9
5333
198
2575
5646
198
2575
6042
198
330
4074
9
102636
10
15770
11165
