Running as unit: strata-st-q22fit8cap16-b16000-r256-416460.service; invocation ID: 124d2f4b33dc4ff7a27ba7fec02ec45a
EXPERT_PACK source=/mnt/disk01/models/glm53f-reap/REAP50-Q22-down-only-experimental.gguf backend=native retained=0
STAGING compact=1 slot_MiB=127
FLOATING_Q8 tensor=blk.0.hc_attn_fn source_type=0 MiB=0.398438
FLOATING_Q8 tensor=blk.0.hc_ffn_fn source_type=0 MiB=0.398438
FLOATING_Q8 tensor=blk.1.hc_attn_fn source_type=0 MiB=0.398438
FLOATING_Q8 tensor=blk.1.hc_ffn_fn source_type=0 MiB=0.398438
FLOATING_Q8 tensor=blk.10.hc_attn_fn source_type=0 MiB=0.398438
FLOATING_Q8 tensor=blk.10.hc_ffn_fn source_type=0 MiB=0.398438
FLOATING_Q8 tensor=blk.11.attn_k_b.weight source_type=12 MiB=8.5
FLOATING_Q8 tensor=blk.11.attn_v_b.weight source_type=12 MiB=8.5
FLOATING_Q8 tensor=blk.11.hc_attn_fn source_type=0 MiB=0.398438
FLOATING_Q8 tensor=blk.11.hc_ffn_fn source_type=0 MiB=0.398438
FLOATING_Q8 tensor=blk.12.hc_attn_fn source_type=0 MiB=0.398438
FLOATING_Q8 tensor=blk.12.hc_ffn_fn source_type=0 MiB=0.398438
FLOATING_Q8 tensor=blk.13.hc_attn_fn source_type=0 MiB=0.398438
FLOATING_Q8 tensor=blk.13.hc_ffn_fn source_type=0 MiB=0.398438
FLOATING_Q8 tensor=blk.14.hc_attn_fn source_type=0 MiB=0.398438
FLOATING_Q8 tensor=blk.14.hc_ffn_fn source_type=0 MiB=0.398438
FLOATING_Q8 tensor=blk.15.attn_k_b.weight source_type=12 MiB=8.5
FLOATING_Q8 tensor=blk.15.attn_v_b.weight source_type=12 MiB=8.5
FLOATING_Q8 tensor=blk.15.hc_attn_fn source_type=0 MiB=0.398438
FLOATING_Q8 tensor=blk.15.hc_ffn_fn source_type=0 MiB=0.398438
FLOATING_Q8 tensor=blk.16.hc_attn_fn source_type=0 MiB=0.398438
FLOATING_Q8 tensor=blk.16.hc_ffn_fn source_type=0 MiB=0.398438
FLOATING_Q8 tensor=blk.17.hc_attn_fn source_type=0 MiB=0.398438
FLOATING_Q8 tensor=blk.17.hc_ffn_fn source_type=0 MiB=0.398438
FLOATING_Q8 tensor=blk.18.hc_attn_fn source_type=0 MiB=0.398438
FLOATING_Q8 tensor=blk.18.hc_ffn_fn source_type=0 MiB=0.398438
FLOATING_Q8 tensor=blk.19.attn_k_b.weight source_type=12 MiB=8.5
FLOATING_Q8 tensor=blk.19.attn_v_b.weight source_type=12 MiB=8.5
FLOATING_Q8 tensor=blk.19.hc_attn_fn source_type=0 MiB=0.398438
FLOATING_Q8 tensor=blk.19.hc_ffn_fn source_type=0 MiB=0.398438
FLOATING_Q8 tensor=blk.2.hc_attn_fn source_type=0 MiB=0.398438
FLOATING_Q8 tensor=blk.2.hc_ffn_fn source_type=0 MiB=0.398438
FLOATING_Q8 tensor=blk.20.hc_attn_fn source_type=0 MiB=0.398438
FLOATING_Q8 tensor=blk.20.hc_ffn_fn source_type=0 MiB=0.398438
FLOATING_Q8 tensor=blk.21.hc_attn_fn source_type=0 MiB=0.398438
FLOATING_Q8 tensor=blk.21.hc_ffn_fn source_type=0 MiB=0.398438
FLOATING_Q8 tensor=blk.22.hc_attn_fn source_type=0 MiB=0.398438
FLOATING_Q8 tensor=blk.22.hc_ffn_fn source_type=0 MiB=0.398438
FLOATING_Q8 tensor=blk.23.attn_k_b.weight source_type=12 MiB=8.5
FLOATING_Q8 tensor=blk.23.attn_v_b.weight source_type=12 MiB=8.5
FLOATING_Q8 tensor=blk.23.hc_attn_fn source_type=0 MiB=0.398438
FLOATING_Q8 tensor=blk.23.hc_ffn_fn source_type=0 MiB=0.398438
FLOATING_Q8 tensor=blk.24.hc_attn_fn source_type=0 MiB=0.398438
FLOATING_Q8 tensor=blk.24.hc_ffn_fn source_type=0 MiB=0.398438
FLOATING_Q8 tensor=blk.25.hc_attn_fn source_type=0 MiB=0.398438
FLOATING_Q8 tensor=blk.25.hc_ffn_fn source_type=0 MiB=0.398438
FLOATING_Q8 tensor=blk.26.hc_attn_fn source_type=0 MiB=0.398438
FLOATING_Q8 tensor=blk.26.hc_ffn_fn source_type=0 MiB=0.398438
FLOATING_Q8 tensor=blk.27.attn_k_b.weight source_type=12 MiB=8.5
FLOATING_Q8 tensor=blk.27.attn_v_b.weight source_type=12 MiB=8.5
FLOATING_Q8 tensor=blk.27.hc_attn_fn source_type=0 MiB=0.398438
FLOATING_Q8 tensor=blk.27.hc_ffn_fn source_type=0 MiB=0.398438
FLOATING_Q8 tensor=blk.28.hc_attn_fn source_type=0 MiB=0.398438
FLOATING_Q8 tensor=blk.28.hc_ffn_fn source_type=0 MiB=0.398438
FLOATING_Q8 tensor=blk.29.hc_attn_fn source_type=0 MiB=0.398438
FLOATING_Q8 tensor=blk.29.hc_ffn_fn source_type=0 MiB=0.398438
FLOATING_Q8 tensor=blk.3.attn_k_b.weight source_type=12 MiB=8.5
FLOATING_Q8 tensor=blk.3.attn_v_b.weight source_type=12 MiB=8.5
FLOATING_Q8 tensor=blk.3.hc_attn_fn source_type=0 MiB=0.398438
FLOATING_Q8 tensor=blk.3.hc_ffn_fn source_type=0 MiB=0.398438
FLOATING_Q8 tensor=blk.30.hc_attn_fn source_type=0 MiB=0.398438
FLOATING_Q8 tensor=blk.30.hc_ffn_fn source_type=0 MiB=0.398438
FLOATING_Q8 tensor=blk.31.attn_k_b.weight source_type=12 MiB=8.5
FLOATING_Q8 tensor=blk.31.attn_v_b.weight source_type=12 MiB=8.5
FLOATING_Q8 tensor=blk.31.hc_attn_fn source_type=0 MiB=0.398438
FLOATING_Q8 tensor=blk.31.hc_ffn_fn source_type=0 MiB=0.398438
FLOATING_Q8 tensor=blk.32.hc_attn_fn source_type=0 MiB=0.398438
FLOATING_Q8 tensor=blk.32.hc_ffn_fn source_type=0 MiB=0.398438
FLOATING_Q8 tensor=blk.33.hc_attn_fn source_type=0 MiB=0.398438
FLOATING_Q8 tensor=blk.33.hc_ffn_fn source_type=0 MiB=0.398438
FLOATING_Q8 tensor=blk.34.hc_attn_fn source_type=0 MiB=0.398438
FLOATING_Q8 tensor=blk.34.hc_ffn_fn source_type=0 MiB=0.398438
FLOATING_Q8 tensor=blk.35.attn_k_b.weight source_type=12 MiB=8.5
FLOATING_Q8 tensor=blk.35.attn_v_b.weight source_type=12 MiB=8.5
FLOATING_Q8 tensor=blk.35.hc_attn_fn source_type=0 MiB=0.398438
FLOATING_Q8 tensor=blk.35.hc_ffn_fn source_type=0 MiB=0.398438
FLOATING_Q8 tensor=blk.36.hc_attn_fn source_type=0 MiB=0.398438
FLOATING_Q8 tensor=blk.36.hc_ffn_fn source_type=0 MiB=0.398438
FLOATING_Q8 tensor=blk.37.hc_attn_fn source_type=0 MiB=0.398438
FLOATING_Q8 tensor=blk.37.hc_ffn_fn source_type=0 MiB=0.398438
FLOATING_Q8 tensor=blk.38.hc_attn_fn source_type=0 MiB=0.398438
FLOATING_Q8 tensor=blk.38.hc_ffn_fn source_type=0 MiB=0.398438
FLOATING_Q8 tensor=blk.39.attn_k_b.weight source_type=12 MiB=8.5
FLOATING_Q8 tensor=blk.39.attn_v_b.weight source_type=12 MiB=8.5
FLOATING_Q8 tensor=blk.39.hc_attn_fn source_type=0 MiB=0.398438
FLOATING_Q8 tensor=blk.39.hc_ffn_fn source_type=0 MiB=0.398438
FLOATING_Q8 tensor=blk.4.hc_attn_fn source_type=0 MiB=0.398438
FLOATING_Q8 tensor=blk.4.hc_ffn_fn source_type=0 MiB=0.398438
FLOATING_Q8 tensor=blk.40.hc_attn_fn source_type=0 MiB=0.398438
FLOATING_Q8 tensor=blk.40.hc_ffn_fn source_type=0 MiB=0.398438
FLOATING_Q8 tensor=blk.41.hc_attn_fn source_type=0 MiB=0.398438
FLOATING_Q8 tensor=blk.41.hc_ffn_fn source_type=0 MiB=0.398438
FLOATING_Q8 tensor=blk.42.hc_attn_fn source_type=0 MiB=0.398438
FLOATING_Q8 tensor=blk.42.hc_ffn_fn source_type=0 MiB=0.398438
FLOATING_Q8 tensor=blk.43.attn_k_b.weight source_type=12 MiB=8.5
FLOATING_Q8 tensor=blk.43.attn_v_b.weight source_type=12 MiB=8.5
FLOATING_Q8 tensor=blk.43.hc_attn_fn source_type=0 MiB=0.398438
FLOATING_Q8 tensor=blk.43.hc_ffn_fn source_type=0 MiB=0.398438
FLOATING_Q8 tensor=blk.44.hc_attn_fn source_type=0 MiB=0.398438
FLOATING_Q8 tensor=blk.44.hc_ffn_fn source_type=0 MiB=0.398438
FLOATING_Q8 tensor=blk.5.hc_attn_fn source_type=0 MiB=0.398438
FLOATING_Q8 tensor=blk.5.hc_ffn_fn source_type=0 MiB=0.398438
FLOATING_Q8 tensor=blk.6.hc_attn_fn source_type=0 MiB=0.398438
FLOATING_Q8 tensor=blk.6.hc_ffn_fn source_type=0 MiB=0.398438
FLOATING_Q8 tensor=blk.7.attn_k_b.weight source_type=12 MiB=8.5
FLOATING_Q8 tensor=blk.7.attn_v_b.weight source_type=12 MiB=8.5
FLOATING_Q8 tensor=blk.7.hc_attn_fn source_type=0 MiB=0.398438
FLOATING_Q8 tensor=blk.7.hc_ffn_fn source_type=0 MiB=0.398438
FLOATING_Q8 tensor=blk.8.hc_attn_fn source_type=0 MiB=0.398438
FLOATING_Q8 tensor=blk.8.hc_ffn_fn source_type=0 MiB=0.398438
FLOATING_Q8 tensor=blk.9.hc_attn_fn source_type=0 MiB=0.398438
FLOATING_Q8 tensor=blk.9.hc_ffn_fn source_type=0 MiB=0.398438
GPU prefill chunk=2048 staging_workers=4 numa_cpus=0,1,2,3
GPU allocated_MiB=7128.73 reserved_runtime_MiB=1024 budget_MiB=16000
GPU_DENSE_HOST_RELEASE phase=main tensors=1256 source_MiB_advised=5040.35 ms=126.117
TIER_DIRECT registered_MiB=47628 ranges=85 ms=6283.03
PREFILL_PARTITION primary_groups=9 secondary_groups=0
PREFILL_CACHE device=0 budget_MiB=0 reserve_MiB=768
PREFILL_CACHE_PLAN device=0 base_groups=0 unused_MiB=0
MAPPED_EXPERTS numa_rows=0 lazy=1 bytes=49941577728
PREFILL trial=0 tokens=2048 batch=2048 ms=24661.2 tok_s=83.0454
FAULTS trial=0 major=0 minor=343275
HOST_RSS peak_MiB=49316.7
CPU_EXPERT gu_ms=0 quant_ms=0 down_ms=0 layer_flow_ms=0 bytes=0
GPU peak_allocated_MiB=7128.73 native_expert_bytes=49941577728 expert_groups=378 staging_ms=3830.09
PREFILL_SCRATCH device=0 peak_MiB=696.564 capacity_MiB=1024
GPU_LIVE device=0 dense_MiB=5029.21 other_MiB=294.414 prefill_MiB=1566 state_MiB=239.105
GPU_DEVICE device=0 peak_allocated_MiB=7128.73 live_MiB=7128.73 native_expert_bytes=49941577728 staging_ms=3830.09 cache_hits=0 cache_hit_bytes=0 cuda_used_MiB=8010 free_MiB=8294
MAPPED_EXPERTS numa_rows=0 lazy=1 bytes=49941577728
PREFILL_WORK device=0 transferred_bytes=49941577728 staging_ms=3830.09 actual_rows=0 padded_rows=0 dequant_values=0
DECODE_RUNTIME override_reserve_MiB=256
DECODE_CACHE prefix_trained=1 slots=1164 MiB=9166.5 fingerprint=8422673608854901669
RESPONSE_PREPARE kind=decode_cache ms=1423.07
RESPONSE_PREPARE kind=cpu ms=0.001403
DECODE_TRIAL index=0
DECODE_STEP index=1 ms=41.996
DECODE_STEP index=2 ms=29.1021
DECODE_STEP index=3 ms=31.1594
DECODE_STEP index=4 ms=28.7506
DECODE_STEP index=5 ms=27.5784
DECODE_STEP index=6 ms=28.1791
DECODE_STEP index=7 ms=28.512
DECODE_STEP index=8 ms=29.0482
DECODE_STEP index=9 ms=27.9406
DECODE_STEP index=10 ms=29.2102
DECODE_STEP index=11 ms=30.3532
DECODE_STEP index=12 ms=28.609
DECODE_STEP index=13 ms=28.7577
DECODE_STEP index=14 ms=31.0417
DECODE_STEP index=15 ms=28.6151
DECODE_STEP index=16 ms=31.4343
DECODE_STEP index=17 ms=28.2674
DECODE_STEP index=18 ms=27.9745
DECODE_STEP index=19 ms=29.3889
DECODE_STEP index=20 ms=28.4494
DECODE_STEP index=21 ms=29.0698
DECODE_STEP index=22 ms=28.9628
DECODE_STEP index=23 ms=30.2133
DECODE_STEP index=24 ms=30.1357
DECODE_STEP index=25 ms=29.2082
DECODE_STEP index=26 ms=30.2723
DECODE_STEP index=27 ms=28.77
DECODE_STEP index=28 ms=28.5878
DECODE_STEP index=29 ms=30.1895
DECODE_STEP index=30 ms=28.4558
DECODE_STEP index=31 ms=28.4891
DECODE_STEP index=32 ms=30.5611
DECODE_STEP index=33 ms=28.7221
DECODE_STEP index=34 ms=31.3351
DECODE_STEP index=35 ms=28.0873
DECODE_STEP index=36 ms=28.0288
DECODE_STEP index=37 ms=28.2229
DECODE_STEP index=38 ms=27.9352
DECODE_STEP index=39 ms=28.8967
DECODE_STEP index=40 ms=30.5212
DECODE_STEP index=41 ms=29.4596
DECODE_STEP index=42 ms=28.6975
DECODE_STEP index=43 ms=30.0695
DECODE_STEP index=44 ms=28.2775
DECODE_STEP index=45 ms=30.1756
DECODE_STEP index=46 ms=28.5059
DECODE_STEP index=47 ms=30.9852
DECODE_STEP index=48 ms=28.1892
DECODE_STEP index=49 ms=28.4497
DECODE_STEP index=50 ms=28.0593
DECODE_STEP index=51 ms=28.3
DECODE_STEP index=52 ms=29.0953
DECODE_STEP index=53 ms=29.1708
DECODE_STEP index=54 ms=28.5823
DECODE_STEP index=55 ms=28.9544
DECODE_STEP index=56 ms=29.9494
DECODE_STEP index=57 ms=28.8856
DECODE_STEP index=58 ms=30.7416
DECODE_STEP index=59 ms=28.5988
DECODE_STEP index=60 ms=30.104
DECODE_STEP index=61 ms=28.3333
DECODE_STEP index=62 ms=28.132
DECODE_STEP index=63 ms=29.0816
DECODE_STEP index=64 ms=28.9697
DECODE_STEP index=65 ms=28.9195
DECODE_STEP index=66 ms=29.4703
DECODE_STEP index=67 ms=28.2199
DECODE_STEP index=68 ms=28.3796
DECODE_STEP index=69 ms=28.3845
DECODE_STEP index=70 ms=28.9528
DECODE_STEP index=71 ms=29.2926
DECODE_STEP index=72 ms=28.3212
DECODE_STEP index=73 ms=30.0225
DECODE_STEP index=74 ms=28.2449
DECODE_STEP index=75 ms=28.6864
DECODE_STEP index=76 ms=29.678
DECODE_STEP index=77 ms=28.2426
DECODE_STEP index=78 ms=28.763
DECODE_STEP index=79 ms=28.1955
DECODE_STEP index=80 ms=31.6009
DECODE_STEP index=81 ms=27.8952
DECODE_STEP index=82 ms=27.9884
DECODE_STEP index=83 ms=27.91
DECODE_STEP index=84 ms=28.2246
DECODE_STEP index=85 ms=28.9773
DECODE_STEP index=86 ms=29.3808
DECODE_STEP index=87 ms=28.1194
DECODE_STEP index=88 ms=28.2754
DECODE_STEP index=89 ms=28.4212
DECODE_STEP index=90 ms=28.3215
DECODE_STEP index=91 ms=28.0034
DECODE_STEP index=92 ms=28.0224
DECODE_STEP index=93 ms=29.552
DECODE_STEP index=94 ms=28.3455
DECODE_STEP index=95 ms=28.1104
DECODE_STEP index=96 ms=29.1126
DECODE_STEP index=97 ms=33.0981
DECODE_STEP index=98 ms=29.2426
DECODE_STEP index=99 ms=28.4658
DECODE_STEP index=100 ms=31.0623
DECODE_STEP index=101 ms=30.4667
DECODE_STEP index=102 ms=29.2871
DECODE_STEP index=103 ms=28.1824
DECODE_STEP index=104 ms=27.9803
DECODE_STEP index=105 ms=28.6031
DECODE_STEP index=106 ms=29.7329
DECODE_STEP index=107 ms=29.3333
DECODE_STEP index=108 ms=29.0721
DECODE_STEP index=109 ms=29.354
DECODE_STEP index=110 ms=28.4445
DECODE_STEP index=111 ms=29.0063
DECODE_STEP index=112 ms=28.9798
DECODE_STEP index=113 ms=28.4046
DECODE_STEP index=114 ms=28.0065
DECODE_STEP index=115 ms=27.9687
DECODE_STEP index=116 ms=28.0083
DECODE_STEP index=117 ms=27.7921
DECODE_STEP index=118 ms=27.8444
DECODE_STEP index=119 ms=29.027
DECODE_STEP index=120 ms=28.6513
DECODE_STEP index=121 ms=28.2364
DECODE_STEP index=122 ms=29.0006
DECODE_STEP index=123 ms=32.152
DECODE_STEP index=124 ms=28.6906
DECODE_STEP index=125 ms=29.4677
DECODE_STEP index=126 ms=30.1764
DECODE_STEP index=127 ms=28.8072
DECODE steps=127 ms=3712.58 tok_s=34.208
HOST_RSS peak_MiB=49316.7
CPU_EXPERT gu_ms=0 quant_ms=0 down_ms=0 layer_flow_ms=273.514 bytes=7258374144
STEP_TRACE steps=127 moe_layers=5334 pipelined=1 head_ms=271.695 cpu_ms=326.384 between_ms=2898.39 tail_ms=190.143 tail_sync_ms=135.25 tail_plan_ms=20.3285 tail_copy_ms=32.5257 enqueue_ms=358.863 tier_swaps=100 split_windows=0 per_step_ms=29.0285
GPU peak_allocated_MiB=14545 native_expert_bytes=0 expert_groups=0 staging_ms=0
PREFILL_SCRATCH device=0 peak_MiB=5.07129 capacity_MiB=32
GPU_LIVE device=0 dense_MiB=5029.21 other_MiB=9241.76 prefill_MiB=32 resident_exec_MiB=2.94288 state_MiB=239.105
GPU_DEVICE device=0 peak_allocated_MiB=14545 live_MiB=14545 native_expert_bytes=0 staging_ms=0 cache_hits=0 cache_hit_bytes=0 cuda_used_MiB=15550 free_MiB=754
resident expert entries=41793/42672
Finished with result: success
Main processes terminated with: code=exited/status=0
Service runtime: 45.525s
CPU time consumed: 1min 58.144s
Memory peak: 256.0K
Memory swap peak: 0B
