25
825
20455
17629
284
825
13931
2573
7445
198
322
220
825
20455
17629
284
825
13931
2573
7445
198
2575
5515
13931
12519
25
825
20455
17629
284
825
13931
502
746
7445
198
2575
5515
13931
2573
6589
315
825
20455
17629
25
825
20455
17629
284
502
746
198
2575
5515
13931
4516
594
13931
2573
6589
315
825
20455
17629
25
825
20455
502
746
220
102636
15245
3409
198
2575
5515
13931
2573
6589
315
19781
17629
502
746
6589
315
825
20455
17629
25
825
20455
502
746
198
2575
320
13156
220
49148
25
825
20455
17629
284
825
13931
2573
7445
198
2575
320
13156
49148
25
825
20455
17629
284
7314
594
11858
14554
6
13931
2573
6589
