25
79450
11
2588
50122
67030
624
13156
13931
12519
25
79450
13931
2573
6589
369
279
19827
11
2588
50122
67030
624
13156
13931
12519
25
49148
25
79450
13931
2573
6589
369
279
19827
11
2588
50122
5820
67030
624
13156
13931
1931
13931
6911
25
79450
13931
2573
825
20455
17629
369
279
49148
19827
11
2588
50122
5820
67030
624
13156
1931
13931
6911
25
79450
13931
738
6589
369
279
66163
19827
11
6042
25
79450
13931
49148
25
79450
49148
25
79450
49148
25
66163
49148
25
79450
66163
49148
25
5085
2271
25
79450
49148
25
5085
2271
25
79450
49148
25
79450
49148
7032
25
79450
49148
7032
25
825
20455
17629
369
279
49148
19827
11
6042
25
79450
