Running as unit: strata-st-q22fit4q3-b16000-r256-416312.service; invocation ID: 44f569be889c49cab61f0f861642dd2b
EXPERT_PACK source=/mnt/disk01/models/glm53f-reap/REAP50-Q22-down-only-experimental.gguf backend=native retained=0
STAGING compact=1 slot_MiB=127
FLOATING_Q8 tensor=blk.0.hc_attn_fn source_type=0 MiB=0.398438
FLOATING_Q8 tensor=blk.0.hc_ffn_fn source_type=0 MiB=0.398438
FLOATING_Q8 tensor=blk.1.hc_attn_fn source_type=0 MiB=0.398438
FLOATING_Q8 tensor=blk.1.hc_ffn_fn source_type=0 MiB=0.398438
DENSE_Q3 tensor=blk.10.attn_k.weight source_type=12 MiB=13.75
DENSE_Q3 tensor=blk.10.attn_output.weight source_type=12 MiB=13.75
DENSE_Q3 tensor=blk.10.attn_q.weight source_type=12 MiB=13.75
DENSE_Q3 tensor=blk.10.attn_v.weight source_type=12 MiB=13.75
FLOATING_Q8 tensor=blk.10.hc_attn_fn source_type=0 MiB=0.398438
FLOATING_Q8 tensor=blk.10.hc_ffn_fn source_type=0 MiB=0.398438
FLOATING_Q8 tensor=blk.11.attn_k_b.weight source_type=12 MiB=8.5
DENSE_Q3 tensor=blk.11.attn_output.weight source_type=12 MiB=27.5
DENSE_Q3 tensor=blk.11.attn_q_a.weight source_type=12 MiB=2.57812
DENSE_Q3 tensor=blk.11.attn_q_b.weight source_type=12 MiB=10.3125
FLOATING_Q8 tensor=blk.11.attn_v_b.weight source_type=12 MiB=8.5
FLOATING_Q8 tensor=blk.11.hc_attn_fn source_type=0 MiB=0.398438
FLOATING_Q8 tensor=blk.11.hc_ffn_fn source_type=0 MiB=0.398438
DENSE_Q3 tensor=blk.11.indexer.attn_q_b.weight source_type=12 MiB=2.57812
DENSE_Q3 tensor=blk.12.attn_k.weight source_type=12 MiB=13.75
DENSE_Q3 tensor=blk.12.attn_output.weight source_type=12 MiB=13.75
DENSE_Q3 tensor=blk.12.attn_q.weight source_type=12 MiB=13.75
DENSE_Q3 tensor=blk.12.attn_v.weight source_type=14 MiB=13.75
FLOATING_Q8 tensor=blk.12.hc_attn_fn source_type=0 MiB=0.398438
FLOATING_Q8 tensor=blk.12.hc_ffn_fn source_type=0 MiB=0.398438
DENSE_Q3 tensor=blk.13.attn_k.weight source_type=12 MiB=13.75
DENSE_Q3 tensor=blk.13.attn_output.weight source_type=12 MiB=13.75
DENSE_Q3 tensor=blk.13.attn_q.weight source_type=12 MiB=13.75
DENSE_Q3 tensor=blk.13.attn_v.weight source_type=12 MiB=13.75
FLOATING_Q8 tensor=blk.13.hc_attn_fn source_type=0 MiB=0.398438
FLOATING_Q8 tensor=blk.13.hc_ffn_fn source_type=0 MiB=0.398438
DENSE_Q3 tensor=blk.14.attn_k.weight source_type=12 MiB=13.75
DENSE_Q3 tensor=blk.14.attn_output.weight source_type=12 MiB=13.75
DENSE_Q3 tensor=blk.14.attn_q.weight source_type=12 MiB=13.75
DENSE_Q3 tensor=blk.14.attn_v.weight source_type=12 MiB=13.75
FLOATING_Q8 tensor=blk.14.hc_attn_fn source_type=0 MiB=0.398438
FLOATING_Q8 tensor=blk.14.hc_ffn_fn source_type=0 MiB=0.398438
FLOATING_Q8 tensor=blk.15.attn_k_b.weight source_type=12 MiB=8.5
DENSE_Q3 tensor=blk.15.attn_output.weight source_type=12 MiB=27.5
DENSE_Q3 tensor=blk.15.attn_q_a.weight source_type=12 MiB=2.57812
DENSE_Q3 tensor=blk.15.attn_q_b.weight source_type=12 MiB=10.3125
FLOATING_Q8 tensor=blk.15.attn_v_b.weight source_type=12 MiB=8.5
FLOATING_Q8 tensor=blk.15.hc_attn_fn source_type=0 MiB=0.398438
FLOATING_Q8 tensor=blk.15.hc_ffn_fn source_type=0 MiB=0.398438
DENSE_Q3 tensor=blk.15.indexer.attn_q_b.weight source_type=12 MiB=2.57812
DENSE_Q3 tensor=blk.16.attn_k.weight source_type=12 MiB=13.75
DENSE_Q3 tensor=blk.16.attn_output.weight source_type=12 MiB=13.75
DENSE_Q3 tensor=blk.16.attn_q.weight source_type=12 MiB=13.75
DENSE_Q3 tensor=blk.16.attn_v.weight source_type=14 MiB=13.75
FLOATING_Q8 tensor=blk.16.hc_attn_fn source_type=0 MiB=0.398438
FLOATING_Q8 tensor=blk.16.hc_ffn_fn source_type=0 MiB=0.398438
DENSE_Q3 tensor=blk.17.attn_k.weight source_type=12 MiB=13.75
DENSE_Q3 tensor=blk.17.attn_output.weight source_type=12 MiB=13.75
DENSE_Q3 tensor=blk.17.attn_q.weight source_type=12 MiB=13.75
DENSE_Q3 tensor=blk.17.attn_v.weight source_type=12 MiB=13.75
FLOATING_Q8 tensor=blk.17.hc_attn_fn source_type=0 MiB=0.398438
FLOATING_Q8 tensor=blk.17.hc_ffn_fn source_type=0 MiB=0.398438
DENSE_Q3 tensor=blk.18.attn_k.weight source_type=12 MiB=13.75
DENSE_Q3 tensor=blk.18.attn_output.weight source_type=12 MiB=13.75
DENSE_Q3 tensor=blk.18.attn_q.weight source_type=12 MiB=13.75
DENSE_Q3 tensor=blk.18.attn_v.weight source_type=12 MiB=13.75
FLOATING_Q8 tensor=blk.18.hc_attn_fn source_type=0 MiB=0.398438
FLOATING_Q8 tensor=blk.18.hc_ffn_fn source_type=0 MiB=0.398438
FLOATING_Q8 tensor=blk.19.attn_k_b.weight source_type=12 MiB=8.5
DENSE_Q3 tensor=blk.19.attn_output.weight source_type=12 MiB=27.5
DENSE_Q3 tensor=blk.19.attn_q_a.weight source_type=12 MiB=2.57812
DENSE_Q3 tensor=blk.19.attn_q_b.weight source_type=12 MiB=10.3125
FLOATING_Q8 tensor=blk.19.attn_v_b.weight source_type=12 MiB=8.5
FLOATING_Q8 tensor=blk.19.hc_attn_fn source_type=0 MiB=0.398438
FLOATING_Q8 tensor=blk.19.hc_ffn_fn source_type=0 MiB=0.398438
DENSE_Q3 tensor=blk.19.indexer.attn_q_b.weight source_type=12 MiB=2.57812
FLOATING_Q8 tensor=blk.2.hc_attn_fn source_type=0 MiB=0.398438
FLOATING_Q8 tensor=blk.2.hc_ffn_fn source_type=0 MiB=0.398438
DENSE_Q3 tensor=blk.20.attn_k.weight source_type=12 MiB=13.75
DENSE_Q3 tensor=blk.20.attn_output.weight source_type=12 MiB=13.75
DENSE_Q3 tensor=blk.20.attn_q.weight source_type=12 MiB=13.75
DENSE_Q3 tensor=blk.20.attn_v.weight source_type=14 MiB=13.75
FLOATING_Q8 tensor=blk.20.hc_attn_fn source_type=0 MiB=0.398438
FLOATING_Q8 tensor=blk.20.hc_ffn_fn source_type=0 MiB=0.398438
DENSE_Q3 tensor=blk.21.attn_k.weight source_type=12 MiB=13.75
DENSE_Q3 tensor=blk.21.attn_output.weight source_type=12 MiB=13.75
DENSE_Q3 tensor=blk.21.attn_q.weight source_type=12 MiB=13.75
DENSE_Q3 tensor=blk.21.attn_v.weight source_type=12 MiB=13.75
FLOATING_Q8 tensor=blk.21.hc_attn_fn source_type=0 MiB=0.398438
FLOATING_Q8 tensor=blk.21.hc_ffn_fn source_type=0 MiB=0.398438
DENSE_Q3 tensor=blk.22.attn_k.weight source_type=12 MiB=13.75
DENSE_Q3 tensor=blk.22.attn_output.weight source_type=12 MiB=13.75
DENSE_Q3 tensor=blk.22.attn_q.weight source_type=12 MiB=13.75
DENSE_Q3 tensor=blk.22.attn_v.weight source_type=12 MiB=13.75
FLOATING_Q8 tensor=blk.22.hc_attn_fn source_type=0 MiB=0.398438
FLOATING_Q8 tensor=blk.22.hc_ffn_fn source_type=0 MiB=0.398438
FLOATING_Q8 tensor=blk.23.attn_k_b.weight source_type=12 MiB=8.5
DENSE_Q3 tensor=blk.23.attn_output.weight source_type=12 MiB=27.5
DENSE_Q3 tensor=blk.23.attn_q_a.weight source_type=12 MiB=2.57812
DENSE_Q3 tensor=blk.23.attn_q_b.weight source_type=12 MiB=10.3125
FLOATING_Q8 tensor=blk.23.attn_v_b.weight source_type=12 MiB=8.5
FLOATING_Q8 tensor=blk.23.hc_attn_fn source_type=0 MiB=0.398438
FLOATING_Q8 tensor=blk.23.hc_ffn_fn source_type=0 MiB=0.398438
DENSE_Q3 tensor=blk.23.indexer.attn_q_b.weight source_type=12 MiB=2.57812
DENSE_Q3 tensor=blk.24.attn_k.weight source_type=12 MiB=13.75
DENSE_Q3 tensor=blk.24.attn_output.weight source_type=12 MiB=13.75
DENSE_Q3 tensor=blk.24.attn_q.weight source_type=12 MiB=13.75
DENSE_Q3 tensor=blk.24.attn_v.weight source_type=14 MiB=13.75
FLOATING_Q8 tensor=blk.24.hc_attn_fn source_type=0 MiB=0.398438
FLOATING_Q8 tensor=blk.24.hc_ffn_fn source_type=0 MiB=0.398438
DENSE_Q3 tensor=blk.25.attn_k.weight source_type=12 MiB=13.75
DENSE_Q3 tensor=blk.25.attn_output.weight source_type=12 MiB=13.75
DENSE_Q3 tensor=blk.25.attn_q.weight source_type=12 MiB=13.75
DENSE_Q3 tensor=blk.25.attn_v.weight source_type=12 MiB=13.75
FLOATING_Q8 tensor=blk.25.hc_attn_fn source_type=0 MiB=0.398438
FLOATING_Q8 tensor=blk.25.hc_ffn_fn source_type=0 MiB=0.398438
DENSE_Q3 tensor=blk.26.attn_k.weight source_type=12 MiB=13.75
DENSE_Q3 tensor=blk.26.attn_output.weight source_type=12 MiB=13.75
DENSE_Q3 tensor=blk.26.attn_q.weight source_type=12 MiB=13.75
DENSE_Q3 tensor=blk.26.attn_v.weight source_type=12 MiB=13.75
FLOATING_Q8 tensor=blk.26.hc_attn_fn source_type=0 MiB=0.398438
FLOATING_Q8 tensor=blk.26.hc_ffn_fn source_type=0 MiB=0.398438
FLOATING_Q8 tensor=blk.27.attn_k_b.weight source_type=12 MiB=8.5
DENSE_Q3 tensor=blk.27.attn_output.weight source_type=12 MiB=27.5
DENSE_Q3 tensor=blk.27.attn_q_a.weight source_type=12 MiB=2.57812
DENSE_Q3 tensor=blk.27.attn_q_b.weight source_type=12 MiB=10.3125
FLOATING_Q8 tensor=blk.27.attn_v_b.weight source_type=12 MiB=8.5
FLOATING_Q8 tensor=blk.27.hc_attn_fn source_type=0 MiB=0.398438
FLOATING_Q8 tensor=blk.27.hc_ffn_fn source_type=0 MiB=0.398438
DENSE_Q3 tensor=blk.27.indexer.attn_q_b.weight source_type=12 MiB=2.57812
DENSE_Q3 tensor=blk.28.attn_k.weight source_type=12 MiB=13.75
DENSE_Q3 tensor=blk.28.attn_output.weight source_type=12 MiB=13.75
DENSE_Q3 tensor=blk.28.attn_q.weight source_type=12 MiB=13.75
DENSE_Q3 tensor=blk.28.attn_v.weight source_type=14 MiB=13.75
FLOATING_Q8 tensor=blk.28.hc_attn_fn source_type=0 MiB=0.398438
FLOATING_Q8 tensor=blk.28.hc_ffn_fn source_type=0 MiB=0.398438
DENSE_Q3 tensor=blk.29.attn_k.weight source_type=12 MiB=13.75
DENSE_Q3 tensor=blk.29.attn_output.weight source_type=12 MiB=13.75
DENSE_Q3 tensor=blk.29.attn_q.weight source_type=12 MiB=13.75
DENSE_Q3 tensor=blk.29.attn_v.weight source_type=12 MiB=13.75
FLOATING_Q8 tensor=blk.29.hc_attn_fn source_type=0 MiB=0.398438
FLOATING_Q8 tensor=blk.29.hc_ffn_fn source_type=0 MiB=0.398438
FLOATING_Q8 tensor=blk.3.attn_k_b.weight source_type=12 MiB=8.5
DENSE_Q3 tensor=blk.3.attn_output.weight source_type=12 MiB=27.5
DENSE_Q3 tensor=blk.3.attn_q_a.weight source_type=12 MiB=2.57812
DENSE_Q3 tensor=blk.3.attn_q_b.weight source_type=12 MiB=10.3125
FLOATING_Q8 tensor=blk.3.attn_v_b.weight source_type=12 MiB=8.5
FLOATING_Q8 tensor=blk.3.hc_attn_fn source_type=0 MiB=0.398438
FLOATING_Q8 tensor=blk.3.hc_ffn_fn source_type=0 MiB=0.398438
DENSE_Q3 tensor=blk.3.indexer.attn_q_b.weight source_type=12 MiB=2.57812
DENSE_Q3 tensor=blk.30.attn_k.weight source_type=12 MiB=13.75
DENSE_Q3 tensor=blk.30.attn_output.weight source_type=12 MiB=13.75
DENSE_Q3 tensor=blk.30.attn_q.weight source_type=12 MiB=13.75
DENSE_Q3 tensor=blk.30.attn_v.weight source_type=12 MiB=13.75
FLOATING_Q8 tensor=blk.30.hc_attn_fn source_type=0 MiB=0.398438
FLOATING_Q8 tensor=blk.30.hc_ffn_fn source_type=0 MiB=0.398438
FLOATING_Q8 tensor=blk.31.attn_k_b.weight source_type=12 MiB=8.5
DENSE_Q3 tensor=blk.31.attn_output.weight source_type=12 MiB=27.5
DENSE_Q3 tensor=blk.31.attn_q_a.weight source_type=12 MiB=2.57812
DENSE_Q3 tensor=blk.31.attn_q_b.weight source_type=12 MiB=10.3125
FLOATING_Q8 tensor=blk.31.attn_v_b.weight source_type=12 MiB=8.5
FLOATING_Q8 tensor=blk.31.hc_attn_fn source_type=0 MiB=0.398438
FLOATING_Q8 tensor=blk.31.hc_ffn_fn source_type=0 MiB=0.398438
DENSE_Q3 tensor=blk.31.indexer.attn_q_b.weight source_type=12 MiB=2.57812
DENSE_Q3 tensor=blk.32.attn_k.weight source_type=12 MiB=13.75
DENSE_Q3 tensor=blk.32.attn_output.weight source_type=12 MiB=13.75
DENSE_Q3 tensor=blk.32.attn_q.weight source_type=12 MiB=13.75
DENSE_Q3 tensor=blk.32.attn_v.weight source_type=14 MiB=13.75
FLOATING_Q8 tensor=blk.32.hc_attn_fn source_type=0 MiB=0.398438
FLOATING_Q8 tensor=blk.32.hc_ffn_fn source_type=0 MiB=0.398438
DENSE_Q3 tensor=blk.33.attn_k.weight source_type=12 MiB=13.75
DENSE_Q3 tensor=blk.33.attn_output.weight source_type=12 MiB=13.75
DENSE_Q3 tensor=blk.33.attn_q.weight source_type=12 MiB=13.75
DENSE_Q3 tensor=blk.33.attn_v.weight source_type=12 MiB=13.75
FLOATING_Q8 tensor=blk.33.hc_attn_fn source_type=0 MiB=0.398438
FLOATING_Q8 tensor=blk.33.hc_ffn_fn source_type=0 MiB=0.398438
DENSE_Q3 tensor=blk.34.attn_k.weight source_type=12 MiB=13.75
DENSE_Q3 tensor=blk.34.attn_output.weight source_type=12 MiB=13.75
DENSE_Q3 tensor=blk.34.attn_q.weight source_type=12 MiB=13.75
DENSE_Q3 tensor=blk.34.attn_v.weight source_type=12 MiB=13.75
FLOATING_Q8 tensor=blk.34.hc_attn_fn source_type=0 MiB=0.398438
FLOATING_Q8 tensor=blk.34.hc_ffn_fn source_type=0 MiB=0.398438
FLOATING_Q8 tensor=blk.35.attn_k_b.weight source_type=12 MiB=8.5
DENSE_Q3 tensor=blk.35.attn_output.weight source_type=12 MiB=27.5
DENSE_Q3 tensor=blk.35.attn_q_a.weight source_type=12 MiB=2.57812
DENSE_Q3 tensor=blk.35.attn_q_b.weight source_type=12 MiB=10.3125
FLOATING_Q8 tensor=blk.35.attn_v_b.weight source_type=12 MiB=8.5
FLOATING_Q8 tensor=blk.35.hc_attn_fn source_type=0 MiB=0.398438
FLOATING_Q8 tensor=blk.35.hc_ffn_fn source_type=0 MiB=0.398438
DENSE_Q3 tensor=blk.35.indexer.attn_q_b.weight source_type=12 MiB=2.57812
DENSE_Q3 tensor=blk.36.attn_k.weight source_type=12 MiB=13.75
DENSE_Q3 tensor=blk.36.attn_output.weight source_type=12 MiB=13.75
DENSE_Q3 tensor=blk.36.attn_q.weight source_type=12 MiB=13.75
DENSE_Q3 tensor=blk.36.attn_v.weight source_type=14 MiB=13.75
FLOATING_Q8 tensor=blk.36.hc_attn_fn source_type=0 MiB=0.398438
FLOATING_Q8 tensor=blk.36.hc_ffn_fn source_type=0 MiB=0.398438
DENSE_Q3 tensor=blk.37.attn_k.weight source_type=12 MiB=13.75
DENSE_Q3 tensor=blk.37.attn_output.weight source_type=12 MiB=13.75
DENSE_Q3 tensor=blk.37.attn_q.weight source_type=12 MiB=13.75
DENSE_Q3 tensor=blk.37.attn_v.weight source_type=12 MiB=13.75
FLOATING_Q8 tensor=blk.37.hc_attn_fn source_type=0 MiB=0.398438
FLOATING_Q8 tensor=blk.37.hc_ffn_fn source_type=0 MiB=0.398438
DENSE_Q3 tensor=blk.38.attn_k.weight source_type=12 MiB=13.75
DENSE_Q3 tensor=blk.38.attn_output.weight source_type=12 MiB=13.75
DENSE_Q3 tensor=blk.38.attn_q.weight source_type=12 MiB=13.75
DENSE_Q3 tensor=blk.38.attn_v.weight source_type=14 MiB=13.75
FLOATING_Q8 tensor=blk.38.hc_attn_fn source_type=0 MiB=0.398438
FLOATING_Q8 tensor=blk.38.hc_ffn_fn source_type=0 MiB=0.398438
FLOATING_Q8 tensor=blk.39.attn_k_b.weight source_type=12 MiB=8.5
DENSE_Q3 tensor=blk.39.attn_output.weight source_type=12 MiB=27.5
DENSE_Q3 tensor=blk.39.attn_q_a.weight source_type=12 MiB=2.57812
DENSE_Q3 tensor=blk.39.attn_q_b.weight source_type=12 MiB=10.3125
FLOATING_Q8 tensor=blk.39.attn_v_b.weight source_type=12 MiB=8.5
FLOATING_Q8 tensor=blk.39.hc_attn_fn source_type=0 MiB=0.398438
FLOATING_Q8 tensor=blk.39.hc_ffn_fn source_type=0 MiB=0.398438
DENSE_Q3 tensor=blk.39.indexer.attn_q_b.weight source_type=12 MiB=2.57812
DENSE_Q3 tensor=blk.4.attn_k.weight source_type=12 MiB=13.75
DENSE_Q3 tensor=blk.4.attn_output.weight source_type=12 MiB=13.75
DENSE_Q3 tensor=blk.4.attn_q.weight source_type=12 MiB=13.75
DENSE_Q3 tensor=blk.4.attn_v.weight source_type=14 MiB=13.75
FLOATING_Q8 tensor=blk.4.hc_attn_fn source_type=0 MiB=0.398438
FLOATING_Q8 tensor=blk.4.hc_ffn_fn source_type=0 MiB=0.398438
DENSE_Q3 tensor=blk.40.attn_k.weight source_type=12 MiB=13.75
DENSE_Q3 tensor=blk.40.attn_output.weight source_type=12 MiB=13.75
DENSE_Q3 tensor=blk.40.attn_q.weight source_type=12 MiB=13.75
DENSE_Q3 tensor=blk.40.attn_v.weight source_type=14 MiB=13.75
FLOATING_Q8 tensor=blk.40.hc_attn_fn source_type=0 MiB=0.398438
FLOATING_Q8 tensor=blk.40.hc_ffn_fn source_type=0 MiB=0.398438
DENSE_Q3 tensor=blk.41.attn_k.weight source_type=12 MiB=13.75
DENSE_Q3 tensor=blk.41.attn_output.weight source_type=12 MiB=13.75
DENSE_Q3 tensor=blk.41.attn_q.weight source_type=12 MiB=13.75
DENSE_Q3 tensor=blk.41.attn_v.weight source_type=14 MiB=13.75
FLOATING_Q8 tensor=blk.41.hc_attn_fn source_type=0 MiB=0.398438
FLOATING_Q8 tensor=blk.41.hc_ffn_fn source_type=0 MiB=0.398438
DENSE_Q3 tensor=blk.42.attn_k.weight source_type=12 MiB=13.75
DENSE_Q3 tensor=blk.42.attn_output.weight source_type=12 MiB=13.75
DENSE_Q3 tensor=blk.42.attn_q.weight source_type=12 MiB=13.75
DENSE_Q3 tensor=blk.42.attn_v.weight source_type=14 MiB=13.75
FLOATING_Q8 tensor=blk.42.hc_attn_fn source_type=0 MiB=0.398438
FLOATING_Q8 tensor=blk.42.hc_ffn_fn source_type=0 MiB=0.398438
FLOATING_Q8 tensor=blk.43.attn_k_b.weight source_type=12 MiB=8.5
DENSE_Q3 tensor=blk.43.attn_output.weight source_type=12 MiB=27.5
DENSE_Q3 tensor=blk.43.attn_q_a.weight source_type=12 MiB=2.57812
DENSE_Q3 tensor=blk.43.attn_q_b.weight source_type=12 MiB=10.3125
FLOATING_Q8 tensor=blk.43.attn_v_b.weight source_type=12 MiB=8.5
FLOATING_Q8 tensor=blk.43.hc_attn_fn source_type=0 MiB=0.398438
FLOATING_Q8 tensor=blk.43.hc_ffn_fn source_type=0 MiB=0.398438
DENSE_Q3 tensor=blk.43.indexer.attn_q_b.weight source_type=12 MiB=2.57812
DENSE_Q3 tensor=blk.44.attn_k.weight source_type=12 MiB=13.75
DENSE_Q3 tensor=blk.44.attn_output.weight source_type=12 MiB=13.75
DENSE_Q3 tensor=blk.44.attn_q.weight source_type=12 MiB=13.75
DENSE_Q3 tensor=blk.44.attn_v.weight source_type=14 MiB=13.75
FLOATING_Q8 tensor=blk.44.hc_attn_fn source_type=0 MiB=0.398438
FLOATING_Q8 tensor=blk.44.hc_ffn_fn source_type=0 MiB=0.398438
DENSE_Q3 tensor=blk.5.attn_k.weight source_type=12 MiB=13.75
DENSE_Q3 tensor=blk.5.attn_output.weight source_type=12 MiB=13.75
DENSE_Q3 tensor=blk.5.attn_q.weight source_type=12 MiB=13.75
DENSE_Q3 tensor=blk.5.attn_v.weight source_type=12 MiB=13.75
FLOATING_Q8 tensor=blk.5.hc_attn_fn source_type=0 MiB=0.398438
FLOATING_Q8 tensor=blk.5.hc_ffn_fn source_type=0 MiB=0.398438
DENSE_Q3 tensor=blk.6.attn_k.weight source_type=12 MiB=13.75
DENSE_Q3 tensor=blk.6.attn_output.weight source_type=12 MiB=13.75
DENSE_Q3 tensor=blk.6.attn_q.weight source_type=12 MiB=13.75
DENSE_Q3 tensor=blk.6.attn_v.weight source_type=12 MiB=13.75
FLOATING_Q8 tensor=blk.6.hc_attn_fn source_type=0 MiB=0.398438
FLOATING_Q8 tensor=blk.6.hc_ffn_fn source_type=0 MiB=0.398438
FLOATING_Q8 tensor=blk.7.attn_k_b.weight source_type=12 MiB=8.5
DENSE_Q3 tensor=blk.7.attn_output.weight source_type=12 MiB=27.5
DENSE_Q3 tensor=blk.7.attn_q_a.weight source_type=12 MiB=2.57812
DENSE_Q3 tensor=blk.7.attn_q_b.weight source_type=12 MiB=10.3125
FLOATING_Q8 tensor=blk.7.attn_v_b.weight source_type=12 MiB=8.5
FLOATING_Q8 tensor=blk.7.hc_attn_fn source_type=0 MiB=0.398438
FLOATING_Q8 tensor=blk.7.hc_ffn_fn source_type=0 MiB=0.398438
DENSE_Q3 tensor=blk.7.indexer.attn_q_b.weight source_type=12 MiB=2.57812
DENSE_Q3 tensor=blk.8.attn_k.weight source_type=12 MiB=13.75
DENSE_Q3 tensor=blk.8.attn_output.weight source_type=12 MiB=13.75
DENSE_Q3 tensor=blk.8.attn_q.weight source_type=12 MiB=13.75
DENSE_Q3 tensor=blk.8.attn_v.weight source_type=14 MiB=13.75
FLOATING_Q8 tensor=blk.8.hc_attn_fn source_type=0 MiB=0.398438
FLOATING_Q8 tensor=blk.8.hc_ffn_fn source_type=0 MiB=0.398438
DENSE_Q3 tensor=blk.9.attn_k.weight source_type=12 MiB=13.75
DENSE_Q3 tensor=blk.9.attn_output.weight source_type=12 MiB=13.75
DENSE_Q3 tensor=blk.9.attn_q.weight source_type=12 MiB=13.75
DENSE_Q3 tensor=blk.9.attn_v.weight source_type=12 MiB=13.75
FLOATING_Q8 tensor=blk.9.hc_attn_fn source_type=0 MiB=0.398438
FLOATING_Q8 tensor=blk.9.hc_ffn_fn source_type=0 MiB=0.398438
GPU prefill chunk=2048 staging_workers=4 numa_cpus=0,1,2,3
GPU allocated_MiB=6340.13 reserved_runtime_MiB=1024 budget_MiB=16000
GPU_DENSE_HOST_RELEASE phase=main tensors=1256 source_MiB_advised=5040.35 ms=124.872
TIER_DIRECT registered_MiB=47628 ranges=85 ms=6108.2
PREFILL_PARTITION primary_groups=9 secondary_groups=0
PREFILL_CACHE device=0 budget_MiB=0 reserve_MiB=768
PREFILL_CACHE_PLAN device=0 base_groups=0 unused_MiB=0
MAPPED_EXPERTS numa_rows=0 lazy=1 bytes=49941577728
PREFILL trial=0 tokens=2048 batch=2048 ms=24996.8 tok_s=81.9306
FAULTS trial=0 major=0 minor=318881
HOST_RSS peak_MiB=49317.5
CPU_EXPERT gu_ms=0 quant_ms=0 down_ms=0 layer_flow_ms=0 bytes=0
GPU peak_allocated_MiB=6340.13 native_expert_bytes=49941577728 expert_groups=378 staging_ms=3849.23
PREFILL_SCRATCH device=0 peak_MiB=696.564 capacity_MiB=1024
GPU_LIVE device=0 dense_MiB=4240.61 other_MiB=294.414 prefill_MiB=1566 state_MiB=239.105
GPU_DEVICE device=0 peak_allocated_MiB=6340.13 live_MiB=6340.13 native_expert_bytes=49941577728 staging_ms=3849.23 cache_hits=0 cache_hit_bytes=0 cuda_used_MiB=7264 free_MiB=9040
MAPPED_EXPERTS numa_rows=0 lazy=1 bytes=49941577728
PREFILL_WORK device=0 transferred_bytes=49941577728 staging_ms=3849.23 actual_rows=0 padded_rows=0 dequant_values=0
DECODE_RUNTIME override_reserve_MiB=256
DECODE_CACHE prefix_trained=1 slots=1258 MiB=9906.75 fingerprint=16850420054388407987
RESPONSE_PREPARE kind=decode_cache ms=1658.03
RESPONSE_PREPARE kind=cpu ms=0.002264
DECODE_TRIAL index=0
DECODE_STEP index=1 ms=45.9345
DECODE_STEP index=2 ms=28.2824
DECODE_STEP index=3 ms=33.6818
DECODE_STEP index=4 ms=26.9436
DECODE_STEP index=5 ms=27.3658
DECODE_STEP index=6 ms=28.8646
DECODE_STEP index=7 ms=30.0155
DECODE_STEP index=8 ms=30.0446
DECODE_STEP index=9 ms=29.8017
DECODE_STEP index=10 ms=31.434
DECODE_STEP index=11 ms=32.4691
DECODE_STEP index=12 ms=30.6911
DECODE_STEP index=13 ms=30.4086
DECODE_STEP index=14 ms=30.7525
DECODE_STEP index=15 ms=33.0164
DECODE_STEP index=16 ms=30.608
DECODE_STEP index=17 ms=35.5577
DECODE_STEP index=18 ms=31.7292
DECODE_STEP index=19 ms=29.1431
DECODE_STEP index=20 ms=32.4923
DECODE_STEP index=21 ms=31.8114
DECODE_STEP index=22 ms=33.7784
DECODE_STEP index=23 ms=29.8851
DECODE_STEP index=24 ms=30.9997
DECODE_STEP index=25 ms=31.2919
DECODE_STEP index=26 ms=29.6688
DECODE_STEP index=27 ms=30.0153
DECODE_STEP index=28 ms=29.3366
DECODE_STEP index=29 ms=32.1635
DECODE_STEP index=30 ms=31.4473
DECODE_STEP index=31 ms=27.9611
DECODE_STEP index=32 ms=29.8701
DECODE_STEP index=33 ms=30.0423
DECODE_STEP index=34 ms=32.4955
DECODE_STEP index=35 ms=29.537
DECODE_STEP index=36 ms=29.2667
DECODE_STEP index=37 ms=31.1653
DECODE_STEP index=38 ms=31.1681
DECODE_STEP index=39 ms=28.61
DECODE_STEP index=40 ms=28.9256
DECODE_STEP index=41 ms=29.3843
DECODE_STEP index=42 ms=28.3459
DECODE_STEP index=43 ms=27.8076
DECODE_STEP index=44 ms=30.7689
DECODE_STEP index=45 ms=29.7826
DECODE_STEP index=46 ms=28.9797
DECODE_STEP index=47 ms=30.9331
DECODE_STEP index=48 ms=28.3574
DECODE_STEP index=49 ms=29.3517
DECODE_STEP index=50 ms=28.0385
DECODE_STEP index=51 ms=29.4252
DECODE_STEP index=52 ms=28.7218
DECODE_STEP index=53 ms=27.9241
DECODE_STEP index=54 ms=29.6049
DECODE_STEP index=55 ms=27.5662
DECODE_STEP index=56 ms=28.3443
DECODE_STEP index=57 ms=29.8177
DECODE_STEP index=58 ms=28.3602
DECODE_STEP index=59 ms=28.8205
DECODE_STEP index=60 ms=28.7666
DECODE_STEP index=61 ms=29.329
DECODE_STEP index=62 ms=29.1585
DECODE_STEP index=63 ms=28.3721
DECODE_STEP index=64 ms=29.7635
DECODE_STEP index=65 ms=28.7088
DECODE_STEP index=66 ms=29.8949
DECODE_STEP index=67 ms=29.0712
DECODE_STEP index=68 ms=29.4374
DECODE_STEP index=69 ms=29.3205
DECODE_STEP index=70 ms=29.1614
DECODE_STEP index=71 ms=27.7707
DECODE_STEP index=72 ms=28.3279
DECODE_STEP index=73 ms=28.3315
DECODE_STEP index=74 ms=28.3087
DECODE_STEP index=75 ms=31.1045
DECODE_STEP index=76 ms=28.5911
DECODE_STEP index=77 ms=28.7916
DECODE_STEP index=78 ms=30.6652
DECODE_STEP index=79 ms=28.0982
DECODE_STEP index=80 ms=28.3862
DECODE_STEP index=81 ms=28.3816
DECODE_STEP index=82 ms=29.0181
DECODE_STEP index=83 ms=28.9108
DECODE_STEP index=84 ms=27.9899
DECODE_STEP index=85 ms=28.1315
DECODE_STEP index=86 ms=29.6223
DECODE_STEP index=87 ms=30.0084
DECODE_STEP index=88 ms=28.7522
DECODE_STEP index=89 ms=27.5396
DECODE_STEP index=90 ms=28.358
DECODE_STEP index=91 ms=30.2401
DECODE_STEP index=92 ms=28.2735
DECODE_STEP index=93 ms=30.2522
DECODE_STEP index=94 ms=28.1656
DECODE_STEP index=95 ms=27.538
DECODE_STEP index=96 ms=27.8903
DECODE_STEP index=97 ms=28.8153
DECODE_STEP index=98 ms=28.0149
DECODE_STEP index=99 ms=27.9394
DECODE_STEP index=100 ms=28.6525
DECODE_STEP index=101 ms=28.0367
DECODE_STEP index=102 ms=29.5649
DECODE_STEP index=103 ms=27.8508
DECODE_STEP index=104 ms=28.1358
DECODE_STEP index=105 ms=28.5376
DECODE_STEP index=106 ms=29.6149
DECODE_STEP index=107 ms=28.0273
DECODE_STEP index=108 ms=28.2954
DECODE_STEP index=109 ms=27.3206
DECODE_STEP index=110 ms=27.4749
DECODE_STEP index=111 ms=28.8948
DECODE_STEP index=112 ms=29.5358
DECODE_STEP index=113 ms=30.4226
DECODE_STEP index=114 ms=28.1958
DECODE_STEP index=115 ms=27.9806
DECODE_STEP index=116 ms=27.6044
DECODE_STEP index=117 ms=28.3793
DECODE_STEP index=118 ms=28.154
DECODE_STEP index=119 ms=28.3363
DECODE_STEP index=120 ms=27.8962
DECODE_STEP index=121 ms=27.2899
DECODE_STEP index=122 ms=27.4076
DECODE_STEP index=123 ms=27.37
DECODE_STEP index=124 ms=29.692
DECODE_STEP index=125 ms=27.8479
DECODE_STEP index=126 ms=27.7673
DECODE_STEP index=127 ms=27.5211
DECODE steps=127 ms=3753.67 tok_s=33.8335
HOST_RSS peak_MiB=49317.5
CPU_EXPERT gu_ms=0 quant_ms=0 down_ms=0 layer_flow_ms=1242.35 bytes=33756807168
STEP_TRACE steps=127 moe_layers=5334 pipelined=1 head_ms=277.056 cpu_ms=1316.99 between_ms=1903.2 tail_ms=220.171 tail_sync_ms=119.676 tail_plan_ms=49.7561 tail_copy_ms=45.368 enqueue_ms=442.098 tier_swaps=325 split_windows=0 per_step_ms=29.271
GPU peak_allocated_MiB=14496.7 native_expert_bytes=0 expert_groups=0 staging_ms=0
PREFILL_SCRATCH device=0 peak_MiB=5.07129 capacity_MiB=32
GPU_LIVE device=0 dense_MiB=4240.61 other_MiB=9982.01 prefill_MiB=32 resident_exec_MiB=2.94288 state_MiB=239.105
GPU_DEVICE device=0 peak_allocated_MiB=14496.7 live_MiB=14496.7 native_expert_bytes=0 staging_ms=0 cache_hits=0 cache_hit_bytes=0 cuda_used_MiB=15556 free_MiB=748
resident expert entries=38584/42672
Finished with result: success
Main processes terminated with: code=exited/status=0
Service runtime: 1min 46.925s
CPU time consumed: 3min 2.249s
Memory peak: 512.0K
Memory swap peak: 0B
