25
825
20455
17629
284
825
20455
17629
198
13156
25
825
20455
17629
284
825
20455
17629
198
13156
25
825
20455
10080
13931
738
6589
315
825
20455
17629
198
13156
25
3175
17629
6589
369
279
19827
11
79450
11
9376
2588
50122
67030
198
13156
25
3175
17629
6589
369
279
19827
11
13593
50
220
16
13
100235
87
73343
4766
279
220
16
13
100235
87
73343
4766
279
198
13156
25
3175
17629
6589
369
7337
11
79450
11
9376
2588
50122
198
13156
25
3175
17629
27298
369
7337
11
220
49148
2530
6042
25
5515
25
3175
17629
6589
369
279
198
13156
25
3175
17629
356
1027
99419
11
825
46536
2038
2504
11
825
46536
2038
2504
