2741
2224
11771
733
2224
11771
526
16005
609
4934
345
1797
733
2224
353
87
11
733
526
353
3365
11
526
6193
11
24335
3027
528
4269
11
1807
990
14728
82
284
895
345
1797
733
1460
486
1688
16939
21568
609
14790
284
6827
11
733
1460
486
1688
16939
21568
609
10689
284
6827
345
1797
733
1460
486
1688
16939
1548
16005
609
878
1419
284
6827
11
526
31281
284
220
16
11
1807
43565
284
895
8
341
286
421
320
406
366
220
16
1369
31281
861
17298
486
10581
51
8
2510
1460
486
22198
4096
445
3825
44
25
8317
18932
7162
797
286
3233
353
3505
284
320
3626
1293
1293
2586
17612
405
79
280
