2741
2224
11771
733
526
11771
526
16005
609
60942
11
733
2224
353
87
345
1797
733
526
353
3365
11
526
6193
11
24335
3027
528
4269
11
1807
990
14728
82
11
526
31281
284
220
16
11
1807
43565
284
895
8
341
286
421
320
406
366
220
16
1369
31281
861
17298
486
10581
51
8
2510
1460
486
22198
4096
445
3825
44
25
8317
18932
7162
797
286
3233
353
3505
284
320
3626
1293
1293
2586
17612
405
79
280
286
3233
353
65396
284
320
396
23520
3505
488
10690
317
286
3233
353
4979
284
8470
488
10690
488
220
16
11
353
30446
284
3201
488
10690
11
353
1830
284
11206
488
10690
280
286
