51048
8
353
20696
33
317
286
456
286
470
5820
280
262
456
262
1099
1379
528
9442
12518
1548
2374
11
1379
528
2266
11
526
6203
3180
8
341
286
733
1379
528
10018
284
1460
486
1065
16411
11
220
102636
701
32979
284
1460
486
2810
30006
528
2235
16
11
2266
608
220
19
317
286
733
1379
528
296
4260
284
10018
353
320
120547
17
353
320
124184
488
220
102636
8
488
220
17
353
220
102636
353
220
124184
488
220
100702
353
32979
8
353
220
19
198
5108
488
320
2141
528
8
3098
353
220
123853
353
220
109871
19
488
20696
33
280
286
733
1379
528
1968
2966
284
2266
861
220
23
