2403
3040
7424
4332
19479
2213
25
4473
24436
342
12842
15455
11
738
12842
15455
11
3468
15455
20272
11
11135
21743
89489
20960
17976
13
2055
2750
525
279
12427
5036
25
362
99419
74702
11
425
100104
1257
7836
11
356
102088
41059
11
422
103437
91843
13
154842
73022
2236
198
4913
32
99419
3252
1998
277
2198
33
100104
3252
484
7836
2198
34
102088
3252
5612
891
2198
35
103437
3252
15548
34726
16690
73022
154827
4418
3040
58140
7424
4221
44937
2038
13
8277
58140
7424
8252
279
4226
382
58305
362
99419
25
74702
198
2231
341
1834
486
6618
4159
29
342
12842
15455
95258
396
8
16088
5386
486
5338
2440
92
220
442
4473
271
1004
738
12842
15455
7
9293
5386
1380
8
314
342
12842
15455
16100
1188
396
8
1380
1215
456
9293
5386
3468
15455
20272
368
314
470
320
9293
5386
8
342
12842
15455
5104
2129
555
1978
356
5584
60526
11135
21743
89489
20960
9759
10701
12971
11
22667
25760
13480
50122
317
2231
341
1834
486
6618
4159
29
342
12842
14183
291
95258
396
8
16088
5386
486
5338
2440
92
220
442
4473
271
1004
738
12842
15455
7
9293
5386
1380
8
314
342
12842
14183
291
16100
1188
396
8
1380
1215
456
9293
5386
3468
15455
20272
368
314
470
320
9293
5386
8
342
12842
14183
291
5104
2129
555
1978
356
5584
60526
11135
21743
89489
20960
9759
10701
12971
