2403
3040
7424
6644
19479
2038
11
773
279
4226
374
279
12427
897
315
1817
58140
13
154842
4913
32
99419
3252
1998
277
2198
33
100104
3252
484
7836
2198
34
102088
3252
5612
891
2198
35
103437
3252
15548
34726
9204
154827
4418
3040
58140
7424
4221
44937
2038
13
8277
58140
7424
8252
279
4226
382
58305
362
99419
25
74702
198
2231
341
1834
486
6618
4159
29
342
12842
15455
95258
396
8
16088
5386
486
5338
2440
92
220
442
4473
271
1004
738
12842
15455
7
9293
5386
1380
8
314
342
12842
15455
16100
1188
396
8
1380
1215
456
9293
5386
3468
15455
20272
368
314
470
320
9293
5386
8
342
12842
15455
5104
2129
555
1978
356
5584
60526
11135
21743
89489
20960
9759
10701
12971
11
22667
25760
13480
50122
317
2231
341
1834
486
6618
4159
29
362
99419
717
101175
4698
98668
1889
23
4306
16
62
17
880
15
62
18
666
19
62
20
814
21
62
22
2204
23
62
24
761
98668
62
98965
1889
98886
62
99366
1523
99367
62
99082
5318
99317
62
99419
5374
99243
62
98729
4698
98360
62
99146
907
99241
62
99619
717
99590
62
99446
1089
99916
62
99951
14170
99869
62
100104
620
99064
62
100557
7300
101175
62
100702
2273
101135
62
100235
1670
100632
62
101140
3212
100919
62
101294
4178
99698
62
102340
6415
101961
62
102088
6415
101961
62
102088
4178
99698
62
102340
3212
