2403
3040
7424
525
19479
304
2213
320
23995
2038
42820
11499
568
576
4226
374
1101
279
12427
2750
25
362
99419
28
1998
277
11
425
100104
28
484
7836
11
356
102088
28
5612
891
11
422
103437
28
15548
34726
13
154842
515
220
330
32
99419
788
330
1998
277
756
220
330
33
100104
788
330
484
7836
756
220
330
34
102088
788
330
5612
891
756
220
330
35
103437
788
330
15548
34726
698
92
154827
4418
3040
58140
7424
4221
44937
2038
13
8277
58140
7424
8252
279
4226
382
58305
362
99419
25
74702
198
2231
341
1834
486
6618
4159
29
342
12842
15455
95258
396
8
16088
5386
486
5338
2440
92
220
442
4473
271
1004
738
12842
15455
7
9293
5386
1380
8
314
342
12842
15455
16100
1188
396
8
1380
1215
456
9293
5386
3468
15455
20272
368
314
470
320
9293
5386
8
342
12842
15455
5104
2129
555
1978
356
5584
60526
11135
21743
89489
20960
9759
10701
12971
11
22667
25760
13480
50122
317
2231
341
1834
486
6618
4159
29
342
12842
15455
95258
396
8
16088
5386
486
5338
2440
92
220
442
4473
271
1004
738
12842
15455
7
9293
5386
1380
8
314
342
12842
15455
16100
1188
396
8
1380
1215
456
9293
5386
3468
15455
20272
368
314
470
320
9293
5386
8
342
12842
15455
5104
2129
555
1978
356
5584
60526
11135
21743
89489
20960
9759
10701
12971
