25
1874
9
102636
10
15770
11
1874
9
220
102636
10
15770
10
16
369
328
8504
36492
198
2575
3776
19781
17629
817
6961
6200
11
825
11858
817
6961
6200
11
825
11858
817
6961
6200
198
2575
393
17
808
18
25
825
19781
17629
817
6961
6200
11
825
11858
817
6961
6042
198
2575
393
17
13
328
18
25
825
11858
817
1308
3203
37554
3382
15960
28761
17
11
281
92658
8
7337
389
19781
36400
220
603
11858
817
11858
198
54535
6042
198
54535
6042
198
54535
6042
198
3267
291
6042
198
3267
291
6042
198
3267
291
6042
198
3267
291
13664
198
3267
291
13664
198
3267
291
13664
198
3267
291
13664
198
32013
25
1874
9
102636
10
15770
11
1874
9
220
102636
10
15770
10
16
369
328
8504
36492
198
2575
3776
19781
17629
817
6961
6200
11
825
11858
817
6961
6200
11
825
11858
817
6961
6200
198
2575
393
17
808
18
25
825
19781
17629
817
6961
6200
11
825
11858
817
6961
6042
198
2575
393
17
13
328
18
25
825
11858
817
1308
3203
37554
3382
15960
28761
17
11
281
92658
8
7337
389
19781
36400
220
603
11858
817
11858
198
54535
6042
198
54535
6042
198
54535
6042
198
3267
291
6042
198
3267
291
6042
198
3267
291
6042
198
3267
291
13664
198
3267
291
13664
198
3267
291
13664
198
3267
291
13664
198
32013
25
1874
9
102636
10
15770
11
1874
9
220
102636
10
15770
10
16
369
328
8504
36492
198
2575
3776
19781
17629
817
6961
6200
11
825
11858
817
6961
6200
11
825
11858
817
6961
6200
198
2575
393
17
808
18
25
825
19781
17629
817
6961
6200
11
825
11858
817
6961
6042
198
2575
393
17
13
328
18
25
825
11858
817
1308
3203
37554
3382
15960
28761
17
11
281
92658
8
7337
389
19781
36400
220
603
11858
817
11858
198
54535
6042
198
54535
6042
198
54535
6042
198
3267
291
6042
198
3267
291
6042
198
3267
291
6042
198
3267
291
13664
198
3267
291
13664
198
3267
291
13664
198
3267
291
13664
198
32013
