25
1874
9
102636
10
15770
2878
1874
11
825
1874
817
198
2575
20455
17629
13
825
1874
817
20455
17629
13
330
603
1874
817
50122
6911
2699
293
284
1874
9
102636
488
293
624
2575
8426
82
825
20455
17629
369
279
13931
2573
6589
13
8426
82
825
20455
17629
7337
6
35526
1140
198
2575
11858
92658
374
264
49148
315
13931
28261
320
13156
25
1874
9
11165
11
14330
25
9862
13931
28261
11
2670
28261
3403
220
103302
624
2575
8426
82
825
20455
17629
21687
311
11858
92658
11
21687
311
11858
92658
11
54535
304
279
49148
198
2575
11767
3382
15960
368
284
220
98886
19781
36400
389
279
220
21
66
14
98886
83
5662
25
1874
9
102636
10
15770
2878
1874
11
825
1874
817
198
2575
20455
17629
13
825
1874
817
20455
17629
13
330
603
1874
817
50122
6911
2699
293
284
1874
9
102636
488
293
624
2575
8426
82
825
20455
17629
369
279
13931
2573
6589
13
8426
82
825
20455
17629
7337
6
35526
1140
198
2575
11858
92658
374
264
49148
315
13931
28261
320
13156
25
1874
9
11165
11
14330
25
9862
13931
28261
11
2670
28261
3403
220
103302
624
2575
8426
82
825
20455
17629
21687
311
11858
92658
11
21687
311
11858
92658
11
54535
304
279
49148
198
2575
11767
3382
15960
368
284
220
98886
19781
36400
389
279
220
21
66
14
98886
83
5662
25
1874
9
102636
10
15770
2878
1874
11
825
1874
817
198
2575
20455
17629
13
825
1874
817
20455
17629
13
330
603
1874
817
50122
6911
2699
293
284
1874
9
102636
488
293
624
2575
8426
82
825
20455
17629
369
279
13931
2573
6589
13
8426
82
825
20455
17629
7337
6
35526
1140
198
2575
11858
92658
374
264
49148
315
13931
28261
320
13156
25
1874
9
11165
11
14330
25
9862
13931
28261
11
2670
28261
3403
220
103302
624
2575
8426
82
825
20455
17629
21687
311
11858
92658
11
21687
311
11858
92658
11
54535
304
279
49148
198
2575
11767
3382
15960
368
284
220
98886
19781
36400
389
279
220
21
66
14
98886
83
5662
