25
1874
9
102636
10
15770
11
1874
9
20455
13665
2878
1874
624
2575
1913
5515
11
1874
9
102636
10
825
20455
13665
2878
1874
624
2575
576
7314
594
9750
11502
25
1565
1983
63
374
825
220
102636
15245
3409
1565
20157
760
308
30979
760
1922
7808
35535
264
3717
594
7162
9565
198
2575
1119
279
3717
5086
13
220
1565
6108
53896
46648
369
1565
10433
621
308
63
3567
1449
11858
41994
11
323
264
3309
11858
594
3717
14515
198
28739
12
20157
3717
41554
7901
13
220
1048
8426
82
825
20455
17629
369
279
19827
26
5515
13931
12519
25
1874
9
102636
10
15770
11
1874
9
20455
13665
9425
8377
40761
13130
84272
1112
320
25
1874
9
102636
10
15770
11
1874
9
20455
13665
2878
1874
624
2575
1913
5515
11
1874
9
102636
10
825
20455
13665
2878
1874
624
2575
576
7314
594
9750
11502
25
1565
1983
63
374
825
220
102636
15245
3409
1565
20157
760
308
30979
760
1922
7808
35535
264
3717
594
7162
9565
198
2575
1119
279
3717
5086
13
220
1565
6108
53896
46648
369
1565
10433
621
308
63
3567
1449
11858
41994
11
323
264
3309
11858
594
3717
14515
198
28739
12
20157
3717
41554
7901
13
220
1048
8426
82
825
20455
17629
369
279
19827
26
5515
13931
12519
25
1874
9
102636
10
15770
11
1874
9
20455
13665
9425
8377
40761
13130
84272
1112
320
25
1874
9
102636
10
15770
11
1874
9
20455
13665
2878
1874
624
2575
1913
5515
11
1874
9
102636
10
825
20455
13665
2878
1874
624
2575
576
7314
594
9750
11502
25
1565
1983
63
374
825
220
102636
15245
3409
1565
20157
760
308
30979
760
1922
7808
35535
264
3717
594
7162
9565
198
2575
1119
279
3717
5086
13
220
1565
6108
53896
46648
369
1565
10433
621
308
63
3567
1449
11858
41994
11
323
264
3309
11858
594
3717
14515
198
28739
12
20157
3717
41554
7901
13
220
1048
8426
82
825
20455
17629
369
279
19827
26
5515
13931
12519
25
1874
9
102636
10
15770
11
1874
9
20455
13665
9425
8377
40761
13130
84272
1112
320
