STAGING compact=1 slot_MiB=140
FLOATING_Q8 tensor=blk.0.hc_attn_fn source_type=0 MiB=0.398438
FLOATING_Q8 tensor=blk.0.hc_ffn_fn source_type=0 MiB=0.398438
FLOATING_Q8 tensor=blk.1.hc_attn_fn source_type=0 MiB=0.398438
FLOATING_Q8 tensor=blk.1.hc_ffn_fn source_type=0 MiB=0.398438
FLOATING_Q8 tensor=blk.10.hc_attn_fn source_type=0 MiB=0.398438
FLOATING_Q8 tensor=blk.10.hc_ffn_fn source_type=0 MiB=0.398438
FLOATING_Q8 tensor=blk.11.attn_k_b.weight source_type=12 MiB=8.5
FLOATING_Q8 tensor=blk.11.attn_v_b.weight source_type=12 MiB=8.5
FLOATING_Q8 tensor=blk.11.hc_attn_fn source_type=0 MiB=0.398438
FLOATING_Q8 tensor=blk.11.hc_ffn_fn source_type=0 MiB=0.398438
FLOATING_Q8 tensor=blk.12.hc_attn_fn source_type=0 MiB=0.398438
FLOATING_Q8 tensor=blk.12.hc_ffn_fn source_type=0 MiB=0.398438
FLOATING_Q8 tensor=blk.13.hc_attn_fn source_type=0 MiB=0.398438
FLOATING_Q8 tensor=blk.13.hc_ffn_fn source_type=0 MiB=0.398438
FLOATING_Q8 tensor=blk.14.hc_attn_fn source_type=0 MiB=0.398438
FLOATING_Q8 tensor=blk.14.hc_ffn_fn source_type=0 MiB=0.398438
FLOATING_Q8 tensor=blk.15.attn_k_b.weight source_type=12 MiB=8.5
FLOATING_Q8 tensor=blk.15.attn_v_b.weight source_type=12 MiB=8.5
FLOATING_Q8 tensor=blk.15.hc_attn_fn source_type=0 MiB=0.398438
FLOATING_Q8 tensor=blk.15.hc_ffn_fn source_type=0 MiB=0.398438
FLOATING_Q8 tensor=blk.16.hc_attn_fn source_type=0 MiB=0.398438
FLOATING_Q8 tensor=blk.16.hc_ffn_fn source_type=0 MiB=0.398438
FLOATING_Q8 tensor=blk.17.hc_attn_fn source_type=0 MiB=0.398438
FLOATING_Q8 tensor=blk.17.hc_ffn_fn source_type=0 MiB=0.398438
FLOATING_Q8 tensor=blk.18.hc_attn_fn source_type=0 MiB=0.398438
FLOATING_Q8 tensor=blk.18.hc_ffn_fn source_type=0 MiB=0.398438
FLOATING_Q8 tensor=blk.19.attn_k_b.weight source_type=12 MiB=8.5
FLOATING_Q8 tensor=blk.19.attn_v_b.weight source_type=12 MiB=8.5
FLOATING_Q8 tensor=blk.19.hc_attn_fn source_type=0 MiB=0.398438
FLOATING_Q8 tensor=blk.19.hc_ffn_fn source_type=0 MiB=0.398438
FLOATING_Q8 tensor=blk.2.hc_attn_fn source_type=0 MiB=0.398438
FLOATING_Q8 tensor=blk.2.hc_ffn_fn source_type=0 MiB=0.398438
FLOATING_Q8 tensor=blk.20.hc_attn_fn source_type=0 MiB=0.398438
FLOATING_Q8 tensor=blk.20.hc_ffn_fn source_type=0 MiB=0.398438
FLOATING_Q8 tensor=blk.21.hc_attn_fn source_type=0 MiB=0.398438
FLOATING_Q8 tensor=blk.21.hc_ffn_fn source_type=0 MiB=0.398438
FLOATING_Q8 tensor=blk.22.hc_attn_fn source_type=0 MiB=0.398438
FLOATING_Q8 tensor=blk.22.hc_ffn_fn source_type=0 MiB=0.398438
FLOATING_Q8 tensor=blk.23.attn_k_b.weight source_type=12 MiB=8.5
FLOATING_Q8 tensor=blk.23.attn_v_b.weight source_type=12 MiB=8.5
FLOATING_Q8 tensor=blk.23.hc_attn_fn source_type=0 MiB=0.398438
FLOATING_Q8 tensor=blk.23.hc_ffn_fn source_type=0 MiB=0.398438
FLOATING_Q8 tensor=blk.24.hc_attn_fn source_type=0 MiB=0.398438
FLOATING_Q8 tensor=blk.24.hc_ffn_fn source_type=0 MiB=0.398438
FLOATING_Q8 tensor=blk.25.hc_attn_fn source_type=0 MiB=0.398438
FLOATING_Q8 tensor=blk.25.hc_ffn_fn source_type=0 MiB=0.398438
FLOATING_Q8 tensor=blk.26.hc_attn_fn source_type=0 MiB=0.398438
FLOATING_Q8 tensor=blk.26.hc_ffn_fn source_type=0 MiB=0.398438
FLOATING_Q8 tensor=blk.27.attn_k_b.weight source_type=12 MiB=8.5
FLOATING_Q8 tensor=blk.27.attn_v_b.weight source_type=12 MiB=8.5
FLOATING_Q8 tensor=blk.27.hc_attn_fn source_type=0 MiB=0.398438
FLOATING_Q8 tensor=blk.27.hc_ffn_fn source_type=0 MiB=0.398438
FLOATING_Q8 tensor=blk.28.hc_attn_fn source_type=0 MiB=0.398438
FLOATING_Q8 tensor=blk.28.hc_ffn_fn source_type=0 MiB=0.398438
FLOATING_Q8 tensor=blk.29.hc_attn_fn source_type=0 MiB=0.398438
FLOATING_Q8 tensor=blk.29.hc_ffn_fn source_type=0 MiB=0.398438
FLOATING_Q8 tensor=blk.3.attn_k_b.weight source_type=12 MiB=8.5
FLOATING_Q8 tensor=blk.3.attn_v_b.weight source_type=12 MiB=8.5
FLOATING_Q8 tensor=blk.3.hc_attn_fn source_type=0 MiB=0.398438
FLOATING_Q8 tensor=blk.3.hc_ffn_fn source_type=0 MiB=0.398438
FLOATING_Q8 tensor=blk.30.hc_attn_fn source_type=0 MiB=0.398438
FLOATING_Q8 tensor=blk.30.hc_ffn_fn source_type=0 MiB=0.398438
FLOATING_Q8 tensor=blk.31.attn_k_b.weight source_type=12 MiB=8.5
FLOATING_Q8 tensor=blk.31.attn_v_b.weight source_type=12 MiB=8.5
FLOATING_Q8 tensor=blk.31.hc_attn_fn source_type=0 MiB=0.398438
FLOATING_Q8 tensor=blk.31.hc_ffn_fn source_type=0 MiB=0.398438
FLOATING_Q8 tensor=blk.32.hc_attn_fn source_type=0 MiB=0.398438
FLOATING_Q8 tensor=blk.32.hc_ffn_fn source_type=0 MiB=0.398438
FLOATING_Q8 tensor=blk.33.hc_attn_fn source_type=0 MiB=0.398438
FLOATING_Q8 tensor=blk.33.hc_ffn_fn source_type=0 MiB=0.398438
FLOATING_Q8 tensor=blk.34.hc_attn_fn source_type=0 MiB=0.398438
FLOATING_Q8 tensor=blk.34.hc_ffn_fn source_type=0 MiB=0.398438
FLOATING_Q8 tensor=blk.35.attn_k_b.weight source_type=12 MiB=8.5
FLOATING_Q8 tensor=blk.35.attn_v_b.weight source_type=12 MiB=8.5
FLOATING_Q8 tensor=blk.35.hc_attn_fn source_type=0 MiB=0.398438
FLOATING_Q8 tensor=blk.35.hc_ffn_fn source_type=0 MiB=0.398438
FLOATING_Q8 tensor=blk.36.hc_attn_fn source_type=0 MiB=0.398438
FLOATING_Q8 tensor=blk.36.hc_ffn_fn source_type=0 MiB=0.398438
FLOATING_Q8 tensor=blk.37.hc_attn_fn source_type=0 MiB=0.398438
FLOATING_Q8 tensor=blk.37.hc_ffn_fn source_type=0 MiB=0.398438
FLOATING_Q8 tensor=blk.38.hc_attn_fn source_type=0 MiB=0.398438
FLOATING_Q8 tensor=blk.38.hc_ffn_fn source_type=0 MiB=0.398438
FLOATING_Q8 tensor=blk.39.attn_k_b.weight source_type=12 MiB=8.5
FLOATING_Q8 tensor=blk.39.attn_v_b.weight source_type=12 MiB=8.5
FLOATING_Q8 tensor=blk.39.hc_attn_fn source_type=0 MiB=0.398438
FLOATING_Q8 tensor=blk.39.hc_ffn_fn source_type=0 MiB=0.398438
FLOATING_Q8 tensor=blk.4.hc_attn_fn source_type=0 MiB=0.398438
FLOATING_Q8 tensor=blk.4.hc_ffn_fn source_type=0 MiB=0.398438
FLOATING_Q8 tensor=blk.40.hc_attn_fn source_type=0 MiB=0.398438
FLOATING_Q8 tensor=blk.40.hc_ffn_fn source_type=0 MiB=0.398438
FLOATING_Q8 tensor=blk.41.hc_attn_fn source_type=0 MiB=0.398438
FLOATING_Q8 tensor=blk.41.hc_ffn_fn source_type=0 MiB=0.398438
FLOATING_Q8 tensor=blk.42.hc_attn_fn source_type=0 MiB=0.398438
FLOATING_Q8 tensor=blk.42.hc_ffn_fn source_type=0 MiB=0.398438
FLOATING_Q8 tensor=blk.43.attn_k_b.weight source_type=12 MiB=8.5
FLOATING_Q8 tensor=blk.43.attn_v_b.weight source_type=12 MiB=8.5
FLOATING_Q8 tensor=blk.43.hc_attn_fn source_type=0 MiB=0.398438
FLOATING_Q8 tensor=blk.43.hc_ffn_fn source_type=0 MiB=0.398438
FLOATING_Q8 tensor=blk.44.hc_attn_fn source_type=0 MiB=0.398438
FLOATING_Q8 tensor=blk.44.hc_ffn_fn source_type=0 MiB=0.398438
FLOATING_Q8 tensor=blk.5.hc_attn_fn source_type=0 MiB=0.398438
FLOATING_Q8 tensor=blk.5.hc_ffn_fn source_type=0 MiB=0.398438
FLOATING_Q8 tensor=blk.6.hc_attn_fn source_type=0 MiB=0.398438
FLOATING_Q8 tensor=blk.6.hc_ffn_fn source_type=0 MiB=0.398438
FLOATING_Q8 tensor=blk.7.attn_k_b.weight source_type=12 MiB=8.5
FLOATING_Q8 tensor=blk.7.attn_v_b.weight source_type=12 MiB=8.5
FLOATING_Q8 tensor=blk.7.hc_attn_fn source_type=0 MiB=0.398438
FLOATING_Q8 tensor=blk.7.hc_ffn_fn source_type=0 MiB=0.398438
FLOATING_Q8 tensor=blk.8.hc_attn_fn source_type=0 MiB=0.398438
FLOATING_Q8 tensor=blk.8.hc_ffn_fn source_type=0 MiB=0.398438
FLOATING_Q8 tensor=blk.9.hc_attn_fn source_type=0 MiB=0.398438
FLOATING_Q8 tensor=blk.9.hc_ffn_fn source_type=0 MiB=0.398438
GPU prefill chunk=2048 staging_workers=4 numa_cpus=0,1,2,3
GPU allocated_MiB=7154.73 reserved_runtime_MiB=1024 budget_MiB=15792
GPU_DENSE_HOST_RELEASE phase=main tensors=1256 source_MiB_advised=5040.35 ms=123.918
PREFILL_PARTITION primary_groups=9 secondary_groups=0
PREFILL_CACHE device=0 budget_MiB=0 reserve_MiB=768
PREFILL_CACHE_PLAN device=0 base_groups=0 unused_MiB=0
MAPPED_EXPERTS numa_rows=0 lazy=1 bytes=55094280192
PREFILL trial=0 tokens=2048 batch=2048 ms=70331.1 tok_s=29.1194
FAULTS trial=0 major=176310 minor=1084889
HOST_RSS peak_MiB=53822.8
CPU_EXPERT gu_ms=0 quant_ms=0 down_ms=0 layer_flow_ms=0 bytes=0
GPU peak_allocated_MiB=7538.73 native_expert_bytes=55101150720 expert_groups=378 staging_ms=63171.7
PREFILL_SCRATCH device=0 peak_MiB=696.564 capacity_MiB=1024
GPU_LIVE device=0 dense_MiB=5029.21 other_MiB=806.414 prefill_MiB=1464 state_MiB=239.105
GPU_DEVICE device=0 peak_allocated_MiB=7538.73 live_MiB=7538.73 native_expert_bytes=55101150720 staging_ms=63171.7 cache_hits=0 cache_hit_bytes=0 cuda_used_MiB=8312 free_MiB=7992
MAPPED_EXPERTS numa_rows=0 lazy=1 bytes=55094280192
PREFILL_WORK device=0 transferred_bytes=55101150720 staging_ms=63171.7 actual_rows=688128 padded_rows=2235344 dequant_values=298768662528
DECODE_RUNTIME override_reserve_MiB=256
DECODE_CACHE prefix_trained=1 slots=942 MiB=8183.62 fingerprint=14315091664161922263
RESPONSE_PREPARE kind=decode_cache ms=1264.11
AFFINITY_QUALITY_ROW row=0 kl=0.269262 top1_equal=0
AFFINITY_QUALITY_ROW row=1 kl=0.0553427 top1_equal=1
AFFINITY_QUALITY_ROW row=2 kl=0.0170606 top1_equal=1
AFFINITY_QUALITY_ROW row=3 kl=0.667067 top1_equal=0
AFFINITY_QUALITY_ROW row=4 kl=0.676719 top1_equal=1
AFFINITY_QUALITY_ROW row=5 kl=0.0286509 top1_equal=1
AFFINITY_QUALITY_ROW row=6 kl=0.0173626 top1_equal=1
AFFINITY_QUALITY_ROW row=7 kl=0.0302154 top1_equal=1
AFFINITY_QUALITY_ROW row=8 kl=0.0544295 top1_equal=1
AFFINITY_QUALITY_ROW row=9 kl=0.55582 top1_equal=1
AFFINITY_QUALITY_ROW row=10 kl=1.20979 top1_equal=0
AFFINITY_QUALITY_ROW row=11 kl=0.0451766 top1_equal=1
AFFINITY_QUALITY_ROW row=12 kl=0.00010978 top1_equal=1
AFFINITY_QUALITY_ROW row=13 kl=2.44313 top1_equal=0
AFFINITY_QUALITY_ROW row=14 kl=0.0500029 top1_equal=1
AFFINITY_QUALITY_ROW row=15 kl=0.000543778 top1_equal=1
AFFINITY_QUALITY_ROW row=16 kl=0.111681 top1_equal=1
AFFINITY_QUALITY_ROW row=17 kl=0.980066 top1_equal=0
AFFINITY_QUALITY_ROW row=18 kl=0.229991 top1_equal=1
AFFINITY_QUALITY_ROW row=19 kl=0.0364131 top1_equal=1
AFFINITY_QUALITY_ROW row=20 kl=0.0956827 top1_equal=1
AFFINITY_QUALITY_ROW row=21 kl=0.393824 top1_equal=1
AFFINITY_QUALITY_ROW row=22 kl=0.231803 top1_equal=1
AFFINITY_QUALITY_ROW row=23 kl=0.0984176 top1_equal=0
AFFINITY_QUALITY_ROW row=24 kl=0.401772 top1_equal=0
AFFINITY_QUALITY_ROW row=25 kl=0.481925 top1_equal=0
AFFINITY_QUALITY_ROW row=26 kl=0.0721663 top1_equal=1
AFFINITY_QUALITY_ROW row=27 kl=0.115819 top1_equal=1
AFFINITY_QUALITY_ROW row=28 kl=0.0538865 top1_equal=1
AFFINITY_QUALITY_ROW row=29 kl=0.732055 top1_equal=0
AFFINITY_QUALITY_ROW row=30 kl=0.655609 top1_equal=0
AFFINITY_QUALITY_ROW row=31 kl=0.0243356 top1_equal=1
AFFINITY_QUALITY_ROW row=32 kl=0.247172 top1_equal=0
AFFINITY_QUALITY_ROW row=33 kl=0.0907244 top1_equal=1
AFFINITY_QUALITY_ROW row=34 kl=1.94766 top1_equal=0
AFFINITY_QUALITY_ROW row=35 kl=5.21954 top1_equal=0
AFFINITY_QUALITY_ROW row=36 kl=0.692171 top1_equal=1
AFFINITY_QUALITY_ROW row=37 kl=0.531071 top1_equal=0
AFFINITY_QUALITY_ROW row=38 kl=0.295208 top1_equal=1
AFFINITY_QUALITY_ROW row=39 kl=0.298831 top1_equal=1
AFFINITY_QUALITY_ROW row=40 kl=0.0898866 top1_equal=1
AFFINITY_QUALITY_ROW row=41 kl=0.53158 top1_equal=0
AFFINITY_QUALITY_ROW row=42 kl=1.08261 top1_equal=1
AFFINITY_QUALITY_ROW row=43 kl=0.114717 top1_equal=1
AFFINITY_QUALITY_ROW row=44 kl=0.320118 top1_equal=0
AFFINITY_QUALITY_ROW row=45 kl=0.200766 top1_equal=0
AFFINITY_QUALITY_ROW row=46 kl=0.121703 top1_equal=1
AFFINITY_QUALITY_ROW row=47 kl=0.143312 top1_equal=1
AFFINITY_QUALITY_ROW row=48 kl=0.0995439 top1_equal=1
AFFINITY_QUALITY_ROW row=49 kl=0.431726 top1_equal=1
AFFINITY_QUALITY_ROW row=50 kl=0.158177 top1_equal=0
AFFINITY_QUALITY_ROW row=51 kl=0.125347 top1_equal=1
AFFINITY_QUALITY_ROW row=52 kl=0.000269847 top1_equal=1
AFFINITY_QUALITY_ROW row=53 kl=5.20559e-05 top1_equal=1
AFFINITY_QUALITY_ROW row=54 kl=0.785971 top1_equal=1
AFFINITY_QUALITY_ROW row=55 kl=0.229665 top1_equal=1
AFFINITY_QUALITY_ROW row=56 kl=0.981647 top1_equal=1
AFFINITY_QUALITY_ROW row=57 kl=0.581473 top1_equal=1
AFFINITY_QUALITY_ROW row=58 kl=0.0478974 top1_equal=1
AFFINITY_QUALITY_ROW row=59 kl=5.51471e-05 top1_equal=1
AFFINITY_QUALITY_ROW row=60 kl=0.133643 top1_equal=1
AFFINITY_QUALITY_ROW row=61 kl=0.621382 top1_equal=0
AFFINITY_QUALITY_ROW row=62 kl=0.0283359 top1_equal=1
AFFINITY_QUALITY_ROW row=63 kl=0.00267279 top1_equal=1
AFFINITY_QUALITY rows=64 mean_kl=0.421735 max_kl=5.21954 top1_equal=45 top1_share=0.703125 mean_relative_L2=0.274513 reference=unbiased_strict_same_prefill_fixed_tier
RESPONSE_PREPARE kind=cpu ms=0.016901
DECODE_TRIAL index=0
DECODE_STEP index=1 ms=55.2495
DECODE_STEP index=2 ms=41.9268
DECODE_STEP index=3 ms=52.6141
DECODE_STEP index=4 ms=51.0126
DECODE_STEP index=5 ms=57.2978
DECODE_STEP index=6 ms=46.9853
DECODE_STEP index=7 ms=51.3586
DECODE_STEP index=8 ms=51.2334
DECODE_STEP index=9 ms=44.2264
DECODE_STEP index=10 ms=48.6295
DECODE_STEP index=11 ms=50.7113
DECODE_STEP index=12 ms=56.0049
DECODE_STEP index=13 ms=43.332
DECODE_STEP index=14 ms=51.0544
DECODE_STEP index=15 ms=50.6942
DECODE_STEP index=16 ms=62.4382
DECODE_STEP index=17 ms=46.1763
DECODE_STEP index=18 ms=53.9068
DECODE_STEP index=19 ms=48.7918
DECODE_STEP index=20 ms=42.3832
DECODE_STEP index=21 ms=58.5822
DECODE_STEP index=22 ms=50.3011
DECODE_STEP index=23 ms=55.3362
DECODE_STEP index=24 ms=52.0811
DECODE_STEP index=25 ms=57.1198
DECODE_STEP index=26 ms=47.5829
DECODE_STEP index=27 ms=54.3634
DECODE_STEP index=28 ms=59.0204
DECODE_STEP index=29 ms=56.7062
DECODE_STEP index=30 ms=56.3309
DECODE_STEP index=31 ms=52.226
DECODE steps=31 ms=1626.96 tok_s=19.0539
HOST_RSS peak_MiB=53840.3
CPU_EXPERT gu_ms=0 quant_ms=0 down_ms=0 layer_flow_ms=807.5 bytes=22427598848
GPU peak_allocated_MiB=13558 native_expert_bytes=0 expert_groups=0 staging_ms=0
PREFILL_SCRATCH device=0 peak_MiB=5.07568 capacity_MiB=32
GPU_LIVE device=0 dense_MiB=5029.21 other_MiB=8254.75 prefill_MiB=32 resident_exec_MiB=2.94288 state_MiB=239.105
GPU_DEVICE device=0 peak_allocated_MiB=13558 live_MiB=13558 native_expert_bytes=0 staging_ms=0 cache_hits=0 cache_hit_bytes=0 cuda_used_MiB=15546 free_MiB=758
resident expert entries=33191/53424
