STAGING compact=1 slot_MiB=140
FLOATING_Q8 tensor=blk.0.hc_attn_fn source_type=0 MiB=0.398438
FLOATING_Q8 tensor=blk.0.hc_ffn_fn source_type=0 MiB=0.398438
FLOATING_Q8 tensor=blk.1.hc_attn_fn source_type=0 MiB=0.398438
FLOATING_Q8 tensor=blk.1.hc_ffn_fn source_type=0 MiB=0.398438
FLOATING_Q8 tensor=blk.10.hc_attn_fn source_type=0 MiB=0.398438
FLOATING_Q8 tensor=blk.10.hc_ffn_fn source_type=0 MiB=0.398438
FLOATING_Q8 tensor=blk.11.attn_k_b.weight source_type=12 MiB=8.5
FLOATING_Q8 tensor=blk.11.attn_v_b.weight source_type=12 MiB=8.5
FLOATING_Q8 tensor=blk.11.hc_attn_fn source_type=0 MiB=0.398438
FLOATING_Q8 tensor=blk.11.hc_ffn_fn source_type=0 MiB=0.398438
FLOATING_Q8 tensor=blk.12.hc_attn_fn source_type=0 MiB=0.398438
FLOATING_Q8 tensor=blk.12.hc_ffn_fn source_type=0 MiB=0.398438
FLOATING_Q8 tensor=blk.13.hc_attn_fn source_type=0 MiB=0.398438
FLOATING_Q8 tensor=blk.13.hc_ffn_fn source_type=0 MiB=0.398438
FLOATING_Q8 tensor=blk.14.hc_attn_fn source_type=0 MiB=0.398438
FLOATING_Q8 tensor=blk.14.hc_ffn_fn source_type=0 MiB=0.398438
FLOATING_Q8 tensor=blk.15.attn_k_b.weight source_type=12 MiB=8.5
FLOATING_Q8 tensor=blk.15.attn_v_b.weight source_type=12 MiB=8.5
FLOATING_Q8 tensor=blk.15.hc_attn_fn source_type=0 MiB=0.398438
FLOATING_Q8 tensor=blk.15.hc_ffn_fn source_type=0 MiB=0.398438
FLOATING_Q8 tensor=blk.16.hc_attn_fn source_type=0 MiB=0.398438
FLOATING_Q8 tensor=blk.16.hc_ffn_fn source_type=0 MiB=0.398438
FLOATING_Q8 tensor=blk.17.hc_attn_fn source_type=0 MiB=0.398438
FLOATING_Q8 tensor=blk.17.hc_ffn_fn source_type=0 MiB=0.398438
FLOATING_Q8 tensor=blk.18.hc_attn_fn source_type=0 MiB=0.398438
FLOATING_Q8 tensor=blk.18.hc_ffn_fn source_type=0 MiB=0.398438
FLOATING_Q8 tensor=blk.19.attn_k_b.weight source_type=12 MiB=8.5
FLOATING_Q8 tensor=blk.19.attn_v_b.weight source_type=12 MiB=8.5
FLOATING_Q8 tensor=blk.19.hc_attn_fn source_type=0 MiB=0.398438
FLOATING_Q8 tensor=blk.19.hc_ffn_fn source_type=0 MiB=0.398438
FLOATING_Q8 tensor=blk.2.hc_attn_fn source_type=0 MiB=0.398438
FLOATING_Q8 tensor=blk.2.hc_ffn_fn source_type=0 MiB=0.398438
FLOATING_Q8 tensor=blk.20.hc_attn_fn source_type=0 MiB=0.398438
FLOATING_Q8 tensor=blk.20.hc_ffn_fn source_type=0 MiB=0.398438
FLOATING_Q8 tensor=blk.21.hc_attn_fn source_type=0 MiB=0.398438
FLOATING_Q8 tensor=blk.21.hc_ffn_fn source_type=0 MiB=0.398438
FLOATING_Q8 tensor=blk.22.hc_attn_fn source_type=0 MiB=0.398438
FLOATING_Q8 tensor=blk.22.hc_ffn_fn source_type=0 MiB=0.398438
FLOATING_Q8 tensor=blk.23.attn_k_b.weight source_type=12 MiB=8.5
FLOATING_Q8 tensor=blk.23.attn_v_b.weight source_type=12 MiB=8.5
FLOATING_Q8 tensor=blk.23.hc_attn_fn source_type=0 MiB=0.398438
FLOATING_Q8 tensor=blk.23.hc_ffn_fn source_type=0 MiB=0.398438
FLOATING_Q8 tensor=blk.24.hc_attn_fn source_type=0 MiB=0.398438
FLOATING_Q8 tensor=blk.24.hc_ffn_fn source_type=0 MiB=0.398438
FLOATING_Q8 tensor=blk.25.hc_attn_fn source_type=0 MiB=0.398438
FLOATING_Q8 tensor=blk.25.hc_ffn_fn source_type=0 MiB=0.398438
FLOATING_Q8 tensor=blk.26.hc_attn_fn source_type=0 MiB=0.398438
FLOATING_Q8 tensor=blk.26.hc_ffn_fn source_type=0 MiB=0.398438
FLOATING_Q8 tensor=blk.27.attn_k_b.weight source_type=12 MiB=8.5
FLOATING_Q8 tensor=blk.27.attn_v_b.weight source_type=12 MiB=8.5
FLOATING_Q8 tensor=blk.27.hc_attn_fn source_type=0 MiB=0.398438
FLOATING_Q8 tensor=blk.27.hc_ffn_fn source_type=0 MiB=0.398438
FLOATING_Q8 tensor=blk.28.hc_attn_fn source_type=0 MiB=0.398438
FLOATING_Q8 tensor=blk.28.hc_ffn_fn source_type=0 MiB=0.398438
FLOATING_Q8 tensor=blk.29.hc_attn_fn source_type=0 MiB=0.398438
FLOATING_Q8 tensor=blk.29.hc_ffn_fn source_type=0 MiB=0.398438
FLOATING_Q8 tensor=blk.3.attn_k_b.weight source_type=12 MiB=8.5
FLOATING_Q8 tensor=blk.3.attn_v_b.weight source_type=12 MiB=8.5
FLOATING_Q8 tensor=blk.3.hc_attn_fn source_type=0 MiB=0.398438
FLOATING_Q8 tensor=blk.3.hc_ffn_fn source_type=0 MiB=0.398438
FLOATING_Q8 tensor=blk.30.hc_attn_fn source_type=0 MiB=0.398438
FLOATING_Q8 tensor=blk.30.hc_ffn_fn source_type=0 MiB=0.398438
FLOATING_Q8 tensor=blk.31.attn_k_b.weight source_type=12 MiB=8.5
FLOATING_Q8 tensor=blk.31.attn_v_b.weight source_type=12 MiB=8.5
FLOATING_Q8 tensor=blk.31.hc_attn_fn source_type=0 MiB=0.398438
FLOATING_Q8 tensor=blk.31.hc_ffn_fn source_type=0 MiB=0.398438
FLOATING_Q8 tensor=blk.32.hc_attn_fn source_type=0 MiB=0.398438
FLOATING_Q8 tensor=blk.32.hc_ffn_fn source_type=0 MiB=0.398438
FLOATING_Q8 tensor=blk.33.hc_attn_fn source_type=0 MiB=0.398438
FLOATING_Q8 tensor=blk.33.hc_ffn_fn source_type=0 MiB=0.398438
FLOATING_Q8 tensor=blk.34.hc_attn_fn source_type=0 MiB=0.398438
FLOATING_Q8 tensor=blk.34.hc_ffn_fn source_type=0 MiB=0.398438
FLOATING_Q8 tensor=blk.35.attn_k_b.weight source_type=12 MiB=8.5
FLOATING_Q8 tensor=blk.35.attn_v_b.weight source_type=12 MiB=8.5
FLOATING_Q8 tensor=blk.35.hc_attn_fn source_type=0 MiB=0.398438
FLOATING_Q8 tensor=blk.35.hc_ffn_fn source_type=0 MiB=0.398438
FLOATING_Q8 tensor=blk.36.hc_attn_fn source_type=0 MiB=0.398438
FLOATING_Q8 tensor=blk.36.hc_ffn_fn source_type=0 MiB=0.398438
FLOATING_Q8 tensor=blk.37.hc_attn_fn source_type=0 MiB=0.398438
FLOATING_Q8 tensor=blk.37.hc_ffn_fn source_type=0 MiB=0.398438
FLOATING_Q8 tensor=blk.38.hc_attn_fn source_type=0 MiB=0.398438
FLOATING_Q8 tensor=blk.38.hc_ffn_fn source_type=0 MiB=0.398438
FLOATING_Q8 tensor=blk.39.attn_k_b.weight source_type=12 MiB=8.5
FLOATING_Q8 tensor=blk.39.attn_v_b.weight source_type=12 MiB=8.5
FLOATING_Q8 tensor=blk.39.hc_attn_fn source_type=0 MiB=0.398438
FLOATING_Q8 tensor=blk.39.hc_ffn_fn source_type=0 MiB=0.398438
FLOATING_Q8 tensor=blk.4.hc_attn_fn source_type=0 MiB=0.398438
FLOATING_Q8 tensor=blk.4.hc_ffn_fn source_type=0 MiB=0.398438
FLOATING_Q8 tensor=blk.40.hc_attn_fn source_type=0 MiB=0.398438
FLOATING_Q8 tensor=blk.40.hc_ffn_fn source_type=0 MiB=0.398438
FLOATING_Q8 tensor=blk.41.hc_attn_fn source_type=0 MiB=0.398438
FLOATING_Q8 tensor=blk.41.hc_ffn_fn source_type=0 MiB=0.398438
FLOATING_Q8 tensor=blk.42.hc_attn_fn source_type=0 MiB=0.398438
FLOATING_Q8 tensor=blk.42.hc_ffn_fn source_type=0 MiB=0.398438
FLOATING_Q8 tensor=blk.43.attn_k_b.weight source_type=12 MiB=8.5
FLOATING_Q8 tensor=blk.43.attn_v_b.weight source_type=12 MiB=8.5
FLOATING_Q8 tensor=blk.43.hc_attn_fn source_type=0 MiB=0.398438
FLOATING_Q8 tensor=blk.43.hc_ffn_fn source_type=0 MiB=0.398438
FLOATING_Q8 tensor=blk.44.hc_attn_fn source_type=0 MiB=0.398438
FLOATING_Q8 tensor=blk.44.hc_ffn_fn source_type=0 MiB=0.398438
FLOATING_Q8 tensor=blk.5.hc_attn_fn source_type=0 MiB=0.398438
FLOATING_Q8 tensor=blk.5.hc_ffn_fn source_type=0 MiB=0.398438
FLOATING_Q8 tensor=blk.6.hc_attn_fn source_type=0 MiB=0.398438
FLOATING_Q8 tensor=blk.6.hc_ffn_fn source_type=0 MiB=0.398438
FLOATING_Q8 tensor=blk.7.attn_k_b.weight source_type=12 MiB=8.5
FLOATING_Q8 tensor=blk.7.attn_v_b.weight source_type=12 MiB=8.5
FLOATING_Q8 tensor=blk.7.hc_attn_fn source_type=0 MiB=0.398438
FLOATING_Q8 tensor=blk.7.hc_ffn_fn source_type=0 MiB=0.398438
FLOATING_Q8 tensor=blk.8.hc_attn_fn source_type=0 MiB=0.398438
FLOATING_Q8 tensor=blk.8.hc_ffn_fn source_type=0 MiB=0.398438
FLOATING_Q8 tensor=blk.9.hc_attn_fn source_type=0 MiB=0.398438
FLOATING_Q8 tensor=blk.9.hc_ffn_fn source_type=0 MiB=0.398438
GPU prefill chunk=2048 staging_workers=4 numa_cpus=0,1,2,3
GPU allocated_MiB=7154.73 reserved_runtime_MiB=1024 budget_MiB=15792
GPU_DENSE_HOST_RELEASE phase=main tensors=1256 source_MiB_advised=5040.35 ms=123.658
PREFILL_PARTITION primary_groups=9 secondary_groups=0
PREFILL_CACHE device=0 budget_MiB=0 reserve_MiB=768
PREFILL_CACHE_PLAN device=0 base_groups=0 unused_MiB=0
MAPPED_EXPERTS numa_rows=0 lazy=1 bytes=55094280192
PREFILL trial=0 tokens=2048 batch=2048 ms=71170.7 tok_s=28.7759
FAULTS trial=0 major=176205 minor=1084939
HOST_RSS peak_MiB=53831.5
CPU_EXPERT gu_ms=0 quant_ms=0 down_ms=0 layer_flow_ms=0 bytes=0
GPU peak_allocated_MiB=7538.73 native_expert_bytes=55101150720 expert_groups=378 staging_ms=64047.6
PREFILL_SCRATCH device=0 peak_MiB=696.564 capacity_MiB=1024
GPU_LIVE device=0 dense_MiB=5029.21 other_MiB=806.414 prefill_MiB=1464 state_MiB=239.105
GPU_DEVICE device=0 peak_allocated_MiB=7538.73 live_MiB=7538.73 native_expert_bytes=55101150720 staging_ms=64047.6 cache_hits=0 cache_hit_bytes=0 cuda_used_MiB=8312 free_MiB=7992
MAPPED_EXPERTS numa_rows=0 lazy=1 bytes=55094280192
PREFILL_WORK device=0 transferred_bytes=55101150720 staging_ms=64047.6 actual_rows=688128 padded_rows=2235040 dequant_values=297560702976
DECODE_RUNTIME override_reserve_MiB=256
DECODE_CACHE prefix_trained=1 slots=942 MiB=8183.62 fingerprint=2565064321177199171
RESPONSE_PREPARE kind=decode_cache ms=1371.7
AFFINITY_QUALITY_ROW row=0 kl=0.215498 top1_equal=1
AFFINITY_QUALITY_ROW row=1 kl=0.110344 top1_equal=1
AFFINITY_QUALITY_ROW row=2 kl=9.31799e-05 top1_equal=1
AFFINITY_QUALITY_ROW row=3 kl=0.0144878 top1_equal=1
AFFINITY_QUALITY_ROW row=4 kl=0.0454426 top1_equal=1
AFFINITY_QUALITY_ROW row=5 kl=0.181388 top1_equal=1
AFFINITY_QUALITY_ROW row=6 kl=0.0105758 top1_equal=1
AFFINITY_QUALITY_ROW row=7 kl=0.0562855 top1_equal=1
AFFINITY_QUALITY_ROW row=8 kl=2.3436 top1_equal=0
AFFINITY_QUALITY_ROW row=9 kl=0.286932 top1_equal=1
AFFINITY_QUALITY_ROW row=10 kl=0.553581 top1_equal=0
AFFINITY_QUALITY_ROW row=11 kl=0.245916 top1_equal=1
AFFINITY_QUALITY_ROW row=12 kl=0.447796 top1_equal=1
AFFINITY_QUALITY_ROW row=13 kl=1.46028 top1_equal=1
AFFINITY_QUALITY_ROW row=14 kl=0.388946 top1_equal=1
AFFINITY_QUALITY_ROW row=15 kl=0.0808044 top1_equal=1
AFFINITY_QUALITY_ROW row=16 kl=0.109439 top1_equal=1
AFFINITY_QUALITY_ROW row=17 kl=0.532531 top1_equal=0
AFFINITY_QUALITY_ROW row=18 kl=0.0278656 top1_equal=1
AFFINITY_QUALITY_ROW row=19 kl=0.651476 top1_equal=1
AFFINITY_QUALITY_ROW row=20 kl=0.113667 top1_equal=1
AFFINITY_QUALITY_ROW row=21 kl=0.0963601 top1_equal=1
AFFINITY_QUALITY_ROW row=22 kl=0.239467 top1_equal=1
AFFINITY_QUALITY_ROW row=23 kl=0.214072 top1_equal=1
AFFINITY_QUALITY_ROW row=24 kl=0.386003 top1_equal=1
AFFINITY_QUALITY_ROW row=25 kl=0.195529 top1_equal=1
AFFINITY_QUALITY_ROW row=26 kl=0.00803635 top1_equal=1
AFFINITY_QUALITY_ROW row=27 kl=4.99627 top1_equal=0
AFFINITY_QUALITY_ROW row=28 kl=0.222141 top1_equal=0
AFFINITY_QUALITY_ROW row=29 kl=0.0694287 top1_equal=1
AFFINITY_QUALITY_ROW row=30 kl=0.037327 top1_equal=1
AFFINITY_QUALITY_ROW row=31 kl=0.70153 top1_equal=1
AFFINITY_QUALITY_ROW row=32 kl=0.0495669 top1_equal=1
AFFINITY_QUALITY_ROW row=33 kl=5.62134 top1_equal=1
AFFINITY_QUALITY_ROW row=34 kl=0.250777 top1_equal=1
AFFINITY_QUALITY_ROW row=35 kl=0.0551095 top1_equal=1
AFFINITY_QUALITY_ROW row=36 kl=0.00834184 top1_equal=1
AFFINITY_QUALITY_ROW row=37 kl=0.137038 top1_equal=1
AFFINITY_QUALITY_ROW row=38 kl=0.246054 top1_equal=1
AFFINITY_QUALITY_ROW row=39 kl=0.155413 top1_equal=1
AFFINITY_QUALITY_ROW row=40 kl=0.0459362 top1_equal=1
AFFINITY_QUALITY_ROW row=41 kl=2.87353 top1_equal=0
AFFINITY_QUALITY_ROW row=42 kl=0.339728 top1_equal=1
AFFINITY_QUALITY_ROW row=43 kl=0.0499459 top1_equal=1
AFFINITY_QUALITY_ROW row=44 kl=1.68861 top1_equal=0
AFFINITY_QUALITY_ROW row=45 kl=0.396154 top1_equal=0
AFFINITY_QUALITY_ROW row=46 kl=0.301417 top1_equal=0
AFFINITY_QUALITY_ROW row=47 kl=0.152975 top1_equal=1
AFFINITY_QUALITY_ROW row=48 kl=0.248932 top1_equal=1
AFFINITY_QUALITY_ROW row=49 kl=0.0357984 top1_equal=1
AFFINITY_QUALITY_ROW row=50 kl=0.0738526 top1_equal=1
AFFINITY_QUALITY_ROW row=51 kl=0.0749211 top1_equal=1
AFFINITY_QUALITY_ROW row=52 kl=0.748105 top1_equal=1
AFFINITY_QUALITY_ROW row=53 kl=0.032082 top1_equal=1
AFFINITY_QUALITY_ROW row=54 kl=0.0265604 top1_equal=1
AFFINITY_QUALITY_ROW row=55 kl=13.7901 top1_equal=0
AFFINITY_QUALITY_ROW row=56 kl=0.0221699 top1_equal=1
AFFINITY_QUALITY_ROW row=57 kl=0.00805234 top1_equal=1
AFFINITY_QUALITY_ROW row=58 kl=0.00213064 top1_equal=1
AFFINITY_QUALITY_ROW row=59 kl=0.103705 top1_equal=1
AFFINITY_QUALITY_ROW row=60 kl=0.00687551 top1_equal=1
AFFINITY_QUALITY_ROW row=61 kl=0.00121558 top1_equal=1
AFFINITY_QUALITY_ROW row=62 kl=0.0471912 top1_equal=1
AFFINITY_QUALITY_ROW row=63 kl=0.00391545 top1_equal=1
AFFINITY_QUALITY rows=64 mean_kl=0.66626 max_kl=13.7901 top1_equal=54 top1_share=0.84375 mean_relative_L2=0.304148 reference=unbiased_strict_same_prefill_fixed_tier
RESPONSE_PREPARE kind=cpu ms=0.015439
DECODE_TRIAL index=0
DECODE_STEP index=1 ms=49.9284
DECODE_STEP index=2 ms=40.2213
DECODE_STEP index=3 ms=48.3262
DECODE_STEP index=4 ms=48.8702
DECODE_STEP index=5 ms=52.4715
DECODE_STEP index=6 ms=42.0014
DECODE_STEP index=7 ms=44.4388
DECODE_STEP index=8 ms=41.2109
DECODE_STEP index=9 ms=44.4698
DECODE_STEP index=10 ms=43.6359
DECODE_STEP index=11 ms=49.5674
DECODE_STEP index=12 ms=51.532
DECODE_STEP index=13 ms=52.0707
DECODE_STEP index=14 ms=46.812
DECODE_STEP index=15 ms=50.6508
DECODE_STEP index=16 ms=40.0455
DECODE_STEP index=17 ms=37.9853
DECODE_STEP index=18 ms=51.7588
DECODE_STEP index=19 ms=38.1833
DECODE_STEP index=20 ms=46.947
DECODE_STEP index=21 ms=48.1562
DECODE_STEP index=22 ms=45.3197
DECODE_STEP index=23 ms=45.0415
DECODE_STEP index=24 ms=45.7225
DECODE_STEP index=25 ms=45.1188
DECODE_STEP index=26 ms=37.046
DECODE_STEP index=27 ms=39.5291
DECODE_STEP index=28 ms=50.6802
DECODE_STEP index=29 ms=35.312
DECODE_STEP index=30 ms=41.4593
DECODE_STEP index=31 ms=47.3329
DECODE steps=31 ms=1420.05 tok_s=21.8302
HOST_RSS peak_MiB=53849.4
CPU_EXPERT gu_ms=0 quant_ms=0 down_ms=0 layer_flow_ms=582.917 bytes=15859646464
GPU peak_allocated_MiB=13558 native_expert_bytes=0 expert_groups=0 staging_ms=0
PREFILL_SCRATCH device=0 peak_MiB=5.07568 capacity_MiB=32
GPU_LIVE device=0 dense_MiB=5029.21 other_MiB=8254.75 prefill_MiB=32 resident_exec_MiB=2.94288 state_MiB=239.105
GPU_DEVICE device=0 peak_allocated_MiB=13558 live_MiB=13558 native_expert_bytes=0 staging_ms=0 cache_hits=0 cache_hit_bytes=0 cuda_used_MiB=15546 free_MiB=758
resident expert entries=33767/53424
