25
1874
9
102636
10
15770
11
1874
9
20455
13665
198
2575
11165
25
1874
9
102636
10
15770
11
1874
9
102636
10
15770
11
1874
9
102636
14330
25
9862
13931
3034
198
322
8426
82
825
20455
17629
369
279
49148
594
2266
25
5515
25
1874
9
30070
11
1874
9
30070
11
1874
9
198
322
8426
82
825
7314
11858
8629
458
20455
17629
26
5515
25
1874
9
102636
10
15770
11
1874
9
13665
198
2575
8426
82
825
7314
11858
8629
458
20455
17629
26
5515
25
13664
44532
6248
1573
264
13664
44532
6248
1573
264
198
2575
8426
82
825
7314
11858
8629
458
356
5584
60526
11
22667
25760
13480
11
16088
5386
11
32013
12239
11
32013
12239
20317
11
451
13407
9021
11
8751
25760
13480
5333
198
2575
8426
82
825
7314
11858
8629
458
356
5584
60526
11
4494
323
5333
7329
25
356
5584
3379
1112
5333
198
2575
8426
5646
25
356
5584
60526
11
22667
25760
13480
1931
4494
323
5333
7329
25
356
7314
11858
8629
458
53059
34862
11
53059
34862
11
220
330
3379
82
825
7314
11858
8629
458
356
5584
60526
11
81028
362
12766
828
97953
11
3168
7682
35
198
2575
8426
5646
25
356
5584
60526
11
8918
1479
25
7337
389
19781
36400
220
15
496
20
11
7337
389
11767
3382
15960
28761
17
7337
389
3776
19781
17629
817
83295
15559
6200
11858
8629
458
53059
34862
11
264
53059
34862
11
330
3379
82
825
2041
24913
29089
198
2575
8426
82
825
7314
11858
3393
30070
25
3393
30070
25
3393
30070
25
3393
16168
25
4509
459
34
5584
10546
4651
64
3102
4286
287
2271
27905
198
2271
16168
25
4509
459
34
5584
10546
4651
64
3102
4286
287
2271
27905
198
2271
16168
25
4509
459
34
2604
220
99317
66163
7032
25
2604
220
99317
66163
7032
25
2604
220
99317
66163
3717
14
7859
2220
9369
14
7859
2220
9369
14
7859
2220
77383
14
7859
2220
77383
14
7859
50025
12
7859
2220
77383
14
7859
50025
12
7859
220
102636
15245
3409
6789
25
220
102636
15245
3409
6789
25
220
102636
15245
3717
3409
6789
25
220
23313
1181
7162
25
1565
1983
63
374
825
220
102636
15245
3409
1565
20157
760
308
30979
760
1922
7808
264
3717
374
264
41554
429
1172
49759
369
279
16328
279
11858
38518
369
11
323
264
3717
429
49759
17160
311
7807
2891
389
1565
10433
63
1283
3468
7585
11
7842
311
1565
10433
63
3309
11858
11362
311
1565
10433
63
1283
3468
7585
11
7842
311
1990
26495
287
25
3309
11858
11362
311
1565
10433
63
1283
3468
3468
7585
11
264
3309
11858
594
3717
14515
11
902
1990
26495
287
25
3309
11858
2814
1283
3468
7585
11
902
1990
26495
287
25
3309
11858
11362
311
330
64
3309
11858
504
279
4265
25
1874
9
102636
10
15770
11
1874
9
20455
13665
198
2575
11165
25
1874
9
102636
10
15770
11
1874
9
102636
10
15770
11
1874
9
102636
14330
25
9862
13931
3034
198
322
8426
82
825
20455
17629
369
279
49148
594
2266
25
5515
25
1874
9
30070
11
1874
9
30070
11
1874
9
198
322
8426
82
825
7314
11858
8629
458
20455
17629
26
5515
25
1874
9
102636
10
15770
11
1874
9
13665
198
2575
8426
82
825
7314
11858
8629
458
20455
17629
26
5515
25
13664
44532
6248
1573
264
13664
44532
6248
1573
264
198
2575
8426
82
825
7314
11858
8629
458
356
5584
60526
11
22667
25760
13480
11
16088
5386
11
32013
12239
11
32013
12239
20317
11
451
13407
9021
11
8751
25760
13480
5333
198
2575
8426
82
825
7314
11858
8629
458
356
5584
60526
11
4494
323
5333
7329
25
356
5584
3379
1112
5333
198
2575
8426
5646
25
356
5584
60526
11
22667
25760
13480
1931
4494
323
5333
7329
25
356
7314
11858
8629
458
53059
34862
11
53059
34862
11
220
330
3379
82
825
7314
11858
8629
458
356
5584
60526
11
81028
362
12766
828
97953
11
3168
7682
35
198
2575
8426
5646
25
356
5584
60526
11
8918
1479
25
7337
389
19781
36400
220
15
496
20
11
7337
389
11767
3382
15960
28761
17
7337
389
3776
19781
17629
817
83295
15559
6200
11858
8629
458
53059
34862
11
264
53059
34862
11
330
3379
82
825
2041
24913
29089
198
2575
8426
82
825
7314
11858
3393
30070
25
3393
30070
25
3393
30070
25
3393
16168
25
4509
459
34
5584
10546
4651
64
3102
4286
287
2271
27905
198
2271
16168
25
4509
459
34
5584
10546
4651
64
3102
4286
287
2271
27905
198
2271
16168
25
4509
459
34
2604
220
99317
66163
7032
25
2604
220
99317
66163
7032
25
2604
220
99317
66163
3717
14
7859
2220
9369
14
7859
2220
9369
14
7859
2220
77383
14
7859
2220
77383
14
7859
50025
12
7859
2220
77383
14
7859
50025
12
7859
220
102636
15245
3409
6789
25
220
102636
15245
3409
6789
25
220
102636
15245
3717
3409
6789
25
220
23313
1181
7162
25
1565
1983
63
374
825
220
102636
15245
3409
1565
20157
760
308
30979
760
1922
7808
264
3717
374
264
41554
429
1172
49759
369
279
16328
279
11858
38518
369
11
323
264
3717
429
49759
17160
311
7807
2891
389
1565
10433
63
1283
3468
7585
11
7842
311
1565
10433
63
3309
11858
11362
311
1565
10433
63
1283
3468
7585
11
7842
311
1990
26495
287
25
3309
11858
11362
311
1565
10433
63
1283
3468
3468
7585
11
264
3309
11858
594
3717
14515
11
902
1990
26495
287
25
3309
11858
2814
1283
3468
7585
11
902
1990
26495
287
25
3309
11858
11362
311
330
64
3309
11858
504
279
4265
25
1874
9
102636
10
15770
11
1874
9
20455
13665
198
2575
11165
25
1874
9
102636
10
15770
11
1874
9
102636
10
15770
11
1874
9
102636
14330
25
9862
13931
3034
198
322
8426
82
825
20455
17629
369
279
49148
594
2266
25
5515
25
1874
9
30070
11
1874
9
30070
11
1874
9
198
322
8426
82
825
7314
11858
8629
458
20455
17629
26
5515
25
1874
9
102636
10
15770
11
1874
9
13665
198
2575
8426
82
825
7314
11858
8629
458
20455
17629
26
5515
25
13664
44532
6248
1573
264
13664
44532
6248
1573
264
198
2575
8426
82
825
7314
11858
8629
458
356
5584
60526
11
22667
25760
13480
11
16088
5386
11
32013
12239
11
32013
12239
20317
11
451
13407
9021
11
8751
25760
13480
5333
198
2575
8426
82
825
7314
11858
8629
458
356
5584
60526
11
4494
323
5333
7329
25
356
5584
3379
1112
5333
198
2575
8426
5646
25
356
5584
60526
11
22667
25760
13480
1931
4494
323
5333
7329
25
356
7314
11858
8629
458
53059
34862
11
53059
34862
11
220
330
3379
82
825
7314
11858
8629
458
356
5584
60526
11
81028
362
12766
828
97953
11
3168
7682
35
198
2575
8426
5646
25
356
5584
60526
11
8918
1479
25
7337
389
19781
36400
220
15
496
20
11
7337
389
11767
3382
15960
28761
17
7337
389
3776
19781
17629
817
83295
15559
6200
11858
8629
458
53059
34862
11
264
53059
34862
11
330
3379
82
825
2041
24913
29089
198
2575
8426
82
825
7314
11858
3393
30070
25
3393
30070
25
3393
30070
25
3393
16168
25
4509
459
34
5584
10546
4651
64
3102
4286
287
2271
27905
198
2271
16168
25
4509
459
34
5584
10546
4651
64
3102
4286
287
2271
27905
198
2271
16168
25
4509
459
34
2604
220
99317
66163
7032
25
2604
220
99317
66163
7032
25
2604
220
99317
66163
3717
14
7859
2220
9369
14
7859
2220
9369
14
7859
2220
77383
14
7859
2220
77383
14
7859
50025
12
7859
2220
77383
14
7859
50025
12
7859
220
102636
15245
3409
6789
25
220
102636
15245
3409
6789
25
220
102636
15245
3717
3409
6789
25
220
23313
1181
7162
25
1565
1983
63
374
825
220
102636
15245
3409
1565
20157
760
308
30979
760
1922
7808
264
3717
374
264
41554
429
1172
49759
369
279
16328
279
11858
38518
369
11
323
264
3717
429
49759
17160
311
7807
2891
389
1565
10433
63
1283
3468
7585
11
7842
311
1565
10433
63
3309
11858
11362
311
1565
10433
63
1283
3468
7585
11
7842
311
1990
26495
287
25
3309
11858
11362
311
1565
10433
63
1283
3468
3468
7585
11
264
3309
11858
594
3717
14515
11
902
1990
26495
287
25
3309
11858
2814
1283
3468
7585
11
902
1990
26495
287
25
3309
11858
11362
311
330
64
3309
11858
504
279
4265
