25
825
20455
17629
817
1618
11
825
817
198
2575
8751
25760
13480
486
16461
21240
1140
13
5515
13931
12519
25
825
20455
3990
14
4449
14
3379
320
929
220
15
11
9391
220
15
11
8751
25760
13480
17629
6589
25
825
20455
17629
272
284
3990
91
4449
2442
16
91
3379
2442
17
91
66
2452
17
8
11165
272
284
3990
91
4449
2442
16
91
5515
220
7364
198
2575
8426
2442
17
91
66
2452
17
5515
13931
12519
20455
17629
272
284
3990
91
19781
17629
3034
272
320
15
496
103302
8
272
320
15
496
7364
198
2575
5515
13931
12519
25
825
20455
17629
19339
438
3990
91
4449
2442
16
91
3379
2442
7364
198
2575
6042
25
825
20455
17629
272
284
7364
198
2575
6042
25
825
20455
5646
13931
28261
861
220
41774
29178
6911
2670
13931
28261
861
220
7364
198
2575
6042
25
1196
594
1681
25
330
7984
264
4583
356
1027
99419
5085
2271
16168
18173
15931
32
15614
15266
323
2802
26932
13
8543
9488
508
16397
25
15931
32
15614
15266
60
508
16397
25
15931
32
2802
26932
60
508
16397
25
15266
8316
60
508
16397
25
15266
8316
60
508
16397
25
15266
8316
60
330
8543
9488
508
16397
25
15931
32
15614
15266
60
508
14516
25
2503
60
508
14516
25
2503
60
330
8543
9488
508
14717
25
825
20455
17629
272
284
7364
198
2575
6042
25
825
20455
5646
13931
7314
6453
49148
5646
25
508
16397
25
15931
32
15614
15266
60
508
16397
25
7314
6453
49148
5646
25
508
16397
25
15931
64
198
2575
6042
25
8543
9488
508
16397
25
607
459
486
74
42087
486
16461
7314
6453
49148
5646
25
508
16397
25
1931
2038
11
1931
2038
11
1931
2038
11
279
1931
2038
11
279
1931
8333
51
11
3218
48
11
274
17
14205
529
2273
7370
72
8973
11
274
17
32013
12239
20317
486
4651
64
9021
11
32013
12239
20317
486
2413
64
58
17
60
1565
10581
51
63
323
1565
840
712
1112
63
1565
10581
51
63
508
16397
25
17712
25
8333
51
11
3218
48
3218
48
11
274
17
14205
529
13664
7162
32879
1573
264
81868
374
9750
11502
11
9750
11502
11
9750
11502
11
7364
198
2575
6042
25
1196
594
49083
1681
25
330
7984
264
4583
4583
356
1027
99419
5085
14434
2271
16168
18173
15931
32
15614
15266
323
2802
26932
13
8543
9488
508
16397
25
12454
13338
25
15931
32
13338
25
15931
32
66049
2899
269
14114
3446
454
1693
2899
269
14114
3446
34464
264
10058
7162
11
3170
264
10058
7162
11
3170
264
10058
9750
11502
11
9750
11502
9750
11502
50122
11
50122
11
8543
9488
508
16397
25
1196
594
49083
1681
1467
25
330
7984
264
1045
1681
1467
25
330
7984
264
4583
356
1027
25
825
20455
17629
817
1618
11
825
817
198
2575
8751
25760
13480
486
16461
21240
1140
13
5515
13931
12519
25
825
20455
3990
14
4449
14
3379
320
929
220
15
11
9391
220
15
11
8751
25760
13480
17629
6589
25
825
20455
17629
272
284
3990
91
4449
2442
16
91
3379
2442
17
91
66
2452
17
8
11165
272
284
3990
91
4449
2442
16
91
5515
220
7364
198
2575
8426
2442
17
91
66
2452
17
5515
13931
12519
20455
17629
272
284
3990
91
19781
17629
3034
272
320
15
496
103302
8
272
320
15
496
7364
198
2575
5515
13931
12519
25
825
20455
17629
19339
438
3990
91
4449
2442
16
91
3379
2442
7364
198
2575
6042
25
825
20455
17629
272
284
7364
198
2575
6042
25
825
20455
5646
13931
28261
861
220
41774
29178
6911
2670
13931
28261
861
220
7364
198
2575
6042
25
1196
594
1681
25
330
7984
264
4583
356
1027
99419
5085
2271
16168
18173
15931
32
15614
15266
323
2802
26932
13
8543
9488
508
16397
25
15931
32
15614
15266
60
508
16397
25
15931
32
2802
26932
60
508
16397
25
15266
8316
60
508
16397
25
15266
8316
60
508
16397
25
15266
8316
60
330
8543
9488
508
16397
25
15931
32
15614
15266
60
508
14516
25
2503
60
508
14516
25
2503
60
330
8543
9488
508
14717
25
825
20455
17629
272
284
7364
198
2575
6042
25
825
20455
5646
13931
7314
6453
49148
5646
25
508
16397
25
15931
32
15614
15266
60
508
16397
25
7314
6453
49148
5646
25
508
16397
25
15931
64
198
2575
6042
25
8543
9488
508
16397
25
607
459
486
74
42087
486
16461
7314
6453
49148
5646
25
508
16397
25
1931
2038
11
1931
2038
11
1931
2038
11
279
1931
2038
11
279
1931
8333
51
11
3218
48
11
274
17
14205
529
2273
7370
72
8973
11
274
17
32013
12239
20317
486
4651
64
9021
11
32013
12239
20317
486
2413
64
58
17
60
1565
10581
51
63
323
1565
840
712
1112
63
1565
10581
51
63
508
16397
25
17712
25
8333
51
11
3218
48
3218
48
11
274
17
14205
529
13664
7162
32879
1573
264
81868
374
9750
11502
11
9750
11502
11
9750
11502
11
7364
198
2575
6042
25
1196
594
49083
1681
25
330
7984
264
4583
4583
356
1027
99419
5085
14434
2271
16168
18173
15931
32
15614
15266
323
2802
26932
13
8543
9488
508
16397
25
12454
13338
25
15931
32
13338
25
15931
32
66049
2899
269
14114
3446
454
1693
2899
269
14114
3446
34464
264
10058
7162
11
3170
264
10058
7162
11
3170
264
10058
9750
11502
11
9750
11502
9750
11502
50122
11
50122
11
8543
9488
508
16397
25
1196
594
49083
1681
1467
25
330
7984
264
1045
1681
1467
25
330
7984
264
4583
356
1027
25
825
20455
17629
817
1618
11
825
817
198
2575
8751
25760
13480
486
16461
21240
1140
13
5515
13931
12519
25
825
20455
3990
14
4449
14
3379
320
929
220
15
11
9391
220
15
11
8751
25760
13480
17629
6589
25
825
20455
17629
272
284
3990
91
4449
2442
16
91
3379
2442
17
91
66
2452
17
8
11165
272
284
3990
91
4449
2442
16
91
5515
220
7364
198
2575
8426
2442
17
91
66
2452
17
5515
13931
12519
20455
17629
272
284
3990
91
19781
17629
3034
272
320
15
496
103302
8
272
320
15
496
7364
198
2575
5515
13931
12519
25
825
20455
17629
19339
438
3990
91
4449
2442
16
91
3379
2442
7364
198
2575
6042
25
825
20455
17629
272
284
7364
198
2575
6042
25
825
20455
5646
13931
28261
861
220
41774
29178
6911
2670
13931
28261
861
220
7364
198
2575
6042
25
1196
594
1681
25
330
7984
264
4583
356
1027
99419
5085
2271
16168
18173
15931
32
15614
15266
323
2802
26932
13
8543
9488
508
16397
25
15931
32
15614
15266
60
508
16397
25
15931
32
2802
26932
60
508
16397
25
15266
8316
60
508
16397
25
15266
8316
60
508
16397
25
15266
8316
60
330
8543
9488
508
16397
25
15931
32
15614
15266
60
508
14516
25
2503
60
508
14516
25
2503
60
330
8543
9488
508
14717
25
825
20455
17629
272
284
7364
198
2575
6042
25
825
20455
5646
13931
7314
6453
49148
5646
25
508
16397
25
15931
32
15614
15266
60
508
16397
25
7314
6453
49148
5646
25
508
16397
25
15931
64
198
2575
6042
25
8543
9488
508
16397
25
607
459
486
74
42087
486
16461
7314
6453
49148
5646
25
508
16397
25
1931
2038
11
1931
2038
11
1931
2038
11
279
1931
2038
11
279
1931
8333
51
11
3218
48
11
274
17
14205
529
2273
7370
72
8973
11
274
17
32013
12239
20317
486
4651
64
9021
11
32013
12239
20317
486
2413
64
58
17
60
1565
10581
51
63
323
1565
840
712
1112
63
1565
10581
51
63
508
16397
25
17712
25
8333
51
11
3218
48
3218
48
11
274
17
14205
529
13664
7162
32879
1573
264
81868
374
9750
11502
11
9750
11502
11
9750
11502
11
7364
198
2575
6042
25
1196
594
49083
1681
25
330
7984
264
4583
4583
356
1027
99419
5085
14434
2271
16168
18173
15931
32
15614
15266
323
2802
26932
13
8543
9488
508
16397
25
12454
13338
25
15931
32
13338
25
15931
32
66049
2899
269
14114
3446
454
1693
2899
269
14114
3446
34464
264
10058
7162
11
3170
264
10058
7162
11
3170
264
10058
9750
11502
11
9750
11502
9750
11502
50122
11
50122
11
8543
9488
508
16397
25
1196
594
49083
1681
1467
25
330
7984
264
1045
1681
1467
25
330
7984
264
4583
356
1027
