STAGING compact=1 slot_MiB=140
FLOATING_Q8 tensor=blk.0.hc_attn_fn source_type=0 MiB=0.398438
FLOATING_Q8 tensor=blk.0.hc_ffn_fn source_type=0 MiB=0.398438
FLOATING_Q8 tensor=blk.1.hc_attn_fn source_type=0 MiB=0.398438
FLOATING_Q8 tensor=blk.1.hc_ffn_fn source_type=0 MiB=0.398438
FLOATING_Q8 tensor=blk.10.hc_attn_fn source_type=0 MiB=0.398438
FLOATING_Q8 tensor=blk.10.hc_ffn_fn source_type=0 MiB=0.398438
FLOATING_Q8 tensor=blk.11.attn_k_b.weight source_type=12 MiB=8.5
FLOATING_Q8 tensor=blk.11.attn_v_b.weight source_type=12 MiB=8.5
FLOATING_Q8 tensor=blk.11.hc_attn_fn source_type=0 MiB=0.398438
FLOATING_Q8 tensor=blk.11.hc_ffn_fn source_type=0 MiB=0.398438
FLOATING_Q8 tensor=blk.12.hc_attn_fn source_type=0 MiB=0.398438
FLOATING_Q8 tensor=blk.12.hc_ffn_fn source_type=0 MiB=0.398438
FLOATING_Q8 tensor=blk.13.hc_attn_fn source_type=0 MiB=0.398438
FLOATING_Q8 tensor=blk.13.hc_ffn_fn source_type=0 MiB=0.398438
FLOATING_Q8 tensor=blk.14.hc_attn_fn source_type=0 MiB=0.398438
FLOATING_Q8 tensor=blk.14.hc_ffn_fn source_type=0 MiB=0.398438
FLOATING_Q8 tensor=blk.15.attn_k_b.weight source_type=12 MiB=8.5
FLOATING_Q8 tensor=blk.15.attn_v_b.weight source_type=12 MiB=8.5
FLOATING_Q8 tensor=blk.15.hc_attn_fn source_type=0 MiB=0.398438
FLOATING_Q8 tensor=blk.15.hc_ffn_fn source_type=0 MiB=0.398438
FLOATING_Q8 tensor=blk.16.hc_attn_fn source_type=0 MiB=0.398438
FLOATING_Q8 tensor=blk.16.hc_ffn_fn source_type=0 MiB=0.398438
FLOATING_Q8 tensor=blk.17.hc_attn_fn source_type=0 MiB=0.398438
FLOATING_Q8 tensor=blk.17.hc_ffn_fn source_type=0 MiB=0.398438
FLOATING_Q8 tensor=blk.18.hc_attn_fn source_type=0 MiB=0.398438
FLOATING_Q8 tensor=blk.18.hc_ffn_fn source_type=0 MiB=0.398438
FLOATING_Q8 tensor=blk.19.attn_k_b.weight source_type=12 MiB=8.5
FLOATING_Q8 tensor=blk.19.attn_v_b.weight source_type=12 MiB=8.5
FLOATING_Q8 tensor=blk.19.hc_attn_fn source_type=0 MiB=0.398438
FLOATING_Q8 tensor=blk.19.hc_ffn_fn source_type=0 MiB=0.398438
FLOATING_Q8 tensor=blk.2.hc_attn_fn source_type=0 MiB=0.398438
FLOATING_Q8 tensor=blk.2.hc_ffn_fn source_type=0 MiB=0.398438
FLOATING_Q8 tensor=blk.20.hc_attn_fn source_type=0 MiB=0.398438
FLOATING_Q8 tensor=blk.20.hc_ffn_fn source_type=0 MiB=0.398438
FLOATING_Q8 tensor=blk.21.hc_attn_fn source_type=0 MiB=0.398438
FLOATING_Q8 tensor=blk.21.hc_ffn_fn source_type=0 MiB=0.398438
FLOATING_Q8 tensor=blk.22.hc_attn_fn source_type=0 MiB=0.398438
FLOATING_Q8 tensor=blk.22.hc_ffn_fn source_type=0 MiB=0.398438
FLOATING_Q8 tensor=blk.23.attn_k_b.weight source_type=12 MiB=8.5
FLOATING_Q8 tensor=blk.23.attn_v_b.weight source_type=12 MiB=8.5
FLOATING_Q8 tensor=blk.23.hc_attn_fn source_type=0 MiB=0.398438
FLOATING_Q8 tensor=blk.23.hc_ffn_fn source_type=0 MiB=0.398438
FLOATING_Q8 tensor=blk.24.hc_attn_fn source_type=0 MiB=0.398438
FLOATING_Q8 tensor=blk.24.hc_ffn_fn source_type=0 MiB=0.398438
FLOATING_Q8 tensor=blk.25.hc_attn_fn source_type=0 MiB=0.398438
FLOATING_Q8 tensor=blk.25.hc_ffn_fn source_type=0 MiB=0.398438
FLOATING_Q8 tensor=blk.26.hc_attn_fn source_type=0 MiB=0.398438
FLOATING_Q8 tensor=blk.26.hc_ffn_fn source_type=0 MiB=0.398438
FLOATING_Q8 tensor=blk.27.attn_k_b.weight source_type=12 MiB=8.5
FLOATING_Q8 tensor=blk.27.attn_v_b.weight source_type=12 MiB=8.5
FLOATING_Q8 tensor=blk.27.hc_attn_fn source_type=0 MiB=0.398438
FLOATING_Q8 tensor=blk.27.hc_ffn_fn source_type=0 MiB=0.398438
FLOATING_Q8 tensor=blk.28.hc_attn_fn source_type=0 MiB=0.398438
FLOATING_Q8 tensor=blk.28.hc_ffn_fn source_type=0 MiB=0.398438
FLOATING_Q8 tensor=blk.29.hc_attn_fn source_type=0 MiB=0.398438
FLOATING_Q8 tensor=blk.29.hc_ffn_fn source_type=0 MiB=0.398438
FLOATING_Q8 tensor=blk.3.attn_k_b.weight source_type=12 MiB=8.5
FLOATING_Q8 tensor=blk.3.attn_v_b.weight source_type=12 MiB=8.5
FLOATING_Q8 tensor=blk.3.hc_attn_fn source_type=0 MiB=0.398438
FLOATING_Q8 tensor=blk.3.hc_ffn_fn source_type=0 MiB=0.398438
FLOATING_Q8 tensor=blk.30.hc_attn_fn source_type=0 MiB=0.398438
FLOATING_Q8 tensor=blk.30.hc_ffn_fn source_type=0 MiB=0.398438
FLOATING_Q8 tensor=blk.31.attn_k_b.weight source_type=12 MiB=8.5
FLOATING_Q8 tensor=blk.31.attn_v_b.weight source_type=12 MiB=8.5
FLOATING_Q8 tensor=blk.31.hc_attn_fn source_type=0 MiB=0.398438
FLOATING_Q8 tensor=blk.31.hc_ffn_fn source_type=0 MiB=0.398438
FLOATING_Q8 tensor=blk.32.hc_attn_fn source_type=0 MiB=0.398438
FLOATING_Q8 tensor=blk.32.hc_ffn_fn source_type=0 MiB=0.398438
FLOATING_Q8 tensor=blk.33.hc_attn_fn source_type=0 MiB=0.398438
FLOATING_Q8 tensor=blk.33.hc_ffn_fn source_type=0 MiB=0.398438
FLOATING_Q8 tensor=blk.34.hc_attn_fn source_type=0 MiB=0.398438
FLOATING_Q8 tensor=blk.34.hc_ffn_fn source_type=0 MiB=0.398438
FLOATING_Q8 tensor=blk.35.attn_k_b.weight source_type=12 MiB=8.5
FLOATING_Q8 tensor=blk.35.attn_v_b.weight source_type=12 MiB=8.5
FLOATING_Q8 tensor=blk.35.hc_attn_fn source_type=0 MiB=0.398438
FLOATING_Q8 tensor=blk.35.hc_ffn_fn source_type=0 MiB=0.398438
FLOATING_Q8 tensor=blk.36.hc_attn_fn source_type=0 MiB=0.398438
FLOATING_Q8 tensor=blk.36.hc_ffn_fn source_type=0 MiB=0.398438
FLOATING_Q8 tensor=blk.37.hc_attn_fn source_type=0 MiB=0.398438
FLOATING_Q8 tensor=blk.37.hc_ffn_fn source_type=0 MiB=0.398438
FLOATING_Q8 tensor=blk.38.hc_attn_fn source_type=0 MiB=0.398438
FLOATING_Q8 tensor=blk.38.hc_ffn_fn source_type=0 MiB=0.398438
FLOATING_Q8 tensor=blk.39.attn_k_b.weight source_type=12 MiB=8.5
FLOATING_Q8 tensor=blk.39.attn_v_b.weight source_type=12 MiB=8.5
FLOATING_Q8 tensor=blk.39.hc_attn_fn source_type=0 MiB=0.398438
FLOATING_Q8 tensor=blk.39.hc_ffn_fn source_type=0 MiB=0.398438
FLOATING_Q8 tensor=blk.4.hc_attn_fn source_type=0 MiB=0.398438
FLOATING_Q8 tensor=blk.4.hc_ffn_fn source_type=0 MiB=0.398438
FLOATING_Q8 tensor=blk.40.hc_attn_fn source_type=0 MiB=0.398438
FLOATING_Q8 tensor=blk.40.hc_ffn_fn source_type=0 MiB=0.398438
FLOATING_Q8 tensor=blk.41.hc_attn_fn source_type=0 MiB=0.398438
FLOATING_Q8 tensor=blk.41.hc_ffn_fn source_type=0 MiB=0.398438
FLOATING_Q8 tensor=blk.42.hc_attn_fn source_type=0 MiB=0.398438
FLOATING_Q8 tensor=blk.42.hc_ffn_fn source_type=0 MiB=0.398438
FLOATING_Q8 tensor=blk.43.attn_k_b.weight source_type=12 MiB=8.5
FLOATING_Q8 tensor=blk.43.attn_v_b.weight source_type=12 MiB=8.5
FLOATING_Q8 tensor=blk.43.hc_attn_fn source_type=0 MiB=0.398438
FLOATING_Q8 tensor=blk.43.hc_ffn_fn source_type=0 MiB=0.398438
FLOATING_Q8 tensor=blk.44.hc_attn_fn source_type=0 MiB=0.398438
FLOATING_Q8 tensor=blk.44.hc_ffn_fn source_type=0 MiB=0.398438
FLOATING_Q8 tensor=blk.5.hc_attn_fn source_type=0 MiB=0.398438
FLOATING_Q8 tensor=blk.5.hc_ffn_fn source_type=0 MiB=0.398438
FLOATING_Q8 tensor=blk.6.hc_attn_fn source_type=0 MiB=0.398438
FLOATING_Q8 tensor=blk.6.hc_ffn_fn source_type=0 MiB=0.398438
FLOATING_Q8 tensor=blk.7.attn_k_b.weight source_type=12 MiB=8.5
FLOATING_Q8 tensor=blk.7.attn_v_b.weight source_type=12 MiB=8.5
FLOATING_Q8 tensor=blk.7.hc_attn_fn source_type=0 MiB=0.398438
FLOATING_Q8 tensor=blk.7.hc_ffn_fn source_type=0 MiB=0.398438
FLOATING_Q8 tensor=blk.8.hc_attn_fn source_type=0 MiB=0.398438
FLOATING_Q8 tensor=blk.8.hc_ffn_fn source_type=0 MiB=0.398438
FLOATING_Q8 tensor=blk.9.hc_attn_fn source_type=0 MiB=0.398438
FLOATING_Q8 tensor=blk.9.hc_ffn_fn source_type=0 MiB=0.398438
GPU prefill chunk=2048 staging_workers=4 numa_cpus=0,1,2,3
GPU allocated_MiB=7154.73 reserved_runtime_MiB=1024 budget_MiB=14336
GPU_DENSE_HOST_RELEASE phase=main tensors=1256 source_MiB_advised=5040.35 ms=117.713
PREFILL_PARTITION primary_groups=9 secondary_groups=0
PREFILL_CACHE device=0 budget_MiB=0 reserve_MiB=4096
PREFILL_CACHE_PLAN device=0 base_groups=0 unused_MiB=0
MAPPED_EXPERTS numa_rows=0 lazy=1 bytes=55094280192
PREFILL trial=0 tokens=2048 batch=2048 ms=8895.77 tok_s=230.222
FAULTS trial=0 major=9 minor=33085
HOST_RSS peak_MiB=54024.9
CPU_EXPERT gu_ms=0 quant_ms=0 down_ms=0 layer_flow_ms=0 bytes=0
GPU peak_allocated_MiB=7547.23 native_expert_bytes=55101150720 expert_groups=378 staging_ms=5218.9
PREFILL_SCRATCH device=0 peak_MiB=696.564 capacity_MiB=1024
GPU_LIVE device=0 dense_MiB=5029.21 other_MiB=814.918 prefill_MiB=1464 state_MiB=239.105
GPU_DEVICE device=0 peak_allocated_MiB=7547.23 live_MiB=7547.23 native_expert_bytes=55101150720 staging_ms=5218.9 cache_hits=0 cache_hit_bytes=0 cuda_used_MiB=8320 free_MiB=7984
PREFILL trial=1 tokens=2048 batch=2048 ms=8888.17 tok_s=230.419
FAULTS trial=1 major=6 minor=32928
HOST_RSS peak_MiB=54059
CPU_EXPERT gu_ms=0 quant_ms=0 down_ms=0 layer_flow_ms=0 bytes=0
GPU peak_allocated_MiB=7547.23 native_expert_bytes=55101150720 expert_groups=378 staging_ms=5217.33
PREFILL_SCRATCH device=0 peak_MiB=696.564 capacity_MiB=1024
GPU_LIVE device=0 dense_MiB=5029.21 other_MiB=814.918 prefill_MiB=1464 state_MiB=239.105
GPU_DEVICE device=0 peak_allocated_MiB=7547.23 live_MiB=7547.23 native_expert_bytes=55101150720 staging_ms=5217.33 cache_hits=0 cache_hit_bytes=0 cuda_used_MiB=8320 free_MiB=7984
PREFILL trial=2 tokens=2048 batch=2048 ms=8886.34 tok_s=230.466
FAULTS trial=2 major=6 minor=32928
HOST_RSS peak_MiB=54076
CPU_EXPERT gu_ms=0 quant_ms=0 down_ms=0 layer_flow_ms=0 bytes=0
GPU peak_allocated_MiB=7547.23 native_expert_bytes=55101150720 expert_groups=378 staging_ms=5218.84
PREFILL_SCRATCH device=0 peak_MiB=696.564 capacity_MiB=1024
GPU_LIVE device=0 dense_MiB=5029.21 other_MiB=814.918 prefill_MiB=1464 state_MiB=239.105
GPU_DEVICE device=0 peak_allocated_MiB=7547.23 live_MiB=7547.23 native_expert_bytes=55101150720 staging_ms=5218.84 cache_hits=0 cache_hit_bytes=0 cuda_used_MiB=8320 free_MiB=7984
FLOATING_Q8 tensor=blk.45.attn_k_b.weight source_type=12 MiB=8.5
FLOATING_Q8 tensor=blk.45.attn_v_b.weight source_type=12 MiB=8.5
MTP free_MiB=10058
MTP expert_backend=cpu
MTP resident_MiB=0 allocated_MiB=5486.94 primed_tokens=2048
GPU_DENSE_HOST_RELEASE phase=draft tensors=26 source_MiB_advised=104.628 ms=2.32824
VERIFY_HISTORY slots=1 MiB=145.605
MAPPED_EXPERTS numa_rows=0 lazy=1 bytes=55094280192
PREFILL_WORK device=0 transferred_bytes=0 staging_ms=0 actual_rows=0 padded_rows=0 dequant_values=0
DECODE_RUNTIME owned_MiB=258.234 reserve_MiB=512
DECODE_RUNTIME override_reserve_MiB=512
DECODE_CACHE prefix_trained=1 slots=707 MiB=6142.06 fingerprint=13558027596400408911
RESPONSE_PREPARE kind=decode_cache ms=964.777
RESPONSE_PREPARE kind=cpu ms=0.002184
DECODE_TRIAL index=0
CHECKPOINT MiB=145.609
MTP_DEPTH requested=1 effective=1
SPECULATIVE source=mtp generated=512 rounds=311 proposed=311 accepted=199 replayed=0 ms=48716.5 tok_s=10.4893
MTP_TIMING draft_ms=2964.18 verify_ms=43683.5 resync_ms=1747.99
MTP_POSITION index=0 proposed=311 accepted=199
HOST_RSS peak_MiB=56371.1
CPU_EXPERT gu_ms=1870.15 quant_ms=7.46636 down_ms=1160.85 layer_flow_ms=41170.3 bytes=1256547745792
STEP_TRACE steps=312 moe_layers=26166 pipelined=1 head_ms=889.291 cpu_ms=41715.3 between_ms=234.335 tail_ms=897.919 enqueue_ms=4262.52 tier_swaps=1319 split_windows=311 per_step_ms=140.182
GPU peak_allocated_MiB=11932.6 native_expert_bytes=0 expert_groups=0 staging_ms=0
PREFILL_SCRATCH device=0 peak_MiB=5.94824 capacity_MiB=32
GPU_LIVE device=0 dense_MiB=5029.21 dense_mtp_MiB=112.628 other_MiB=6222.55 prefill_MiB=32 resident_exec_MiB=5.88576 state_MiB=239.105 verify_history_MiB=145.605
GPU_DEVICE device=0 peak_allocated_MiB=11932.6 live_MiB=11787 native_expert_bytes=0 staging_ms=0 cache_hits=0 cache_hit_bytes=0 cuda_used_MiB=13480 free_MiB=2824
DECODE_TRIAL index=1
CHECKPOINT MiB=145.609
MTP_DEPTH requested=1 effective=1
SPECULATIVE source=mtp generated=512 rounds=311 proposed=311 accepted=199 replayed=0 ms=48271.8 tok_s=10.5859
MTP_TIMING draft_ms=2789.96 verify_ms=43446.3 resync_ms=1581.51
MTP_POSITION index=0 proposed=311 accepted=199
HOST_RSS peak_MiB=56377.8
CPU_EXPERT gu_ms=1778.39 quant_ms=7.51738 down_ms=1078.64 layer_flow_ms=40730.3 bytes=1248458506240
STEP_TRACE steps=312 moe_layers=26166 pipelined=1 head_ms=870.692 cpu_ms=41277.7 between_ms=257.091 tail_ms=1100.6 enqueue_ms=4215.19 tier_swaps=2504 split_windows=622 per_step_ms=139.443
GPU peak_allocated_MiB=11932.6 native_expert_bytes=0 expert_groups=0 staging_ms=0
PREFILL_SCRATCH device=0 peak_MiB=5.94824 capacity_MiB=32
GPU_LIVE device=0 dense_MiB=5029.21 dense_mtp_MiB=112.628 other_MiB=6222.55 prefill_MiB=32 resident_exec_MiB=5.88576 state_MiB=239.105 verify_history_MiB=145.605
GPU_DEVICE device=0 peak_allocated_MiB=11932.6 live_MiB=11787 native_expert_bytes=0 staging_ms=0 cache_hits=0 cache_hit_bytes=0 cuda_used_MiB=13480 free_MiB=2824
DECODE_TRIAL index=2
CHECKPOINT MiB=145.609
MTP_DEPTH requested=1 effective=1
SPECULATIVE source=mtp generated=512 rounds=311 proposed=311 accepted=199 replayed=0 ms=48326 tok_s=10.574
MTP_TIMING draft_ms=2810.68 verify_ms=43508 resync_ms=1604.7
MTP_POSITION index=0 proposed=311 accepted=199
HOST_RSS peak_MiB=56379.1
CPU_EXPERT gu_ms=1790.38 quant_ms=7.46226 down_ms=1110.76 layer_flow_ms=40740 bytes=1248349192192
STEP_TRACE steps=312 moe_layers=26166 pipelined=1 head_ms=867.073 cpu_ms=41361.8 between_ms=254.933 tail_ms=1075.73 enqueue_ms=4104.03 tier_swaps=3687 split_windows=933 per_step_ms=139.614
GPU peak_allocated_MiB=11932.6 native_expert_bytes=0 expert_groups=0 staging_ms=0
PREFILL_SCRATCH device=0 peak_MiB=5.94824 capacity_MiB=32
GPU_LIVE device=0 dense_MiB=5029.21 dense_mtp_MiB=112.628 other_MiB=6222.55 prefill_MiB=32 resident_exec_MiB=5.88576 state_MiB=239.105 verify_history_MiB=145.605
GPU_DEVICE device=0 peak_allocated_MiB=11932.6 live_MiB=11787 native_expert_bytes=0 staging_ms=0 cache_hits=0 cache_hit_bytes=0 cuda_used_MiB=13480 free_MiB=2824
resident expert entries=237927/627984
