25
1874
9
102636
10
15770
2878
1874
11
825
1874
817
198
2575
1874
315
220
21
6961
35526
320
603
1874
817
1874
315
220
21
6961
35526
11
825
1874
315
220
16
11
100919
17
11
102259
53592
6203
23339
817
198
2575
1817
315
279
825
1874
315
220
13105
8737
21274
444
24
25
220
8426
82
825
20455
17629
369
279
19827
26
5515
13931
12519
25
1874
9
102636
10
10280
6453
198
2575
1874
315
220
13105
8737
21274
21204
25
13105
8737
21274
444
24
1555
572
49083
553
264
13105
8737
21274
1555
504
7314
6453
3980
1467
198
2575
1874
315
220
16
11
100919
13105
8737
21274
444
24
1467
572
49083
553
7314
6453
3980
1467
33685
1119
13105
8737
21274
444
24
1555
25
330
603
1874
315
220
16
11
100919
17
11
102259
53592
6203
23339
817
1817
315
279
3980
1467
198
2575
1874
315
220
3175
220
16
11
13105
8737
21274
32013
12239
20317
486
4651
64
9021
25
330
1955
39840
19339
4279
12
1811
26
678
2326
40257
525
3042
3786
624
73712
12239
20317
486
4651
64
9021
314
24526
11
454
11
27362
1112
92
314
24526
11
454
11
2923
92
27362
1231
387
845
979
264
21563
374
27122
624
90
24526
11
454
11
2923
92
27362
1231
387
2618
594
23339
374
220
16
11
13105
8737
21274
444
49083
1467
25
330
603
1874
315
314
24526
11
49083
1467
25
13859
24526
11
454
11
2923
92
27362
1231
387
845
979
264
6083
374
27122
11
323
279
2618
594
23339
374
220
16
11
100919
17
11
102259
5820
817
6203
11
220
16
11
13859
24526
11
454
32013
12239
20317
9862
8236
74594
13989
30189
25
9862
30189
6
705
78432
30189
25
9862
30189
6
705
78432
30189
25
9862
30189
6
45445
50
10612
23920
28
102636
6978
817
3769
11
45445
50
10612
23920
28
102636
6978
817
3769
11
45445
50
29826
25
9862
30189
6
45445
50
10612
23920
28
102636
6978
817
3218
48
11
3218
48
11
3218
48
9862
30189
6
3218
48
2374
467
28
99317
5820
320
54
28
99317
5820
320
54
3218
48
2374
467
28
17993
25
6203
23339
220
16
11
100919
17
11
20770
25
6203
23339
220
16
11
100919
17
11
102259
5820
817
6203
11
20770
25
6203
23339
220
49083
1467
25
330
603
1874
315
220
16
11
32013
12239
20317
486
4651
64
12282
1112
32013
12239
451
13407
12282
1112
32013
12239
486
34938
220
16
11
32013
12239
486
34938
220
66049
25
32013
12239
486
34938
330
603
1874
315
220
16
11
100919
17
14299
1402
49543
6203
9996
374
14299
1402
49543
6203
9996
374
14299
13105
8737
21274
13105
8737
10058
7162
11
10058
7162
11
1968
3446
603
11502
11
9750
11502
11
41994
29062
20721
1384
4265
671
100104
25
1874
9
102636
10
15770
2878
1874
11
825
1874
817
198
2575
1874
315
220
21
6961
35526
320
603
1874
817
1874
315
220
21
6961
35526
11
825
1874
315
220
16
11
100919
17
11
102259
53592
6203
23339
817
198
2575
1817
315
279
825
1874
315
220
13105
8737
21274
444
24
25
220
8426
82
825
20455
17629
369
279
19827
26
5515
13931
12519
25
1874
9
102636
10
10280
6453
198
2575
1874
315
220
13105
8737
21274
21204
25
13105
8737
21274
444
24
1555
572
49083
553
264
13105
8737
21274
1555
504
7314
6453
3980
1467
198
2575
1874
315
220
16
11
100919
13105
8737
21274
444
24
1467
572
49083
553
7314
6453
3980
1467
33685
1119
13105
8737
21274
444
24
1555
25
330
603
1874
315
220
16
11
100919
17
11
102259
53592
6203
23339
817
1817
315
279
3980
1467
198
2575
1874
315
220
3175
220
16
11
13105
8737
21274
32013
12239
20317
486
4651
64
9021
25
330
1955
39840
19339
4279
12
1811
26
678
2326
40257
525
3042
3786
624
73712
12239
20317
486
4651
64
9021
314
24526
11
454
11
27362
1112
92
314
24526
11
454
11
2923
92
27362
1231
387
845
979
264
21563
374
27122
624
90
24526
11
454
11
2923
92
27362
1231
387
2618
594
23339
374
220
16
11
13105
8737
21274
444
49083
1467
25
330
603
1874
315
314
24526
11
49083
1467
25
13859
24526
11
454
11
2923
92
27362
1231
387
845
979
264
6083
374
27122
11
323
279
2618
594
23339
374
220
16
11
100919
17
11
102259
5820
817
6203
11
220
16
11
13859
24526
11
454
32013
12239
20317
9862
8236
74594
13989
30189
25
9862
30189
6
705
78432
30189
25
9862
30189
6
705
78432
30189
25
9862
30189
6
45445
50
10612
23920
28
102636
6978
817
3769
11
45445
50
10612
23920
28
102636
6978
817
3769
11
45445
50
29826
25
9862
30189
6
45445
50
10612
23920
28
102636
6978
817
3218
48
11
3218
48
11
3218
48
9862
30189
6
3218
48
2374
467
28
99317
5820
320
54
28
99317
5820
320
54
3218
48
2374
467
28
17993
25
6203
23339
220
16
11
100919
17
11
20770
25
6203
23339
220
16
11
100919
17
11
102259
5820
817
6203
11
20770
25
6203
23339
220
49083
1467
25
330
603
1874
315
220
16
11
32013
12239
20317
486
4651
64
12282
1112
32013
12239
451
13407
12282
1112
32013
12239
486
34938
220
16
11
32013
12239
486
34938
220
66049
25
32013
12239
486
34938
330
603
1874
315
220
16
11
100919
17
14299
1402
49543
6203
9996
374
14299
1402
49543
6203
9996
374
14299
13105
8737
21274
13105
8737
10058
7162
11
10058
7162
11
1968
3446
603
11502
11
9750
11502
11
41994
29062
20721
1384
4265
671
100104
25
1874
9
102636
10
15770
2878
1874
11
825
1874
817
198
2575
1874
315
220
21
6961
35526
320
603
1874
817
1874
315
220
21
6961
35526
11
825
1874
315
220
16
11
100919
17
11
102259
53592
6203
23339
817
198
2575
1817
315
279
825
1874
315
220
13105
8737
21274
444
24
25
220
8426
82
825
20455
17629
369
279
19827
26
5515
13931
12519
25
1874
9
102636
10
10280
6453
198
2575
1874
315
220
13105
8737
21274
21204
25
13105
8737
21274
444
24
1555
572
49083
553
264
13105
8737
21274
1555
504
7314
6453
3980
1467
198
2575
1874
315
220
16
11
100919
13105
8737
21274
444
24
1467
572
49083
553
7314
6453
3980
1467
33685
1119
13105
8737
21274
444
24
1555
25
330
603
1874
315
220
16
11
100919
17
11
102259
53592
6203
23339
817
1817
315
279
3980
1467
198
2575
1874
315
220
3175
220
16
11
13105
8737
21274
32013
12239
20317
486
4651
64
9021
25
330
1955
39840
19339
4279
12
1811
26
678
2326
40257
525
3042
3786
624
73712
12239
20317
486
4651
64
9021
314
24526
11
454
11
27362
1112
92
314
24526
11
454
11
2923
92
27362
1231
387
845
979
264
21563
374
27122
624
90
24526
11
454
11
2923
92
27362
1231
387
2618
594
23339
374
220
16
11
13105
8737
21274
444
49083
1467
25
330
603
1874
315
314
24526
11
49083
1467
25
13859
24526
11
454
11
2923
92
27362
1231
387
845
979
264
6083
374
27122
11
323
279
2618
594
23339
374
220
16
11
100919
17
11
102259
5820
817
6203
11
220
16
11
13859
24526
11
454
32013
12239
20317
9862
8236
74594
13989
30189
25
9862
30189
6
705
78432
30189
25
9862
30189
6
705
78432
30189
25
9862
30189
6
45445
50
10612
23920
28
102636
6978
817
3769
11
45445
50
10612
23920
28
102636
6978
817
3769
11
45445
50
29826
25
9862
30189
6
45445
50
10612
23920
28
102636
6978
817
3218
48
11
3218
48
11
3218
48
9862
30189
6
3218
48
2374
467
28
99317
5820
320
54
28
99317
5820
320
54
3218
48
2374
467
28
17993
25
6203
23339
220
16
11
100919
17
11
20770
25
6203
23339
220
16
11
100919
17
11
102259
5820
817
6203
11
20770
25
6203
23339
220
49083
1467
25
330
603
1874
315
220
16
11
32013
12239
20317
486
4651
64
12282
1112
32013
12239
451
13407
12282
1112
32013
12239
486
34938
220
16
11
32013
12239
486
34938
220
66049
25
32013
12239
486
34938
330
603
1874
315
220
16
11
100919
17
14299
1402
49543
6203
9996
374
14299
1402
49543
6203
9996
374
14299
13105
8737
21274
13105
8737
10058
7162
11
10058
7162
11
1968
3446
603
11502
11
9750
11502
11
41994
29062
20721
1384
4265
671
100104
