25
1874
9
102636
10
15770
13
1874
9
102636
10
15770
13
1874
9
19781
1874
11
13665
220
11165
25
1874
9
102636
10
3776
19781
17629
817
6961
6200
11
7364
4645
198
2575
8426
82
825
20455
17629
369
279
19827
26
5515
25
1874
9
102636
10
15770
11
14330
25
9862
13931
3034
11
9862
13931
3034
11
54535
1467
25
1874
9
102636
10
49148
25
1874
9
7364
4645
198
2575
8426
82
50122
315
19827
311
825
20455
17629
26
5515
25
11165
25
1874
9
1273
25
1874
9
7364
4645
220
6042
25
61711
99317
13593
82
11
30070
11
91689
6042
13
356
1027
99419
11
5085
2271
320
874
46864
37864
4645
62
15
62
15
62
16
568
469
46864
37864
4645
62
15
62
15
62
16
11
469
46864
37864
4645
62
15
16168
469
46864
37864
370
15
62
15
62
16
11
469
46864
37864
4645
62
15
62
15
62
16
11
7364
4645
198
2575
8426
82
50122
315
19827
311
220
16
20455
17629
26
5515
25
1874
9
4629
25
61711
99317
66163
13593
82
11
30070
11
91689
6042
13
356
1027
99419
11
1196
594
1828
5085
2271
16168
320
874
46864
37864
4645
62
15
62
15
62
73712
12239
20317
10517
64
58
17
60
1112
32013
12239
20317
10517
64
58
6896
220
99317
13593
82
11
30070
11
32013
12239
330
266
3245
220
29561
25
61711
99317
13593
82
11
29561
25
61711
5785
2038
49148
25
2924
14
495
459
14100
42087
76699
4322
1749
6453
481
393
17
808
18
25
279
13931
6203
7314
624
2575
8426
82
50122
315
19827
311
220
16
20455
17629
26
7364
4645
29561
25
61711
99317
13593
82
11
29561
25
61711
99317
13593
82
29561
25
29561
25
61711
99317
13593
82
11
29561
25
61711
99317
7032
11
29561
25
3520
220
99317
13593
82
11
29561
25
3520
220
29561
25
3520
220
99317
13593
82
19339
25
3520
220
3364
25
3520
220
99317
13593
82
11
3520
220
13664
25
3520
220
98668
13593
82
11
3520
220
13664
25
29561
25
3520
220
99317
13593
82
20651
25
3520
220
20651
25
20651
25
3520
220
99317
13593
82
11
3520
220
825
46536
2504
11
825
46536
2504
11
825
46536
2038
2504
13
825
46536
2038
2504
13
825
46536
2038
2504
13
29561
25
3520
220
356
1027
99419
11
5085
2271
16168
469
46864
37864
4645
62
15
62
15
62
16
11
469
46864
8333
51
11
8333
51
11
8333
51
11
8333
26932
11
2802
26932
11
2802
26932
11
2802
26932
11
330
266
3245
220
99317
66163
13593
5048
323
91689
6042
13
3411
825
46536
2038
656
25
825
46536
2038
2504
13
656
25
825
46536
2802
26932
11
2802
26932
11
656
25
5785
2038
49148
25
2924
14
15931
32
15614
15266
323
2802
25
1874
9
102636
10
15770
13
1874
9
102636
10
15770
13
1874
9
19781
1874
11
13665
220
11165
25
1874
9
102636
10
3776
19781
17629
817
6961
6200
11
7364
4645
198
2575
8426
82
825
20455
17629
369
279
19827
26
5515
25
1874
9
102636
10
15770
11
14330
25
9862
13931
3034
11
9862
13931
3034
11
54535
1467
25
1874
9
102636
10
49148
25
1874
9
7364
4645
198
2575
8426
82
50122
315
19827
311
825
20455
17629
26
5515
25
11165
25
1874
9
1273
25
1874
9
7364
4645
220
6042
25
61711
99317
13593
82
11
30070
11
91689
6042
13
356
1027
99419
11
5085
2271
320
874
46864
37864
4645
62
15
62
15
62
16
568
469
46864
37864
4645
62
15
62
15
62
16
11
469
46864
37864
4645
62
15
16168
469
46864
37864
370
15
62
15
62
16
11
469
46864
37864
4645
62
15
62
15
62
16
11
7364
4645
198
2575
8426
82
50122
315
19827
311
220
16
20455
17629
26
5515
25
1874
9
4629
25
61711
99317
66163
13593
82
11
30070
11
91689
6042
13
356
1027
99419
11
1196
594
1828
5085
2271
16168
320
874
46864
37864
4645
62
15
62
15
62
73712
12239
20317
10517
64
58
17
60
1112
32013
12239
20317
10517
64
58
6896
220
99317
13593
82
11
30070
11
32013
12239
330
266
3245
220
29561
25
61711
99317
13593
82
11
29561
25
61711
5785
2038
49148
25
2924
14
495
459
14100
42087
76699
4322
1749
6453
481
393
17
808
18
25
279
13931
6203
7314
624
2575
8426
82
50122
315
19827
311
220
16
20455
17629
26
7364
4645
29561
25
61711
99317
13593
82
11
29561
25
61711
99317
13593
82
29561
25
29561
25
61711
99317
13593
82
11
29561
25
61711
99317
7032
11
29561
25
3520
220
99317
13593
82
11
29561
25
3520
220
29561
25
3520
220
99317
13593
82
19339
25
3520
220
3364
25
3520
220
99317
13593
82
11
3520
220
13664
25
3520
220
98668
13593
82
11
3520
220
13664
25
29561
25
3520
220
99317
13593
82
20651
25
3520
220
20651
25
20651
25
3520
220
99317
13593
82
11
3520
220
825
46536
2504
11
825
46536
2504
11
825
46536
2038
2504
13
825
46536
2038
2504
13
825
46536
2038
2504
13
29561
25
3520
220
356
1027
99419
11
5085
2271
16168
469
46864
37864
4645
62
15
62
15
62
16
11
469
46864
8333
51
11
8333
51
11
8333
51
11
8333
26932
11
2802
26932
11
2802
26932
11
2802
26932
11
330
266
3245
220
99317
66163
13593
5048
323
91689
6042
13
3411
825
46536
2038
656
25
825
46536
2038
2504
13
656
25
825
46536
2802
26932
11
2802
26932
11
656
25
5785
2038
49148
25
2924
14
15931
32
15614
15266
323
2802
25
1874
9
102636
10
15770
13
1874
9
102636
10
15770
13
1874
9
19781
1874
11
13665
220
11165
25
1874
9
102636
10
3776
19781
17629
817
6961
6200
11
7364
4645
198
2575
8426
82
825
20455
17629
369
279
19827
26
5515
25
1874
9
102636
10
15770
11
14330
25
9862
13931
3034
11
9862
13931
3034
11
54535
1467
25
1874
9
102636
10
49148
25
1874
9
7364
4645
198
2575
8426
82
50122
315
19827
311
825
20455
17629
26
5515
25
11165
25
1874
9
1273
25
1874
9
7364
4645
220
6042
25
61711
99317
13593
82
11
30070
11
91689
6042
13
356
1027
99419
11
5085
2271
320
874
46864
37864
4645
62
15
62
15
62
16
568
469
46864
37864
4645
62
15
62
15
62
16
11
469
46864
37864
4645
62
15
16168
469
46864
37864
370
15
62
15
62
16
11
469
46864
37864
4645
62
15
62
15
62
16
11
7364
4645
198
2575
8426
82
50122
315
19827
311
220
16
20455
17629
26
5515
25
1874
9
4629
25
61711
99317
66163
13593
82
11
30070
11
91689
6042
13
356
1027
99419
11
1196
594
1828
5085
2271
16168
320
874
46864
37864
4645
62
15
62
15
62
73712
12239
20317
10517
64
58
17
60
1112
32013
12239
20317
10517
64
58
6896
220
99317
13593
82
11
30070
11
32013
12239
330
266
3245
220
29561
25
61711
99317
13593
82
11
29561
25
61711
5785
2038
49148
25
2924
14
495
459
14100
42087
76699
4322
1749
6453
481
393
17
808
18
25
279
13931
6203
7314
624
2575
8426
82
50122
315
19827
311
220
16
20455
17629
26
7364
4645
29561
25
61711
99317
13593
82
11
29561
25
61711
99317
13593
82
29561
25
29561
25
61711
99317
13593
82
11
29561
25
61711
99317
7032
11
29561
25
3520
220
99317
13593
82
11
29561
25
3520
220
29561
25
3520
220
99317
13593
82
19339
25
3520
220
3364
25
3520
220
99317
13593
82
11
3520
220
13664
25
3520
220
98668
13593
82
11
3520
220
13664
25
29561
25
3520
220
99317
13593
82
20651
25
3520
220
20651
25
20651
25
3520
220
99317
13593
82
11
3520
220
825
46536
2504
11
825
46536
2504
11
825
46536
2038
2504
13
825
46536
2038
2504
13
825
46536
2038
2504
13
29561
25
3520
220
356
1027
99419
11
5085
2271
16168
469
46864
37864
4645
62
15
62
15
62
16
11
469
46864
8333
51
11
8333
51
11
8333
51
11
8333
26932
11
2802
26932
11
2802
26932
11
2802
26932
11
330
266
3245
220
99317
66163
13593
5048
323
91689
6042
13
3411
825
46536
2038
656
25
825
46536
2038
2504
13
656
25
825
46536
2802
26932
11
2802
26932
11
656
25
5785
2038
49148
25
2924
14
15931
32
15614
15266
323
2802
