25
1874
9
102636
10
15770
2878
1874
11
825
1874
817
198
2575
1874
315
220
98886
19781
36400
11
825
1874
817
220
98886
462
4837
817
1874
315
220
98886
19781
36400
11
1874
9
102636
10
15770
2878
1874
11
825
1874
817
220
98886
462
4837
198
2575
8426
82
825
20455
17629
369
279
7314
594
7337
13
220
5515
13931
12519
25
1874
9
102636
10
2649
13480
320
6666
4485
17193
31179
28
4259
8
5515
13931
12519
25
1874
9
220
102636
10
2649
13480
320
6666
4485
17193
31179
28
5842
8
9517
279
3468
389
279
7364
37463
1537
6961
6200
11
892
21259
279
22611
594
43188
311
279
7364
37463
1537
6961
6200
11
892
21259
279
2390
594
16859
220
16
13
1177
12146
4485
17193
50122
320
6666
4485
1177
12146
4485
17193
31179
28
5842
8
9517
279
4629
917
369
1565
46305
92658
63
4629
917
369
1565
9015
16088
5386
314
5512
11
7364
37463
1537
6961
6200
11
444
24
25
220
220
99916
13
24
18831
2687
4766
279
7364
37463
13624
82
13
220
99916
13
5785
4629
917
369
1565
46305
92658
63
7364
37463
4629
917
49083
553
264
4629
917
21204
1494
11
264
4629
917
6042
525
49083
4629
917
6042
525
49083
4629
6005
85246
4629
917
6042
525
7314
594
7337
13
220
7364
37463
4629
917
21204
1494
49083
4629
917
1196
594
4629
917
21204
1494
11
4629
917
1160
198
2575
8426
82
825
20455
17629
369
279
21398
315
279
7314
594
7337
13
220
4629
917
21204
1494
49083
4629
917
1196
594
5785
4629
917
7314
594
7337
13
220
49083
4629
2575
8426
82
825
20455
5646
279
4629
917
369
1565
46305
92658
63
4629
917
1045
4629
917
21204
1494
49083
4629
11499
4629
917
21204
1494
11
4629
917
1160
198
2575
4629
917
21204
1494
11
4629
5085
2271
16168
18173
15931
32
15614
15266
323
2802
26932
13
5085
2271
16168
18173
15931
32
15614
15266
323
2802
26932
13
5085
2271
16168
61711
99317
7032
13
3411
825
46536
2504
13
13646
32559
9809
624
2575
5085
2271
12620
25
30070
11
61711
99317
66163
13593
5048
11
91689
6042
13
3411
825
46536
2504
13
356
1027
99419
11
5085
2271
13
356
1027
99419
11
5085
2271
4494
504
279
5785
49148
25
3218
48
11
8333
51
11
3218
48
11
8333
51
11
4494
504
279
5785
49148
25
3218
48
11
320
64
4629
917
21204
1494
49083
4629
917
1196
594
5785
4629
917
4494
3218
48
11
8333
51
17355
4494
3218
48
11
3218
48
10267
1506
15087
11
279
6193
594
10267
1506
15087
11
3218
48
10267
1506
15087
11
3218
48
8333
51
11206
817
10141
3241
11
8333
51
11206
817
10257
4629
917
21204
1494
11
4629
917
21204
1494
18357
29178
8333
51
817
3950
18357
29178
817
25
1874
9
102636
10
15770
2878
1874
11
825
1874
817
198
2575
1874
315
220
98886
19781
36400
11
825
1874
817
220
98886
462
4837
817
1874
315
220
98886
19781
36400
11
1874
9
102636
10
15770
2878
1874
11
825
1874
817
220
98886
462
4837
198
2575
8426
82
825
20455
17629
369
279
7314
594
7337
13
220
5515
13931
12519
25
1874
9
102636
10
2649
13480
320
6666
4485
17193
31179
28
4259
8
5515
13931
12519
25
1874
9
220
102636
10
2649
13480
320
6666
4485
17193
31179
28
5842
8
9517
279
3468
389
279
7364
37463
1537
6961
6200
11
892
21259
279
22611
594
43188
311
279
7364
37463
1537
6961
6200
11
892
21259
279
2390
594
16859
220
16
13
1177
12146
4485
17193
50122
320
6666
4485
1177
12146
4485
17193
31179
28
5842
8
9517
279
4629
917
369
1565
46305
92658
63
4629
917
369
1565
9015
16088
5386
314
5512
11
7364
37463
1537
6961
6200
11
444
24
25
220
220
99916
13
24
18831
2687
4766
279
7364
37463
13624
82
13
220
99916
13
5785
4629
917
369
1565
46305
92658
63
7364
37463
4629
917
49083
553
264
4629
917
21204
1494
11
264
4629
917
6042
525
49083
4629
917
6042
525
49083
4629
6005
85246
4629
917
6042
525
7314
594
7337
13
220
7364
37463
4629
917
21204
1494
49083
4629
917
1196
594
4629
917
21204
1494
11
4629
917
1160
198
2575
8426
82
825
20455
17629
369
279
21398
315
279
7314
594
7337
13
220
4629
917
21204
1494
49083
4629
917
1196
594
5785
4629
917
7314
594
7337
13
220
49083
4629
2575
8426
82
825
20455
5646
279
4629
917
369
1565
46305
92658
63
4629
917
1045
4629
917
21204
1494
49083
4629
11499
4629
917
21204
1494
11
4629
917
1160
198
2575
4629
917
21204
1494
11
4629
5085
2271
16168
18173
15931
32
15614
15266
323
2802
26932
13
5085
2271
16168
18173
15931
32
15614
15266
323
2802
26932
13
5085
2271
16168
61711
99317
7032
13
3411
825
46536
2504
13
13646
32559
9809
624
2575
5085
2271
12620
25
30070
11
61711
99317
66163
13593
5048
11
91689
6042
13
3411
825
46536
2504
13
356
1027
99419
11
5085
2271
13
356
1027
99419
11
5085
2271
4494
504
279
5785
49148
25
3218
48
11
8333
51
11
3218
48
11
8333
51
11
4494
504
279
5785
49148
25
3218
48
11
320
64
4629
917
21204
1494
49083
4629
917
1196
594
5785
4629
917
4494
3218
48
11
8333
51
17355
4494
3218
48
11
3218
48
10267
1506
15087
11
279
6193
594
10267
1506
15087
11
3218
48
10267
1506
15087
11
3218
48
8333
51
11206
817
10141
3241
11
8333
51
11206
817
10257
4629
917
21204
1494
11
4629
917
21204
1494
18357
29178
8333
51
817
3950
18357
29178
817
25
1874
9
102636
10
15770
2878
1874
11
825
1874
817
198
2575
1874
315
220
98886
19781
36400
11
825
1874
817
220
98886
462
4837
817
1874
315
220
98886
19781
36400
11
1874
9
102636
10
15770
2878
1874
11
825
1874
817
220
98886
462
4837
198
2575
8426
82
825
20455
17629
369
279
7314
594
7337
13
220
5515
13931
12519
25
1874
9
102636
10
2649
13480
320
6666
4485
17193
31179
28
4259
8
5515
13931
12519
25
1874
9
220
102636
10
2649
13480
320
6666
4485
17193
31179
28
5842
8
9517
279
3468
389
279
7364
37463
1537
6961
6200
11
892
21259
279
22611
594
43188
311
279
7364
37463
1537
6961
6200
11
892
21259
279
2390
594
16859
220
16
13
1177
12146
4485
17193
50122
320
6666
4485
1177
12146
4485
17193
31179
28
5842
8
9517
279
4629
917
369
1565
46305
92658
63
4629
917
369
1565
9015
16088
5386
314
5512
11
7364
37463
1537
6961
6200
11
444
24
25
220
220
99916
13
24
18831
2687
4766
279
7364
37463
13624
82
13
220
99916
13
5785
4629
917
369
1565
46305
92658
63
7364
37463
4629
917
49083
553
264
4629
917
21204
1494
11
264
4629
917
6042
525
49083
4629
917
6042
525
49083
4629
6005
85246
4629
917
6042
525
7314
594
7337
13
220
7364
37463
4629
917
21204
1494
49083
4629
917
1196
594
4629
917
21204
1494
11
4629
917
1160
198
2575
8426
82
825
20455
17629
369
279
21398
315
279
7314
594
7337
13
220
4629
917
21204
1494
49083
4629
917
1196
594
5785
4629
917
7314
594
7337
13
220
49083
4629
2575
8426
82
825
20455
5646
279
4629
917
369
1565
46305
92658
63
4629
917
1045
4629
917
21204
1494
49083
4629
11499
4629
917
21204
1494
11
4629
917
1160
198
2575
4629
917
21204
1494
11
4629
5085
2271
16168
18173
15931
32
15614
15266
323
2802
26932
13
5085
2271
16168
18173
15931
32
15614
15266
323
2802
26932
13
5085
2271
16168
61711
99317
7032
13
3411
825
46536
2504
13
13646
32559
9809
624
2575
5085
2271
12620
25
30070
11
61711
99317
66163
13593
5048
11
91689
6042
13
3411
825
46536
2504
13
356
1027
99419
11
5085
2271
13
356
1027
99419
11
5085
2271
4494
504
279
5785
49148
25
3218
48
11
8333
51
11
3218
48
11
8333
51
11
4494
504
279
5785
49148
25
3218
48
11
320
64
4629
917
21204
1494
49083
4629
917
1196
594
5785
4629
917
4494
3218
48
11
8333
51
17355
4494
3218
48
11
3218
48
10267
1506
15087
11
279
6193
594
10267
1506
15087
11
3218
48
10267
1506
15087
11
3218
48
8333
51
11206
817
10141
3241
11
8333
51
11206
817
10257
4629
917
21204
1494
11
4629
917
21204
1494
18357
29178
8333
51
817
3950
18357
29178
817
