25
1874
9
102636
10
15770
3419
4351
11165
11
1874
9
102636
10
15770
198
2575
825
20455
17629
369
279
10080
594
7314
594
7337
323
3468
13
220
5515
13931
12519
25
1874
9
102636
10
2649
13480
11
1874
9
102636
10
15770
198
2575
825
20455
17629
369
279
19827
26
5515
13931
24592
3553
25
1874
9
102636
10
15770
3419
4351
11
1874
9
6203
9996
374
14299
1402
49543
11
773
279
49148
374
911
279
13931
6203
7314
9750
11502
323
50122
30070
13
576
5785
49148
374
911
279
13931
6203
7314
9750
11502
323
50122
30070
13
576
5785
49148
4933
279
16168
1969
3421
15931
32
15614
15266
323
2802
26932
13
576
16168
1969
3421
15931
32
15614
15266
323
5785
49148
4933
279
5785
49148
32013
12239
20317
486
4651
64
9021
9977
2436
39840
19339
4279
12
1811
11
678
2326
40257
3786
13
32013
12239
20317
486
4651
64
9021
58
17
60
817
2436
220
15
14
16
11
91321
58
15
60
18098
71294
78432
11
91321
58
16
60
18098
71294
78432
11
678
2326
40257
3786
13
32013
12239
12239
486
411
374
472
47601
5326
553
6896
825
11858
13
32013
12239
486
411
374
472
472
47601
5326
553
6896
220
16
11858
6916
18006
1927
25
700
5326
553
6896
825
11858
11
3175
6916
18006
1927
13
3175
6916
18006
1927
25
700
5326
553
6896
220
16
11858
11
3175
6916
18006
1927
25
700
9750
11502
25
1968
374
825
220
102636
15245
3409
16328
91
77
30979
91
1252
11
3717
41554
1172
49759
369
279
16328
279
11858
38518
369
11
3309
11858
3717
14515
13
9750
11502
25
1968
374
825
220
102636
35535
25
451
13407
9021
9977
2436
39840
19339
4279
12
1811
11
678
2326
40257
3786
13
35535
25
451
13407
3102
778
9977
2436
12
1074
19339
4279
12
1811
11
678
2326
40257
3786
13
2802
26932
25
451
13407
9021
9977
2436
39840
19339
4279
12
15931
32
15614
15266
25
451
13407
9021
9977
2436
39840
19339
4279
12
1811
11
678
2326
40257
3786
11
817
2436
220
15
14
16
11
91321
58
15
60
2436
220
15
11
91321
58
16
60
2436
220
16
13
15931
32
15614
15266
25
451
64
9021
9977
2436
15931
32
15614
15266
25
451
64
9021
27362
12931
553
2436
220
15
6165
2436
220
16
11
91321
58
15
60
2436
220
15
11
91321
2436
220
16
11
2436
39840
19339
4279
12
1811
11
678
2326
40257
3786
13
15931
32
15614
15266
25
451
13407
9021
9977
2436
39840
19339
330
17464
32
15614
15266
323
2802
26932
1
284
451
13407
9021
2436
39840
19339
4279
12
1811
11
678
2326
40257
3786
11
817
2436
220
15
14
45466
1378
38844
5662
25
45466
1378
38844
5662
25
27362
12931
553
2436
220
15
6165
2436
1156
38718
25
1874
9
102636
10
15770
3419
4351
11165
11
1874
9
102636
10
15770
198
2575
825
20455
17629
369
279
10080
594
7314
594
7337
323
3468
13
220
5515
13931
12519
25
1874
9
102636
10
2649
13480
11
1874
9
102636
10
15770
198
2575
825
20455
17629
369
279
19827
26
5515
13931
24592
3553
25
1874
9
102636
10
15770
3419
4351
11
1874
9
6203
9996
374
14299
1402
49543
11
773
279
49148
374
911
279
13931
6203
7314
9750
11502
323
50122
30070
13
576
5785
49148
374
911
279
13931
6203
7314
9750
11502
323
50122
30070
13
576
5785
49148
4933
279
16168
1969
3421
15931
32
15614
15266
323
2802
26932
13
576
16168
1969
3421
15931
32
15614
15266
323
5785
49148
4933
279
5785
49148
32013
12239
20317
486
4651
64
9021
9977
2436
39840
19339
4279
12
1811
11
678
2326
40257
3786
13
32013
12239
20317
486
4651
64
9021
58
17
60
817
2436
220
15
14
16
11
91321
58
15
60
18098
71294
78432
11
91321
58
16
60
18098
71294
78432
11
678
2326
40257
3786
13
32013
12239
12239
486
411
374
472
47601
5326
553
6896
825
11858
13
32013
12239
486
411
374
472
472
47601
5326
553
6896
220
16
11858
6916
18006
1927
25
700
5326
553
6896
825
11858
11
3175
6916
18006
1927
13
3175
6916
18006
1927
25
700
5326
553
6896
220
16
11858
11
3175
6916
18006
1927
25
700
9750
11502
25
1968
374
825
220
102636
15245
3409
16328
91
77
30979
91
1252
11
3717
41554
1172
49759
369
279
16328
279
11858
38518
369
11
3309
11858
3717
14515
13
9750
11502
25
1968
374
825
220
102636
35535
25
451
13407
9021
9977
2436
39840
19339
4279
12
1811
11
678
2326
40257
3786
13
35535
25
451
13407
3102
778
9977
2436
12
1074
19339
4279
12
1811
11
678
2326
40257
3786
13
2802
26932
25
451
13407
9021
9977
2436
39840
19339
4279
12
15931
32
15614
15266
25
451
13407
9021
9977
2436
39840
19339
4279
12
1811
11
678
2326
40257
3786
11
817
2436
220
15
14
16
11
91321
58
15
60
2436
220
15
11
91321
58
16
60
2436
220
16
13
15931
32
15614
15266
25
451
64
9021
9977
2436
15931
32
15614
15266
25
451
64
9021
27362
12931
553
2436
220
15
6165
2436
220
16
11
91321
58
15
60
2436
220
15
11
91321
2436
220
16
11
2436
39840
19339
4279
12
1811
11
678
2326
40257
3786
13
15931
32
15614
15266
25
451
13407
9021
9977
2436
39840
19339
330
17464
32
15614
15266
323
2802
26932
1
284
451
13407
9021
2436
39840
19339
4279
12
1811
11
678
2326
40257
3786
11
817
2436
220
15
14
45466
1378
38844
5662
25
45466
1378
38844
5662
25
27362
12931
553
2436
220
15
6165
2436
1156
38718
25
1874
9
102636
10
15770
3419
4351
11165
11
1874
9
102636
10
15770
198
2575
825
20455
17629
369
279
10080
594
7314
594
7337
323
3468
13
220
5515
13931
12519
25
1874
9
102636
10
2649
13480
11
1874
9
102636
10
15770
198
2575
825
20455
17629
369
279
19827
26
5515
13931
24592
3553
25
1874
9
102636
10
15770
3419
4351
11
1874
9
6203
9996
374
14299
1402
49543
11
773
279
49148
374
911
279
13931
6203
7314
9750
11502
323
50122
30070
13
576
5785
49148
374
911
279
13931
6203
7314
9750
11502
323
50122
30070
13
576
5785
49148
4933
279
16168
1969
3421
15931
32
15614
15266
323
2802
26932
13
576
16168
1969
3421
15931
32
15614
15266
323
5785
49148
4933
279
5785
49148
32013
12239
20317
486
4651
64
9021
9977
2436
39840
19339
4279
12
1811
11
678
2326
40257
3786
13
32013
12239
20317
486
4651
64
9021
58
17
60
817
2436
220
15
14
16
11
91321
58
15
60
18098
71294
78432
11
91321
58
16
60
18098
71294
78432
11
678
2326
40257
3786
13
32013
12239
12239
486
411
374
472
47601
5326
553
6896
825
11858
13
32013
12239
486
411
374
472
472
47601
5326
553
6896
220
16
11858
6916
18006
1927
25
700
5326
553
6896
825
11858
11
3175
6916
18006
1927
13
3175
6916
18006
1927
25
700
5326
553
6896
220
16
11858
11
3175
6916
18006
1927
25
700
9750
11502
25
1968
374
825
220
102636
15245
3409
16328
91
77
30979
91
1252
11
3717
41554
1172
49759
369
279
16328
279
11858
38518
369
11
3309
11858
3717
14515
13
9750
11502
25
1968
374
825
220
102636
35535
25
451
13407
9021
9977
2436
39840
19339
4279
12
1811
11
678
2326
40257
3786
13
35535
25
451
13407
3102
778
9977
2436
12
1074
19339
4279
12
1811
11
678
2326
40257
3786
13
2802
26932
25
451
13407
9021
9977
2436
39840
19339
4279
12
15931
32
15614
15266
25
451
13407
9021
9977
2436
39840
19339
4279
12
1811
11
678
2326
40257
3786
11
817
2436
220
15
14
16
11
91321
58
15
60
2436
220
15
11
91321
58
16
60
2436
220
16
13
15931
32
15614
15266
25
451
64
9021
9977
2436
15931
32
15614
15266
25
451
64
9021
27362
12931
553
2436
220
15
6165
2436
220
16
11
91321
58
15
60
2436
220
15
11
91321
2436
220
16
11
2436
39840
19339
4279
12
1811
11
678
2326
40257
3786
13
15931
32
15614
15266
25
451
13407
9021
9977
2436
39840
19339
330
17464
32
15614
15266
323
2802
26932
1
284
451
13407
9021
2436
39840
19339
4279
12
1811
11
678
2326
40257
3786
11
817
2436
220
15
14
45466
1378
38844
5662
25
45466
1378
38844
5662
25
27362
12931
553
2436
220
15
6165
2436
1156
38718
