25
825
20455
17629
817
1618
11
825
817
198
2575
8751
25760
13480
3581
14
30682
13
220
5515
13931
12519
25
825
20455
13931
3034
817
1618
11
8751
25760
3481
25760
13480
198
2575
6042
1977
330
603
20455
17629
817
7314
11858
11
8751
25760
13480
10528
279
4583
9862
13931
6911
198
2575
320
46044
25
4583
9862
13931
6911
11
2670
28261
3403
220
103302
26
5515
25
13931
2573
6589
11
79450
11
9376
2588
198
2575
50122
67030
11
817
8751
25760
13480
594
3980
568
5515
13931
12519
25
7364
198
2575
8426
82
825
20455
17629
369
279
5036
726
594
3980
25
330
603
20455
17629
817
7314
11858
11
8751
25760
487
198
7364
198
2575
3980
25
330
603
49148
25
330
603
20455
17629
3218
48
11
32013
12239
20317
486
4651
64
9021
198
2414
48
11
32013
12239
20317
486
4651
64
9021
198
2575
825
20455
17629
817
7314
11858
11
8751
25760
13480
10528
279
4583
9862
13931
6911
320
46044
25
7314
11858
11
8751
25760
487
198
7364
198
2575
8426
82
825
49083
1467
504
279
49083
49148
25
330
603
20455
17629
817
7314
11858
11
5430
25760
13480
10528
279
6005
85246
49148
25
21204
34862
13
220
14685
6950
264
1273
1034
476
264
1273
12501
438
264
2530
315
279
8045
315
279
5785
3684
13
220
14685
6950
264
1273
1034
476
264
1273
42653
776
198
2575
21204
34862
13
220
7102
11
476
264
1273
12501
438
264
2530
315
8045
315
279
5785
3684
13
220
9750
34862
13
220
14685
6950
264
8333
51
11
3218
48
11
3218
48
11
3218
48
11499
3218
48
18357
29178
8333
51
817
3950
11
3218
48
18357
29178
8333
51
9862
8236
74594
13989
30189
11
9862
30189
11
9862
30189
11
3218
48
91718
817
3950
11
3218
48
3218
48
1565
531
18759
51
60
63
323
1565
411
18759
51
27362
817
3950
18357
29178
8333
51
1160
18759
51
16657
11
16657
11
16657
11
16657
11
21204
34862
13
220
21204
34862
13
220
5085
2271
1707
25
5085
2271
1707
25
5085
2271
1707
25
21204
34862
13
220
330
14434
2271
1707
25
5085
2271
1707
25
13593
11
13593
11
220
99317
10
13593
11
220
99317
10
13593
11
220
5085
2271
1707
25
330
14434
2271
220
99317
10
13593
18044
5048
11
220
13593
18044
5048
11
220
99317
10
66163
220
99317
10
61711
99317
66163
61711
99317
66163
61711
99317
66163
61711
99317
66163
61711
99317
66163
61711
99317
15931
32
15614
15266
323
2802
26932
13
220
15931
32
15614
15266
323
2802
19192
14
651
26932
13
220
7947
25
15931
32
15614
15266
323
2802
26932
13
220
7947
25
32013
12239
20317
486
4651
64
9021
11
32013
12239
20317
486
2413
64
58
17
60
1334
315
220
17
451
13407
9021
11
32013
12239
25
825
20455
17629
817
1618
11
825
817
198
2575
8751
25760
13480
3581
14
30682
13
220
5515
13931
12519
25
825
20455
13931
3034
817
1618
11
8751
25760
3481
25760
13480
198
2575
6042
1977
330
603
20455
17629
817
7314
11858
11
8751
25760
13480
10528
279
4583
9862
13931
6911
198
2575
320
46044
25
4583
9862
13931
6911
11
2670
28261
3403
220
103302
26
5515
25
13931
2573
6589
11
79450
11
9376
2588
198
2575
50122
67030
11
817
8751
25760
13480
594
3980
568
5515
13931
12519
25
7364
198
2575
8426
82
825
20455
17629
369
279
5036
726
594
3980
25
330
603
20455
17629
817
7314
11858
11
8751
25760
487
198
7364
198
2575
3980
25
330
603
49148
25
330
603
20455
17629
3218
48
11
32013
12239
20317
486
4651
64
9021
198
2414
48
11
32013
12239
20317
486
4651
64
9021
198
2575
825
20455
17629
817
7314
11858
11
8751
25760
13480
10528
279
4583
9862
13931
6911
320
46044
25
7314
11858
11
8751
25760
487
198
7364
198
2575
8426
82
825
49083
1467
504
279
49083
49148
25
330
603
20455
17629
817
7314
11858
11
5430
25760
13480
10528
279
6005
85246
49148
25
21204
34862
13
220
14685
6950
264
1273
1034
476
264
1273
12501
438
264
2530
315
279
8045
315
279
5785
3684
13
220
14685
6950
264
1273
1034
476
264
1273
42653
776
198
2575
21204
34862
13
220
7102
11
476
264
1273
12501
438
264
2530
315
8045
315
279
5785
3684
13
220
9750
34862
13
220
14685
6950
264
8333
51
11
3218
48
11
3218
48
11
3218
48
11499
3218
48
18357
29178
8333
51
817
3950
11
3218
48
18357
29178
8333
51
9862
8236
74594
13989
30189
11
9862
30189
11
9862
30189
11
3218
48
91718
817
3950
11
3218
48
3218
48
1565
531
18759
51
60
63
323
1565
411
18759
51
27362
817
3950
18357
29178
8333
51
1160
18759
51
16657
11
16657
11
16657
11
16657
11
21204
34862
13
220
21204
34862
13
220
5085
2271
1707
25
5085
2271
1707
25
5085
2271
1707
25
21204
34862
13
220
330
14434
2271
1707
25
5085
2271
1707
25
13593
11
13593
11
220
99317
10
13593
11
220
99317
10
13593
11
220
5085
2271
1707
25
330
14434
2271
220
99317
10
13593
18044
5048
11
220
13593
18044
5048
11
220
99317
10
66163
220
99317
10
61711
99317
66163
61711
99317
66163
61711
99317
66163
61711
99317
66163
61711
99317
66163
61711
99317
15931
32
15614
15266
323
2802
26932
13
220
15931
32
15614
15266
323
2802
19192
14
651
26932
13
220
7947
25
15931
32
15614
15266
323
2802
26932
13
220
7947
25
32013
12239
20317
486
4651
64
9021
11
32013
12239
20317
486
2413
64
58
17
60
1334
315
220
17
451
13407
9021
11
32013
12239
25
825
20455
17629
817
1618
11
825
817
198
2575
8751
25760
13480
3581
14
30682
13
220
5515
13931
12519
25
825
20455
13931
3034
817
1618
11
8751
25760
3481
25760
13480
198
2575
6042
1977
330
603
20455
17629
817
7314
11858
11
8751
25760
13480
10528
279
4583
9862
13931
6911
198
2575
320
46044
25
4583
9862
13931
6911
11
2670
28261
3403
220
103302
26
5515
25
13931
2573
6589
11
79450
11
9376
2588
198
2575
50122
67030
11
817
8751
25760
13480
594
3980
568
5515
13931
12519
25
7364
198
2575
8426
82
825
20455
17629
369
279
5036
726
594
3980
25
330
603
20455
17629
817
7314
11858
11
8751
25760
487
198
7364
198
2575
3980
25
330
603
49148
25
330
603
20455
17629
3218
48
11
32013
12239
20317
486
4651
64
9021
198
2414
48
11
32013
12239
20317
486
4651
64
9021
198
2575
825
20455
17629
817
7314
11858
11
8751
25760
13480
10528
279
4583
9862
13931
6911
320
46044
25
7314
11858
11
8751
25760
487
198
7364
198
2575
8426
82
825
49083
1467
504
279
49083
49148
25
330
603
20455
17629
817
7314
11858
11
5430
25760
13480
10528
279
6005
85246
49148
25
21204
34862
13
220
14685
6950
264
1273
1034
476
264
1273
12501
438
264
2530
315
279
8045
315
279
5785
3684
13
220
14685
6950
264
1273
1034
476
264
1273
42653
776
198
2575
21204
34862
13
220
7102
11
476
264
1273
12501
438
264
2530
315
8045
315
279
5785
3684
13
220
9750
34862
13
220
14685
6950
264
8333
51
11
3218
48
11
3218
48
11
3218
48
11499
3218
48
18357
29178
8333
51
817
3950
11
3218
48
18357
29178
8333
51
9862
8236
74594
13989
30189
11
9862
30189
11
9862
30189
11
3218
48
91718
817
3950
11
3218
48
3218
48
1565
531
18759
51
60
63
323
1565
411
18759
51
27362
817
3950
18357
29178
8333
51
1160
18759
51
16657
11
16657
11
16657
11
16657
11
21204
34862
13
220
21204
34862
13
220
5085
2271
1707
25
5085
2271
1707
25
5085
2271
1707
25
21204
34862
13
220
330
14434
2271
1707
25
5085
2271
1707
25
13593
11
13593
11
220
99317
10
13593
11
220
99317
10
13593
11
220
5085
2271
1707
25
330
14434
2271
220
99317
10
13593
18044
5048
11
220
13593
18044
5048
11
220
99317
10
66163
220
99317
10
61711
99317
66163
61711
99317
66163
61711
99317
66163
61711
99317
66163
61711
99317
66163
61711
99317
15931
32
15614
15266
323
2802
26932
13
220
15931
32
15614
15266
323
2802
19192
14
651
26932
13
220
7947
25
15931
32
15614
15266
323
2802
26932
13
220
7947
25
32013
12239
20317
486
4651
64
9021
11
32013
12239
20317
486
2413
64
58
17
60
1334
315
220
17
451
13407
9021
11
32013
12239
