25
825
20455
17629
817
1618
11
825
817
198
2575
13931
2573
6589
13
220
5515
13931
12519
25
825
20455
3990
14
4449
14
6316
9026
1509
817
1618
11
825
817
6589
198
1112
320
376
37809
692
322
2924
14
495
459
14100
42087
76699
4322
1749
6453
481
393
17
808
18
25
279
13931
6203
7314
624
2289
322
362
6193
8472
73686
11641
2348
23970
15087
11
5779
6887
817
7162
11
5779
6887
817
7162
1112
320
376
37809
692
322
2924
14
1112
320
376
37809
692
322
220
16
13
16584
46536
25355
4136
198
14364
46536
25355
4136
198
73022
10816
198
322
2924
14
495
459
14100
42087
76699
4322
1749
6453
481
393
17
25
279
13931
6203
7314
624
2289
322
362
6193
8472
73686
11641
2348
23970
15087
11
323
279
6203
9996
374
14299
1402
49543
320
10637
14
13630
8737
21274
444
24
510
322
220
101961
13
101130
18831
2687
389
220
21
35526
11
220
101961
13
220
101961
13
101130
18831
2687
389
220
21
35526
11
14838
6200
1760
4558
6896
13
220
2055
279
15931
32
15614
15266
323
2802
26932
13
29620
30070
11
518
3245
220
99317
66163
13593
5048
323
91689
6042
13
3411
825
46536
2038
2504
13
13646
32559
9809
382
8855
2038
82700
510
322
2924
14
1112
320
376
37809
692
322
2924
14
495
459
14100
16468
287
1112
320
376
6203
6453
481
393
17
808
18
25
279
13931
6203
7314
624
2289
322
362
6193
8472
73686
11641
2348
23970
15087
11
323
279
6203
9996
374
14299
1402
49543
320
10637
14
13630
8737
21274
444
198
322
220
101961
13
101130
18831
2687
389
220
21
35526
11
14838
6200
1760
7798
1112
320
376
37809
692
322
2924
14
73712
12239
20317
10517
64
58
17
60
481
6018
39840
19339
4279
12
1811
26
678
2326
40257
525
3042
3786
624
1235
451
13407
9021
314
1024
2622
23
528
9
27362
1112
320
376
2436
39840
19339
4279
12
1811
26
678
2326
15931
32
2436
39840
19339
4279
12
1811
26
678
2326
40257
525
3042
3786
624
1235
451
24592
1112
320
376
37809
692
322
2924
14
495
459
14100
42087
76699
64982
529
6453
481
393
17
808
18
25
279
13931
7337
1349
6203
5820
504
14299
1402
389
279
11858
594
2436
39840
14299
1402
13
7337
1349
6203
5820
504
14299
1402
389
279
11858
594
3051
2413
64
946
1564
1112
320
376
15931
32
15614
15266
25
264
15614
6305
389
825
2436
594
14299
1402
11
323
279
7337
315
429
2436
1349
432
2436
39840
13
15931
32
15614
15266
25
264
15614
6305
389
825
2436
594
14299
1402
11
323
279
7337
315
429
3175
2436
1349
432
2436
39840
13
15931
32
15614
15266
25
892
2436
24187
264
15614
11
892
2436
594
7337
1349
432
2436
39840
11
25
1874
9
102636
10
15770
11
1874
9
16
1112
902
3783
11
1874
9
102636
10
15770
11
1874
9
16
1112
902
3980
2727
1874
9
16
1112
902
11
279
49148
594
3980
2727
1874
9
16
1112
902
11
279
49148
594
3980
2727
1874
9
16
1112
508
16
60
320
71026
508
16
60
8426
82
825
20455
17629
369
279
5785
2038
82700
25
508
16
60
8426
82
825
20455
17629
369
279
19827
26
5515
13931
12519
25
1874
9
102636
10
15770
11
7364
1112
508
16
60
330
3379
82
825
1034
1112
508
16
60
3218
48
11
8333
51
11
274
17
14205
529
2273
7370
72
8973
11
7486
30815
1819
11
3218
48
2036
3218
48
314
2622
23
528
2804
284
220
82700
508
16
60
3218
48
11
8333
51
11
3218
48
314
2622
23
528
451
13407
9021
25
18098
71294
78432
11
9862
8236
78432
11
6203
842
11
31281
11
32013
12239
20317
1253
531
48013
14
531
48013
14
531
48013
14
531
48013
8333
51
11
3218
48
90
80
11
5452
11
7168
11
7486
30815
1819
11
3218
48
90
80
11
5452
11
7168
11
3218
48
314
2622
82700
508
16
60
3218
48
314
2622
23
528
504
82700
508
16
60
5085
2271
1887
18816
701
8918
9165
11
8918
14035
11
8918
18097
11
8918
18097
11
8918
14035
11
8918
14035
11
451
13407
9021
25
18098
71294
78432
11
9862
8236
1852
11
9862
8236
1852
11
9862
91321
58
15
936
24526
621
91321
58
16
936
8918
14035
7
73712
12239
20317
1253
531
48013
14
2413
64
58
15
936
24526
621
91321
58
16
936
24526
621
91321
58
16
936
24526
621
91321
54470
1483
304
279
5785
7032
25
8918
9165
11
8918
14035
11
8918
18097
11
330
3379
82
825
20455
17629
369
279
5785
7032
25
8918
9165
11
8918
34612
25
8918
9165
7
73712
12239
20317
1253
531
989
60
621
6827
8
369
600
304
220
15
496
10581
51
12
16
308
531
989
60
621
6827
8
369
600
16657
25
32013
12239
20317
16657
25
32013
12239
53851
1112
32013
12239
20317
1638
25
6203
842
10824
16
11
31281
28
15
11
32013
12239
20317
1638
25
6203
481
16
11
31281
28
495
459
486
74
42087
486
16461
486
73712
12239
20317
1638
25
607
459
32013
12239
7168
54407
25
6203
842
10824
16
11
31281
28
32013
12239
7168
54407
25
6203
220
22
11
31281
28
22
11
308
531
678
845
11
308
531
678
845
11
7168
54407
25
6203
842
10824
16
11
1483
54470
25
8918
9165
11
8918
14035
11
8918
5085
2271
1887
368
4566
342
1944
11022
11
342
1944
11022
4566
342
1944
11022
11
1887
368
4566
342
1944
11022
11
1887
8543
25
15931
32
15614
15266
323
25
1874
9
102636
10
15770
3419
4351
11
1874
9
102636
10
103302
374
198
2575
13665
220
103302
315
1874
220
15
11
1874
9
98886
10
15770
3419
4351
11165
369
1874
220
15
462
4837
220
15
496
103319
11
1874
9
98886
10
103302
284
13665
220
103302
315
1874
220
21
11
1874
9
6203
198
2575
220
98886
10
103302
284
13665
220
5515
13931
12519
25
1874
9
102636
10
603
20455
17629
369
279
19827
26
5515
6165
14330
3209
57937
1745
198
2575
8426
82
825
20455
17629
369
279
5785
2038
82700
510
2575
8426
82
825
7314
11858
47414
311
825
19781
17629
11
825
11858
817
6961
6200
11
825
11858
817
6961
6200
198
2575
8426
82
825
7314
11858
47414
311
7337
389
19781
36400
220
6042
198
2575
8426
82
825
7314
5785
2038
82700
510
2575
7364
37463
25
330
12158
37463
1
6042
198
2575
7364
37463
25
4629
6042
7364
37463
553
264
4629
3980
7364
37463
553
264
4629
3980
32013
12239
20317
10517
64
58
17
60
374
458
1334
315
220
17
451
13407
9021
62404
11
1817
9958
2326
27362
320
24526
71294
78432
8
845
54407
4172
13
576
49148
4933
279
2036
7271
7381
304
32013
12239
20317
11
23966
2036
451
13407
9021
448
2326
733
2622
23
528
9
5043
11
323
32013
12239
15931
32
15614
15266
323
2802
26932
13
576
49148
4933
32013
12239
20317
10517
64
58
12158
37463
60
4629
6042
7364
37463
553
264
4629
3980
7364
37463
553
264
3347
11586
4629
6042
7364
37463
553
264
7364
37463
4629
6042
7364
8751
25760
13480
2036
448
17298
21240
3183
1073
4621
26271
1293
29
5043
11
8751
25760
482
487
2036
448
17298
21240
3183
1073
31705
5181
1565
1891
63
32013
12239
20317
10517
64
58
17
60
374
458
1334
315
220
17
15931
32
7798
6
19339
4279
12
1811
25
678
2326
40257
320
24526
71294
78432
8
678
2326
40257
3042
3786
11
678
2326
78676
11502
11
9750
11502
11
9750
11502
6018
39840
19339
4279
12
1811
26
678
2326
40257
525
3042
3786
13
330
1955
39840
19339
4279
12
1811
26
678
2326
40257
525
3042
3786
1189
4629
6042
7364
37463
553
264
4629
3980
442
6018
39840
19339
7364
37463
25
35396
6018
39840
4240
2038
11
4629
6042
7364
37463
553
264
4629
3980
442
6018
39840
23966
2036
451
13407
9021
314
24526
71294
78432
92
448
2326
733
2622
23
76288
11
825
817
15931
32
2436
220
15
14
16
11
91321
58
15
60
284
2436
220
15
594
4279
12
1811
11
91321
58
16
60
284
91321
58
16
60
284
2436
220
16
594
4279
12
1811
91321
58
15
60
3468
23999
11
3468
23999
11
3468
23999
11
3468
23999
11
3468
48011
25
1565
6927
45635
63
320
603
220
16
11
100919
17
11
