STAGING compact=1 slot_MiB=140
FLOATING_Q8 tensor=blk.0.hc_attn_fn source_type=0 MiB=0.398438
FLOATING_Q8 tensor=blk.0.hc_ffn_fn source_type=0 MiB=0.398438
FLOATING_Q8 tensor=blk.1.hc_attn_fn source_type=0 MiB=0.398438
FLOATING_Q8 tensor=blk.1.hc_ffn_fn source_type=0 MiB=0.398438
FLOATING_Q8 tensor=blk.10.hc_attn_fn source_type=0 MiB=0.398438
FLOATING_Q8 tensor=blk.10.hc_ffn_fn source_type=0 MiB=0.398438
FLOATING_Q8 tensor=blk.11.attn_k_b.weight source_type=12 MiB=8.5
FLOATING_Q8 tensor=blk.11.attn_v_b.weight source_type=12 MiB=8.5
FLOATING_Q8 tensor=blk.11.hc_attn_fn source_type=0 MiB=0.398438
FLOATING_Q8 tensor=blk.11.hc_ffn_fn source_type=0 MiB=0.398438
FLOATING_Q8 tensor=blk.12.hc_attn_fn source_type=0 MiB=0.398438
FLOATING_Q8 tensor=blk.12.hc_ffn_fn source_type=0 MiB=0.398438
FLOATING_Q8 tensor=blk.13.hc_attn_fn source_type=0 MiB=0.398438
FLOATING_Q8 tensor=blk.13.hc_ffn_fn source_type=0 MiB=0.398438
FLOATING_Q8 tensor=blk.14.hc_attn_fn source_type=0 MiB=0.398438
FLOATING_Q8 tensor=blk.14.hc_ffn_fn source_type=0 MiB=0.398438
FLOATING_Q8 tensor=blk.15.attn_k_b.weight source_type=12 MiB=8.5
FLOATING_Q8 tensor=blk.15.attn_v_b.weight source_type=12 MiB=8.5
FLOATING_Q8 tensor=blk.15.hc_attn_fn source_type=0 MiB=0.398438
FLOATING_Q8 tensor=blk.15.hc_ffn_fn source_type=0 MiB=0.398438
FLOATING_Q8 tensor=blk.16.hc_attn_fn source_type=0 MiB=0.398438
FLOATING_Q8 tensor=blk.16.hc_ffn_fn source_type=0 MiB=0.398438
FLOATING_Q8 tensor=blk.17.hc_attn_fn source_type=0 MiB=0.398438
FLOATING_Q8 tensor=blk.17.hc_ffn_fn source_type=0 MiB=0.398438
FLOATING_Q8 tensor=blk.18.hc_attn_fn source_type=0 MiB=0.398438
FLOATING_Q8 tensor=blk.18.hc_ffn_fn source_type=0 MiB=0.398438
FLOATING_Q8 tensor=blk.19.attn_k_b.weight source_type=12 MiB=8.5
FLOATING_Q8 tensor=blk.19.attn_v_b.weight source_type=12 MiB=8.5
FLOATING_Q8 tensor=blk.19.hc_attn_fn source_type=0 MiB=0.398438
FLOATING_Q8 tensor=blk.19.hc_ffn_fn source_type=0 MiB=0.398438
FLOATING_Q8 tensor=blk.2.hc_attn_fn source_type=0 MiB=0.398438
FLOATING_Q8 tensor=blk.2.hc_ffn_fn source_type=0 MiB=0.398438
FLOATING_Q8 tensor=blk.20.hc_attn_fn source_type=0 MiB=0.398438
FLOATING_Q8 tensor=blk.20.hc_ffn_fn source_type=0 MiB=0.398438
FLOATING_Q8 tensor=blk.21.hc_attn_fn source_type=0 MiB=0.398438
FLOATING_Q8 tensor=blk.21.hc_ffn_fn source_type=0 MiB=0.398438
FLOATING_Q8 tensor=blk.22.hc_attn_fn source_type=0 MiB=0.398438
FLOATING_Q8 tensor=blk.22.hc_ffn_fn source_type=0 MiB=0.398438
FLOATING_Q8 tensor=blk.23.attn_k_b.weight source_type=12 MiB=8.5
FLOATING_Q8 tensor=blk.23.attn_v_b.weight source_type=12 MiB=8.5
FLOATING_Q8 tensor=blk.23.hc_attn_fn source_type=0 MiB=0.398438
FLOATING_Q8 tensor=blk.23.hc_ffn_fn source_type=0 MiB=0.398438
FLOATING_Q8 tensor=blk.24.hc_attn_fn source_type=0 MiB=0.398438
FLOATING_Q8 tensor=blk.24.hc_ffn_fn source_type=0 MiB=0.398438
FLOATING_Q8 tensor=blk.25.hc_attn_fn source_type=0 MiB=0.398438
FLOATING_Q8 tensor=blk.25.hc_ffn_fn source_type=0 MiB=0.398438
FLOATING_Q8 tensor=blk.26.hc_attn_fn source_type=0 MiB=0.398438
FLOATING_Q8 tensor=blk.26.hc_ffn_fn source_type=0 MiB=0.398438
FLOATING_Q8 tensor=blk.27.attn_k_b.weight source_type=12 MiB=8.5
FLOATING_Q8 tensor=blk.27.attn_v_b.weight source_type=12 MiB=8.5
FLOATING_Q8 tensor=blk.27.hc_attn_fn source_type=0 MiB=0.398438
FLOATING_Q8 tensor=blk.27.hc_ffn_fn source_type=0 MiB=0.398438
FLOATING_Q8 tensor=blk.28.hc_attn_fn source_type=0 MiB=0.398438
FLOATING_Q8 tensor=blk.28.hc_ffn_fn source_type=0 MiB=0.398438
FLOATING_Q8 tensor=blk.29.hc_attn_fn source_type=0 MiB=0.398438
FLOATING_Q8 tensor=blk.29.hc_ffn_fn source_type=0 MiB=0.398438
FLOATING_Q8 tensor=blk.3.attn_k_b.weight source_type=12 MiB=8.5
FLOATING_Q8 tensor=blk.3.attn_v_b.weight source_type=12 MiB=8.5
FLOATING_Q8 tensor=blk.3.hc_attn_fn source_type=0 MiB=0.398438
FLOATING_Q8 tensor=blk.3.hc_ffn_fn source_type=0 MiB=0.398438
FLOATING_Q8 tensor=blk.30.hc_attn_fn source_type=0 MiB=0.398438
FLOATING_Q8 tensor=blk.30.hc_ffn_fn source_type=0 MiB=0.398438
FLOATING_Q8 tensor=blk.31.attn_k_b.weight source_type=12 MiB=8.5
FLOATING_Q8 tensor=blk.31.attn_v_b.weight source_type=12 MiB=8.5
FLOATING_Q8 tensor=blk.31.hc_attn_fn source_type=0 MiB=0.398438
FLOATING_Q8 tensor=blk.31.hc_ffn_fn source_type=0 MiB=0.398438
FLOATING_Q8 tensor=blk.32.hc_attn_fn source_type=0 MiB=0.398438
FLOATING_Q8 tensor=blk.32.hc_ffn_fn source_type=0 MiB=0.398438
FLOATING_Q8 tensor=blk.33.hc_attn_fn source_type=0 MiB=0.398438
FLOATING_Q8 tensor=blk.33.hc_ffn_fn source_type=0 MiB=0.398438
FLOATING_Q8 tensor=blk.34.hc_attn_fn source_type=0 MiB=0.398438
FLOATING_Q8 tensor=blk.34.hc_ffn_fn source_type=0 MiB=0.398438
FLOATING_Q8 tensor=blk.35.attn_k_b.weight source_type=12 MiB=8.5
FLOATING_Q8 tensor=blk.35.attn_v_b.weight source_type=12 MiB=8.5
FLOATING_Q8 tensor=blk.35.hc_attn_fn source_type=0 MiB=0.398438
FLOATING_Q8 tensor=blk.35.hc_ffn_fn source_type=0 MiB=0.398438
FLOATING_Q8 tensor=blk.36.hc_attn_fn source_type=0 MiB=0.398438
FLOATING_Q8 tensor=blk.36.hc_ffn_fn source_type=0 MiB=0.398438
FLOATING_Q8 tensor=blk.37.hc_attn_fn source_type=0 MiB=0.398438
FLOATING_Q8 tensor=blk.37.hc_ffn_fn source_type=0 MiB=0.398438
FLOATING_Q8 tensor=blk.38.hc_attn_fn source_type=0 MiB=0.398438
FLOATING_Q8 tensor=blk.38.hc_ffn_fn source_type=0 MiB=0.398438
FLOATING_Q8 tensor=blk.39.attn_k_b.weight source_type=12 MiB=8.5
FLOATING_Q8 tensor=blk.39.attn_v_b.weight source_type=12 MiB=8.5
FLOATING_Q8 tensor=blk.39.hc_attn_fn source_type=0 MiB=0.398438
FLOATING_Q8 tensor=blk.39.hc_ffn_fn source_type=0 MiB=0.398438
FLOATING_Q8 tensor=blk.4.hc_attn_fn source_type=0 MiB=0.398438
FLOATING_Q8 tensor=blk.4.hc_ffn_fn source_type=0 MiB=0.398438
FLOATING_Q8 tensor=blk.40.hc_attn_fn source_type=0 MiB=0.398438
FLOATING_Q8 tensor=blk.40.hc_ffn_fn source_type=0 MiB=0.398438
FLOATING_Q8 tensor=blk.41.hc_attn_fn source_type=0 MiB=0.398438
FLOATING_Q8 tensor=blk.41.hc_ffn_fn source_type=0 MiB=0.398438
FLOATING_Q8 tensor=blk.42.hc_attn_fn source_type=0 MiB=0.398438
FLOATING_Q8 tensor=blk.42.hc_ffn_fn source_type=0 MiB=0.398438
FLOATING_Q8 tensor=blk.43.attn_k_b.weight source_type=12 MiB=8.5
FLOATING_Q8 tensor=blk.43.attn_v_b.weight source_type=12 MiB=8.5
FLOATING_Q8 tensor=blk.43.hc_attn_fn source_type=0 MiB=0.398438
FLOATING_Q8 tensor=blk.43.hc_ffn_fn source_type=0 MiB=0.398438
FLOATING_Q8 tensor=blk.44.hc_attn_fn source_type=0 MiB=0.398438
FLOATING_Q8 tensor=blk.44.hc_ffn_fn source_type=0 MiB=0.398438
FLOATING_Q8 tensor=blk.5.hc_attn_fn source_type=0 MiB=0.398438
FLOATING_Q8 tensor=blk.5.hc_ffn_fn source_type=0 MiB=0.398438
FLOATING_Q8 tensor=blk.6.hc_attn_fn source_type=0 MiB=0.398438
FLOATING_Q8 tensor=blk.6.hc_ffn_fn source_type=0 MiB=0.398438
FLOATING_Q8 tensor=blk.7.attn_k_b.weight source_type=12 MiB=8.5
FLOATING_Q8 tensor=blk.7.attn_v_b.weight source_type=12 MiB=8.5
FLOATING_Q8 tensor=blk.7.hc_attn_fn source_type=0 MiB=0.398438
FLOATING_Q8 tensor=blk.7.hc_ffn_fn source_type=0 MiB=0.398438
FLOATING_Q8 tensor=blk.8.hc_attn_fn source_type=0 MiB=0.398438
FLOATING_Q8 tensor=blk.8.hc_ffn_fn source_type=0 MiB=0.398438
FLOATING_Q8 tensor=blk.9.hc_attn_fn source_type=0 MiB=0.398438
FLOATING_Q8 tensor=blk.9.hc_ffn_fn source_type=0 MiB=0.398438
GPU prefill chunk=2048 staging_workers=4 numa_cpus=0,1,2,3
GPU allocated_MiB=7154.73 reserved_runtime_MiB=1024 budget_MiB=14336
GPU_DENSE_HOST_RELEASE phase=main tensors=1256 source_MiB_advised=5040.35 ms=124.258
PREFILL_PARTITION primary_groups=9 secondary_groups=0
PREFILL_CACHE device=0 budget_MiB=0 reserve_MiB=768
PREFILL_CACHE_PLAN device=0 base_groups=0 unused_MiB=0
MAPPED_EXPERTS numa_rows=0 lazy=1 bytes=55094280192
PREFILL trial=0 tokens=2048 batch=2048 ms=8917.2 tok_s=229.669
FAULTS trial=0 major=16 minor=33246
HOST_RSS peak_MiB=53976.3
CPU_EXPERT gu_ms=0 quant_ms=0 down_ms=0 layer_flow_ms=0 bytes=0
GPU peak_allocated_MiB=7538.73 native_expert_bytes=55101150720 expert_groups=378 staging_ms=5236.69
PREFILL_SCRATCH device=0 peak_MiB=696.564 capacity_MiB=1024
GPU_LIVE device=0 dense_MiB=5029.21 other_MiB=806.414 prefill_MiB=1464 state_MiB=239.105
GPU_DEVICE device=0 peak_allocated_MiB=7538.73 live_MiB=7538.73 native_expert_bytes=55101150720 staging_ms=5236.69 cache_hits=0 cache_hit_bytes=0 cuda_used_MiB=8312 free_MiB=7992
PREFILL trial=1 tokens=2048 batch=2048 ms=8899.13 tok_s=230.135
FAULTS trial=1 major=8 minor=33006
HOST_RSS peak_MiB=54027.5
CPU_EXPERT gu_ms=0 quant_ms=0 down_ms=0 layer_flow_ms=0 bytes=0
GPU peak_allocated_MiB=7538.73 native_expert_bytes=55101150720 expert_groups=378 staging_ms=5225.78
PREFILL_SCRATCH device=0 peak_MiB=696.564 capacity_MiB=1024
GPU_LIVE device=0 dense_MiB=5029.21 other_MiB=806.414 prefill_MiB=1464 state_MiB=239.105
GPU_DEVICE device=0 peak_allocated_MiB=7538.73 live_MiB=7538.73 native_expert_bytes=55101150720 staging_ms=5225.78 cache_hits=0 cache_hit_bytes=0 cuda_used_MiB=8312 free_MiB=7992
PREFILL trial=2 tokens=2048 batch=2048 ms=8896.38 tok_s=230.206
FAULTS trial=2 major=0 minor=32769
HOST_RSS peak_MiB=54052.5
CPU_EXPERT gu_ms=0 quant_ms=0 down_ms=0 layer_flow_ms=0 bytes=0
GPU peak_allocated_MiB=7538.73 native_expert_bytes=55101150720 expert_groups=378 staging_ms=5213.81
PREFILL_SCRATCH device=0 peak_MiB=696.564 capacity_MiB=1024
GPU_LIVE device=0 dense_MiB=5029.21 other_MiB=806.414 prefill_MiB=1464 state_MiB=239.105
GPU_DEVICE device=0 peak_allocated_MiB=7538.73 live_MiB=7538.73 native_expert_bytes=55101150720 staging_ms=5213.81 cache_hits=0 cache_hit_bytes=0 cuda_used_MiB=8312 free_MiB=7992
MAPPED_EXPERTS numa_rows=0 lazy=1 bytes=55094280192
PREFILL_WORK device=0 transferred_bytes=55101150720 staging_ms=5213.81 actual_rows=688128 padded_rows=2234800 dequant_values=297963356160
DECODE_RUNTIME override_reserve_MiB=512
DECODE_CACHE prefix_trained=1 slots=707 MiB=6142.06 fingerprint=6922710462731546087
RESPONSE_PREPARE kind=decode_cache ms=1040.37
RESPONSE_PREPARE kind=cpu ms=0.002184
DECODE_TRIAL index=0
DECODE_STEP index=1 ms=111.164
DECODE_STEP index=2 ms=92
DECODE_STEP index=3 ms=100.112
DECODE_STEP index=4 ms=105.719
DECODE_STEP index=5 ms=102.662
DECODE_STEP index=6 ms=97.0481
DECODE_STEP index=7 ms=104.973
DECODE_STEP index=8 ms=106.075
DECODE_STEP index=9 ms=91.1673
DECODE_STEP index=10 ms=103.586
DECODE_STEP index=11 ms=86.532
DECODE_STEP index=12 ms=105.2
DECODE_STEP index=13 ms=100.2
DECODE_STEP index=14 ms=94.9069
DECODE_STEP index=15 ms=90.3482
DECODE_STEP index=16 ms=108.24
DECODE_STEP index=17 ms=96.7406
DECODE_STEP index=18 ms=100.798
DECODE_STEP index=19 ms=82.9115
DECODE_STEP index=20 ms=96.4577
DECODE_STEP index=21 ms=109.113
DECODE_STEP index=22 ms=101.443
DECODE_STEP index=23 ms=87.7223
DECODE_STEP index=24 ms=108.971
DECODE_STEP index=25 ms=82.0491
DECODE_STEP index=26 ms=99.8216
DECODE_STEP index=27 ms=100.103
DECODE_STEP index=28 ms=95.5433
DECODE_STEP index=29 ms=99.0751
DECODE_STEP index=30 ms=90.5457
DECODE_STEP index=31 ms=99.7174
DECODE_STEP index=32 ms=82.1728
DECODE_STEP index=33 ms=111.863
DECODE_STEP index=34 ms=92.1063
DECODE_STEP index=35 ms=109.589
DECODE_STEP index=36 ms=88.682
DECODE_STEP index=37 ms=80.6997
DECODE_STEP index=38 ms=91.1503
DECODE_STEP index=39 ms=90.5771
DECODE_STEP index=40 ms=87.0835
DECODE_STEP index=41 ms=81.3161
DECODE_STEP index=42 ms=93.0597
DECODE_STEP index=43 ms=83.8851
DECODE_STEP index=44 ms=88.874
DECODE_STEP index=45 ms=88.9872
DECODE_STEP index=46 ms=83.3151
DECODE_STEP index=47 ms=91.25
DECODE_STEP index=48 ms=102.041
DECODE_STEP index=49 ms=95.2816
DECODE_STEP index=50 ms=88.0575
DECODE_STEP index=51 ms=91.9318
DECODE_STEP index=52 ms=87.1063
DECODE_STEP index=53 ms=98.0036
DECODE_STEP index=54 ms=76.7415
DECODE_STEP index=55 ms=110.891
DECODE_STEP index=56 ms=80.8197
DECODE_STEP index=57 ms=105.661
DECODE_STEP index=58 ms=84.0881
DECODE_STEP index=59 ms=95.863
DECODE_STEP index=60 ms=71.5182
DECODE_STEP index=61 ms=99.421
DECODE_STEP index=62 ms=91.8318
DECODE_STEP index=63 ms=98.4925
DECODE_STEP index=64 ms=102.826
DECODE_STEP index=65 ms=101.576
DECODE_STEP index=66 ms=93.7496
DECODE_STEP index=67 ms=103.222
DECODE_STEP index=68 ms=93.9797
DECODE_STEP index=69 ms=96.7281
DECODE_STEP index=70 ms=92.1232
DECODE_STEP index=71 ms=91.6198
DECODE_STEP index=72 ms=90.0109
DECODE_STEP index=73 ms=96.5088
DECODE_STEP index=74 ms=89.5065
DECODE_STEP index=75 ms=96.8922
DECODE_STEP index=76 ms=100.449
DECODE_STEP index=77 ms=93.5982
DECODE_STEP index=78 ms=101.063
DECODE_STEP index=79 ms=100.606
DECODE_STEP index=80 ms=81.0959
DECODE_STEP index=81 ms=93.3182
DECODE_STEP index=82 ms=94.2389
DECODE_STEP index=83 ms=90.2396
DECODE_STEP index=84 ms=93.9321
DECODE_STEP index=85 ms=76.2975
DECODE_STEP index=86 ms=87.7991
DECODE_STEP index=87 ms=82.3624
DECODE_STEP index=88 ms=96.8803
DECODE_STEP index=89 ms=79.2979
DECODE_STEP index=90 ms=89.4783
DECODE_STEP index=91 ms=72.6596
DECODE_STEP index=92 ms=86.1938
DECODE_STEP index=93 ms=85.7182
DECODE_STEP index=94 ms=90.5294
DECODE_STEP index=95 ms=82.4847
DECODE_STEP index=96 ms=90.2343
DECODE_STEP index=97 ms=85.1265
DECODE_STEP index=98 ms=74.1395
DECODE_STEP index=99 ms=92.3503
DECODE_STEP index=100 ms=83.9767
DECODE_STEP index=101 ms=107.746
DECODE_STEP index=102 ms=85.0901
DECODE_STEP index=103 ms=102.063
DECODE_STEP index=104 ms=111.624
DECODE_STEP index=105 ms=98.0473
DECODE_STEP index=106 ms=101.864
DECODE_STEP index=107 ms=88.3252
DECODE_STEP index=108 ms=100.544
DECODE_STEP index=109 ms=81.2879
DECODE_STEP index=110 ms=110.008
DECODE_STEP index=111 ms=96.9577
DECODE_STEP index=112 ms=97.4043
DECODE_STEP index=113 ms=85.657
DECODE_STEP index=114 ms=98.7409
DECODE_STEP index=115 ms=94.5326
DECODE_STEP index=116 ms=98.2428
DECODE_STEP index=117 ms=96.2699
DECODE_STEP index=118 ms=105.176
DECODE_STEP index=119 ms=99.4935
DECODE_STEP index=120 ms=100.688
DECODE_STEP index=121 ms=109.48
DECODE_STEP index=122 ms=95.1853
DECODE_STEP index=123 ms=106.053
DECODE_STEP index=124 ms=100.319
DECODE_STEP index=125 ms=100.484
DECODE_STEP index=126 ms=102.633
DECODE_STEP index=127 ms=121.165
DECODE_STEP index=128 ms=90.9775
DECODE_STEP index=129 ms=103.825
DECODE_STEP index=130 ms=96.9109
DECODE_STEP index=131 ms=89.2285
DECODE_STEP index=132 ms=88.9363
DECODE_STEP index=133 ms=97.2452
DECODE_STEP index=134 ms=105.889
DECODE_STEP index=135 ms=93.9364
DECODE_STEP index=136 ms=107.202
DECODE_STEP index=137 ms=107.951
DECODE_STEP index=138 ms=95.7037
DECODE_STEP index=139 ms=100.195
DECODE_STEP index=140 ms=93.9753
DECODE_STEP index=141 ms=107.209
DECODE_STEP index=142 ms=103.743
DECODE_STEP index=143 ms=88.2908
DECODE_STEP index=144 ms=88.9877
DECODE_STEP index=145 ms=106.906
DECODE_STEP index=146 ms=95.0069
DECODE_STEP index=147 ms=97.0139
DECODE_STEP index=148 ms=107.78
DECODE_STEP index=149 ms=94.86
DECODE_STEP index=150 ms=102.873
DECODE_STEP index=151 ms=102.864
DECODE_STEP index=152 ms=101.401
DECODE_STEP index=153 ms=96.3565
DECODE_STEP index=154 ms=101.621
DECODE_STEP index=155 ms=113.286
DECODE_STEP index=156 ms=94.4817
DECODE_STEP index=157 ms=97.4346
DECODE_STEP index=158 ms=102.357
DECODE_STEP index=159 ms=99.7892
DECODE_STEP index=160 ms=99.414
DECODE_STEP index=161 ms=91.0299
DECODE_STEP index=162 ms=97.6969
DECODE_STEP index=163 ms=99.2677
DECODE_STEP index=164 ms=101.257
DECODE_STEP index=165 ms=96.5653
DECODE_STEP index=166 ms=88.6268
DECODE_STEP index=167 ms=99.9772
DECODE_STEP index=168 ms=85.576
DECODE_STEP index=169 ms=83.2789
DECODE_STEP index=170 ms=89.6414
DECODE_STEP index=171 ms=87.5814
DECODE_STEP index=172 ms=91.8937
DECODE_STEP index=173 ms=89.9689
DECODE_STEP index=174 ms=83.2972
DECODE_STEP index=175 ms=87.7421
DECODE_STEP index=176 ms=94.3468
DECODE_STEP index=177 ms=100.168
DECODE_STEP index=178 ms=116.537
DECODE_STEP index=179 ms=92.7855
DECODE_STEP index=180 ms=93.9598
DECODE_STEP index=181 ms=83.9137
DECODE_STEP index=182 ms=81.8978
DECODE_STEP index=183 ms=88.6838
DECODE_STEP index=184 ms=82.8955
DECODE_STEP index=185 ms=105.806
DECODE_STEP index=186 ms=95.4053
DECODE_STEP index=187 ms=104.052
DECODE_STEP index=188 ms=93.3266
DECODE_STEP index=189 ms=90.6354
DECODE_STEP index=190 ms=106.241
DECODE_STEP index=191 ms=99.974
DECODE_STEP index=192 ms=89.8415
DECODE_STEP index=193 ms=100.565
DECODE_STEP index=194 ms=95.8773
DECODE_STEP index=195 ms=96.3771
DECODE_STEP index=196 ms=100.3
DECODE_STEP index=197 ms=92.1593
DECODE_STEP index=198 ms=103.089
DECODE_STEP index=199 ms=100.787
DECODE_STEP index=200 ms=99.8766
DECODE_STEP index=201 ms=91.5584
DECODE_STEP index=202 ms=103.669
DECODE_STEP index=203 ms=105.681
DECODE_STEP index=204 ms=104.888
DECODE_STEP index=205 ms=96.7875
DECODE_STEP index=206 ms=106.997
DECODE_STEP index=207 ms=92.8877
DECODE_STEP index=208 ms=99.2543
DECODE_STEP index=209 ms=104.766
DECODE_STEP index=210 ms=95.9883
DECODE_STEP index=211 ms=99.3052
DECODE_STEP index=212 ms=94.827
DECODE_STEP index=213 ms=97.8975
DECODE_STEP index=214 ms=101.366
DECODE_STEP index=215 ms=96.1475
DECODE_STEP index=216 ms=99.9551
DECODE_STEP index=217 ms=106.938
DECODE_STEP index=218 ms=94.971
DECODE_STEP index=219 ms=97.3094
DECODE_STEP index=220 ms=95.1663
DECODE_STEP index=221 ms=94.9044
DECODE_STEP index=222 ms=98.315
DECODE_STEP index=223 ms=89.0544
DECODE_STEP index=224 ms=95.3309
DECODE_STEP index=225 ms=102.238
DECODE_STEP index=226 ms=99.2302
DECODE_STEP index=227 ms=107.096
DECODE_STEP index=228 ms=102.476
DECODE_STEP index=229 ms=102.233
DECODE_STEP index=230 ms=109.874
DECODE_STEP index=231 ms=104.142
DECODE_STEP index=232 ms=99.85
DECODE_STEP index=233 ms=106.313
DECODE_STEP index=234 ms=102.909
DECODE_STEP index=235 ms=94.6932
DECODE_STEP index=236 ms=99.0474
DECODE_STEP index=237 ms=94.8462
DECODE_STEP index=238 ms=92.5678
DECODE_STEP index=239 ms=103.086
DECODE_STEP index=240 ms=99.7684
DECODE_STEP index=241 ms=89.57
DECODE_STEP index=242 ms=92.8778
DECODE_STEP index=243 ms=97.7154
DECODE_STEP index=244 ms=92.9508
DECODE_STEP index=245 ms=94.5875
DECODE_STEP index=246 ms=98.4951
DECODE_STEP index=247 ms=96.1972
DECODE_STEP index=248 ms=102.426
DECODE_STEP index=249 ms=92.6434
DECODE_STEP index=250 ms=86.7251
DECODE_STEP index=251 ms=90.6349
DECODE_STEP index=252 ms=96.9765
DECODE_STEP index=253 ms=100.885
DECODE_STEP index=254 ms=96.4572
DECODE_STEP index=255 ms=89.5679
DECODE_STEP index=256 ms=85.2648
DECODE_STEP index=257 ms=88.0737
DECODE_STEP index=258 ms=87.0346
DECODE_STEP index=259 ms=86.9366
DECODE_STEP index=260 ms=89.2073
DECODE_STEP index=261 ms=89.2738
DECODE_STEP index=262 ms=90.7759
DECODE_STEP index=263 ms=91.8836
DECODE_STEP index=264 ms=95.0791
DECODE_STEP index=265 ms=89.9954
DECODE_STEP index=266 ms=95.9877
DECODE_STEP index=267 ms=93.7428
DECODE_STEP index=268 ms=86.5892
DECODE_STEP index=269 ms=93.3131
DECODE_STEP index=270 ms=99.6922
DECODE_STEP index=271 ms=103.255
DECODE_STEP index=272 ms=99.1781
DECODE_STEP index=273 ms=95.2526
DECODE_STEP index=274 ms=91.4691
DECODE_STEP index=275 ms=90.0767
DECODE_STEP index=276 ms=94.9595
DECODE_STEP index=277 ms=103.227
DECODE_STEP index=278 ms=101.219
DECODE_STEP index=279 ms=103.803
DECODE_STEP index=280 ms=102.464
DECODE_STEP index=281 ms=101.515
DECODE_STEP index=282 ms=113.78
DECODE_STEP index=283 ms=102.294
DECODE_STEP index=284 ms=90.5495
DECODE_STEP index=285 ms=82.9549
DECODE_STEP index=286 ms=86.6849
DECODE_STEP index=287 ms=90.0979
DECODE_STEP index=288 ms=105.624
DECODE_STEP index=289 ms=86.0345
DECODE_STEP index=290 ms=89.9654
DECODE_STEP index=291 ms=87.4266
DECODE_STEP index=292 ms=82.6706
DECODE_STEP index=293 ms=97.5793
DECODE_STEP index=294 ms=82.7165
DECODE_STEP index=295 ms=86.6905
DECODE_STEP index=296 ms=107.144
DECODE_STEP index=297 ms=95.1334
DECODE_STEP index=298 ms=89.8542
DECODE_STEP index=299 ms=87.668
DECODE_STEP index=300 ms=83.3024
DECODE_STEP index=301 ms=95.3493
DECODE_STEP index=302 ms=112.174
DECODE_STEP index=303 ms=84.4053
DECODE_STEP index=304 ms=92.0394
DECODE_STEP index=305 ms=103.808
DECODE_STEP index=306 ms=110.553
DECODE_STEP index=307 ms=90.1671
DECODE_STEP index=308 ms=86.2083
DECODE_STEP index=309 ms=97.5657
DECODE_STEP index=310 ms=87.3054
DECODE_STEP index=311 ms=85.3296
DECODE_STEP index=312 ms=91.9103
DECODE_STEP index=313 ms=99.3797
DECODE_STEP index=314 ms=88.7189
DECODE_STEP index=315 ms=109.986
DECODE_STEP index=316 ms=103.838
DECODE_STEP index=317 ms=101.114
DECODE_STEP index=318 ms=104.235
DECODE_STEP index=319 ms=101.588
DECODE_STEP index=320 ms=102.8
DECODE_STEP index=321 ms=106.98
DECODE_STEP index=322 ms=106.021
DECODE_STEP index=323 ms=102.59
DECODE_STEP index=324 ms=103.867
DECODE_STEP index=325 ms=86.6099
DECODE_STEP index=326 ms=86.5666
DECODE_STEP index=327 ms=89.3495
DECODE_STEP index=328 ms=93.5249
DECODE_STEP index=329 ms=98.1353
DECODE_STEP index=330 ms=97.7686
DECODE_STEP index=331 ms=87.56
DECODE_STEP index=332 ms=90.9936
DECODE_STEP index=333 ms=97.0684
DECODE_STEP index=334 ms=103.762
DECODE_STEP index=335 ms=97.4004
DECODE_STEP index=336 ms=91.4116
DECODE_STEP index=337 ms=91.8974
DECODE_STEP index=338 ms=88.346
DECODE_STEP index=339 ms=89.3965
DECODE_STEP index=340 ms=88.2761
DECODE_STEP index=341 ms=87.1385
DECODE_STEP index=342 ms=113.146
DECODE_STEP index=343 ms=89.1767
DECODE_STEP index=344 ms=97.5072
DECODE_STEP index=345 ms=78.2917
DECODE_STEP index=346 ms=88.701
DECODE_STEP index=347 ms=94.5492
DECODE_STEP index=348 ms=94.2018
DECODE_STEP index=349 ms=110.339
DECODE_STEP index=350 ms=94.7401
DECODE_STEP index=351 ms=105.517
DECODE_STEP index=352 ms=91.8707
DECODE_STEP index=353 ms=90.5751
DECODE_STEP index=354 ms=86.084
DECODE_STEP index=355 ms=85.3795
DECODE_STEP index=356 ms=84.9332
DECODE_STEP index=357 ms=88.873
DECODE_STEP index=358 ms=91.1798
DECODE_STEP index=359 ms=96.8277
DECODE_STEP index=360 ms=93.4254
DECODE_STEP index=361 ms=86.2799
DECODE_STEP index=362 ms=91.7126
DECODE_STEP index=363 ms=104.701
DECODE_STEP index=364 ms=92.2999
DECODE_STEP index=365 ms=93.0183
DECODE_STEP index=366 ms=83.6348
DECODE_STEP index=367 ms=84.9354
DECODE_STEP index=368 ms=91.8797
DECODE_STEP index=369 ms=91.9566
DECODE_STEP index=370 ms=95.9033
DECODE_STEP index=371 ms=90.9409
DECODE_STEP index=372 ms=101.388
DECODE_STEP index=373 ms=89.2559
DECODE_STEP index=374 ms=87.6892
DECODE_STEP index=375 ms=85.2755
DECODE_STEP index=376 ms=93.4494
DECODE_STEP index=377 ms=93.1753
DECODE_STEP index=378 ms=95.4506
DECODE_STEP index=379 ms=99.4749
DECODE_STEP index=380 ms=90.3042
DECODE_STEP index=381 ms=90.6894
DECODE_STEP index=382 ms=98.4044
DECODE_STEP index=383 ms=94.7167
DECODE_STEP index=384 ms=90.4039
DECODE_STEP index=385 ms=101.125
DECODE_STEP index=386 ms=91.5376
DECODE_STEP index=387 ms=97.2171
DECODE_STEP index=388 ms=95.4085
DECODE_STEP index=389 ms=93.1012
DECODE_STEP index=390 ms=95.3716
DECODE_STEP index=391 ms=86.2412
DECODE_STEP index=392 ms=103.139
DECODE_STEP index=393 ms=75.1773
DECODE_STEP index=394 ms=98.6727
DECODE_STEP index=395 ms=85.5001
DECODE_STEP index=396 ms=103.511
DECODE_STEP index=397 ms=99.118
DECODE_STEP index=398 ms=94.117
DECODE_STEP index=399 ms=97.286
DECODE_STEP index=400 ms=98.8101
DECODE_STEP index=401 ms=104.712
DECODE_STEP index=402 ms=90.0796
DECODE_STEP index=403 ms=103.396
DECODE_STEP index=404 ms=109.307
DECODE_STEP index=405 ms=94.1116
DECODE_STEP index=406 ms=89.8584
DECODE_STEP index=407 ms=99.4848
DECODE_STEP index=408 ms=90.5911
DECODE_STEP index=409 ms=105.968
DECODE_STEP index=410 ms=95.6462
DECODE_STEP index=411 ms=101.663
DECODE_STEP index=412 ms=93.9767
DECODE_STEP index=413 ms=93.9027
DECODE_STEP index=414 ms=106.77
DECODE_STEP index=415 ms=97.1407
DECODE_STEP index=416 ms=97.785
DECODE_STEP index=417 ms=114.92
DECODE_STEP index=418 ms=97.5258
DECODE_STEP index=419 ms=107.426
DECODE_STEP index=420 ms=100.912
DECODE_STEP index=421 ms=98.3117
DECODE_STEP index=422 ms=98.0506
DECODE_STEP index=423 ms=90.1607
DECODE_STEP index=424 ms=114.909
DECODE_STEP index=425 ms=98.2254
DECODE_STEP index=426 ms=98.3708
DECODE_STEP index=427 ms=96.3639
DECODE_STEP index=428 ms=92.514
DECODE_STEP index=429 ms=95.7912
DECODE_STEP index=430 ms=95.3309
DECODE_STEP index=431 ms=106.928
DECODE_STEP index=432 ms=93.5636
DECODE_STEP index=433 ms=103.053
DECODE_STEP index=434 ms=106.573
DECODE_STEP index=435 ms=94.9225
DECODE_STEP index=436 ms=91.3201
DECODE_STEP index=437 ms=98.4826
DECODE_STEP index=438 ms=96.7896
DECODE_STEP index=439 ms=88.749
DECODE_STEP index=440 ms=111.287
DECODE_STEP index=441 ms=111.024
DECODE_STEP index=442 ms=99.1708
DECODE_STEP index=443 ms=116.936
DECODE_STEP index=444 ms=102.523
DECODE_STEP index=445 ms=92.585
DECODE_STEP index=446 ms=103.339
DECODE_STEP index=447 ms=101.792
DECODE_STEP index=448 ms=92.642
DECODE_STEP index=449 ms=105.12
DECODE_STEP index=450 ms=91.2478
DECODE_STEP index=451 ms=94.2328
DECODE_STEP index=452 ms=98.3597
DECODE_STEP index=453 ms=96.4304
DECODE_STEP index=454 ms=78.2881
DECODE_STEP index=455 ms=92.0651
DECODE_STEP index=456 ms=90.9943
DECODE_STEP index=457 ms=90.0841
DECODE_STEP index=458 ms=81.548
DECODE_STEP index=459 ms=88.0581
DECODE_STEP index=460 ms=102.957
DECODE_STEP index=461 ms=91.6459
DECODE_STEP index=462 ms=89.4719
DECODE_STEP index=463 ms=104.325
DECODE_STEP index=464 ms=95.2356
DECODE_STEP index=465 ms=92.9272
DECODE_STEP index=466 ms=99.8247
DECODE_STEP index=467 ms=93.1449
DECODE_STEP index=468 ms=86.9745
DECODE_STEP index=469 ms=93.6092
DECODE_STEP index=470 ms=92.054
DECODE_STEP index=471 ms=90.4163
DECODE_STEP index=472 ms=81.078
DECODE_STEP index=473 ms=104.586
DECODE_STEP index=474 ms=95.8558
DECODE_STEP index=475 ms=92.8493
DECODE_STEP index=476 ms=86.8922
DECODE_STEP index=477 ms=94.472
DECODE_STEP index=478 ms=86.8797
DECODE_STEP index=479 ms=91.7832
DECODE_STEP index=480 ms=86.8187
DECODE_STEP index=481 ms=94.7814
DECODE_STEP index=482 ms=86.4335
DECODE_STEP index=483 ms=86.0871
DECODE_STEP index=484 ms=82.5361
DECODE_STEP index=485 ms=91.3733
DECODE_STEP index=486 ms=92.9785
DECODE_STEP index=487 ms=103.228
DECODE_STEP index=488 ms=86.3835
DECODE_STEP index=489 ms=77.1076
DECODE_STEP index=490 ms=105.054
DECODE_STEP index=491 ms=103.298
DECODE_STEP index=492 ms=76.2519
DECODE_STEP index=493 ms=88.8897
DECODE_STEP index=494 ms=106.149
DECODE_STEP index=495 ms=99.3223
DECODE_STEP index=496 ms=91.9778
DECODE_STEP index=497 ms=114.173
DECODE_STEP index=498 ms=97.7765
DECODE_STEP index=499 ms=86.9916
DECODE_STEP index=500 ms=90.2045
DECODE_STEP index=501 ms=105.799
DECODE_STEP index=502 ms=102.916
DECODE_STEP index=503 ms=94.9173
DECODE_STEP index=504 ms=103.274
DECODE_STEP index=505 ms=101.688
DECODE_STEP index=506 ms=92.3091
DECODE_STEP index=507 ms=79.07
DECODE_STEP index=508 ms=88.5756
DECODE_STEP index=509 ms=101.857
DECODE_STEP index=510 ms=100.993
DECODE_STEP index=511 ms=100.615
DECODE steps=511 ms=49102.2 tok_s=10.4069
HOST_RSS peak_MiB=54052.5
CPU_EXPERT gu_ms=0 quant_ms=0 down_ms=0 layer_flow_ms=35771.6 bytes=999576764416
STEP_TRACE steps=511 moe_layers=21462 pipelined=1 head_ms=1487 cpu_ms=36282.1 between_ms=9371.48 tail_ms=1531.21 enqueue_ms=2913.34 tier_swaps=2582 split_windows=0 per_step_ms=95.2481
GPU peak_allocated_MiB=11516.4 native_expert_bytes=0 expert_groups=0 staging_ms=0
PREFILL_SCRATCH device=0 peak_MiB=5.07568 capacity_MiB=32
GPU_LIVE device=0 dense_MiB=5029.21 other_MiB=6213.17 prefill_MiB=32 resident_exec_MiB=2.94288 state_MiB=239.105
GPU_DEVICE device=0 peak_allocated_MiB=11516.4 live_MiB=11516.4 native_expert_bytes=0 staging_ms=0 cache_hits=0 cache_hit_bytes=0 cuda_used_MiB=13196 free_MiB=3108
DECODE_TRIAL index=1
DECODE_STEP index=1 ms=100.625
DECODE_STEP index=2 ms=107.374
DECODE_STEP index=3 ms=111.038
DECODE_STEP index=4 ms=117.513
DECODE_STEP index=5 ms=116.608
DECODE_STEP index=6 ms=108.676
DECODE_STEP index=7 ms=110.306
DECODE_STEP index=8 ms=109.334
DECODE_STEP index=9 ms=99.5403
DECODE_STEP index=10 ms=101.004
DECODE_STEP index=11 ms=103.304
DECODE_STEP index=12 ms=106.472
DECODE_STEP index=13 ms=107.341
DECODE_STEP index=14 ms=111.954
DECODE_STEP index=15 ms=99.5198
DECODE_STEP index=16 ms=103.087
DECODE_STEP index=17 ms=109.251
DECODE_STEP index=18 ms=108.909
DECODE_STEP index=19 ms=87.3489
DECODE_STEP index=20 ms=92.6578
DECODE_STEP index=21 ms=97.3738
DECODE_STEP index=22 ms=107.633
DECODE_STEP index=23 ms=104
DECODE_STEP index=24 ms=104.161
DECODE_STEP index=25 ms=86.9726
DECODE_STEP index=26 ms=97.6351
DECODE_STEP index=27 ms=95.4568
DECODE_STEP index=28 ms=96.5123
DECODE_STEP index=29 ms=83.567
DECODE_STEP index=30 ms=98.3018
DECODE_STEP index=31 ms=88.6615
DECODE_STEP index=32 ms=86.0971
DECODE_STEP index=33 ms=106.766
DECODE_STEP index=34 ms=94.5598
DECODE_STEP index=35 ms=109.666
DECODE_STEP index=36 ms=100.329
DECODE_STEP index=37 ms=93.992
DECODE_STEP index=38 ms=97.4094
DECODE_STEP index=39 ms=105.362
DECODE_STEP index=40 ms=94.4479
DECODE_STEP index=41 ms=91.5944
DECODE_STEP index=42 ms=99.1647
DECODE_STEP index=43 ms=89.859
DECODE_STEP index=44 ms=100.976
DECODE_STEP index=45 ms=99.401
DECODE_STEP index=46 ms=88.8695
DECODE_STEP index=47 ms=95.3065
DECODE_STEP index=48 ms=93.5992
DECODE_STEP index=49 ms=96.4186
DECODE_STEP index=50 ms=86.2541
DECODE_STEP index=51 ms=93.0965
DECODE_STEP index=52 ms=81.6552
DECODE_STEP index=53 ms=99.8292
DECODE_STEP index=54 ms=81.7425
DECODE_STEP index=55 ms=104.055
DECODE_STEP index=56 ms=84.4431
DECODE_STEP index=57 ms=101.853
DECODE_STEP index=58 ms=83.1071
DECODE_STEP index=59 ms=87.604
DECODE_STEP index=60 ms=77.0154
DECODE_STEP index=61 ms=95.8183
DECODE_STEP index=62 ms=93.6194
DECODE_STEP index=63 ms=99.3918
DECODE_STEP index=64 ms=101.212
DECODE_STEP index=65 ms=111.4
DECODE_STEP index=66 ms=97.7406
DECODE_STEP index=67 ms=98.2848
DECODE_STEP index=68 ms=94.7369
DECODE_STEP index=69 ms=99.6424
DECODE_STEP index=70 ms=96.8073
DECODE_STEP index=71 ms=94.5744
DECODE_STEP index=72 ms=95.0706
DECODE_STEP index=73 ms=92.159
DECODE_STEP index=74 ms=90.9798
DECODE_STEP index=75 ms=96.5779
DECODE_STEP index=76 ms=100.17
DECODE_STEP index=77 ms=101.322
DECODE_STEP index=78 ms=95.3834
DECODE_STEP index=79 ms=93.9877
DECODE_STEP index=80 ms=80.0846
DECODE_STEP index=81 ms=93.0459
DECODE_STEP index=82 ms=87.6573
DECODE_STEP index=83 ms=90.697
DECODE_STEP index=84 ms=92.0527
DECODE_STEP index=85 ms=72.1874
DECODE_STEP index=86 ms=93.1717
DECODE_STEP index=87 ms=85.8775
DECODE_STEP index=88 ms=93.9627
DECODE_STEP index=89 ms=77.9899
DECODE_STEP index=90 ms=85.2439
DECODE_STEP index=91 ms=77.8837
DECODE_STEP index=92 ms=80.3874
DECODE_STEP index=93 ms=86.5976
DECODE_STEP index=94 ms=89.864
DECODE_STEP index=95 ms=82.4784
DECODE_STEP index=96 ms=90.1981
DECODE_STEP index=97 ms=85.3086
DECODE_STEP index=98 ms=75.8079
DECODE_STEP index=99 ms=91.8559
DECODE_STEP index=100 ms=80.2544
DECODE_STEP index=101 ms=106.301
DECODE_STEP index=102 ms=80.9485
DECODE_STEP index=103 ms=101.532
DECODE_STEP index=104 ms=106.18
DECODE_STEP index=105 ms=96.4268
DECODE_STEP index=106 ms=98.3159
DECODE_STEP index=107 ms=86.5372
DECODE_STEP index=108 ms=98.1263
DECODE_STEP index=109 ms=82.0377
DECODE_STEP index=110 ms=111.177
DECODE_STEP index=111 ms=92.6424
DECODE_STEP index=112 ms=97.9747
DECODE_STEP index=113 ms=82.969
DECODE_STEP index=114 ms=102.379
DECODE_STEP index=115 ms=93.2396
DECODE_STEP index=116 ms=91.8958
DECODE_STEP index=117 ms=100.886
DECODE_STEP index=118 ms=105.101
DECODE_STEP index=119 ms=100.644
DECODE_STEP index=120 ms=102.351
DECODE_STEP index=121 ms=104.89
DECODE_STEP index=122 ms=93.2407
DECODE_STEP index=123 ms=109.356
DECODE_STEP index=124 ms=99.8254
DECODE_STEP index=125 ms=104.129
DECODE_STEP index=126 ms=101.544
DECODE_STEP index=127 ms=104.572
DECODE_STEP index=128 ms=94.2546
DECODE_STEP index=129 ms=103.494
DECODE_STEP index=130 ms=99.0407
DECODE_STEP index=131 ms=93.0013
DECODE_STEP index=132 ms=90.964
DECODE_STEP index=133 ms=97.8034
DECODE_STEP index=134 ms=103.537
DECODE_STEP index=135 ms=92.4643
DECODE_STEP index=136 ms=109.085
DECODE_STEP index=137 ms=107.199
DECODE_STEP index=138 ms=95.0718
DECODE_STEP index=139 ms=99.608
DECODE_STEP index=140 ms=93.9606
DECODE_STEP index=141 ms=100.488
DECODE_STEP index=142 ms=101.976
DECODE_STEP index=143 ms=86.4614
DECODE_STEP index=144 ms=89.6724
DECODE_STEP index=145 ms=103.742
DECODE_STEP index=146 ms=89.3737
DECODE_STEP index=147 ms=97.5407
DECODE_STEP index=148 ms=103.908
DECODE_STEP index=149 ms=95.7906
DECODE_STEP index=150 ms=102.471
DECODE_STEP index=151 ms=104.843
DECODE_STEP index=152 ms=99.3654
DECODE_STEP index=153 ms=100.085
DECODE_STEP index=154 ms=104.276
DECODE_STEP index=155 ms=110.115
DECODE_STEP index=156 ms=98.621
DECODE_STEP index=157 ms=100.643
DECODE_STEP index=158 ms=100.865
DECODE_STEP index=159 ms=102.511
DECODE_STEP index=160 ms=106.337
DECODE_STEP index=161 ms=91.2592
DECODE_STEP index=162 ms=96.9859
DECODE_STEP index=163 ms=99.8864
DECODE_STEP index=164 ms=96.4058
DECODE_STEP index=165 ms=97.278
DECODE_STEP index=166 ms=91.415
DECODE_STEP index=167 ms=100.425
DECODE_STEP index=168 ms=84.3669
DECODE_STEP index=169 ms=78.2401
DECODE_STEP index=170 ms=91.9397
DECODE_STEP index=171 ms=87.5989
DECODE_STEP index=172 ms=90.6869
DECODE_STEP index=173 ms=86.6762
DECODE_STEP index=174 ms=82.761
DECODE_STEP index=175 ms=85.1569
DECODE_STEP index=176 ms=92.5358
DECODE_STEP index=177 ms=101.458
DECODE_STEP index=178 ms=94.9557
DECODE_STEP index=179 ms=88.1157
DECODE_STEP index=180 ms=94.5003
DECODE_STEP index=181 ms=84.4275
DECODE_STEP index=182 ms=83.2686
DECODE_STEP index=183 ms=87.269
DECODE_STEP index=184 ms=82.8087
DECODE_STEP index=185 ms=106.665
DECODE_STEP index=186 ms=92.6062
DECODE_STEP index=187 ms=103.907
DECODE_STEP index=188 ms=92.0412
DECODE_STEP index=189 ms=92.8865
DECODE_STEP index=190 ms=106.084
DECODE_STEP index=191 ms=101.209
DECODE_STEP index=192 ms=88.5881
DECODE_STEP index=193 ms=97.9078
DECODE_STEP index=194 ms=94.9508
DECODE_STEP index=195 ms=101.665
DECODE_STEP index=196 ms=95.0175
DECODE_STEP index=197 ms=94.6309
DECODE_STEP index=198 ms=98.7445
DECODE_STEP index=199 ms=99.0599
DECODE_STEP index=200 ms=103.245
DECODE_STEP index=201 ms=88.2735
DECODE_STEP index=202 ms=103.543
DECODE_STEP index=203 ms=105.405
DECODE_STEP index=204 ms=105.708
DECODE_STEP index=205 ms=97.8479
DECODE_STEP index=206 ms=106.561
DECODE_STEP index=207 ms=93.7311
DECODE_STEP index=208 ms=99.2829
DECODE_STEP index=209 ms=96.4155
DECODE_STEP index=210 ms=98.7795
DECODE_STEP index=211 ms=97.9708
DECODE_STEP index=212 ms=92.3066
DECODE_STEP index=213 ms=95.9627
DECODE_STEP index=214 ms=103.59
DECODE_STEP index=215 ms=99.3838
DECODE_STEP index=216 ms=97.3087
DECODE_STEP index=217 ms=104.181
DECODE_STEP index=218 ms=91.8723
DECODE_STEP index=219 ms=97.5139
DECODE_STEP index=220 ms=93.8465
DECODE_STEP index=221 ms=95.3837
DECODE_STEP index=222 ms=97.935
DECODE_STEP index=223 ms=88.2399
DECODE_STEP index=224 ms=90.0054
DECODE_STEP index=225 ms=105.151
DECODE_STEP index=226 ms=98.382
DECODE_STEP index=227 ms=106.098
DECODE_STEP index=228 ms=103.729
DECODE_STEP index=229 ms=105.13
DECODE_STEP index=230 ms=106.813
DECODE_STEP index=231 ms=102.424
DECODE_STEP index=232 ms=99.1689
DECODE_STEP index=233 ms=102.845
DECODE_STEP index=234 ms=99.3914
DECODE_STEP index=235 ms=94.759
DECODE_STEP index=236 ms=97.0854
DECODE_STEP index=237 ms=94.5765
DECODE_STEP index=238 ms=91.9461
DECODE_STEP index=239 ms=102.827
DECODE_STEP index=240 ms=100.031
DECODE_STEP index=241 ms=89.6571
DECODE_STEP index=242 ms=92.0041
DECODE_STEP index=243 ms=97.0153
DECODE_STEP index=244 ms=91.4866
DECODE_STEP index=245 ms=95.4056
DECODE_STEP index=246 ms=98.9297
DECODE_STEP index=247 ms=95.9331
DECODE_STEP index=248 ms=99.8067
DECODE_STEP index=249 ms=94.9411
DECODE_STEP index=250 ms=89.3939
DECODE_STEP index=251 ms=91.1453
DECODE_STEP index=252 ms=97.9181
DECODE_STEP index=253 ms=100.585
DECODE_STEP index=254 ms=96.5451
DECODE_STEP index=255 ms=86.4207
DECODE_STEP index=256 ms=87.0605
DECODE_STEP index=257 ms=90.2571
DECODE_STEP index=258 ms=85.2545
DECODE_STEP index=259 ms=89.5185
DECODE_STEP index=260 ms=86.5664
DECODE_STEP index=261 ms=87.324
DECODE_STEP index=262 ms=93.4136
DECODE_STEP index=263 ms=90.0619
DECODE_STEP index=264 ms=91.2018
DECODE_STEP index=265 ms=89.1731
DECODE_STEP index=266 ms=95.9982
DECODE_STEP index=267 ms=93.7549
DECODE_STEP index=268 ms=89.9932
DECODE_STEP index=269 ms=91.6224
DECODE_STEP index=270 ms=98.5295
DECODE_STEP index=271 ms=103.095
DECODE_STEP index=272 ms=86.8819
DECODE_STEP index=273 ms=94.9724
DECODE_STEP index=274 ms=92.2216
DECODE_STEP index=275 ms=90.7394
DECODE_STEP index=276 ms=93.8815
DECODE_STEP index=277 ms=101.269
DECODE_STEP index=278 ms=95.8414
DECODE_STEP index=279 ms=101.536
DECODE_STEP index=280 ms=102.161
DECODE_STEP index=281 ms=99.7781
DECODE_STEP index=282 ms=117.588
DECODE_STEP index=283 ms=103.878
DECODE_STEP index=284 ms=89.2583
DECODE_STEP index=285 ms=83.4018
DECODE_STEP index=286 ms=86.9516
DECODE_STEP index=287 ms=91.8133
DECODE_STEP index=288 ms=104.03
DECODE_STEP index=289 ms=88.1775
DECODE_STEP index=290 ms=89.6785
DECODE_STEP index=291 ms=86.9133
DECODE_STEP index=292 ms=83.6652
DECODE_STEP index=293 ms=96.7696
DECODE_STEP index=294 ms=82.9772
DECODE_STEP index=295 ms=86.3359
DECODE_STEP index=296 ms=107.265
DECODE_STEP index=297 ms=95.3078
DECODE_STEP index=298 ms=88.8295
DECODE_STEP index=299 ms=86.4033
DECODE_STEP index=300 ms=85.9525
DECODE_STEP index=301 ms=95.0137
DECODE_STEP index=302 ms=115.333
DECODE_STEP index=303 ms=84.826
DECODE_STEP index=304 ms=91.7556
DECODE_STEP index=305 ms=106.383
DECODE_STEP index=306 ms=108.444
DECODE_STEP index=307 ms=93.6934
DECODE_STEP index=308 ms=88.2908
DECODE_STEP index=309 ms=99.4737
DECODE_STEP index=310 ms=85.3591
DECODE_STEP index=311 ms=86.1395
DECODE_STEP index=312 ms=94.3029
DECODE_STEP index=313 ms=100.652
DECODE_STEP index=314 ms=88.4275
DECODE_STEP index=315 ms=110.462
DECODE_STEP index=316 ms=105.866
DECODE_STEP index=317 ms=99.0886
DECODE_STEP index=318 ms=104.065
DECODE_STEP index=319 ms=104.364
DECODE_STEP index=320 ms=102.307
DECODE_STEP index=321 ms=108.278
DECODE_STEP index=322 ms=108.869
DECODE_STEP index=323 ms=97.5722
DECODE_STEP index=324 ms=105.805
DECODE_STEP index=325 ms=89.0796
DECODE_STEP index=326 ms=88.9917
DECODE_STEP index=327 ms=90.6621
DECODE_STEP index=328 ms=93.0342
DECODE_STEP index=329 ms=98.2472
DECODE_STEP index=330 ms=101.516
DECODE_STEP index=331 ms=87.8086
DECODE_STEP index=332 ms=90.5138
DECODE_STEP index=333 ms=96.5695
DECODE_STEP index=334 ms=105.516
DECODE_STEP index=335 ms=97.8044
DECODE_STEP index=336 ms=90.4656
DECODE_STEP index=337 ms=91.532
DECODE_STEP index=338 ms=92.4162
DECODE_STEP index=339 ms=86.4727
DECODE_STEP index=340 ms=90.9757
DECODE_STEP index=341 ms=92.1697
DECODE_STEP index=342 ms=110.22
DECODE_STEP index=343 ms=92.3995
DECODE_STEP index=344 ms=93.0008
DECODE_STEP index=345 ms=81.5887
DECODE_STEP index=346 ms=88.4286
DECODE_STEP index=347 ms=95.0724
DECODE_STEP index=348 ms=93.4895
DECODE_STEP index=349 ms=111.148
DECODE_STEP index=350 ms=94.5475
DECODE_STEP index=351 ms=109.52
DECODE_STEP index=352 ms=93.4037
DECODE_STEP index=353 ms=90.1385
DECODE_STEP index=354 ms=88.7386
DECODE_STEP index=355 ms=80.6145
DECODE_STEP index=356 ms=87.2092
DECODE_STEP index=357 ms=86.2008
DECODE_STEP index=358 ms=91.1741
DECODE_STEP index=359 ms=96.0826
DECODE_STEP index=360 ms=91.5785
DECODE_STEP index=361 ms=86.5668
DECODE_STEP index=362 ms=92.0622
DECODE_STEP index=363 ms=89.0125
DECODE_STEP index=364 ms=90.6533
DECODE_STEP index=365 ms=92.8101
DECODE_STEP index=366 ms=86.6391
DECODE_STEP index=367 ms=87.4205
DECODE_STEP index=368 ms=91.1591
DECODE_STEP index=369 ms=91.0996
DECODE_STEP index=370 ms=87.5179
DECODE_STEP index=371 ms=92.3394
DECODE_STEP index=372 ms=102.303
DECODE_STEP index=373 ms=88.2595
DECODE_STEP index=374 ms=87.8428
DECODE_STEP index=375 ms=85.1456
DECODE_STEP index=376 ms=93.3675
DECODE_STEP index=377 ms=93.1947
DECODE_STEP index=378 ms=97.4133
DECODE_STEP index=379 ms=100.147
DECODE_STEP index=380 ms=91.2988
DECODE_STEP index=381 ms=91.6591
DECODE_STEP index=382 ms=99.1454
DECODE_STEP index=383 ms=97.9436
DECODE_STEP index=384 ms=93.7263
DECODE_STEP index=385 ms=101.344
DECODE_STEP index=386 ms=92.1941
DECODE_STEP index=387 ms=95.4023
DECODE_STEP index=388 ms=94.1964
DECODE_STEP index=389 ms=93.3982
DECODE_STEP index=390 ms=91.2348
DECODE_STEP index=391 ms=91.3161
DECODE_STEP index=392 ms=103.944
DECODE_STEP index=393 ms=74.1467
DECODE_STEP index=394 ms=98.5388
DECODE_STEP index=395 ms=84.2795
DECODE_STEP index=396 ms=103.022
DECODE_STEP index=397 ms=102.435
DECODE_STEP index=398 ms=92.2556
DECODE_STEP index=399 ms=97.4361
DECODE_STEP index=400 ms=95.6815
DECODE_STEP index=401 ms=102.407
DECODE_STEP index=402 ms=86.6903
DECODE_STEP index=403 ms=107.66
DECODE_STEP index=404 ms=106.773
DECODE_STEP index=405 ms=93.6497
DECODE_STEP index=406 ms=89.4604
DECODE_STEP index=407 ms=100.446
DECODE_STEP index=408 ms=93.2932
DECODE_STEP index=409 ms=105.944
DECODE_STEP index=410 ms=98.7274
DECODE_STEP index=411 ms=104.544
DECODE_STEP index=412 ms=91.226
DECODE_STEP index=413 ms=93.1985
DECODE_STEP index=414 ms=106.717
DECODE_STEP index=415 ms=97.1348
DECODE_STEP index=416 ms=94.6512
DECODE_STEP index=417 ms=104.052
DECODE_STEP index=418 ms=98.4756
DECODE_STEP index=419 ms=110.687
DECODE_STEP index=420 ms=101.969
DECODE_STEP index=421 ms=94.7845
DECODE_STEP index=422 ms=98.5941
DECODE_STEP index=423 ms=88.7175
DECODE_STEP index=424 ms=115.172
DECODE_STEP index=425 ms=100.444
DECODE_STEP index=426 ms=99.6453
DECODE_STEP index=427 ms=96.1744
DECODE_STEP index=428 ms=94.7608
DECODE_STEP index=429 ms=96.5758
DECODE_STEP index=430 ms=94.8736
DECODE_STEP index=431 ms=105.753
DECODE_STEP index=432 ms=96.0089
DECODE_STEP index=433 ms=99.5384
DECODE_STEP index=434 ms=96.2877
DECODE_STEP index=435 ms=95.5085
DECODE_STEP index=436 ms=91.285
DECODE_STEP index=437 ms=98.4338
DECODE_STEP index=438 ms=93.5417
DECODE_STEP index=439 ms=91.6655
DECODE_STEP index=440 ms=112.737
DECODE_STEP index=441 ms=111.111
DECODE_STEP index=442 ms=101.901
DECODE_STEP index=443 ms=117.147
DECODE_STEP index=444 ms=104.902
DECODE_STEP index=445 ms=89.4151
DECODE_STEP index=446 ms=102.778
DECODE_STEP index=447 ms=104.606
DECODE_STEP index=448 ms=96.4292
DECODE_STEP index=449 ms=99.4394
DECODE_STEP index=450 ms=91.4423
DECODE_STEP index=451 ms=94.8924
DECODE_STEP index=452 ms=103.087
DECODE_STEP index=453 ms=93.5526
DECODE_STEP index=454 ms=78.8026
DECODE_STEP index=455 ms=91.8206
DECODE_STEP index=456 ms=88.125
DECODE_STEP index=457 ms=88.8446
DECODE_STEP index=458 ms=84.5944
DECODE_STEP index=459 ms=85.5735
DECODE_STEP index=460 ms=103.448
DECODE_STEP index=461 ms=91.1414
DECODE_STEP index=462 ms=91.7984
DECODE_STEP index=463 ms=100.233
DECODE_STEP index=464 ms=95.9699
DECODE_STEP index=465 ms=95.5467
DECODE_STEP index=466 ms=100.505
DECODE_STEP index=467 ms=92.1796
DECODE_STEP index=468 ms=83.8958
DECODE_STEP index=469 ms=94.2382
DECODE_STEP index=470 ms=88.1077
DECODE_STEP index=471 ms=92.2852
DECODE_STEP index=472 ms=84.8032
DECODE_STEP index=473 ms=105.279
DECODE_STEP index=474 ms=96.5363
DECODE_STEP index=475 ms=89.6921
DECODE_STEP index=476 ms=92.2621
DECODE_STEP index=477 ms=93.8429
DECODE_STEP index=478 ms=83.7097
DECODE_STEP index=479 ms=91.2046
DECODE_STEP index=480 ms=84.4091
DECODE_STEP index=481 ms=93.4621
DECODE_STEP index=482 ms=88.5623
DECODE_STEP index=483 ms=86.5161
DECODE_STEP index=484 ms=82.7913
DECODE_STEP index=485 ms=87.7978
DECODE_STEP index=486 ms=90.5582
DECODE_STEP index=487 ms=94.3782
DECODE_STEP index=488 ms=87.7762
DECODE_STEP index=489 ms=77.4276
DECODE_STEP index=490 ms=105.124
DECODE_STEP index=491 ms=104.309
DECODE_STEP index=492 ms=76.5722
DECODE_STEP index=493 ms=89.4369
DECODE_STEP index=494 ms=106.318
DECODE_STEP index=495 ms=99.3924
DECODE_STEP index=496 ms=94.5851
DECODE_STEP index=497 ms=112.289
DECODE_STEP index=498 ms=94.3313
DECODE_STEP index=499 ms=84.8723
DECODE_STEP index=500 ms=90.2678
DECODE_STEP index=501 ms=106.288
DECODE_STEP index=502 ms=105.644
DECODE_STEP index=503 ms=97.5007
DECODE_STEP index=504 ms=100.226
DECODE_STEP index=505 ms=103.733
DECODE_STEP index=506 ms=93.6605
DECODE_STEP index=507 ms=80.1203
DECODE_STEP index=508 ms=89.0274
DECODE_STEP index=509 ms=103.755
DECODE_STEP index=510 ms=99.2636
DECODE_STEP index=511 ms=99.0967
DECODE steps=511 ms=49131 tok_s=10.4008
HOST_RSS peak_MiB=54052.5
CPU_EXPERT gu_ms=0 quant_ms=0 down_ms=0 layer_flow_ms=35845.7 bytes=1005197328384
STEP_TRACE steps=511 moe_layers=21462 pipelined=1 head_ms=1471.18 cpu_ms=36344.4 between_ms=9377.55 tail_ms=1530.74 enqueue_ms=2858.31 tier_swaps=5161 split_windows=0 per_step_ms=95.3499
GPU peak_allocated_MiB=11516.4 native_expert_bytes=0 expert_groups=0 staging_ms=0
PREFILL_SCRATCH device=0 peak_MiB=5.07568 capacity_MiB=32
GPU_LIVE device=0 dense_MiB=5029.21 other_MiB=6213.17 prefill_MiB=32 resident_exec_MiB=2.94288 state_MiB=239.105
GPU_DEVICE device=0 peak_allocated_MiB=11516.4 live_MiB=11516.4 native_expert_bytes=0 staging_ms=0 cache_hits=0 cache_hit_bytes=0 cuda_used_MiB=13196 free_MiB=3108
DECODE_TRIAL index=2
DECODE_STEP index=1 ms=100.407
DECODE_STEP index=2 ms=106.981
DECODE_STEP index=3 ms=110.523
DECODE_STEP index=4 ms=117.717
DECODE_STEP index=5 ms=120.25
DECODE_STEP index=6 ms=108.699
DECODE_STEP index=7 ms=108.839
DECODE_STEP index=8 ms=105.744
DECODE_STEP index=9 ms=100.172
DECODE_STEP index=10 ms=99.2994
DECODE_STEP index=11 ms=107.477
DECODE_STEP index=12 ms=107.212
DECODE_STEP index=13 ms=105.724
DECODE_STEP index=14 ms=113.902
DECODE_STEP index=15 ms=99.1237
DECODE_STEP index=16 ms=103.006
DECODE_STEP index=17 ms=107.334
DECODE_STEP index=18 ms=107.106
DECODE_STEP index=19 ms=89.1341
DECODE_STEP index=20 ms=92.7631
DECODE_STEP index=21 ms=97.9778
DECODE_STEP index=22 ms=105.479
DECODE_STEP index=23 ms=103.041
DECODE_STEP index=24 ms=103.161
DECODE_STEP index=25 ms=88.0015
DECODE_STEP index=26 ms=98.6851
DECODE_STEP index=27 ms=96.7204
DECODE_STEP index=28 ms=94.6564
DECODE_STEP index=29 ms=86.3389
DECODE_STEP index=30 ms=97.138
DECODE_STEP index=31 ms=87.9869
DECODE_STEP index=32 ms=83.6853
DECODE_STEP index=33 ms=106.613
DECODE_STEP index=34 ms=92.9638
DECODE_STEP index=35 ms=110.101
DECODE_STEP index=36 ms=101.131
DECODE_STEP index=37 ms=95.8661
DECODE_STEP index=38 ms=94.5548
DECODE_STEP index=39 ms=104.284
DECODE_STEP index=40 ms=98.8908
DECODE_STEP index=41 ms=92.3647
DECODE_STEP index=42 ms=93.6282
DECODE_STEP index=43 ms=89.8727
DECODE_STEP index=44 ms=102.808
DECODE_STEP index=45 ms=99.7493
DECODE_STEP index=46 ms=87.9026
DECODE_STEP index=47 ms=94.424
DECODE_STEP index=48 ms=92.1214
DECODE_STEP index=49 ms=95.5142
DECODE_STEP index=50 ms=89.0865
DECODE_STEP index=51 ms=92.6982
DECODE_STEP index=52 ms=84.3783
DECODE_STEP index=53 ms=104.279
DECODE_STEP index=54 ms=80.2366
DECODE_STEP index=55 ms=101.111
DECODE_STEP index=56 ms=90.3011
DECODE_STEP index=57 ms=102.467
DECODE_STEP index=58 ms=86.1721
DECODE_STEP index=59 ms=90.7784
DECODE_STEP index=60 ms=74.2754
DECODE_STEP index=61 ms=96.3154
DECODE_STEP index=62 ms=93.5204
DECODE_STEP index=63 ms=102.409
DECODE_STEP index=64 ms=101.201
DECODE_STEP index=65 ms=109.13
DECODE_STEP index=66 ms=98.2305
DECODE_STEP index=67 ms=98.5347
DECODE_STEP index=68 ms=95.6629
DECODE_STEP index=69 ms=96.8137
DECODE_STEP index=70 ms=98.0077
DECODE_STEP index=71 ms=99.1096
DECODE_STEP index=72 ms=95.8827
DECODE_STEP index=73 ms=92.3459
DECODE_STEP index=74 ms=89.734
DECODE_STEP index=75 ms=94.8723
DECODE_STEP index=76 ms=98.7345
DECODE_STEP index=77 ms=98.8403
DECODE_STEP index=78 ms=97.6801
DECODE_STEP index=79 ms=93.0934
DECODE_STEP index=80 ms=78.8574
DECODE_STEP index=81 ms=90.9345
DECODE_STEP index=82 ms=86.669
DECODE_STEP index=83 ms=88.0593
DECODE_STEP index=84 ms=94.4031
DECODE_STEP index=85 ms=72.5487
DECODE_STEP index=86 ms=95.3282
DECODE_STEP index=87 ms=83.9524
DECODE_STEP index=88 ms=92.781
DECODE_STEP index=89 ms=77.3152
DECODE_STEP index=90 ms=85.9929
DECODE_STEP index=91 ms=77.6181
DECODE_STEP index=92 ms=82.2177
DECODE_STEP index=93 ms=87.9151
DECODE_STEP index=94 ms=87.283
DECODE_STEP index=95 ms=84.3458
DECODE_STEP index=96 ms=89.5783
DECODE_STEP index=97 ms=83.7633
DECODE_STEP index=98 ms=75.7611
DECODE_STEP index=99 ms=93.4715
DECODE_STEP index=100 ms=80.5567
DECODE_STEP index=101 ms=109.29
DECODE_STEP index=102 ms=83.44
DECODE_STEP index=103 ms=100.941
DECODE_STEP index=104 ms=106.98
DECODE_STEP index=105 ms=96.3048
DECODE_STEP index=106 ms=98.9398
DECODE_STEP index=107 ms=86.001
DECODE_STEP index=108 ms=101.13
DECODE_STEP index=109 ms=84.0312
DECODE_STEP index=110 ms=109.813
DECODE_STEP index=111 ms=92.53
DECODE_STEP index=112 ms=97.9136
DECODE_STEP index=113 ms=85.645
DECODE_STEP index=114 ms=99.8057
DECODE_STEP index=115 ms=92.1892
DECODE_STEP index=116 ms=93.2219
DECODE_STEP index=117 ms=99.0246
DECODE_STEP index=118 ms=107.643
DECODE_STEP index=119 ms=102.299
DECODE_STEP index=120 ms=101.326
DECODE_STEP index=121 ms=104.825
DECODE_STEP index=122 ms=91.7063
DECODE_STEP index=123 ms=109.534
DECODE_STEP index=124 ms=98.5981
DECODE_STEP index=125 ms=104.959
DECODE_STEP index=126 ms=103.048
DECODE_STEP index=127 ms=106.857
DECODE_STEP index=128 ms=91.739
DECODE_STEP index=129 ms=103.237
DECODE_STEP index=130 ms=93.8758
DECODE_STEP index=131 ms=92.4905
DECODE_STEP index=132 ms=91.8903
DECODE_STEP index=133 ms=97.7649
DECODE_STEP index=134 ms=101.794
DECODE_STEP index=135 ms=91.7714
DECODE_STEP index=136 ms=107.92
DECODE_STEP index=137 ms=107.98
DECODE_STEP index=138 ms=91.6151
DECODE_STEP index=139 ms=97.3955
DECODE_STEP index=140 ms=92.7843
DECODE_STEP index=141 ms=100.906
DECODE_STEP index=142 ms=104.469
DECODE_STEP index=143 ms=83.6652
DECODE_STEP index=144 ms=90.107
DECODE_STEP index=145 ms=102.628
DECODE_STEP index=146 ms=92.5125
DECODE_STEP index=147 ms=96.9923
DECODE_STEP index=148 ms=106.288
DECODE_STEP index=149 ms=93.5407
DECODE_STEP index=150 ms=103.904
DECODE_STEP index=151 ms=101.676
DECODE_STEP index=152 ms=102.027
DECODE_STEP index=153 ms=96.6532
DECODE_STEP index=154 ms=101.763
DECODE_STEP index=155 ms=107.711
DECODE_STEP index=156 ms=98.8814
DECODE_STEP index=157 ms=98.7039
DECODE_STEP index=158 ms=102.668
DECODE_STEP index=159 ms=103.876
DECODE_STEP index=160 ms=101.231
DECODE_STEP index=161 ms=94.0336
DECODE_STEP index=162 ms=94.1996
DECODE_STEP index=163 ms=100.429
DECODE_STEP index=164 ms=97.5551
DECODE_STEP index=165 ms=101.121
DECODE_STEP index=166 ms=88.6316
DECODE_STEP index=167 ms=97.8232
DECODE_STEP index=168 ms=88.1267
DECODE_STEP index=169 ms=77.2888
DECODE_STEP index=170 ms=89.0515
DECODE_STEP index=171 ms=92.2243
DECODE_STEP index=172 ms=92.7245
DECODE_STEP index=173 ms=86.3322
DECODE_STEP index=174 ms=83.2328
DECODE_STEP index=175 ms=84.5974
DECODE_STEP index=176 ms=92.5428
DECODE_STEP index=177 ms=99.1975
DECODE_STEP index=178 ms=94.7612
DECODE_STEP index=179 ms=92.579
DECODE_STEP index=180 ms=92.1395
DECODE_STEP index=181 ms=86.3228
DECODE_STEP index=182 ms=80.8056
DECODE_STEP index=183 ms=87.6827
DECODE_STEP index=184 ms=83.8378
DECODE_STEP index=185 ms=105.324
DECODE_STEP index=186 ms=97.5399
DECODE_STEP index=187 ms=104.021
DECODE_STEP index=188 ms=92.844
DECODE_STEP index=189 ms=91.079
DECODE_STEP index=190 ms=109.005
DECODE_STEP index=191 ms=100.849
DECODE_STEP index=192 ms=89.1192
DECODE_STEP index=193 ms=96.7543
DECODE_STEP index=194 ms=95.0945
DECODE_STEP index=195 ms=96.4611
DECODE_STEP index=196 ms=97.0718
DECODE_STEP index=197 ms=94.9812
DECODE_STEP index=198 ms=98.3019
DECODE_STEP index=199 ms=99.8484
DECODE_STEP index=200 ms=97.973
DECODE_STEP index=201 ms=90.9729
DECODE_STEP index=202 ms=101.781
DECODE_STEP index=203 ms=101.835
DECODE_STEP index=204 ms=105.275
DECODE_STEP index=205 ms=98.5486
DECODE_STEP index=206 ms=107.013
DECODE_STEP index=207 ms=92.5363
DECODE_STEP index=208 ms=102.255
DECODE_STEP index=209 ms=96.6933
DECODE_STEP index=210 ms=98.9546
DECODE_STEP index=211 ms=95.2384
DECODE_STEP index=212 ms=92.8839
DECODE_STEP index=213 ms=96.0385
DECODE_STEP index=214 ms=102.838
DECODE_STEP index=215 ms=101.279
DECODE_STEP index=216 ms=97.3838
DECODE_STEP index=217 ms=108.063
DECODE_STEP index=218 ms=94.9028
DECODE_STEP index=219 ms=100.089
DECODE_STEP index=220 ms=92.9596
DECODE_STEP index=221 ms=97.4672
DECODE_STEP index=222 ms=92.7879
DECODE_STEP index=223 ms=90.0866
DECODE_STEP index=224 ms=92.4581
DECODE_STEP index=225 ms=102.188
DECODE_STEP index=226 ms=98.6659
DECODE_STEP index=227 ms=107.124
DECODE_STEP index=228 ms=105.952
DECODE_STEP index=229 ms=103.941
DECODE_STEP index=230 ms=106.255
DECODE_STEP index=231 ms=103.875
DECODE_STEP index=232 ms=101.794
DECODE_STEP index=233 ms=104.16
DECODE_STEP index=234 ms=100.955
DECODE_STEP index=235 ms=95.6145
DECODE_STEP index=236 ms=95.7269
DECODE_STEP index=237 ms=96.3184
DECODE_STEP index=238 ms=95.0551
DECODE_STEP index=239 ms=103.42
DECODE_STEP index=240 ms=100.065
DECODE_STEP index=241 ms=89.5839
DECODE_STEP index=242 ms=89.8088
DECODE_STEP index=243 ms=97.1712
DECODE_STEP index=244 ms=92.7383
DECODE_STEP index=245 ms=92.6443
DECODE_STEP index=246 ms=95.8714
DECODE_STEP index=247 ms=96.7711
DECODE_STEP index=248 ms=100.257
DECODE_STEP index=249 ms=95.0965
DECODE_STEP index=250 ms=86.9706
DECODE_STEP index=251 ms=90.6878
DECODE_STEP index=252 ms=97.1045
DECODE_STEP index=253 ms=101.033
DECODE_STEP index=254 ms=99.7923
DECODE_STEP index=255 ms=86.4764
DECODE_STEP index=256 ms=87.7804
DECODE_STEP index=257 ms=87.9733
DECODE_STEP index=258 ms=86.8924
DECODE_STEP index=259 ms=88.1396
DECODE_STEP index=260 ms=86.5944
DECODE_STEP index=261 ms=90.137
DECODE_STEP index=262 ms=91.5617
DECODE_STEP index=263 ms=90.2453
DECODE_STEP index=264 ms=95.0834
DECODE_STEP index=265 ms=86.2879
DECODE_STEP index=266 ms=96.2651
DECODE_STEP index=267 ms=93.6048
DECODE_STEP index=268 ms=86.3739
DECODE_STEP index=269 ms=97.3433
DECODE_STEP index=270 ms=99.8599
DECODE_STEP index=271 ms=102.621
DECODE_STEP index=272 ms=88.3124
DECODE_STEP index=273 ms=96.6484
DECODE_STEP index=274 ms=91.8589
DECODE_STEP index=275 ms=90.9094
DECODE_STEP index=276 ms=91.1768
DECODE_STEP index=277 ms=102.12
DECODE_STEP index=278 ms=101.209
DECODE_STEP index=279 ms=98.442
DECODE_STEP index=280 ms=107.351
DECODE_STEP index=281 ms=101.331
DECODE_STEP index=282 ms=117.284
DECODE_STEP index=283 ms=102.467
DECODE_STEP index=284 ms=90.6236
DECODE_STEP index=285 ms=83.3385
DECODE_STEP index=286 ms=85.9396
DECODE_STEP index=287 ms=94.0188
DECODE_STEP index=288 ms=104.806
DECODE_STEP index=289 ms=87.4819
DECODE_STEP index=290 ms=90.9803
DECODE_STEP index=291 ms=87.795
DECODE_STEP index=292 ms=82.2148
DECODE_STEP index=293 ms=97.3073
DECODE_STEP index=294 ms=83.212
DECODE_STEP index=295 ms=83.8266
DECODE_STEP index=296 ms=106.08
DECODE_STEP index=297 ms=95.2067
DECODE_STEP index=298 ms=88.078
DECODE_STEP index=299 ms=87.0542
DECODE_STEP index=300 ms=83.3065
DECODE_STEP index=301 ms=95.3664
DECODE_STEP index=302 ms=110.33
DECODE_STEP index=303 ms=84.1439
DECODE_STEP index=304 ms=89.952
DECODE_STEP index=305 ms=105.651
DECODE_STEP index=306 ms=107.791
DECODE_STEP index=307 ms=89.4991
DECODE_STEP index=308 ms=88.0831
DECODE_STEP index=309 ms=97.8721
DECODE_STEP index=310 ms=86.0476
DECODE_STEP index=311 ms=87.771
DECODE_STEP index=312 ms=94.0288
DECODE_STEP index=313 ms=97.4008
DECODE_STEP index=314 ms=92.8704
DECODE_STEP index=315 ms=109.914
DECODE_STEP index=316 ms=103.972
DECODE_STEP index=317 ms=100.371
DECODE_STEP index=318 ms=103.876
DECODE_STEP index=319 ms=99.2906
DECODE_STEP index=320 ms=103.091
DECODE_STEP index=321 ms=106.046
DECODE_STEP index=322 ms=106.325
DECODE_STEP index=323 ms=97.4868
DECODE_STEP index=324 ms=106.351
DECODE_STEP index=325 ms=83.2987
DECODE_STEP index=326 ms=86.8572
DECODE_STEP index=327 ms=89.952
DECODE_STEP index=328 ms=94.5931
DECODE_STEP index=329 ms=101.186
DECODE_STEP index=330 ms=98.8998
DECODE_STEP index=331 ms=84.5346
DECODE_STEP index=332 ms=92.5783
DECODE_STEP index=333 ms=96.34
DECODE_STEP index=334 ms=103.755
DECODE_STEP index=335 ms=98.9689
DECODE_STEP index=336 ms=94.1009
DECODE_STEP index=337 ms=91.9337
DECODE_STEP index=338 ms=88.5753
DECODE_STEP index=339 ms=85.7298
DECODE_STEP index=340 ms=91.0972
DECODE_STEP index=341 ms=86.4199
DECODE_STEP index=342 ms=114.529
DECODE_STEP index=343 ms=90.2922
DECODE_STEP index=344 ms=93.7511
DECODE_STEP index=345 ms=81.0215
DECODE_STEP index=346 ms=91.101
DECODE_STEP index=347 ms=92.5194
DECODE_STEP index=348 ms=95.1748
DECODE_STEP index=349 ms=109.552
DECODE_STEP index=350 ms=95.4713
DECODE_STEP index=351 ms=107.731
DECODE_STEP index=352 ms=94.6337
DECODE_STEP index=353 ms=86.2772
DECODE_STEP index=354 ms=88.6313
DECODE_STEP index=355 ms=82.8063
DECODE_STEP index=356 ms=85.6054
DECODE_STEP index=357 ms=86.2808
DECODE_STEP index=358 ms=91.7146
DECODE_STEP index=359 ms=97.5663
DECODE_STEP index=360 ms=93.5386
DECODE_STEP index=361 ms=89.1828
DECODE_STEP index=362 ms=90.2579
DECODE_STEP index=363 ms=90.9686
DECODE_STEP index=364 ms=90.5504
DECODE_STEP index=365 ms=92.728
DECODE_STEP index=366 ms=82.255
DECODE_STEP index=367 ms=90.2538
DECODE_STEP index=368 ms=94.879
DECODE_STEP index=369 ms=89.5445
DECODE_STEP index=370 ms=88.3529
DECODE_STEP index=371 ms=89.2313
DECODE_STEP index=372 ms=101.309
DECODE_STEP index=373 ms=90.1934
DECODE_STEP index=374 ms=86.7502
DECODE_STEP index=375 ms=85.5796
DECODE_STEP index=376 ms=93.4601
DECODE_STEP index=377 ms=91.8015
DECODE_STEP index=378 ms=94.833
DECODE_STEP index=379 ms=99.1407
DECODE_STEP index=380 ms=93.2266
DECODE_STEP index=381 ms=90.4229
DECODE_STEP index=382 ms=99.5321
DECODE_STEP index=383 ms=94.9054
DECODE_STEP index=384 ms=90.8851
DECODE_STEP index=385 ms=104.638
DECODE_STEP index=386 ms=92.0554
DECODE_STEP index=387 ms=97.2852
DECODE_STEP index=388 ms=95.9337
DECODE_STEP index=389 ms=89.5875
DECODE_STEP index=390 ms=91.5247
DECODE_STEP index=391 ms=86.8535
DECODE_STEP index=392 ms=103.14
DECODE_STEP index=393 ms=76.419
DECODE_STEP index=394 ms=94.0432
DECODE_STEP index=395 ms=86.8234
DECODE_STEP index=396 ms=100.72
DECODE_STEP index=397 ms=101.952
DECODE_STEP index=398 ms=94.0627
DECODE_STEP index=399 ms=95.2303
DECODE_STEP index=400 ms=97.6279
DECODE_STEP index=401 ms=103.584
DECODE_STEP index=402 ms=88.7046
DECODE_STEP index=403 ms=107.424
DECODE_STEP index=404 ms=103.617
DECODE_STEP index=405 ms=95.2592
DECODE_STEP index=406 ms=93.59
DECODE_STEP index=407 ms=98.936
DECODE_STEP index=408 ms=93.8365
DECODE_STEP index=409 ms=105.971
DECODE_STEP index=410 ms=93.1422
DECODE_STEP index=411 ms=102.156
DECODE_STEP index=412 ms=93.6154
DECODE_STEP index=413 ms=96.1824
DECODE_STEP index=414 ms=108.137
DECODE_STEP index=415 ms=97.8967
DECODE_STEP index=416 ms=97.3879
DECODE_STEP index=417 ms=102.387
DECODE_STEP index=418 ms=99.8329
DECODE_STEP index=419 ms=111.45
DECODE_STEP index=420 ms=101.915
DECODE_STEP index=421 ms=95.6351
DECODE_STEP index=422 ms=95.7112
DECODE_STEP index=423 ms=90.9805
DECODE_STEP index=424 ms=118.102
DECODE_STEP index=425 ms=100.689
DECODE_STEP index=426 ms=98.2754
DECODE_STEP index=427 ms=93.339
DECODE_STEP index=428 ms=92.4753
DECODE_STEP index=429 ms=94.2952
DECODE_STEP index=430 ms=93.6851
DECODE_STEP index=431 ms=103.637
DECODE_STEP index=432 ms=99.2205
DECODE_STEP index=433 ms=100.24
DECODE_STEP index=434 ms=94.892
DECODE_STEP index=435 ms=93.0823
DECODE_STEP index=436 ms=94.0674
DECODE_STEP index=437 ms=97.8158
DECODE_STEP index=438 ms=93.6129
DECODE_STEP index=439 ms=91.6258
DECODE_STEP index=440 ms=111.71
DECODE_STEP index=441 ms=114.41
DECODE_STEP index=442 ms=101.981
DECODE_STEP index=443 ms=114.142
DECODE_STEP index=444 ms=102.321
DECODE_STEP index=445 ms=89.7303
DECODE_STEP index=446 ms=103.051
DECODE_STEP index=447 ms=104.919
DECODE_STEP index=448 ms=95.8604
DECODE_STEP index=449 ms=99.4312
DECODE_STEP index=450 ms=94.0494
DECODE_STEP index=451 ms=93.7246
DECODE_STEP index=452 ms=98.4306
DECODE_STEP index=453 ms=96.5432
DECODE_STEP index=454 ms=78.4101
DECODE_STEP index=455 ms=94.9801
DECODE_STEP index=456 ms=87.7148
DECODE_STEP index=457 ms=90.9993
DECODE_STEP index=458 ms=81.3229
DECODE_STEP index=459 ms=86.694
DECODE_STEP index=460 ms=103.511
DECODE_STEP index=461 ms=91.432
DECODE_STEP index=462 ms=91.4173
DECODE_STEP index=463 ms=100.426
DECODE_STEP index=464 ms=97.9969
DECODE_STEP index=465 ms=92.7734
DECODE_STEP index=466 ms=96.7427
DECODE_STEP index=467 ms=91.8996
DECODE_STEP index=468 ms=84.4296
DECODE_STEP index=469 ms=97.3692
DECODE_STEP index=470 ms=88.973
DECODE_STEP index=471 ms=90.6259
DECODE_STEP index=472 ms=80.4822
DECODE_STEP index=473 ms=106.301
DECODE_STEP index=474 ms=97.0125
DECODE_STEP index=475 ms=92.7514
DECODE_STEP index=476 ms=86.5828
DECODE_STEP index=477 ms=93.7811
DECODE_STEP index=478 ms=86.5651
DECODE_STEP index=479 ms=91.4682
DECODE_STEP index=480 ms=84.4347
DECODE_STEP index=481 ms=91.8781
DECODE_STEP index=482 ms=87.8656
DECODE_STEP index=483 ms=90.5204
DECODE_STEP index=484 ms=85.8142
DECODE_STEP index=485 ms=92.2099
DECODE_STEP index=486 ms=91.9005
DECODE_STEP index=487 ms=90.8787
DECODE_STEP index=488 ms=84.4686
DECODE_STEP index=489 ms=77.9805
DECODE_STEP index=490 ms=105.137
DECODE_STEP index=491 ms=102.751
DECODE_STEP index=492 ms=79.1412
DECODE_STEP index=493 ms=86.1813
DECODE_STEP index=494 ms=103.862
DECODE_STEP index=495 ms=100.857
DECODE_STEP index=496 ms=94.9943
DECODE_STEP index=497 ms=114.294
DECODE_STEP index=498 ms=96.149
DECODE_STEP index=499 ms=87.5472
DECODE_STEP index=500 ms=93.0142
DECODE_STEP index=501 ms=106.997
DECODE_STEP index=502 ms=105.268
DECODE_STEP index=503 ms=98.8786
DECODE_STEP index=504 ms=97.8596
DECODE_STEP index=505 ms=104.739
DECODE_STEP index=506 ms=94.9227
DECODE_STEP index=507 ms=79.6984
DECODE_STEP index=508 ms=89.9125
DECODE_STEP index=509 ms=104.121
DECODE_STEP index=510 ms=101.362
DECODE_STEP index=511 ms=98.0745
DECODE steps=511 ms=49183.3 tok_s=10.3897
HOST_RSS peak_MiB=54052.5
CPU_EXPERT gu_ms=0 quant_ms=0 down_ms=0 layer_flow_ms=35868.4 bytes=1005288423424
STEP_TRACE steps=511 moe_layers=21462 pipelined=1 head_ms=1468.99 cpu_ms=36364.7 between_ms=9358.88 tail_ms=1513.11 enqueue_ms=2843.24 tier_swaps=7741 split_windows=0 per_step_ms=95.3145
GPU peak_allocated_MiB=11516.4 native_expert_bytes=0 expert_groups=0 staging_ms=0
PREFILL_SCRATCH device=0 peak_MiB=5.07568 capacity_MiB=32
GPU_LIVE device=0 dense_MiB=5029.21 other_MiB=6213.17 prefill_MiB=32 resident_exec_MiB=2.94288 state_MiB=239.105
GPU_DEVICE device=0 peak_allocated_MiB=11516.4 live_MiB=11516.4 native_expert_bytes=0 staging_ms=0 cache_hits=0 cache_hit_bytes=0 cuda_used_MiB=13196 free_MiB=3108
resident expert entries=184657/515088
