STAGING compact=1 slot_MiB=140
FLOATING_Q8 tensor=blk.0.hc_attn_fn source_type=0 MiB=0.398438
FLOATING_Q8 tensor=blk.0.hc_ffn_fn source_type=0 MiB=0.398438
FLOATING_Q8 tensor=blk.1.hc_attn_fn source_type=0 MiB=0.398438
FLOATING_Q8 tensor=blk.1.hc_ffn_fn source_type=0 MiB=0.398438
FLOATING_Q8 tensor=blk.10.hc_attn_fn source_type=0 MiB=0.398438
FLOATING_Q8 tensor=blk.10.hc_ffn_fn source_type=0 MiB=0.398438
FLOATING_Q8 tensor=blk.11.attn_k_b.weight source_type=12 MiB=8.5
FLOATING_Q8 tensor=blk.11.attn_v_b.weight source_type=12 MiB=8.5
FLOATING_Q8 tensor=blk.11.hc_attn_fn source_type=0 MiB=0.398438
FLOATING_Q8 tensor=blk.11.hc_ffn_fn source_type=0 MiB=0.398438
FLOATING_Q8 tensor=blk.12.hc_attn_fn source_type=0 MiB=0.398438
FLOATING_Q8 tensor=blk.12.hc_ffn_fn source_type=0 MiB=0.398438
FLOATING_Q8 tensor=blk.13.hc_attn_fn source_type=0 MiB=0.398438
FLOATING_Q8 tensor=blk.13.hc_ffn_fn source_type=0 MiB=0.398438
FLOATING_Q8 tensor=blk.14.hc_attn_fn source_type=0 MiB=0.398438
FLOATING_Q8 tensor=blk.14.hc_ffn_fn source_type=0 MiB=0.398438
FLOATING_Q8 tensor=blk.15.attn_k_b.weight source_type=12 MiB=8.5
FLOATING_Q8 tensor=blk.15.attn_v_b.weight source_type=12 MiB=8.5
FLOATING_Q8 tensor=blk.15.hc_attn_fn source_type=0 MiB=0.398438
FLOATING_Q8 tensor=blk.15.hc_ffn_fn source_type=0 MiB=0.398438
FLOATING_Q8 tensor=blk.16.hc_attn_fn source_type=0 MiB=0.398438
FLOATING_Q8 tensor=blk.16.hc_ffn_fn source_type=0 MiB=0.398438
FLOATING_Q8 tensor=blk.17.hc_attn_fn source_type=0 MiB=0.398438
FLOATING_Q8 tensor=blk.17.hc_ffn_fn source_type=0 MiB=0.398438
FLOATING_Q8 tensor=blk.18.hc_attn_fn source_type=0 MiB=0.398438
FLOATING_Q8 tensor=blk.18.hc_ffn_fn source_type=0 MiB=0.398438
FLOATING_Q8 tensor=blk.19.attn_k_b.weight source_type=12 MiB=8.5
FLOATING_Q8 tensor=blk.19.attn_v_b.weight source_type=12 MiB=8.5
FLOATING_Q8 tensor=blk.19.hc_attn_fn source_type=0 MiB=0.398438
FLOATING_Q8 tensor=blk.19.hc_ffn_fn source_type=0 MiB=0.398438
FLOATING_Q8 tensor=blk.2.hc_attn_fn source_type=0 MiB=0.398438
FLOATING_Q8 tensor=blk.2.hc_ffn_fn source_type=0 MiB=0.398438
FLOATING_Q8 tensor=blk.20.hc_attn_fn source_type=0 MiB=0.398438
FLOATING_Q8 tensor=blk.20.hc_ffn_fn source_type=0 MiB=0.398438
FLOATING_Q8 tensor=blk.21.hc_attn_fn source_type=0 MiB=0.398438
FLOATING_Q8 tensor=blk.21.hc_ffn_fn source_type=0 MiB=0.398438
FLOATING_Q8 tensor=blk.22.hc_attn_fn source_type=0 MiB=0.398438
FLOATING_Q8 tensor=blk.22.hc_ffn_fn source_type=0 MiB=0.398438
FLOATING_Q8 tensor=blk.23.attn_k_b.weight source_type=12 MiB=8.5
FLOATING_Q8 tensor=blk.23.attn_v_b.weight source_type=12 MiB=8.5
FLOATING_Q8 tensor=blk.23.hc_attn_fn source_type=0 MiB=0.398438
FLOATING_Q8 tensor=blk.23.hc_ffn_fn source_type=0 MiB=0.398438
FLOATING_Q8 tensor=blk.24.hc_attn_fn source_type=0 MiB=0.398438
FLOATING_Q8 tensor=blk.24.hc_ffn_fn source_type=0 MiB=0.398438
FLOATING_Q8 tensor=blk.25.hc_attn_fn source_type=0 MiB=0.398438
FLOATING_Q8 tensor=blk.25.hc_ffn_fn source_type=0 MiB=0.398438
FLOATING_Q8 tensor=blk.26.hc_attn_fn source_type=0 MiB=0.398438
FLOATING_Q8 tensor=blk.26.hc_ffn_fn source_type=0 MiB=0.398438
FLOATING_Q8 tensor=blk.27.attn_k_b.weight source_type=12 MiB=8.5
FLOATING_Q8 tensor=blk.27.attn_v_b.weight source_type=12 MiB=8.5
FLOATING_Q8 tensor=blk.27.hc_attn_fn source_type=0 MiB=0.398438
FLOATING_Q8 tensor=blk.27.hc_ffn_fn source_type=0 MiB=0.398438
FLOATING_Q8 tensor=blk.28.hc_attn_fn source_type=0 MiB=0.398438
FLOATING_Q8 tensor=blk.28.hc_ffn_fn source_type=0 MiB=0.398438
FLOATING_Q8 tensor=blk.29.hc_attn_fn source_type=0 MiB=0.398438
FLOATING_Q8 tensor=blk.29.hc_ffn_fn source_type=0 MiB=0.398438
FLOATING_Q8 tensor=blk.3.attn_k_b.weight source_type=12 MiB=8.5
FLOATING_Q8 tensor=blk.3.attn_v_b.weight source_type=12 MiB=8.5
FLOATING_Q8 tensor=blk.3.hc_attn_fn source_type=0 MiB=0.398438
FLOATING_Q8 tensor=blk.3.hc_ffn_fn source_type=0 MiB=0.398438
FLOATING_Q8 tensor=blk.30.hc_attn_fn source_type=0 MiB=0.398438
FLOATING_Q8 tensor=blk.30.hc_ffn_fn source_type=0 MiB=0.398438
FLOATING_Q8 tensor=blk.31.attn_k_b.weight source_type=12 MiB=8.5
FLOATING_Q8 tensor=blk.31.attn_v_b.weight source_type=12 MiB=8.5
FLOATING_Q8 tensor=blk.31.hc_attn_fn source_type=0 MiB=0.398438
FLOATING_Q8 tensor=blk.31.hc_ffn_fn source_type=0 MiB=0.398438
FLOATING_Q8 tensor=blk.32.hc_attn_fn source_type=0 MiB=0.398438
FLOATING_Q8 tensor=blk.32.hc_ffn_fn source_type=0 MiB=0.398438
FLOATING_Q8 tensor=blk.33.hc_attn_fn source_type=0 MiB=0.398438
FLOATING_Q8 tensor=blk.33.hc_ffn_fn source_type=0 MiB=0.398438
FLOATING_Q8 tensor=blk.34.hc_attn_fn source_type=0 MiB=0.398438
FLOATING_Q8 tensor=blk.34.hc_ffn_fn source_type=0 MiB=0.398438
FLOATING_Q8 tensor=blk.35.attn_k_b.weight source_type=12 MiB=8.5
FLOATING_Q8 tensor=blk.35.attn_v_b.weight source_type=12 MiB=8.5
FLOATING_Q8 tensor=blk.35.hc_attn_fn source_type=0 MiB=0.398438
FLOATING_Q8 tensor=blk.35.hc_ffn_fn source_type=0 MiB=0.398438
FLOATING_Q8 tensor=blk.36.hc_attn_fn source_type=0 MiB=0.398438
FLOATING_Q8 tensor=blk.36.hc_ffn_fn source_type=0 MiB=0.398438
FLOATING_Q8 tensor=blk.37.hc_attn_fn source_type=0 MiB=0.398438
FLOATING_Q8 tensor=blk.37.hc_ffn_fn source_type=0 MiB=0.398438
FLOATING_Q8 tensor=blk.38.hc_attn_fn source_type=0 MiB=0.398438
FLOATING_Q8 tensor=blk.38.hc_ffn_fn source_type=0 MiB=0.398438
FLOATING_Q8 tensor=blk.39.attn_k_b.weight source_type=12 MiB=8.5
FLOATING_Q8 tensor=blk.39.attn_v_b.weight source_type=12 MiB=8.5
FLOATING_Q8 tensor=blk.39.hc_attn_fn source_type=0 MiB=0.398438
FLOATING_Q8 tensor=blk.39.hc_ffn_fn source_type=0 MiB=0.398438
FLOATING_Q8 tensor=blk.4.hc_attn_fn source_type=0 MiB=0.398438
FLOATING_Q8 tensor=blk.4.hc_ffn_fn source_type=0 MiB=0.398438
FLOATING_Q8 tensor=blk.40.hc_attn_fn source_type=0 MiB=0.398438
FLOATING_Q8 tensor=blk.40.hc_ffn_fn source_type=0 MiB=0.398438
FLOATING_Q8 tensor=blk.41.hc_attn_fn source_type=0 MiB=0.398438
FLOATING_Q8 tensor=blk.41.hc_ffn_fn source_type=0 MiB=0.398438
FLOATING_Q8 tensor=blk.42.hc_attn_fn source_type=0 MiB=0.398438
FLOATING_Q8 tensor=blk.42.hc_ffn_fn source_type=0 MiB=0.398438
FLOATING_Q8 tensor=blk.43.attn_k_b.weight source_type=12 MiB=8.5
FLOATING_Q8 tensor=blk.43.attn_v_b.weight source_type=12 MiB=8.5
FLOATING_Q8 tensor=blk.43.hc_attn_fn source_type=0 MiB=0.398438
FLOATING_Q8 tensor=blk.43.hc_ffn_fn source_type=0 MiB=0.398438
FLOATING_Q8 tensor=blk.44.hc_attn_fn source_type=0 MiB=0.398438
FLOATING_Q8 tensor=blk.44.hc_ffn_fn source_type=0 MiB=0.398438
FLOATING_Q8 tensor=blk.5.hc_attn_fn source_type=0 MiB=0.398438
FLOATING_Q8 tensor=blk.5.hc_ffn_fn source_type=0 MiB=0.398438
FLOATING_Q8 tensor=blk.6.hc_attn_fn source_type=0 MiB=0.398438
FLOATING_Q8 tensor=blk.6.hc_ffn_fn source_type=0 MiB=0.398438
FLOATING_Q8 tensor=blk.7.attn_k_b.weight source_type=12 MiB=8.5
FLOATING_Q8 tensor=blk.7.attn_v_b.weight source_type=12 MiB=8.5
FLOATING_Q8 tensor=blk.7.hc_attn_fn source_type=0 MiB=0.398438
FLOATING_Q8 tensor=blk.7.hc_ffn_fn source_type=0 MiB=0.398438
FLOATING_Q8 tensor=blk.8.hc_attn_fn source_type=0 MiB=0.398438
FLOATING_Q8 tensor=blk.8.hc_ffn_fn source_type=0 MiB=0.398438
FLOATING_Q8 tensor=blk.9.hc_attn_fn source_type=0 MiB=0.398438
FLOATING_Q8 tensor=blk.9.hc_ffn_fn source_type=0 MiB=0.398438
GPU prefill chunk=2048 staging_workers=4 numa_cpus=0,1,2,3
GPU allocated_MiB=7154.73 reserved_runtime_MiB=1024 budget_MiB=14336
GPU_DENSE_HOST_RELEASE phase=main tensors=1256 source_MiB_advised=5040.35 ms=125.57
PREFILL_PARTITION primary_groups=9 secondary_groups=0
PREFILL_CACHE device=0 budget_MiB=0 reserve_MiB=4096
PREFILL_CACHE_PLAN device=0 base_groups=0 unused_MiB=0
MAPPED_EXPERTS numa_rows=0 lazy=1 bytes=55094280192
PREFILL trial=0 tokens=2048 batch=2048 ms=8903.63 tok_s=230.019
FAULTS trial=0 major=8 minor=33008
HOST_RSS peak_MiB=54025.3
CPU_EXPERT gu_ms=0 quant_ms=0 down_ms=0 layer_flow_ms=0 bytes=0
GPU peak_allocated_MiB=7547.23 native_expert_bytes=55101150720 expert_groups=378 staging_ms=5220.65
PREFILL_SCRATCH device=0 peak_MiB=696.564 capacity_MiB=1024
GPU_LIVE device=0 dense_MiB=5029.21 other_MiB=814.918 prefill_MiB=1464 state_MiB=239.105
GPU_DEVICE device=0 peak_allocated_MiB=7547.23 live_MiB=7547.23 native_expert_bytes=55101150720 staging_ms=5220.65 cache_hits=0 cache_hit_bytes=0 cuda_used_MiB=8320 free_MiB=7984
PREFILL trial=1 tokens=2048 batch=2048 ms=8905.29 tok_s=229.976
FAULTS trial=1 major=4 minor=32925
HOST_RSS peak_MiB=54051
CPU_EXPERT gu_ms=0 quant_ms=0 down_ms=0 layer_flow_ms=0 bytes=0
GPU peak_allocated_MiB=7547.23 native_expert_bytes=55101150720 expert_groups=378 staging_ms=5233.67
PREFILL_SCRATCH device=0 peak_MiB=696.564 capacity_MiB=1024
GPU_LIVE device=0 dense_MiB=5029.21 other_MiB=814.918 prefill_MiB=1464 state_MiB=239.105
GPU_DEVICE device=0 peak_allocated_MiB=7547.23 live_MiB=7547.23 native_expert_bytes=55101150720 staging_ms=5233.67 cache_hits=0 cache_hit_bytes=0 cuda_used_MiB=8320 free_MiB=7984
PREFILL trial=2 tokens=2048 batch=2048 ms=8904.32 tok_s=230.001
FAULTS trial=2 major=0 minor=32769
HOST_RSS peak_MiB=54067.9
CPU_EXPERT gu_ms=0 quant_ms=0 down_ms=0 layer_flow_ms=0 bytes=0
GPU peak_allocated_MiB=7547.23 native_expert_bytes=55101150720 expert_groups=378 staging_ms=5220.78
PREFILL_SCRATCH device=0 peak_MiB=696.564 capacity_MiB=1024
GPU_LIVE device=0 dense_MiB=5029.21 other_MiB=814.918 prefill_MiB=1464 state_MiB=239.105
GPU_DEVICE device=0 peak_allocated_MiB=7547.23 live_MiB=7547.23 native_expert_bytes=55101150720 staging_ms=5220.78 cache_hits=0 cache_hit_bytes=0 cuda_used_MiB=8320 free_MiB=7984
FLOATING_Q8 tensor=blk.45.attn_k_b.weight source_type=12 MiB=8.5
FLOATING_Q8 tensor=blk.45.attn_v_b.weight source_type=12 MiB=8.5
MTP free_MiB=10058
MTP expert_backend=cpu
MTP resident_MiB=0 allocated_MiB=5486.94 primed_tokens=2048
GPU_DENSE_HOST_RELEASE phase=draft tensors=26 source_MiB_advised=104.628 ms=2.41183
VERIFY_HISTORY slots=3 MiB=177.685 compact_replay=1
MAPPED_EXPERTS numa_rows=0 lazy=1 bytes=55094280192
PREFILL_WORK device=0 transferred_bytes=0 staging_ms=0 actual_rows=0 padded_rows=0 dequant_values=0
DECODE_RUNTIME owned_MiB=290.314 reserve_MiB=512
DECODE_RUNTIME override_reserve_MiB=512
DECODE_CACHE prefix_trained=1 slots=707 MiB=6142.06 fingerprint=14322937617214338668
RESPONSE_PREPARE kind=decode_cache ms=951.171
RESPONSE_PREPARE kind=cpu ms=0.001613
DECODE_TRIAL index=0
CHECKPOINT MiB=145.609
MTP_DEPTH requested=3 effective=3
SPECULATIVE source=mtp generated=512 rounds=232 proposed=532 accepted=278 replayed=0 ms=58951.3 tok_s=8.66817
MTP_TIMING draft_ms=5259.02 verify_ms=51180.2 resync_ms=2139.64
MTP_POSITION index=0 proposed=232 accepted=145
MTP_POSITION index=1 proposed=171 accepted=84
MTP_POSITION index=2 proposed=129 accepted=49
MTP_MARGIN minimum=2 skipped=103
HOST_RSS peak_MiB=56381.6
CPU_EXPERT gu_ms=3019.06 quant_ms=13.1082 down_ms=1900.7 layer_flow_ms=48720.6 bytes=1519524249600
STEP_TRACE steps=233 moe_layers=19530 pipelined=1 head_ms=847.053 cpu_ms=49405.2 between_ms=144.568 tail_ms=826.401 enqueue_ms=4461.24 tier_swaps=924 split_windows=232 per_step_ms=219.842
GPU peak_allocated_MiB=11964.7 native_expert_bytes=0 expert_groups=0 staging_ms=0
PREFILL_SCRATCH device=0 peak_MiB=5.94824 capacity_MiB=32
GPU_LIVE device=0 dense_MiB=5029.21 dense_mtp_MiB=112.628 other_MiB=6222.55 prefill_MiB=32 resident_exec_MiB=5.88576 state_MiB=239.105 verify_history_MiB=177.685
GPU_DEVICE device=0 peak_allocated_MiB=11964.7 live_MiB=11819.1 native_expert_bytes=0 staging_ms=0 cache_hits=0 cache_hit_bytes=0 cuda_used_MiB=13512 free_MiB=2792
DECODE_TRIAL index=1
CHECKPOINT MiB=145.609
MTP_DEPTH requested=3 effective=3
SPECULATIVE source=mtp generated=512 rounds=232 proposed=532 accepted=278 replayed=0 ms=57664.2 tok_s=8.86165
MTP_TIMING draft_ms=5145.28 verify_ms=50098.2 resync_ms=2062.85
MTP_POSITION index=0 proposed=232 accepted=145
MTP_POSITION index=1 proposed=171 accepted=84
MTP_POSITION index=2 proposed=129 accepted=49
MTP_MARGIN minimum=2 skipped=103
HOST_RSS peak_MiB=56388.3
CPU_EXPERT gu_ms=2937.38 quant_ms=13.089 down_ms=1890.16 layer_flow_ms=47606.5 bytes=1492086423552
STEP_TRACE steps=233 moe_layers=19530 pipelined=1 head_ms=846.575 cpu_ms=48291.7 between_ms=165.897 tail_ms=843.821 enqueue_ms=4207.3 tier_swaps=1652 split_windows=464 per_step_ms=215.228
GPU peak_allocated_MiB=11964.7 native_expert_bytes=0 expert_groups=0 staging_ms=0
PREFILL_SCRATCH device=0 peak_MiB=5.94824 capacity_MiB=32
GPU_LIVE device=0 dense_MiB=5029.21 dense_mtp_MiB=112.628 other_MiB=6222.55 prefill_MiB=32 resident_exec_MiB=5.88576 state_MiB=239.105 verify_history_MiB=177.685
GPU_DEVICE device=0 peak_allocated_MiB=11964.7 live_MiB=11819.1 native_expert_bytes=0 staging_ms=0 cache_hits=0 cache_hit_bytes=0 cuda_used_MiB=13512 free_MiB=2792
DECODE_TRIAL index=2
CHECKPOINT MiB=145.609
MTP_DEPTH requested=3 effective=3
SPECULATIVE source=mtp generated=512 rounds=232 proposed=532 accepted=278 replayed=0 ms=57582.4 tok_s=8.87424
MTP_TIMING draft_ms=5131.82 verify_ms=50056.7 resync_ms=2040.95
MTP_POSITION index=0 proposed=232 accepted=145
MTP_POSITION index=1 proposed=171 accepted=84
MTP_POSITION index=2 proposed=129 accepted=49
MTP_MARGIN minimum=2 skipped=103
HOST_RSS peak_MiB=56389.8
CPU_EXPERT gu_ms=2925.83 quant_ms=13.0742 down_ms=1894.54 layer_flow_ms=47589.8 bytes=1491640057856
STEP_TRACE steps=233 moe_layers=19530 pipelined=1 head_ms=843.092 cpu_ms=48273.1 between_ms=165.141 tail_ms=822.973 enqueue_ms=4161.74 tier_swaps=2372 split_windows=696 per_step_ms=215.04
GPU peak_allocated_MiB=11964.7 native_expert_bytes=0 expert_groups=0 staging_ms=0
PREFILL_SCRATCH device=0 peak_MiB=5.94824 capacity_MiB=32
GPU_LIVE device=0 dense_MiB=5029.21 dense_mtp_MiB=112.628 other_MiB=6222.55 prefill_MiB=32 resident_exec_MiB=5.88576 state_MiB=239.105 verify_history_MiB=177.685
GPU_DEVICE device=0 peak_allocated_MiB=11964.7 live_MiB=11819.1 native_expert_bytes=0 staging_ms=0 cache_hits=0 cache_hit_bytes=0 cuda_used_MiB=13512 free_MiB=2792
resident expert entries=287994/771120
