STAGING compact=1 slot_MiB=140
FLOATING_Q8 tensor=blk.0.hc_attn_fn source_type=0 MiB=0.398438
FLOATING_Q8 tensor=blk.0.hc_ffn_fn source_type=0 MiB=0.398438
FLOATING_Q8 tensor=blk.1.hc_attn_fn source_type=0 MiB=0.398438
FLOATING_Q8 tensor=blk.1.hc_ffn_fn source_type=0 MiB=0.398438
FLOATING_Q8 tensor=blk.10.hc_attn_fn source_type=0 MiB=0.398438
FLOATING_Q8 tensor=blk.10.hc_ffn_fn source_type=0 MiB=0.398438
FLOATING_Q8 tensor=blk.11.attn_k_b.weight source_type=12 MiB=8.5
FLOATING_Q8 tensor=blk.11.attn_v_b.weight source_type=12 MiB=8.5
FLOATING_Q8 tensor=blk.11.hc_attn_fn source_type=0 MiB=0.398438
FLOATING_Q8 tensor=blk.11.hc_ffn_fn source_type=0 MiB=0.398438
FLOATING_Q8 tensor=blk.12.hc_attn_fn source_type=0 MiB=0.398438
FLOATING_Q8 tensor=blk.12.hc_ffn_fn source_type=0 MiB=0.398438
FLOATING_Q8 tensor=blk.13.hc_attn_fn source_type=0 MiB=0.398438
FLOATING_Q8 tensor=blk.13.hc_ffn_fn source_type=0 MiB=0.398438
FLOATING_Q8 tensor=blk.14.hc_attn_fn source_type=0 MiB=0.398438
FLOATING_Q8 tensor=blk.14.hc_ffn_fn source_type=0 MiB=0.398438
FLOATING_Q8 tensor=blk.15.attn_k_b.weight source_type=12 MiB=8.5
FLOATING_Q8 tensor=blk.15.attn_v_b.weight source_type=12 MiB=8.5
FLOATING_Q8 tensor=blk.15.hc_attn_fn source_type=0 MiB=0.398438
FLOATING_Q8 tensor=blk.15.hc_ffn_fn source_type=0 MiB=0.398438
FLOATING_Q8 tensor=blk.16.hc_attn_fn source_type=0 MiB=0.398438
FLOATING_Q8 tensor=blk.16.hc_ffn_fn source_type=0 MiB=0.398438
FLOATING_Q8 tensor=blk.17.hc_attn_fn source_type=0 MiB=0.398438
FLOATING_Q8 tensor=blk.17.hc_ffn_fn source_type=0 MiB=0.398438
FLOATING_Q8 tensor=blk.18.hc_attn_fn source_type=0 MiB=0.398438
FLOATING_Q8 tensor=blk.18.hc_ffn_fn source_type=0 MiB=0.398438
FLOATING_Q8 tensor=blk.19.attn_k_b.weight source_type=12 MiB=8.5
FLOATING_Q8 tensor=blk.19.attn_v_b.weight source_type=12 MiB=8.5
FLOATING_Q8 tensor=blk.19.hc_attn_fn source_type=0 MiB=0.398438
FLOATING_Q8 tensor=blk.19.hc_ffn_fn source_type=0 MiB=0.398438
FLOATING_Q8 tensor=blk.2.hc_attn_fn source_type=0 MiB=0.398438
FLOATING_Q8 tensor=blk.2.hc_ffn_fn source_type=0 MiB=0.398438
FLOATING_Q8 tensor=blk.20.hc_attn_fn source_type=0 MiB=0.398438
FLOATING_Q8 tensor=blk.20.hc_ffn_fn source_type=0 MiB=0.398438
FLOATING_Q8 tensor=blk.21.hc_attn_fn source_type=0 MiB=0.398438
FLOATING_Q8 tensor=blk.21.hc_ffn_fn source_type=0 MiB=0.398438
FLOATING_Q8 tensor=blk.22.hc_attn_fn source_type=0 MiB=0.398438
FLOATING_Q8 tensor=blk.22.hc_ffn_fn source_type=0 MiB=0.398438
FLOATING_Q8 tensor=blk.23.attn_k_b.weight source_type=12 MiB=8.5
FLOATING_Q8 tensor=blk.23.attn_v_b.weight source_type=12 MiB=8.5
FLOATING_Q8 tensor=blk.23.hc_attn_fn source_type=0 MiB=0.398438
FLOATING_Q8 tensor=blk.23.hc_ffn_fn source_type=0 MiB=0.398438
FLOATING_Q8 tensor=blk.24.hc_attn_fn source_type=0 MiB=0.398438
FLOATING_Q8 tensor=blk.24.hc_ffn_fn source_type=0 MiB=0.398438
FLOATING_Q8 tensor=blk.25.hc_attn_fn source_type=0 MiB=0.398438
FLOATING_Q8 tensor=blk.25.hc_ffn_fn source_type=0 MiB=0.398438
FLOATING_Q8 tensor=blk.26.hc_attn_fn source_type=0 MiB=0.398438
FLOATING_Q8 tensor=blk.26.hc_ffn_fn source_type=0 MiB=0.398438
FLOATING_Q8 tensor=blk.27.attn_k_b.weight source_type=12 MiB=8.5
FLOATING_Q8 tensor=blk.27.attn_v_b.weight source_type=12 MiB=8.5
FLOATING_Q8 tensor=blk.27.hc_attn_fn source_type=0 MiB=0.398438
FLOATING_Q8 tensor=blk.27.hc_ffn_fn source_type=0 MiB=0.398438
FLOATING_Q8 tensor=blk.28.hc_attn_fn source_type=0 MiB=0.398438
FLOATING_Q8 tensor=blk.28.hc_ffn_fn source_type=0 MiB=0.398438
FLOATING_Q8 tensor=blk.29.hc_attn_fn source_type=0 MiB=0.398438
FLOATING_Q8 tensor=blk.29.hc_ffn_fn source_type=0 MiB=0.398438
FLOATING_Q8 tensor=blk.3.attn_k_b.weight source_type=12 MiB=8.5
FLOATING_Q8 tensor=blk.3.attn_v_b.weight source_type=12 MiB=8.5
FLOATING_Q8 tensor=blk.3.hc_attn_fn source_type=0 MiB=0.398438
FLOATING_Q8 tensor=blk.3.hc_ffn_fn source_type=0 MiB=0.398438
FLOATING_Q8 tensor=blk.30.hc_attn_fn source_type=0 MiB=0.398438
FLOATING_Q8 tensor=blk.30.hc_ffn_fn source_type=0 MiB=0.398438
FLOATING_Q8 tensor=blk.31.attn_k_b.weight source_type=12 MiB=8.5
FLOATING_Q8 tensor=blk.31.attn_v_b.weight source_type=12 MiB=8.5
FLOATING_Q8 tensor=blk.31.hc_attn_fn source_type=0 MiB=0.398438
FLOATING_Q8 tensor=blk.31.hc_ffn_fn source_type=0 MiB=0.398438
FLOATING_Q8 tensor=blk.32.hc_attn_fn source_type=0 MiB=0.398438
FLOATING_Q8 tensor=blk.32.hc_ffn_fn source_type=0 MiB=0.398438
FLOATING_Q8 tensor=blk.33.hc_attn_fn source_type=0 MiB=0.398438
FLOATING_Q8 tensor=blk.33.hc_ffn_fn source_type=0 MiB=0.398438
FLOATING_Q8 tensor=blk.34.hc_attn_fn source_type=0 MiB=0.398438
FLOATING_Q8 tensor=blk.34.hc_ffn_fn source_type=0 MiB=0.398438
FLOATING_Q8 tensor=blk.35.attn_k_b.weight source_type=12 MiB=8.5
FLOATING_Q8 tensor=blk.35.attn_v_b.weight source_type=12 MiB=8.5
FLOATING_Q8 tensor=blk.35.hc_attn_fn source_type=0 MiB=0.398438
FLOATING_Q8 tensor=blk.35.hc_ffn_fn source_type=0 MiB=0.398438
FLOATING_Q8 tensor=blk.36.hc_attn_fn source_type=0 MiB=0.398438
FLOATING_Q8 tensor=blk.36.hc_ffn_fn source_type=0 MiB=0.398438
FLOATING_Q8 tensor=blk.37.hc_attn_fn source_type=0 MiB=0.398438
FLOATING_Q8 tensor=blk.37.hc_ffn_fn source_type=0 MiB=0.398438
FLOATING_Q8 tensor=blk.38.hc_attn_fn source_type=0 MiB=0.398438
FLOATING_Q8 tensor=blk.38.hc_ffn_fn source_type=0 MiB=0.398438
FLOATING_Q8 tensor=blk.39.attn_k_b.weight source_type=12 MiB=8.5
FLOATING_Q8 tensor=blk.39.attn_v_b.weight source_type=12 MiB=8.5
FLOATING_Q8 tensor=blk.39.hc_attn_fn source_type=0 MiB=0.398438
FLOATING_Q8 tensor=blk.39.hc_ffn_fn source_type=0 MiB=0.398438
FLOATING_Q8 tensor=blk.4.hc_attn_fn source_type=0 MiB=0.398438
FLOATING_Q8 tensor=blk.4.hc_ffn_fn source_type=0 MiB=0.398438
FLOATING_Q8 tensor=blk.40.hc_attn_fn source_type=0 MiB=0.398438
FLOATING_Q8 tensor=blk.40.hc_ffn_fn source_type=0 MiB=0.398438
FLOATING_Q8 tensor=blk.41.hc_attn_fn source_type=0 MiB=0.398438
FLOATING_Q8 tensor=blk.41.hc_ffn_fn source_type=0 MiB=0.398438
FLOATING_Q8 tensor=blk.42.hc_attn_fn source_type=0 MiB=0.398438
FLOATING_Q8 tensor=blk.42.hc_ffn_fn source_type=0 MiB=0.398438
FLOATING_Q8 tensor=blk.43.attn_k_b.weight source_type=12 MiB=8.5
FLOATING_Q8 tensor=blk.43.attn_v_b.weight source_type=12 MiB=8.5
FLOATING_Q8 tensor=blk.43.hc_attn_fn source_type=0 MiB=0.398438
FLOATING_Q8 tensor=blk.43.hc_ffn_fn source_type=0 MiB=0.398438
FLOATING_Q8 tensor=blk.44.hc_attn_fn source_type=0 MiB=0.398438
FLOATING_Q8 tensor=blk.44.hc_ffn_fn source_type=0 MiB=0.398438
FLOATING_Q8 tensor=blk.5.hc_attn_fn source_type=0 MiB=0.398438
FLOATING_Q8 tensor=blk.5.hc_ffn_fn source_type=0 MiB=0.398438
FLOATING_Q8 tensor=blk.6.hc_attn_fn source_type=0 MiB=0.398438
FLOATING_Q8 tensor=blk.6.hc_ffn_fn source_type=0 MiB=0.398438
FLOATING_Q8 tensor=blk.7.attn_k_b.weight source_type=12 MiB=8.5
FLOATING_Q8 tensor=blk.7.attn_v_b.weight source_type=12 MiB=8.5
FLOATING_Q8 tensor=blk.7.hc_attn_fn source_type=0 MiB=0.398438
FLOATING_Q8 tensor=blk.7.hc_ffn_fn source_type=0 MiB=0.398438
FLOATING_Q8 tensor=blk.8.hc_attn_fn source_type=0 MiB=0.398438
FLOATING_Q8 tensor=blk.8.hc_ffn_fn source_type=0 MiB=0.398438
FLOATING_Q8 tensor=blk.9.hc_attn_fn source_type=0 MiB=0.398438
FLOATING_Q8 tensor=blk.9.hc_ffn_fn source_type=0 MiB=0.398438
GPU prefill chunk=2048 staging_workers=4 numa_cpus=0,1,2,3
GPU allocated_MiB=7154.73 reserved_runtime_MiB=1024 budget_MiB=14336
GPU_DENSE_HOST_RELEASE phase=main tensors=1256 source_MiB_advised=5040.35 ms=124.238
PREFILL_PARTITION primary_groups=9 secondary_groups=0
PREFILL_CACHE device=0 budget_MiB=0 reserve_MiB=768
PREFILL_CACHE_PLAN device=0 base_groups=0 unused_MiB=0
MAPPED_EXPERTS numa_rows=0 lazy=1 bytes=55094280192
PREFILL trial=0 tokens=2048 batch=2048 ms=8911.72 tok_s=229.81
FAULTS trial=0 major=13 minor=33166
HOST_RSS peak_MiB=53942.5
CPU_EXPERT gu_ms=0 quant_ms=0 down_ms=0 layer_flow_ms=0 bytes=0
GPU peak_allocated_MiB=7538.73 native_expert_bytes=55101150720 expert_groups=378 staging_ms=5222.52
PREFILL_SCRATCH device=0 peak_MiB=696.564 capacity_MiB=1024
GPU_LIVE device=0 dense_MiB=5029.21 other_MiB=806.414 prefill_MiB=1464 state_MiB=239.105
GPU_DEVICE device=0 peak_allocated_MiB=7538.73 live_MiB=7538.73 native_expert_bytes=55101150720 staging_ms=5222.52 cache_hits=0 cache_hit_bytes=0 cuda_used_MiB=8312 free_MiB=7992
PREFILL trial=1 tokens=2048 batch=2048 ms=8903.68 tok_s=230.017
FAULTS trial=1 major=11 minor=33085
HOST_RSS peak_MiB=53985
CPU_EXPERT gu_ms=0 quant_ms=0 down_ms=0 layer_flow_ms=0 bytes=0
GPU peak_allocated_MiB=7538.73 native_expert_bytes=55101150720 expert_groups=378 staging_ms=5223.32
PREFILL_SCRATCH device=0 peak_MiB=696.564 capacity_MiB=1024
GPU_LIVE device=0 dense_MiB=5029.21 other_MiB=806.414 prefill_MiB=1464 state_MiB=239.105
GPU_DEVICE device=0 peak_allocated_MiB=7538.73 live_MiB=7538.73 native_expert_bytes=55101150720 staging_ms=5223.32 cache_hits=0 cache_hit_bytes=0 cuda_used_MiB=8312 free_MiB=7992
PREFILL trial=2 tokens=2048 batch=2048 ms=8903 tok_s=230.035
FAULTS trial=2 major=3 minor=32850
HOST_RSS peak_MiB=54018.8
CPU_EXPERT gu_ms=0 quant_ms=0 down_ms=0 layer_flow_ms=0 bytes=0
GPU peak_allocated_MiB=7538.73 native_expert_bytes=55101150720 expert_groups=378 staging_ms=5215.68
PREFILL_SCRATCH device=0 peak_MiB=696.564 capacity_MiB=1024
GPU_LIVE device=0 dense_MiB=5029.21 other_MiB=806.414 prefill_MiB=1464 state_MiB=239.105
GPU_DEVICE device=0 peak_allocated_MiB=7538.73 live_MiB=7538.73 native_expert_bytes=55101150720 staging_ms=5215.68 cache_hits=0 cache_hit_bytes=0 cuda_used_MiB=8312 free_MiB=7992
MAPPED_EXPERTS numa_rows=0 lazy=1 bytes=55094280192
PREFILL_WORK device=0 transferred_bytes=55101150720 staging_ms=5215.68 actual_rows=688128 padded_rows=2233552 dequant_values=297560702976
DECODE_RUNTIME override_reserve_MiB=512
DECODE_CACHE prefix_trained=1 slots=707 MiB=6142.06 fingerprint=2930954045892677810
RESPONSE_PREPARE kind=decode_cache ms=1034.35
RESPONSE_PREPARE kind=cpu ms=0.001363
DECODE_TRIAL index=0
DECODE_STEP index=1 ms=107.314
DECODE_STEP index=2 ms=90.167
DECODE_STEP index=3 ms=98.0846
DECODE_STEP index=4 ms=104.442
DECODE_STEP index=5 ms=104.036
DECODE_STEP index=6 ms=96.1614
DECODE_STEP index=7 ms=100.766
DECODE_STEP index=8 ms=101.058
DECODE_STEP index=9 ms=93.3302
DECODE_STEP index=10 ms=101.18
DECODE_STEP index=11 ms=85.5262
DECODE_STEP index=12 ms=103.712
DECODE_STEP index=13 ms=99.0791
DECODE_STEP index=14 ms=96.6842
DECODE_STEP index=15 ms=89.3804
DECODE_STEP index=16 ms=96.6723
DECODE_STEP index=17 ms=96.6279
DECODE_STEP index=18 ms=106.3
DECODE_STEP index=19 ms=94.1039
DECODE_STEP index=20 ms=85.015
DECODE_STEP index=21 ms=87.0728
DECODE_STEP index=22 ms=100.537
DECODE_STEP index=23 ms=101.439
DECODE_STEP index=24 ms=109.81
DECODE_STEP index=25 ms=104.284
DECODE_STEP index=26 ms=93.2233
DECODE_STEP index=27 ms=93.8265
DECODE_STEP index=28 ms=83.7209
DECODE_STEP index=29 ms=86.4571
DECODE_STEP index=30 ms=94.4063
DECODE_STEP index=31 ms=95.6356
DECODE_STEP index=32 ms=94.7933
DECODE_STEP index=33 ms=93.7504
DECODE_STEP index=34 ms=99.9983
DECODE_STEP index=35 ms=117.326
DECODE_STEP index=36 ms=99.4429
DECODE_STEP index=37 ms=110.161
DECODE_STEP index=38 ms=111.217
DECODE_STEP index=39 ms=94.968
DECODE_STEP index=40 ms=92.6323
DECODE_STEP index=41 ms=90.9724
DECODE_STEP index=42 ms=76.5801
DECODE_STEP index=43 ms=85.8021
DECODE_STEP index=44 ms=99.0802
DECODE_STEP index=45 ms=108.91
DECODE_STEP index=46 ms=94.013
DECODE_STEP index=47 ms=97.9689
DECODE_STEP index=48 ms=90.9849
DECODE_STEP index=49 ms=90.1483
DECODE_STEP index=50 ms=90.0156
DECODE_STEP index=51 ms=90.7687
DECODE_STEP index=52 ms=83.5811
DECODE_STEP index=53 ms=95.0272
DECODE_STEP index=54 ms=98.2233
DECODE_STEP index=55 ms=111.598
DECODE_STEP index=56 ms=89.7871
DECODE_STEP index=57 ms=109.083
DECODE_STEP index=58 ms=100.643
DECODE_STEP index=59 ms=105.155
DECODE_STEP index=60 ms=97.7093
DECODE_STEP index=61 ms=106.665
DECODE_STEP index=62 ms=101.109
DECODE_STEP index=63 ms=84.0283
DECODE_STEP index=64 ms=86.3592
DECODE_STEP index=65 ms=86.3409
DECODE_STEP index=66 ms=90.9397
DECODE_STEP index=67 ms=99.7152
DECODE_STEP index=68 ms=87.6433
DECODE_STEP index=69 ms=95.3117
DECODE_STEP index=70 ms=103.379
DECODE_STEP index=71 ms=101.595
DECODE_STEP index=72 ms=109.3
DECODE_STEP index=73 ms=103.142
DECODE_STEP index=74 ms=96.167
DECODE_STEP index=75 ms=105.679
DECODE_STEP index=76 ms=99.9815
DECODE_STEP index=77 ms=92.3088
DECODE_STEP index=78 ms=96.5423
DECODE_STEP index=79 ms=98.9838
DECODE_STEP index=80 ms=80.1102
DECODE_STEP index=81 ms=88.4052
DECODE_STEP index=82 ms=80.7998
DECODE_STEP index=83 ms=85.462
DECODE_STEP index=84 ms=89.3506
DECODE_STEP index=85 ms=108.343
DECODE_STEP index=86 ms=90.777
DECODE_STEP index=87 ms=99.5821
DECODE_STEP index=88 ms=97.3567
DECODE_STEP index=89 ms=95.1718
DECODE_STEP index=90 ms=108.333
DECODE_STEP index=91 ms=82.5397
DECODE_STEP index=92 ms=73.3719
DECODE_STEP index=93 ms=84.6118
DECODE_STEP index=94 ms=78.2731
DECODE_STEP index=95 ms=105.542
DECODE_STEP index=96 ms=91.466
DECODE_STEP index=97 ms=96.0247
DECODE_STEP index=98 ms=92.3176
DECODE_STEP index=99 ms=95.6532
DECODE_STEP index=100 ms=85.8212
DECODE_STEP index=101 ms=83.486
DECODE_STEP index=102 ms=99.8497
DECODE_STEP index=103 ms=78.8893
DECODE_STEP index=104 ms=94.6487
DECODE_STEP index=105 ms=95.1045
DECODE_STEP index=106 ms=105.855
DECODE_STEP index=107 ms=97.4987
DECODE_STEP index=108 ms=105.866
DECODE_STEP index=109 ms=98.7204
DECODE_STEP index=110 ms=102.151
DECODE_STEP index=111 ms=98.5669
DECODE_STEP index=112 ms=97.0424
DECODE_STEP index=113 ms=107.092
DECODE_STEP index=114 ms=100.521
DECODE_STEP index=115 ms=75.9719
DECODE_STEP index=116 ms=73.2875
DECODE_STEP index=117 ms=87.4322
DECODE_STEP index=118 ms=86.3626
DECODE_STEP index=119 ms=102.095
DECODE_STEP index=120 ms=93.4192
DECODE_STEP index=121 ms=85.7701
DECODE_STEP index=122 ms=91.1036
DECODE_STEP index=123 ms=86.7402
DECODE_STEP index=124 ms=84.6678
DECODE_STEP index=125 ms=84.6711
DECODE_STEP index=126 ms=99.2354
DECODE_STEP index=127 ms=89.3959
DECODE_STEP index=128 ms=97.417
DECODE_STEP index=129 ms=85.7459
DECODE_STEP index=130 ms=78.6641
DECODE_STEP index=131 ms=88.158
DECODE_STEP index=132 ms=105.151
DECODE_STEP index=133 ms=93.3145
DECODE_STEP index=134 ms=96.3942
DECODE_STEP index=135 ms=88.1954
DECODE_STEP index=136 ms=89.2495
DECODE_STEP index=137 ms=78.5204
DECODE_STEP index=138 ms=78.6307
DECODE_STEP index=139 ms=97.7718
DECODE_STEP index=140 ms=87.0576
DECODE_STEP index=141 ms=88.6168
DECODE_STEP index=142 ms=94.2323
DECODE_STEP index=143 ms=97.9931
DECODE_STEP index=144 ms=82.7971
DECODE_STEP index=145 ms=94.0378
DECODE_STEP index=146 ms=86.76
DECODE_STEP index=147 ms=76.3973
DECODE_STEP index=148 ms=81.6699
DECODE_STEP index=149 ms=74.9026
DECODE_STEP index=150 ms=97.9006
DECODE_STEP index=151 ms=82.9334
DECODE_STEP index=152 ms=76.7329
DECODE_STEP index=153 ms=86.9899
DECODE_STEP index=154 ms=80.327
DECODE_STEP index=155 ms=80.2959
DECODE_STEP index=156 ms=81.4722
DECODE_STEP index=157 ms=76.608
DECODE_STEP index=158 ms=102.256
DECODE_STEP index=159 ms=85.7438
DECODE_STEP index=160 ms=94.6914
DECODE_STEP index=161 ms=90.4101
DECODE_STEP index=162 ms=79.3615
DECODE_STEP index=163 ms=91.1772
DECODE_STEP index=164 ms=97.0956
DECODE_STEP index=165 ms=100.851
DECODE_STEP index=166 ms=99.4326
DECODE_STEP index=167 ms=89.1145
DECODE_STEP index=168 ms=84.9242
DECODE_STEP index=169 ms=88.6488
DECODE_STEP index=170 ms=87.8583
DECODE_STEP index=171 ms=86.5442
DECODE_STEP index=172 ms=102.339
DECODE_STEP index=173 ms=86.8525
DECODE_STEP index=174 ms=79.0524
DECODE_STEP index=175 ms=96.8394
DECODE_STEP index=176 ms=99.3797
DECODE_STEP index=177 ms=93.5583
DECODE_STEP index=178 ms=83.1057
DECODE_STEP index=179 ms=95.6513
DECODE_STEP index=180 ms=84.0234
DECODE_STEP index=181 ms=89.6756
DECODE_STEP index=182 ms=82.0655
DECODE_STEP index=183 ms=87.6915
DECODE_STEP index=184 ms=83.9755
DECODE_STEP index=185 ms=87.7428
DECODE_STEP index=186 ms=100.209
DECODE_STEP index=187 ms=89.2951
DECODE_STEP index=188 ms=93.5627
DECODE_STEP index=189 ms=81.7948
DECODE_STEP index=190 ms=84.9364
DECODE_STEP index=191 ms=79.2653
DECODE_STEP index=192 ms=80.5068
DECODE_STEP index=193 ms=90.9734
DECODE_STEP index=194 ms=84.279
DECODE_STEP index=195 ms=80.7403
DECODE_STEP index=196 ms=75.6064
DECODE_STEP index=197 ms=90.5677
DECODE_STEP index=198 ms=80.128
DECODE_STEP index=199 ms=81.6603
DECODE_STEP index=200 ms=82.2738
DECODE_STEP index=201 ms=91.4073
DECODE_STEP index=202 ms=82.5824
DECODE_STEP index=203 ms=80.6495
DECODE_STEP index=204 ms=74.6069
DECODE_STEP index=205 ms=89.3029
DECODE_STEP index=206 ms=85.335
DECODE_STEP index=207 ms=86.9648
DECODE_STEP index=208 ms=87.4666
DECODE_STEP index=209 ms=93.5175
DECODE_STEP index=210 ms=101.342
DECODE_STEP index=211 ms=106.079
DECODE_STEP index=212 ms=100.32
DECODE_STEP index=213 ms=105.332
DECODE_STEP index=214 ms=92.0374
DECODE_STEP index=215 ms=100.763
DECODE_STEP index=216 ms=98.1494
DECODE_STEP index=217 ms=97.6573
DECODE_STEP index=218 ms=91.6801
DECODE_STEP index=219 ms=99.1837
DECODE_STEP index=220 ms=109.504
DECODE_STEP index=221 ms=98.6929
DECODE_STEP index=222 ms=106.381
DECODE_STEP index=223 ms=106.379
DECODE_STEP index=224 ms=98.0618
DECODE_STEP index=225 ms=95.5274
DECODE_STEP index=226 ms=88.206
DECODE_STEP index=227 ms=95.0355
DECODE_STEP index=228 ms=96.9258
DECODE_STEP index=229 ms=97.2988
DECODE_STEP index=230 ms=78.1199
DECODE_STEP index=231 ms=74.8163
DECODE_STEP index=232 ms=78.9841
DECODE_STEP index=233 ms=81.603
DECODE_STEP index=234 ms=76.8801
DECODE_STEP index=235 ms=87.5961
DECODE_STEP index=236 ms=89.0249
DECODE_STEP index=237 ms=93.0387
DECODE_STEP index=238 ms=89.7656
DECODE_STEP index=239 ms=84.9382
DECODE_STEP index=240 ms=87.864
DECODE_STEP index=241 ms=103.684
DECODE_STEP index=242 ms=114.76
DECODE_STEP index=243 ms=106.599
DECODE_STEP index=244 ms=107.071
DECODE_STEP index=245 ms=90.4989
DECODE_STEP index=246 ms=105.617
DECODE_STEP index=247 ms=104.777
DECODE_STEP index=248 ms=86.9733
DECODE_STEP index=249 ms=81.5984
DECODE_STEP index=250 ms=87.1347
DECODE_STEP index=251 ms=106.041
DECODE_STEP index=252 ms=97.3627
DECODE_STEP index=253 ms=101.865
DECODE_STEP index=254 ms=90.3116
DECODE_STEP index=255 ms=96.861
DECODE_STEP index=256 ms=91.5396
DECODE_STEP index=257 ms=89.7867
DECODE_STEP index=258 ms=91.9801
DECODE_STEP index=259 ms=95.8041
DECODE_STEP index=260 ms=93.9799
DECODE_STEP index=261 ms=86.4484
DECODE_STEP index=262 ms=85.0666
DECODE_STEP index=263 ms=95.3387
DECODE_STEP index=264 ms=90.5067
DECODE_STEP index=265 ms=95.9315
DECODE_STEP index=266 ms=94.4045
DECODE_STEP index=267 ms=98.5355
DECODE_STEP index=268 ms=105.487
DECODE_STEP index=269 ms=103.861
DECODE_STEP index=270 ms=102.638
DECODE_STEP index=271 ms=99.8047
DECODE_STEP index=272 ms=103.188
DECODE_STEP index=273 ms=99.4452
DECODE_STEP index=274 ms=103.036
DECODE_STEP index=275 ms=101.069
DECODE_STEP index=276 ms=97.5563
DECODE_STEP index=277 ms=112.004
DECODE_STEP index=278 ms=100.273
DECODE_STEP index=279 ms=106.366
DECODE_STEP index=280 ms=90.7833
DECODE_STEP index=281 ms=86.6749
DECODE_STEP index=282 ms=89.7089
DECODE_STEP index=283 ms=88.4108
DECODE_STEP index=284 ms=84.4609
DECODE_STEP index=285 ms=85.5022
DECODE_STEP index=286 ms=87.2196
DECODE_STEP index=287 ms=87.7559
DECODE_STEP index=288 ms=99.5417
DECODE_STEP index=289 ms=89.1547
DECODE_STEP index=290 ms=101.303
DECODE_STEP index=291 ms=105.164
DECODE_STEP index=292 ms=96.1216
DECODE_STEP index=293 ms=99.2621
DECODE_STEP index=294 ms=85.4637
DECODE_STEP index=295 ms=87.8069
DECODE_STEP index=296 ms=89.4957
DECODE_STEP index=297 ms=89.4371
DECODE_STEP index=298 ms=90.0682
DECODE_STEP index=299 ms=94.6838
DECODE_STEP index=300 ms=97.0841
DECODE_STEP index=301 ms=89.8255
DECODE_STEP index=302 ms=96.7557
DECODE_STEP index=303 ms=88.5735
DECODE_STEP index=304 ms=96.9472
DECODE_STEP index=305 ms=80.7996
DECODE_STEP index=306 ms=86.6004
DECODE_STEP index=307 ms=100.324
DECODE_STEP index=308 ms=92.5009
DECODE_STEP index=309 ms=94.9908
DECODE_STEP index=310 ms=89.8895
DECODE_STEP index=311 ms=92.737
DECODE_STEP index=312 ms=90.5261
DECODE_STEP index=313 ms=81.9741
DECODE_STEP index=314 ms=93.0198
DECODE_STEP index=315 ms=92.3141
DECODE_STEP index=316 ms=89.6195
DECODE_STEP index=317 ms=83.7379
DECODE_STEP index=318 ms=78.7103
DECODE_STEP index=319 ms=98.7089
DECODE_STEP index=320 ms=98.7793
DECODE_STEP index=321 ms=95.9545
DECODE_STEP index=322 ms=82.3524
DECODE_STEP index=323 ms=89.9837
DECODE_STEP index=324 ms=98.745
DECODE_STEP index=325 ms=81.6807
DECODE_STEP index=326 ms=79.6903
DECODE_STEP index=327 ms=91.3305
DECODE_STEP index=328 ms=83.0102
DECODE_STEP index=329 ms=85.4081
DECODE_STEP index=330 ms=100.04
DECODE_STEP index=331 ms=92.0313
DECODE_STEP index=332 ms=106.819
DECODE_STEP index=333 ms=90.5059
DECODE_STEP index=334 ms=84.7739
DECODE_STEP index=335 ms=91.4364
DECODE_STEP index=336 ms=92.5838
DECODE_STEP index=337 ms=92.4492
DECODE_STEP index=338 ms=84.4245
DECODE_STEP index=339 ms=87.5699
DECODE_STEP index=340 ms=90.241
DECODE_STEP index=341 ms=89.2216
DECODE_STEP index=342 ms=105.739
DECODE_STEP index=343 ms=102.563
DECODE_STEP index=344 ms=91.474
DECODE_STEP index=345 ms=103.097
DECODE_STEP index=346 ms=97.448
DECODE_STEP index=347 ms=95.5831
DECODE_STEP index=348 ms=94.7845
DECODE_STEP index=349 ms=90.0244
DECODE_STEP index=350 ms=87.3231
DECODE_STEP index=351 ms=87.9007
DECODE_STEP index=352 ms=86.8398
DECODE_STEP index=353 ms=92.4706
DECODE_STEP index=354 ms=87.0876
DECODE_STEP index=355 ms=81.7713
DECODE_STEP index=356 ms=97.4744
DECODE_STEP index=357 ms=88.8848
DECODE_STEP index=358 ms=77.8767
DECODE_STEP index=359 ms=79.2725
DECODE_STEP index=360 ms=84.6913
DECODE_STEP index=361 ms=77.0553
DECODE_STEP index=362 ms=85.1775
DECODE_STEP index=363 ms=89.1014
DECODE_STEP index=364 ms=99.2386
DECODE_STEP index=365 ms=88.6139
DECODE_STEP index=366 ms=78.7035
DECODE_STEP index=367 ms=83.1836
DECODE_STEP index=368 ms=84.9274
DECODE_STEP index=369 ms=80.4927
DECODE_STEP index=370 ms=92.2096
DECODE_STEP index=371 ms=96.5385
DECODE_STEP index=372 ms=84.3717
DECODE_STEP index=373 ms=89.5424
DECODE_STEP index=374 ms=91.0791
DECODE_STEP index=375 ms=98.2587
DECODE_STEP index=376 ms=90.588
DECODE_STEP index=377 ms=93.691
DECODE_STEP index=378 ms=100.204
DECODE_STEP index=379 ms=98.4379
DECODE_STEP index=380 ms=88.1448
DECODE_STEP index=381 ms=134.807
DECODE_STEP index=382 ms=93.6999
DECODE_STEP index=383 ms=92.8616
DECODE_STEP index=384 ms=91.2579
DECODE_STEP index=385 ms=87.7729
DECODE_STEP index=386 ms=109.477
DECODE_STEP index=387 ms=90.8888
DECODE_STEP index=388 ms=91.9519
DECODE_STEP index=389 ms=86.8578
DECODE_STEP index=390 ms=94.7825
DECODE_STEP index=391 ms=88.587
DECODE_STEP index=392 ms=88.8343
DECODE_STEP index=393 ms=102.982
DECODE_STEP index=394 ms=105.884
DECODE_STEP index=395 ms=103.856
DECODE_STEP index=396 ms=102.041
DECODE_STEP index=397 ms=106.127
DECODE_STEP index=398 ms=85.308
DECODE_STEP index=399 ms=99.0906
DECODE_STEP index=400 ms=105.657
DECODE_STEP index=401 ms=91.7217
DECODE_STEP index=402 ms=93.1352
DECODE_STEP index=403 ms=102.323
DECODE_STEP index=404 ms=91.9508
DECODE_STEP index=405 ms=98.8815
DECODE_STEP index=406 ms=103.791
DECODE_STEP index=407 ms=102.216
DECODE_STEP index=408 ms=77.4297
DECODE_STEP index=409 ms=90.4279
DECODE_STEP index=410 ms=84.0983
DECODE_STEP index=411 ms=76.5875
DECODE_STEP index=412 ms=98.306
DECODE_STEP index=413 ms=91.6018
DECODE_STEP index=414 ms=89.4219
DECODE_STEP index=415 ms=99.1776
DECODE_STEP index=416 ms=90.02
DECODE_STEP index=417 ms=90.8363
DECODE_STEP index=418 ms=94.3684
DECODE_STEP index=419 ms=98.0921
DECODE_STEP index=420 ms=78.9249
DECODE_STEP index=421 ms=92.4326
DECODE_STEP index=422 ms=79.5964
DECODE_STEP index=423 ms=77.2973
DECODE_STEP index=424 ms=81.1001
DECODE_STEP index=425 ms=89.0334
DECODE_STEP index=426 ms=88.1194
DECODE_STEP index=427 ms=96.3851
DECODE_STEP index=428 ms=104.859
DECODE_STEP index=429 ms=100.441
DECODE_STEP index=430 ms=96.2111
DECODE_STEP index=431 ms=98.5146
DECODE_STEP index=432 ms=98.0944
DECODE_STEP index=433 ms=86.5086
DECODE_STEP index=434 ms=95.2577
DECODE_STEP index=435 ms=103.217
DECODE_STEP index=436 ms=90.0979
DECODE_STEP index=437 ms=94.943
DECODE_STEP index=438 ms=96.6806
DECODE_STEP index=439 ms=89.8771
DECODE_STEP index=440 ms=90.9118
DECODE_STEP index=441 ms=96.0129
DECODE_STEP index=442 ms=93.3362
DECODE_STEP index=443 ms=84.7962
DECODE_STEP index=444 ms=85.164
DECODE_STEP index=445 ms=80.9192
DECODE_STEP index=446 ms=91.2558
DECODE_STEP index=447 ms=87.848
DECODE_STEP index=448 ms=90.6131
DECODE_STEP index=449 ms=98.9476
DECODE_STEP index=450 ms=92.7193
DECODE_STEP index=451 ms=98.8901
DECODE_STEP index=452 ms=95.3389
DECODE_STEP index=453 ms=101.326
DECODE_STEP index=454 ms=90.5689
DECODE_STEP index=455 ms=94.2304
DECODE_STEP index=456 ms=90.0581
DECODE_STEP index=457 ms=95.9172
DECODE_STEP index=458 ms=91.9169
DECODE_STEP index=459 ms=94.1832
DECODE_STEP index=460 ms=88.9271
DECODE_STEP index=461 ms=104.014
DECODE_STEP index=462 ms=98.2426
DECODE_STEP index=463 ms=97.9387
DECODE_STEP index=464 ms=92.1395
DECODE_STEP index=465 ms=82.6216
DECODE_STEP index=466 ms=99.3584
DECODE_STEP index=467 ms=110.014
DECODE_STEP index=468 ms=96.8711
DECODE_STEP index=469 ms=98.769
DECODE_STEP index=470 ms=99.3145
DECODE_STEP index=471 ms=101.428
DECODE_STEP index=472 ms=101.939
DECODE_STEP index=473 ms=95.2681
DECODE_STEP index=474 ms=105.938
DECODE_STEP index=475 ms=95.0705
DECODE_STEP index=476 ms=98.0006
DECODE_STEP index=477 ms=81.4131
DECODE_STEP index=478 ms=84.1616
DECODE_STEP index=479 ms=88.012
DECODE_STEP index=480 ms=88.4513
DECODE_STEP index=481 ms=92.9459
DECODE_STEP index=482 ms=89.003
DECODE_STEP index=483 ms=95.7474
DECODE_STEP index=484 ms=91.589
DECODE_STEP index=485 ms=86.548
DECODE_STEP index=486 ms=101.218
DECODE_STEP index=487 ms=97.4247
DECODE_STEP index=488 ms=88.8751
DECODE_STEP index=489 ms=79.4028
DECODE_STEP index=490 ms=84.1878
DECODE_STEP index=491 ms=101.965
DECODE_STEP index=492 ms=97.5289
DECODE_STEP index=493 ms=88.4743
DECODE_STEP index=494 ms=90.225
DECODE_STEP index=495 ms=80.9141
DECODE_STEP index=496 ms=78.6877
DECODE_STEP index=497 ms=78.6906
DECODE_STEP index=498 ms=77.1983
DECODE_STEP index=499 ms=97.6579
DECODE_STEP index=500 ms=93.0096
DECODE_STEP index=501 ms=85.9927
DECODE_STEP index=502 ms=80.9694
DECODE_STEP index=503 ms=95.1773
DECODE_STEP index=504 ms=82.8972
DECODE_STEP index=505 ms=88.2893
DECODE_STEP index=506 ms=91.1795
DECODE_STEP index=507 ms=88.4271
DECODE_STEP index=508 ms=80.4133
DECODE_STEP index=509 ms=102.535
DECODE_STEP index=510 ms=83.08
DECODE_STEP index=511 ms=97.1764
DECODE steps=511 ms=47642.5 tok_s=10.7257
HOST_RSS peak_MiB=54018.8
CPU_EXPERT gu_ms=0 quant_ms=0 down_ms=0 layer_flow_ms=34358.9 bytes=964714692608
STEP_TRACE steps=511 moe_layers=21462 pipelined=1 head_ms=1484.15 cpu_ms=34866.6 between_ms=9369.79 tail_ms=1479.85 enqueue_ms=2957.66 tier_swaps=2384 split_windows=0 per_step_ms=92.3687
GPU peak_allocated_MiB=11516.4 native_expert_bytes=0 expert_groups=0 staging_ms=0
PREFILL_SCRATCH device=0 peak_MiB=5.07568 capacity_MiB=32
GPU_LIVE device=0 dense_MiB=5029.21 other_MiB=6213.17 prefill_MiB=32 resident_exec_MiB=2.94288 state_MiB=239.105
GPU_DEVICE device=0 peak_allocated_MiB=11516.4 live_MiB=11516.4 native_expert_bytes=0 staging_ms=0 cache_hits=0 cache_hit_bytes=0 cuda_used_MiB=13196 free_MiB=3108
DECODE_TRIAL index=1
DECODE_STEP index=1 ms=101.965
DECODE_STEP index=2 ms=94.566
DECODE_STEP index=3 ms=105.423
DECODE_STEP index=4 ms=106.277
DECODE_STEP index=5 ms=105.397
DECODE_STEP index=6 ms=94.6251
DECODE_STEP index=7 ms=110.221
DECODE_STEP index=8 ms=100.057
DECODE_STEP index=9 ms=91.5963
DECODE_STEP index=10 ms=102.134
DECODE_STEP index=11 ms=91.0462
DECODE_STEP index=12 ms=102.691
DECODE_STEP index=13 ms=106.067
DECODE_STEP index=14 ms=102.628
DECODE_STEP index=15 ms=96.0689
DECODE_STEP index=16 ms=99.3076
DECODE_STEP index=17 ms=95.6081
DECODE_STEP index=18 ms=99.5952
DECODE_STEP index=19 ms=102.742
DECODE_STEP index=20 ms=88.3468
DECODE_STEP index=21 ms=86.681
DECODE_STEP index=22 ms=98.8751
DECODE_STEP index=23 ms=118.861
DECODE_STEP index=24 ms=97.5552
DECODE_STEP index=25 ms=98.4791
DECODE_STEP index=26 ms=104.728
DECODE_STEP index=27 ms=103.866
DECODE_STEP index=28 ms=85.3515
DECODE_STEP index=29 ms=95.0339
DECODE_STEP index=30 ms=92.739
DECODE_STEP index=31 ms=92.7478
DECODE_STEP index=32 ms=103.67
DECODE_STEP index=33 ms=100.436
DECODE_STEP index=34 ms=102.932
DECODE_STEP index=35 ms=110.544
DECODE_STEP index=36 ms=94.3317
DECODE_STEP index=37 ms=103.903
DECODE_STEP index=38 ms=108.434
DECODE_STEP index=39 ms=90.7139
DECODE_STEP index=40 ms=97.2025
DECODE_STEP index=41 ms=90.6169
DECODE_STEP index=42 ms=77.8581
DECODE_STEP index=43 ms=93.9191
DECODE_STEP index=44 ms=96.5458
DECODE_STEP index=45 ms=107.506
DECODE_STEP index=46 ms=88.63
DECODE_STEP index=47 ms=85.665
DECODE_STEP index=48 ms=95.4603
DECODE_STEP index=49 ms=88.4043
DECODE_STEP index=50 ms=91.581
DECODE_STEP index=51 ms=88.7342
DECODE_STEP index=52 ms=76.4703
DECODE_STEP index=53 ms=97.3822
DECODE_STEP index=54 ms=102.913
DECODE_STEP index=55 ms=114.936
DECODE_STEP index=56 ms=84.8642
DECODE_STEP index=57 ms=101.588
DECODE_STEP index=58 ms=99.9432
DECODE_STEP index=59 ms=97.3609
DECODE_STEP index=60 ms=106.567
DECODE_STEP index=61 ms=102.285
DECODE_STEP index=62 ms=92.8289
DECODE_STEP index=63 ms=83.8199
DECODE_STEP index=64 ms=88.7365
DECODE_STEP index=65 ms=92.3858
DECODE_STEP index=66 ms=88.2754
DECODE_STEP index=67 ms=104.738
DECODE_STEP index=68 ms=95.5589
DECODE_STEP index=69 ms=98.2442
DECODE_STEP index=70 ms=107.435
DECODE_STEP index=71 ms=97.0532
DECODE_STEP index=72 ms=105.523
DECODE_STEP index=73 ms=110.903
DECODE_STEP index=74 ms=94.536
DECODE_STEP index=75 ms=99.6203
DECODE_STEP index=76 ms=101.111
DECODE_STEP index=77 ms=89.1879
DECODE_STEP index=78 ms=94.0282
DECODE_STEP index=79 ms=99.1687
DECODE_STEP index=80 ms=78.8313
DECODE_STEP index=81 ms=85.2118
DECODE_STEP index=82 ms=82.1417
DECODE_STEP index=83 ms=81.3842
DECODE_STEP index=84 ms=85.8815
DECODE_STEP index=85 ms=108.286
DECODE_STEP index=86 ms=85.3539
DECODE_STEP index=87 ms=96.09
DECODE_STEP index=88 ms=98.1059
DECODE_STEP index=89 ms=92.3102
DECODE_STEP index=90 ms=103.052
DECODE_STEP index=91 ms=83.3789
DECODE_STEP index=92 ms=67.1532
DECODE_STEP index=93 ms=80.4035
DECODE_STEP index=94 ms=80.948
DECODE_STEP index=95 ms=102.935
DECODE_STEP index=96 ms=88.6168
DECODE_STEP index=97 ms=94.8159
DECODE_STEP index=98 ms=89.6892
DECODE_STEP index=99 ms=91.1826
DECODE_STEP index=100 ms=84.2795
DECODE_STEP index=101 ms=85.4404
DECODE_STEP index=102 ms=95.8773
DECODE_STEP index=103 ms=84.9102
DECODE_STEP index=104 ms=95.2662
DECODE_STEP index=105 ms=88.3902
DECODE_STEP index=106 ms=97.8953
DECODE_STEP index=107 ms=95.5792
DECODE_STEP index=108 ms=98.398
DECODE_STEP index=109 ms=100.819
DECODE_STEP index=110 ms=102.116
DECODE_STEP index=111 ms=92.4317
DECODE_STEP index=112 ms=98.8906
DECODE_STEP index=113 ms=103.001
DECODE_STEP index=114 ms=96.9868
DECODE_STEP index=115 ms=80.8038
DECODE_STEP index=116 ms=68.5175
DECODE_STEP index=117 ms=87.2554
DECODE_STEP index=118 ms=92.684
DECODE_STEP index=119 ms=88.2972
DECODE_STEP index=120 ms=85.8933
DECODE_STEP index=121 ms=83.9431
DECODE_STEP index=122 ms=93.7512
DECODE_STEP index=123 ms=82.3405
DECODE_STEP index=124 ms=89.0414
DECODE_STEP index=125 ms=84.3531
DECODE_STEP index=126 ms=91.6405
DECODE_STEP index=127 ms=93.7834
DECODE_STEP index=128 ms=96.7701
DECODE_STEP index=129 ms=80.8478
DECODE_STEP index=130 ms=86.3276
DECODE_STEP index=131 ms=85.5626
DECODE_STEP index=132 ms=103.175
DECODE_STEP index=133 ms=90.4303
DECODE_STEP index=134 ms=96.3795
DECODE_STEP index=135 ms=80.5921
DECODE_STEP index=136 ms=90.426
DECODE_STEP index=137 ms=79.4975
DECODE_STEP index=138 ms=80.0098
DECODE_STEP index=139 ms=96.0676
DECODE_STEP index=140 ms=90.0383
DECODE_STEP index=141 ms=86.2565
DECODE_STEP index=142 ms=94.9286
DECODE_STEP index=143 ms=85.3261
DECODE_STEP index=144 ms=83.3652
DECODE_STEP index=145 ms=90.1557
DECODE_STEP index=146 ms=86.4927
DECODE_STEP index=147 ms=75.2746
DECODE_STEP index=148 ms=78.0821
DECODE_STEP index=149 ms=75.6747
DECODE_STEP index=150 ms=96.6184
DECODE_STEP index=151 ms=84.1056
DECODE_STEP index=152 ms=76.5617
DECODE_STEP index=153 ms=78.7512
DECODE_STEP index=154 ms=75.2183
DECODE_STEP index=155 ms=81.6678
DECODE_STEP index=156 ms=82.604
DECODE_STEP index=157 ms=78.2815
DECODE_STEP index=158 ms=106.004
DECODE_STEP index=159 ms=83.8535
DECODE_STEP index=160 ms=97.3676
DECODE_STEP index=161 ms=89.567
DECODE_STEP index=162 ms=78.5879
DECODE_STEP index=163 ms=93.5548
DECODE_STEP index=164 ms=95.2684
DECODE_STEP index=165 ms=101.367
DECODE_STEP index=166 ms=98.2522
DECODE_STEP index=167 ms=89.5156
DECODE_STEP index=168 ms=84.0529
DECODE_STEP index=169 ms=89.5275
DECODE_STEP index=170 ms=90.2759
DECODE_STEP index=171 ms=92.0793
DECODE_STEP index=172 ms=100.926
DECODE_STEP index=173 ms=86.1182
DECODE_STEP index=174 ms=77.9981
DECODE_STEP index=175 ms=97.3084
DECODE_STEP index=176 ms=99.4795
DECODE_STEP index=177 ms=94.5087
DECODE_STEP index=178 ms=87.5086
DECODE_STEP index=179 ms=96.0041
DECODE_STEP index=180 ms=82.407
DECODE_STEP index=181 ms=91.6557
DECODE_STEP index=182 ms=83.3964
DECODE_STEP index=183 ms=87.6702
DECODE_STEP index=184 ms=84.8095
DECODE_STEP index=185 ms=90.5292
DECODE_STEP index=186 ms=95.4624
DECODE_STEP index=187 ms=89.3703
DECODE_STEP index=188 ms=90.179
DECODE_STEP index=189 ms=81.2597
DECODE_STEP index=190 ms=82.3106
DECODE_STEP index=191 ms=80.195
DECODE_STEP index=192 ms=80.4096
DECODE_STEP index=193 ms=85.8367
DECODE_STEP index=194 ms=82.3695
DECODE_STEP index=195 ms=80.2758
DECODE_STEP index=196 ms=76.8134
DECODE_STEP index=197 ms=89.6385
DECODE_STEP index=198 ms=79.1918
DECODE_STEP index=199 ms=79.9714
DECODE_STEP index=200 ms=81.9498
DECODE_STEP index=201 ms=89.869
DECODE_STEP index=202 ms=83.5277
DECODE_STEP index=203 ms=76.5087
DECODE_STEP index=204 ms=72.8948
DECODE_STEP index=205 ms=81.9288
DECODE_STEP index=206 ms=88.8886
DECODE_STEP index=207 ms=85.8664
DECODE_STEP index=208 ms=89.3679
DECODE_STEP index=209 ms=95.7457
DECODE_STEP index=210 ms=98.5255
DECODE_STEP index=211 ms=107.542
DECODE_STEP index=212 ms=100.303
DECODE_STEP index=213 ms=103.821
DECODE_STEP index=214 ms=93.5985
DECODE_STEP index=215 ms=98.9464
DECODE_STEP index=216 ms=97.9659
DECODE_STEP index=217 ms=103.31
DECODE_STEP index=218 ms=96.839
DECODE_STEP index=219 ms=97.8577
DECODE_STEP index=220 ms=109.364
DECODE_STEP index=221 ms=96.8757
DECODE_STEP index=222 ms=109.344
DECODE_STEP index=223 ms=108.633
DECODE_STEP index=224 ms=93.2178
DECODE_STEP index=225 ms=94.1677
DECODE_STEP index=226 ms=87.3573
DECODE_STEP index=227 ms=91.3227
DECODE_STEP index=228 ms=94.5413
DECODE_STEP index=229 ms=103.184
DECODE_STEP index=230 ms=79.8724
DECODE_STEP index=231 ms=75.3629
DECODE_STEP index=232 ms=81.504
DECODE_STEP index=233 ms=77.4103
DECODE_STEP index=234 ms=83.1346
DECODE_STEP index=235 ms=91.103
DECODE_STEP index=236 ms=91.8016
DECODE_STEP index=237 ms=90.603
DECODE_STEP index=238 ms=90.1906
DECODE_STEP index=239 ms=84.1388
DECODE_STEP index=240 ms=88.7057
DECODE_STEP index=241 ms=103.378
DECODE_STEP index=242 ms=114.725
DECODE_STEP index=243 ms=106.576
DECODE_STEP index=244 ms=107.151
DECODE_STEP index=245 ms=90.5579
DECODE_STEP index=246 ms=107.499
DECODE_STEP index=247 ms=108.994
DECODE_STEP index=248 ms=83.1315
DECODE_STEP index=249 ms=81.9704
DECODE_STEP index=250 ms=88.1397
DECODE_STEP index=251 ms=105.704
DECODE_STEP index=252 ms=100.366
DECODE_STEP index=253 ms=102.213
DECODE_STEP index=254 ms=84.4901
DECODE_STEP index=255 ms=95.9969
DECODE_STEP index=256 ms=92.6164
DECODE_STEP index=257 ms=93.5454
DECODE_STEP index=258 ms=90.5362
DECODE_STEP index=259 ms=95.452
DECODE_STEP index=260 ms=92.1428
DECODE_STEP index=261 ms=86.5657
DECODE_STEP index=262 ms=85.0115
DECODE_STEP index=263 ms=98.1885
DECODE_STEP index=264 ms=88.2403
DECODE_STEP index=265 ms=94.5808
DECODE_STEP index=266 ms=96.6833
DECODE_STEP index=267 ms=98.1739
DECODE_STEP index=268 ms=103.478
DECODE_STEP index=269 ms=103.07
DECODE_STEP index=270 ms=106.751
DECODE_STEP index=271 ms=102.612
DECODE_STEP index=272 ms=101.55
DECODE_STEP index=273 ms=103.318
DECODE_STEP index=274 ms=99.178
DECODE_STEP index=275 ms=99.011
DECODE_STEP index=276 ms=100.027
DECODE_STEP index=277 ms=112.437
DECODE_STEP index=278 ms=99.0433
DECODE_STEP index=279 ms=107.464
DECODE_STEP index=280 ms=91.2955
DECODE_STEP index=281 ms=90.0215
DECODE_STEP index=282 ms=87.9154
DECODE_STEP index=283 ms=84.9057
DECODE_STEP index=284 ms=83.5716
DECODE_STEP index=285 ms=84.891
DECODE_STEP index=286 ms=83.8475
DECODE_STEP index=287 ms=89.0924
DECODE_STEP index=288 ms=96.8788
DECODE_STEP index=289 ms=89.1634
DECODE_STEP index=290 ms=101.482
DECODE_STEP index=291 ms=103.345
DECODE_STEP index=292 ms=97.9017
DECODE_STEP index=293 ms=99.2175
DECODE_STEP index=294 ms=85.7125
DECODE_STEP index=295 ms=85.8004
DECODE_STEP index=296 ms=93.127
DECODE_STEP index=297 ms=90.9108
DECODE_STEP index=298 ms=90.5528
DECODE_STEP index=299 ms=98.0097
DECODE_STEP index=300 ms=95.3601
DECODE_STEP index=301 ms=86.6823
DECODE_STEP index=302 ms=97.2699
DECODE_STEP index=303 ms=88.1769
DECODE_STEP index=304 ms=96.0292
DECODE_STEP index=305 ms=82.7802
DECODE_STEP index=306 ms=87.2496
DECODE_STEP index=307 ms=98.5467
DECODE_STEP index=308 ms=93.2653
DECODE_STEP index=309 ms=93.5392
DECODE_STEP index=310 ms=89.1112
DECODE_STEP index=311 ms=92.7573
DECODE_STEP index=312 ms=90.5014
DECODE_STEP index=313 ms=85.0986
DECODE_STEP index=314 ms=91.2169
DECODE_STEP index=315 ms=92.3862
DECODE_STEP index=316 ms=89.6156
DECODE_STEP index=317 ms=86.9444
DECODE_STEP index=318 ms=80.9365
DECODE_STEP index=319 ms=97.9061
DECODE_STEP index=320 ms=97.6302
DECODE_STEP index=321 ms=95.971
DECODE_STEP index=322 ms=83.0563
DECODE_STEP index=323 ms=91.565
DECODE_STEP index=324 ms=93.6188
DECODE_STEP index=325 ms=81.5231
DECODE_STEP index=326 ms=82.3796
DECODE_STEP index=327 ms=90.4806
DECODE_STEP index=328 ms=84.6344
DECODE_STEP index=329 ms=86.4657
DECODE_STEP index=330 ms=96.4178
DECODE_STEP index=331 ms=95.2305
DECODE_STEP index=332 ms=103.14
DECODE_STEP index=333 ms=91.0922
DECODE_STEP index=334 ms=84.6591
DECODE_STEP index=335 ms=92.6498
DECODE_STEP index=336 ms=90.4237
DECODE_STEP index=337 ms=95.8088
DECODE_STEP index=338 ms=82.6236
DECODE_STEP index=339 ms=87.8354
DECODE_STEP index=340 ms=91.7245
DECODE_STEP index=341 ms=88.9999
DECODE_STEP index=342 ms=105.643
DECODE_STEP index=343 ms=102.992
DECODE_STEP index=344 ms=90.0264
DECODE_STEP index=345 ms=101.191
DECODE_STEP index=346 ms=100.578
DECODE_STEP index=347 ms=96.204
DECODE_STEP index=348 ms=94.0695
DECODE_STEP index=349 ms=90.0242
DECODE_STEP index=350 ms=87.3397
DECODE_STEP index=351 ms=87.8376
DECODE_STEP index=352 ms=85.0248
DECODE_STEP index=353 ms=95.9084
DECODE_STEP index=354 ms=84.7035
DECODE_STEP index=355 ms=80.4587
DECODE_STEP index=356 ms=95.8582
DECODE_STEP index=357 ms=89.0703
DECODE_STEP index=358 ms=77.8834
DECODE_STEP index=359 ms=76.4844
DECODE_STEP index=360 ms=84.4825
DECODE_STEP index=361 ms=77.1811
DECODE_STEP index=362 ms=87.4579
DECODE_STEP index=363 ms=86.426
DECODE_STEP index=364 ms=87.9682
DECODE_STEP index=365 ms=89.2723
DECODE_STEP index=366 ms=79.8275
DECODE_STEP index=367 ms=85.562
DECODE_STEP index=368 ms=86.0967
DECODE_STEP index=369 ms=82.8711
DECODE_STEP index=370 ms=86.8209
DECODE_STEP index=371 ms=100.396
DECODE_STEP index=372 ms=80.2677
DECODE_STEP index=373 ms=95.2624
DECODE_STEP index=374 ms=87.4206
DECODE_STEP index=375 ms=102.173
DECODE_STEP index=376 ms=87.6074
DECODE_STEP index=377 ms=92.9135
DECODE_STEP index=378 ms=106.141
DECODE_STEP index=379 ms=99.7701
DECODE_STEP index=380 ms=87.0004
DECODE_STEP index=381 ms=97.2978
DECODE_STEP index=382 ms=93.5003
DECODE_STEP index=383 ms=92.8073
DECODE_STEP index=384 ms=91.2974
DECODE_STEP index=385 ms=90.4622
DECODE_STEP index=386 ms=106.139
DECODE_STEP index=387 ms=90.2125
DECODE_STEP index=388 ms=91.9375
DECODE_STEP index=389 ms=86.8139
DECODE_STEP index=390 ms=92.1188
DECODE_STEP index=391 ms=88.3404
DECODE_STEP index=392 ms=89.597
DECODE_STEP index=393 ms=102.808
DECODE_STEP index=394 ms=105.606
DECODE_STEP index=395 ms=104.495
DECODE_STEP index=396 ms=98.9225
DECODE_STEP index=397 ms=109.579
DECODE_STEP index=398 ms=88.0183
DECODE_STEP index=399 ms=96.1933
DECODE_STEP index=400 ms=103.22
DECODE_STEP index=401 ms=94.3167
DECODE_STEP index=402 ms=91.4939
DECODE_STEP index=403 ms=104.197
DECODE_STEP index=404 ms=91.5607
DECODE_STEP index=405 ms=100.824
DECODE_STEP index=406 ms=96.0485
DECODE_STEP index=407 ms=96.3484
DECODE_STEP index=408 ms=78.3955
DECODE_STEP index=409 ms=90.7581
DECODE_STEP index=410 ms=83.5397
DECODE_STEP index=411 ms=76.7704
DECODE_STEP index=412 ms=98.2365
DECODE_STEP index=413 ms=92.0672
DECODE_STEP index=414 ms=89.395
DECODE_STEP index=415 ms=103.517
DECODE_STEP index=416 ms=89.2407
DECODE_STEP index=417 ms=91.0123
DECODE_STEP index=418 ms=94.8132
DECODE_STEP index=419 ms=98.9574
DECODE_STEP index=420 ms=78.9579
DECODE_STEP index=421 ms=91.8004
DECODE_STEP index=422 ms=82.4212
DECODE_STEP index=423 ms=81.7054
DECODE_STEP index=424 ms=77.2981
DECODE_STEP index=425 ms=88.9624
DECODE_STEP index=426 ms=87.6603
DECODE_STEP index=427 ms=94.0042
DECODE_STEP index=428 ms=103.844
DECODE_STEP index=429 ms=102.731
DECODE_STEP index=430 ms=96.6529
DECODE_STEP index=431 ms=99.8184
DECODE_STEP index=432 ms=97.1353
DECODE_STEP index=433 ms=89.5243
DECODE_STEP index=434 ms=98.3991
DECODE_STEP index=435 ms=100.278
DECODE_STEP index=436 ms=91.8647
DECODE_STEP index=437 ms=95.4846
DECODE_STEP index=438 ms=97.6652
DECODE_STEP index=439 ms=92.1936
DECODE_STEP index=440 ms=91.9258
DECODE_STEP index=441 ms=96.6026
DECODE_STEP index=442 ms=88.3408
DECODE_STEP index=443 ms=82.2319
DECODE_STEP index=444 ms=84.8395
DECODE_STEP index=445 ms=81.8348
DECODE_STEP index=446 ms=90.9288
DECODE_STEP index=447 ms=90.2353
DECODE_STEP index=448 ms=90.0318
DECODE_STEP index=449 ms=94.1131
DECODE_STEP index=450 ms=95.1941
DECODE_STEP index=451 ms=96.2348
DECODE_STEP index=452 ms=92.8212
DECODE_STEP index=453 ms=99.5406
DECODE_STEP index=454 ms=90.2043
DECODE_STEP index=455 ms=96.6882
DECODE_STEP index=456 ms=89.2649
DECODE_STEP index=457 ms=93.6998
DECODE_STEP index=458 ms=89.8265
DECODE_STEP index=459 ms=96.6448
DECODE_STEP index=460 ms=89.3788
DECODE_STEP index=461 ms=100.638
DECODE_STEP index=462 ms=95.7261
DECODE_STEP index=463 ms=98.0926
DECODE_STEP index=464 ms=89.338
DECODE_STEP index=465 ms=83.1019
DECODE_STEP index=466 ms=98.6272
DECODE_STEP index=467 ms=108.769
DECODE_STEP index=468 ms=95.8435
DECODE_STEP index=469 ms=97.9326
DECODE_STEP index=470 ms=102.516
DECODE_STEP index=471 ms=101.371
DECODE_STEP index=472 ms=102.794
DECODE_STEP index=473 ms=95.0108
DECODE_STEP index=474 ms=107.522
DECODE_STEP index=475 ms=94.117
DECODE_STEP index=476 ms=97.7238
DECODE_STEP index=477 ms=81.3134
DECODE_STEP index=478 ms=84.3239
DECODE_STEP index=479 ms=88.0184
DECODE_STEP index=480 ms=90.1445
DECODE_STEP index=481 ms=93.0146
DECODE_STEP index=482 ms=91.4858
DECODE_STEP index=483 ms=95.3467
DECODE_STEP index=484 ms=92.3693
DECODE_STEP index=485 ms=84.273
DECODE_STEP index=486 ms=102.908
DECODE_STEP index=487 ms=97.4144
DECODE_STEP index=488 ms=87.5077
DECODE_STEP index=489 ms=82.2111
DECODE_STEP index=490 ms=80.0799
DECODE_STEP index=491 ms=103.615
DECODE_STEP index=492 ms=96.2971
DECODE_STEP index=493 ms=91.5445
DECODE_STEP index=494 ms=94.8068
DECODE_STEP index=495 ms=82.8642
DECODE_STEP index=496 ms=80.0274
DECODE_STEP index=497 ms=78.2521
DECODE_STEP index=498 ms=80.2091
DECODE_STEP index=499 ms=100.333
DECODE_STEP index=500 ms=91.9594
DECODE_STEP index=501 ms=88.2454
DECODE_STEP index=502 ms=83.891
DECODE_STEP index=503 ms=92.2733
DECODE_STEP index=504 ms=79.4077
DECODE_STEP index=505 ms=89.3633
DECODE_STEP index=506 ms=92.9829
DECODE_STEP index=507 ms=92.3968
DECODE_STEP index=508 ms=79.4066
DECODE_STEP index=509 ms=105.539
DECODE_STEP index=510 ms=84.19
DECODE_STEP index=511 ms=96.2384
DECODE steps=511 ms=47483.1 tok_s=10.7617
HOST_RSS peak_MiB=54018.8
CPU_EXPERT gu_ms=0 quant_ms=0 down_ms=0 layer_flow_ms=34280.2 bytes=966108446720
STEP_TRACE steps=511 moe_layers=21462 pipelined=1 head_ms=1456.44 cpu_ms=34775.9 between_ms=9363.52 tail_ms=1501.04 enqueue_ms=2843.15 tier_swaps=4749 split_windows=0 per_step_ms=92.1662
GPU peak_allocated_MiB=11516.4 native_expert_bytes=0 expert_groups=0 staging_ms=0
PREFILL_SCRATCH device=0 peak_MiB=5.07568 capacity_MiB=32
GPU_LIVE device=0 dense_MiB=5029.21 other_MiB=6213.17 prefill_MiB=32 resident_exec_MiB=2.94288 state_MiB=239.105
GPU_DEVICE device=0 peak_allocated_MiB=11516.4 live_MiB=11516.4 native_expert_bytes=0 staging_ms=0 cache_hits=0 cache_hit_bytes=0 cuda_used_MiB=13196 free_MiB=3108
DECODE_TRIAL index=2
DECODE_STEP index=1 ms=104.137
DECODE_STEP index=2 ms=91.5085
DECODE_STEP index=3 ms=109.494
DECODE_STEP index=4 ms=105.303
DECODE_STEP index=5 ms=104.63
DECODE_STEP index=6 ms=96.9575
DECODE_STEP index=7 ms=105.241
DECODE_STEP index=8 ms=98.6594
DECODE_STEP index=9 ms=94.6572
DECODE_STEP index=10 ms=100.944
DECODE_STEP index=11 ms=94.2212
DECODE_STEP index=12 ms=104.998
DECODE_STEP index=13 ms=100.304
DECODE_STEP index=14 ms=107.592
DECODE_STEP index=15 ms=93.4365
DECODE_STEP index=16 ms=99.463
DECODE_STEP index=17 ms=92.8711
DECODE_STEP index=18 ms=103.131
DECODE_STEP index=19 ms=105.259
DECODE_STEP index=20 ms=90.2715
DECODE_STEP index=21 ms=82.7527
DECODE_STEP index=22 ms=96.0883
DECODE_STEP index=23 ms=115.603
DECODE_STEP index=24 ms=100.031
DECODE_STEP index=25 ms=98.3394
DECODE_STEP index=26 ms=104.043
DECODE_STEP index=27 ms=105.53
DECODE_STEP index=28 ms=86.2123
DECODE_STEP index=29 ms=94.6739
DECODE_STEP index=30 ms=93.8835
DECODE_STEP index=31 ms=93.4829
DECODE_STEP index=32 ms=102.861
DECODE_STEP index=33 ms=101.021
DECODE_STEP index=34 ms=102.348
DECODE_STEP index=35 ms=110.017
DECODE_STEP index=36 ms=96.2494
DECODE_STEP index=37 ms=104.389
DECODE_STEP index=38 ms=105.377
DECODE_STEP index=39 ms=92.4037
DECODE_STEP index=40 ms=98.7749
DECODE_STEP index=41 ms=89.7919
DECODE_STEP index=42 ms=78.1981
DECODE_STEP index=43 ms=92.7262
DECODE_STEP index=44 ms=96.1609
DECODE_STEP index=45 ms=107.82
DECODE_STEP index=46 ms=88.0524
DECODE_STEP index=47 ms=85.5683
DECODE_STEP index=48 ms=98.6565
DECODE_STEP index=49 ms=86.4225
DECODE_STEP index=50 ms=95.9248
DECODE_STEP index=51 ms=88.5418
DECODE_STEP index=52 ms=80.2069
DECODE_STEP index=53 ms=95.5345
DECODE_STEP index=54 ms=102.163
DECODE_STEP index=55 ms=112.223
DECODE_STEP index=56 ms=83.152
DECODE_STEP index=57 ms=104.126
DECODE_STEP index=58 ms=102.836
DECODE_STEP index=59 ms=96.7365
DECODE_STEP index=60 ms=104.566
DECODE_STEP index=61 ms=104.579
DECODE_STEP index=62 ms=92.2616
DECODE_STEP index=63 ms=89.1776
DECODE_STEP index=64 ms=91.0042
DECODE_STEP index=65 ms=89.2822
DECODE_STEP index=66 ms=89.9163
DECODE_STEP index=67 ms=103.83
DECODE_STEP index=68 ms=95.93
DECODE_STEP index=69 ms=95.9029
DECODE_STEP index=70 ms=107.115
DECODE_STEP index=71 ms=97.241
DECODE_STEP index=72 ms=104.684
DECODE_STEP index=73 ms=110.581
DECODE_STEP index=74 ms=97.7407
DECODE_STEP index=75 ms=99.085
DECODE_STEP index=76 ms=101.083
DECODE_STEP index=77 ms=89.2581
DECODE_STEP index=78 ms=94.1444
DECODE_STEP index=79 ms=99.4045
DECODE_STEP index=80 ms=81.0634
DECODE_STEP index=81 ms=84.7072
DECODE_STEP index=82 ms=82.6924
DECODE_STEP index=83 ms=83.7324
DECODE_STEP index=84 ms=85.8584
DECODE_STEP index=85 ms=106.189
DECODE_STEP index=86 ms=86.1237
DECODE_STEP index=87 ms=93.256
DECODE_STEP index=88 ms=98.0854
DECODE_STEP index=89 ms=89.8323
DECODE_STEP index=90 ms=102.41
DECODE_STEP index=91 ms=82.6889
DECODE_STEP index=92 ms=69.7115
DECODE_STEP index=93 ms=80.7002
DECODE_STEP index=94 ms=80.8727
DECODE_STEP index=95 ms=102.872
DECODE_STEP index=96 ms=88.4242
DECODE_STEP index=97 ms=100.347
DECODE_STEP index=98 ms=90.3819
DECODE_STEP index=99 ms=88.0495
DECODE_STEP index=100 ms=87.0361
DECODE_STEP index=101 ms=82.1964
DECODE_STEP index=102 ms=94.4751
DECODE_STEP index=103 ms=85.8675
DECODE_STEP index=104 ms=95.2173
DECODE_STEP index=105 ms=86.7483
DECODE_STEP index=106 ms=99.2914
DECODE_STEP index=107 ms=95.5233
DECODE_STEP index=108 ms=99.9262
DECODE_STEP index=109 ms=104.393
DECODE_STEP index=110 ms=102.948
DECODE_STEP index=111 ms=95.859
DECODE_STEP index=112 ms=101.808
DECODE_STEP index=113 ms=100.197
DECODE_STEP index=114 ms=95.7598
DECODE_STEP index=115 ms=78.4216
DECODE_STEP index=116 ms=69.5565
DECODE_STEP index=117 ms=82.9451
DECODE_STEP index=118 ms=94.4299
DECODE_STEP index=119 ms=90.3579
DECODE_STEP index=120 ms=86.6934
DECODE_STEP index=121 ms=87.1798
DECODE_STEP index=122 ms=92.5517
DECODE_STEP index=123 ms=82.229
DECODE_STEP index=124 ms=88.9587
DECODE_STEP index=125 ms=84.3508
DECODE_STEP index=126 ms=94.3897
DECODE_STEP index=127 ms=93.3993
DECODE_STEP index=128 ms=102.062
DECODE_STEP index=129 ms=80.4542
DECODE_STEP index=130 ms=87.4389
DECODE_STEP index=131 ms=85.2787
DECODE_STEP index=132 ms=103.323
DECODE_STEP index=133 ms=91.6928
DECODE_STEP index=134 ms=95.9223
DECODE_STEP index=135 ms=80.3759
DECODE_STEP index=136 ms=90.4993
DECODE_STEP index=137 ms=82.741
DECODE_STEP index=138 ms=77.2742
DECODE_STEP index=139 ms=95.8814
DECODE_STEP index=140 ms=87.7016
DECODE_STEP index=141 ms=86.553
DECODE_STEP index=142 ms=94.9596
DECODE_STEP index=143 ms=85.3077
DECODE_STEP index=144 ms=79.3827
DECODE_STEP index=145 ms=92.5116
DECODE_STEP index=146 ms=84.4193
DECODE_STEP index=147 ms=75.2853
DECODE_STEP index=148 ms=77.8607
DECODE_STEP index=149 ms=74.9712
DECODE_STEP index=150 ms=99.4532
DECODE_STEP index=151 ms=83.9388
DECODE_STEP index=152 ms=80.4024
DECODE_STEP index=153 ms=77.787
DECODE_STEP index=154 ms=75.1544
DECODE_STEP index=155 ms=82.6053
DECODE_STEP index=156 ms=81.4482
DECODE_STEP index=157 ms=81.4632
DECODE_STEP index=158 ms=102.422
DECODE_STEP index=159 ms=86.9422
DECODE_STEP index=160 ms=93.6189
DECODE_STEP index=161 ms=93.5951
DECODE_STEP index=162 ms=81.2145
DECODE_STEP index=163 ms=89.5272
DECODE_STEP index=164 ms=93.7851
DECODE_STEP index=165 ms=99.9571
DECODE_STEP index=166 ms=97.5819
DECODE_STEP index=167 ms=90.2587
DECODE_STEP index=168 ms=86.4922
DECODE_STEP index=169 ms=89.2308
DECODE_STEP index=170 ms=90.2261
DECODE_STEP index=171 ms=91.0183
DECODE_STEP index=172 ms=98.1244
DECODE_STEP index=173 ms=86.0175
DECODE_STEP index=174 ms=83.2388
DECODE_STEP index=175 ms=95.9179
DECODE_STEP index=176 ms=98.1005
DECODE_STEP index=177 ms=96.5591
DECODE_STEP index=178 ms=83.6815
DECODE_STEP index=179 ms=95.7217
DECODE_STEP index=180 ms=82.9818
DECODE_STEP index=181 ms=90.485
DECODE_STEP index=182 ms=84.4951
DECODE_STEP index=183 ms=90.7159
DECODE_STEP index=184 ms=84.8315
DECODE_STEP index=185 ms=87.3049
DECODE_STEP index=186 ms=95.5487
DECODE_STEP index=187 ms=92.2687
DECODE_STEP index=188 ms=93.3398
DECODE_STEP index=189 ms=79.36
DECODE_STEP index=190 ms=82.0402
DECODE_STEP index=191 ms=80.9637
DECODE_STEP index=192 ms=80.3719
DECODE_STEP index=193 ms=88.4969
DECODE_STEP index=194 ms=79.3681
DECODE_STEP index=195 ms=82.8438
DECODE_STEP index=196 ms=80.3216
DECODE_STEP index=197 ms=87.492
DECODE_STEP index=198 ms=82.1277
DECODE_STEP index=199 ms=81.3638
DECODE_STEP index=200 ms=80.105
DECODE_STEP index=201 ms=92.8819
DECODE_STEP index=202 ms=83.8828
DECODE_STEP index=203 ms=81.2395
DECODE_STEP index=204 ms=72.4553
DECODE_STEP index=205 ms=87.1114
DECODE_STEP index=206 ms=84.5806
DECODE_STEP index=207 ms=90.1266
DECODE_STEP index=208 ms=85.654
DECODE_STEP index=209 ms=97.2647
DECODE_STEP index=210 ms=100.811
DECODE_STEP index=211 ms=105.638
DECODE_STEP index=212 ms=97.7659
DECODE_STEP index=213 ms=105.483
DECODE_STEP index=214 ms=92.5105
DECODE_STEP index=215 ms=101.187
DECODE_STEP index=216 ms=95.4963
DECODE_STEP index=217 ms=101.902
DECODE_STEP index=218 ms=97.7216
DECODE_STEP index=219 ms=98.3739
DECODE_STEP index=220 ms=110.784
DECODE_STEP index=221 ms=98.8167
DECODE_STEP index=222 ms=103.732
DECODE_STEP index=223 ms=105.787
DECODE_STEP index=224 ms=93.4515
DECODE_STEP index=225 ms=94.115
DECODE_STEP index=226 ms=87.3945
DECODE_STEP index=227 ms=91.2713
DECODE_STEP index=228 ms=94.2784
DECODE_STEP index=229 ms=101.658
DECODE_STEP index=230 ms=77.1035
DECODE_STEP index=231 ms=77.529
DECODE_STEP index=232 ms=81.9363
DECODE_STEP index=233 ms=77.5029
DECODE_STEP index=234 ms=80.1724
DECODE_STEP index=235 ms=89.2571
DECODE_STEP index=236 ms=90.2539
DECODE_STEP index=237 ms=92.9684
DECODE_STEP index=238 ms=88.3152
DECODE_STEP index=239 ms=85.378
DECODE_STEP index=240 ms=87.1845
DECODE_STEP index=241 ms=103.277
DECODE_STEP index=242 ms=113.766
DECODE_STEP index=243 ms=108.38
DECODE_STEP index=244 ms=105.12
DECODE_STEP index=245 ms=90.6229
DECODE_STEP index=246 ms=108.804
DECODE_STEP index=247 ms=108.081
DECODE_STEP index=248 ms=84.4115
DECODE_STEP index=249 ms=84.1238
DECODE_STEP index=250 ms=86.293
DECODE_STEP index=251 ms=105.787
DECODE_STEP index=252 ms=97.7565
DECODE_STEP index=253 ms=101.965
DECODE_STEP index=254 ms=90.3101
DECODE_STEP index=255 ms=96.936
DECODE_STEP index=256 ms=94.8577
DECODE_STEP index=257 ms=90.4201
DECODE_STEP index=258 ms=91.9506
DECODE_STEP index=259 ms=99.2844
DECODE_STEP index=260 ms=90.8743
DECODE_STEP index=261 ms=88.587
DECODE_STEP index=262 ms=84.4672
DECODE_STEP index=263 ms=95.634
DECODE_STEP index=264 ms=90.8474
DECODE_STEP index=265 ms=97.0625
DECODE_STEP index=266 ms=97.2773
DECODE_STEP index=267 ms=97.1131
DECODE_STEP index=268 ms=104.504
DECODE_STEP index=269 ms=103.818
DECODE_STEP index=270 ms=104.099
DECODE_STEP index=271 ms=100.172
DECODE_STEP index=272 ms=105.306
DECODE_STEP index=273 ms=101.802
DECODE_STEP index=274 ms=99.2405
DECODE_STEP index=275 ms=102.472
DECODE_STEP index=276 ms=98.0203
DECODE_STEP index=277 ms=111.599
DECODE_STEP index=278 ms=101.179
DECODE_STEP index=279 ms=103.941
DECODE_STEP index=280 ms=94.3812
DECODE_STEP index=281 ms=86.8133
DECODE_STEP index=282 ms=87.8166
DECODE_STEP index=283 ms=84.9764
DECODE_STEP index=284 ms=83.5517
DECODE_STEP index=285 ms=85.8447
DECODE_STEP index=286 ms=83.5312
DECODE_STEP index=287 ms=87.9456
DECODE_STEP index=288 ms=97.0449
DECODE_STEP index=289 ms=92.1815
DECODE_STEP index=290 ms=100.826
DECODE_STEP index=291 ms=102.78
DECODE_STEP index=292 ms=96.8624
DECODE_STEP index=293 ms=99.5685
DECODE_STEP index=294 ms=88.1441
DECODE_STEP index=295 ms=86.5873
DECODE_STEP index=296 ms=91.2424
DECODE_STEP index=297 ms=89.8476
DECODE_STEP index=298 ms=87.8588
DECODE_STEP index=299 ms=97.8156
DECODE_STEP index=300 ms=93.4584
DECODE_STEP index=301 ms=87.1563
DECODE_STEP index=302 ms=97.1534
DECODE_STEP index=303 ms=90.4912
DECODE_STEP index=304 ms=95.9737
DECODE_STEP index=305 ms=84.5284
DECODE_STEP index=306 ms=86.6892
DECODE_STEP index=307 ms=98.8726
DECODE_STEP index=308 ms=91.002
DECODE_STEP index=309 ms=93.0918
DECODE_STEP index=310 ms=89.315
DECODE_STEP index=311 ms=92.7789
DECODE_STEP index=312 ms=88.1689
DECODE_STEP index=313 ms=84.9658
DECODE_STEP index=314 ms=92.5928
DECODE_STEP index=315 ms=88.9491
DECODE_STEP index=316 ms=92.7694
DECODE_STEP index=317 ms=86.9149
DECODE_STEP index=318 ms=82.057
DECODE_STEP index=319 ms=95.5045
DECODE_STEP index=320 ms=100.118
DECODE_STEP index=321 ms=96.243
DECODE_STEP index=322 ms=81.4261
DECODE_STEP index=323 ms=91.5332
DECODE_STEP index=324 ms=95.336
DECODE_STEP index=325 ms=84.2479
DECODE_STEP index=326 ms=81.0182
DECODE_STEP index=327 ms=90.4617
DECODE_STEP index=328 ms=85.3464
DECODE_STEP index=329 ms=84.7874
DECODE_STEP index=330 ms=100.117
DECODE_STEP index=331 ms=91.9898
DECODE_STEP index=332 ms=106.096
DECODE_STEP index=333 ms=92.4026
DECODE_STEP index=334 ms=85.8236
DECODE_STEP index=335 ms=94.7708
DECODE_STEP index=336 ms=88.6074
DECODE_STEP index=337 ms=93.9728
DECODE_STEP index=338 ms=82.6604
DECODE_STEP index=339 ms=88.0022
DECODE_STEP index=340 ms=91.0473
DECODE_STEP index=341 ms=89.711
DECODE_STEP index=342 ms=104.634
DECODE_STEP index=343 ms=102.507
DECODE_STEP index=344 ms=89.9861
DECODE_STEP index=345 ms=99.411
DECODE_STEP index=346 ms=99.9687
DECODE_STEP index=347 ms=94.0363
DECODE_STEP index=348 ms=97.838
DECODE_STEP index=349 ms=92.1446
DECODE_STEP index=350 ms=82.1597
DECODE_STEP index=351 ms=87.6672
DECODE_STEP index=352 ms=87.3473
DECODE_STEP index=353 ms=92.5665
DECODE_STEP index=354 ms=87.1154
DECODE_STEP index=355 ms=80.4226
DECODE_STEP index=356 ms=95.7524
DECODE_STEP index=357 ms=88.2454
DECODE_STEP index=358 ms=77.9464
DECODE_STEP index=359 ms=76.5823
DECODE_STEP index=360 ms=85.3078
DECODE_STEP index=361 ms=78.8739
DECODE_STEP index=362 ms=87.6097
DECODE_STEP index=363 ms=89.1085
DECODE_STEP index=364 ms=88.0579
DECODE_STEP index=365 ms=88.6662
DECODE_STEP index=366 ms=82.1292
DECODE_STEP index=367 ms=84.8122
DECODE_STEP index=368 ms=86.8326
DECODE_STEP index=369 ms=83.8221
DECODE_STEP index=370 ms=86.6824
DECODE_STEP index=371 ms=96.4969
DECODE_STEP index=372 ms=80.7149
DECODE_STEP index=373 ms=93.393
DECODE_STEP index=374 ms=87.524
DECODE_STEP index=375 ms=99.9404
DECODE_STEP index=376 ms=87.6332
DECODE_STEP index=377 ms=90.9523
DECODE_STEP index=378 ms=100.743
DECODE_STEP index=379 ms=100.036
DECODE_STEP index=380 ms=86.9221
DECODE_STEP index=381 ms=97.4123
DECODE_STEP index=382 ms=93.6891
DECODE_STEP index=383 ms=89.8931
DECODE_STEP index=384 ms=94.0395
DECODE_STEP index=385 ms=89.6356
DECODE_STEP index=386 ms=109.861
DECODE_STEP index=387 ms=90.0673
DECODE_STEP index=388 ms=92.1452
DECODE_STEP index=389 ms=85.2377
DECODE_STEP index=390 ms=95.427
DECODE_STEP index=391 ms=90.7088
DECODE_STEP index=392 ms=92.0208
DECODE_STEP index=393 ms=102.374
DECODE_STEP index=394 ms=105.898
DECODE_STEP index=395 ms=103.891
DECODE_STEP index=396 ms=99.204
DECODE_STEP index=397 ms=109.449
DECODE_STEP index=398 ms=87.8751
DECODE_STEP index=399 ms=96.2351
DECODE_STEP index=400 ms=102.959
DECODE_STEP index=401 ms=92.068
DECODE_STEP index=402 ms=94.1871
DECODE_STEP index=403 ms=104.935
DECODE_STEP index=404 ms=94.7762
DECODE_STEP index=405 ms=99.919
DECODE_STEP index=406 ms=91.4334
DECODE_STEP index=407 ms=102.214
DECODE_STEP index=408 ms=77.3486
DECODE_STEP index=409 ms=94.2982
DECODE_STEP index=410 ms=83.6646
DECODE_STEP index=411 ms=75.9222
DECODE_STEP index=412 ms=97.5117
DECODE_STEP index=413 ms=94.0276
DECODE_STEP index=414 ms=91.1784
DECODE_STEP index=415 ms=102.922
DECODE_STEP index=416 ms=92.6935
DECODE_STEP index=417 ms=92.0407
DECODE_STEP index=418 ms=92.9107
DECODE_STEP index=419 ms=98.1025
DECODE_STEP index=420 ms=80.6896
DECODE_STEP index=421 ms=91.7901
DECODE_STEP index=422 ms=79.2705
DECODE_STEP index=423 ms=80.3358
DECODE_STEP index=424 ms=77.1187
DECODE_STEP index=425 ms=87.8607
DECODE_STEP index=426 ms=87.3216
DECODE_STEP index=427 ms=97.4009
DECODE_STEP index=428 ms=103.565
DECODE_STEP index=429 ms=101.284
DECODE_STEP index=430 ms=97.4945
DECODE_STEP index=431 ms=97.5391
DECODE_STEP index=432 ms=98.9773
DECODE_STEP index=433 ms=86.4897
DECODE_STEP index=434 ms=100.178
DECODE_STEP index=435 ms=100.374
DECODE_STEP index=436 ms=91.7553
DECODE_STEP index=437 ms=95.1606
DECODE_STEP index=438 ms=98.3588
DECODE_STEP index=439 ms=92.0878
DECODE_STEP index=440 ms=92.4984
DECODE_STEP index=441 ms=93.3835
DECODE_STEP index=442 ms=93.388
DECODE_STEP index=443 ms=84.7569
DECODE_STEP index=444 ms=87.9267
DECODE_STEP index=445 ms=83.8066
DECODE_STEP index=446 ms=91.983
DECODE_STEP index=447 ms=87.3416
DECODE_STEP index=448 ms=96.3517
DECODE_STEP index=449 ms=93.4471
DECODE_STEP index=450 ms=95.5107
DECODE_STEP index=451 ms=99.4587
DECODE_STEP index=452 ms=90.6739
DECODE_STEP index=453 ms=100.617
DECODE_STEP index=454 ms=93.256
DECODE_STEP index=455 ms=96.8929
DECODE_STEP index=456 ms=91.8708
DECODE_STEP index=457 ms=92.4103
DECODE_STEP index=458 ms=93.3392
DECODE_STEP index=459 ms=94.5584
DECODE_STEP index=460 ms=85.3792
DECODE_STEP index=461 ms=103.57
DECODE_STEP index=462 ms=98.7952
DECODE_STEP index=463 ms=97.7976
DECODE_STEP index=464 ms=89.4016
DECODE_STEP index=465 ms=85.0911
DECODE_STEP index=466 ms=99.7762
DECODE_STEP index=467 ms=110.213
DECODE_STEP index=468 ms=96.8188
DECODE_STEP index=469 ms=97.2978
DECODE_STEP index=470 ms=100.805
DECODE_STEP index=471 ms=100.896
DECODE_STEP index=472 ms=100.855
DECODE_STEP index=473 ms=92.804
DECODE_STEP index=474 ms=106.02
DECODE_STEP index=475 ms=97.126
DECODE_STEP index=476 ms=97.6246
DECODE_STEP index=477 ms=84.3045
DECODE_STEP index=478 ms=86.7035
DECODE_STEP index=479 ms=86.3544
DECODE_STEP index=480 ms=91.4068
DECODE_STEP index=481 ms=91.8553
DECODE_STEP index=482 ms=89.8493
DECODE_STEP index=483 ms=94.3002
DECODE_STEP index=484 ms=90.431
DECODE_STEP index=485 ms=86.757
DECODE_STEP index=486 ms=103.961
DECODE_STEP index=487 ms=98.0816
DECODE_STEP index=488 ms=86.0627
DECODE_STEP index=489 ms=81.1525
DECODE_STEP index=490 ms=80.8155
DECODE_STEP index=491 ms=100.664
DECODE_STEP index=492 ms=101.396
DECODE_STEP index=493 ms=87.098
DECODE_STEP index=494 ms=90.0003
DECODE_STEP index=495 ms=83.4069
DECODE_STEP index=496 ms=79.4092
DECODE_STEP index=497 ms=78.7292
DECODE_STEP index=498 ms=80.2131
DECODE_STEP index=499 ms=97.6887
DECODE_STEP index=500 ms=92.8837
DECODE_STEP index=501 ms=89.0351
DECODE_STEP index=502 ms=80.623
DECODE_STEP index=503 ms=92.1331
DECODE_STEP index=504 ms=82.8591
DECODE_STEP index=505 ms=88.3982
DECODE_STEP index=506 ms=96.2941
DECODE_STEP index=507 ms=90.7368
DECODE_STEP index=508 ms=79.5936
DECODE_STEP index=509 ms=102.463
DECODE_STEP index=510 ms=83.3296
DECODE_STEP index=511 ms=94.2084
DECODE steps=511 ms=47521.7 tok_s=10.753
HOST_RSS peak_MiB=54018.8
CPU_EXPERT gu_ms=0 quant_ms=0 down_ms=0 layer_flow_ms=34278.9 bytes=966108446720
STEP_TRACE steps=511 moe_layers=21462 pipelined=1 head_ms=1466.78 cpu_ms=34774.5 between_ms=9369.17 tail_ms=1555.26 enqueue_ms=2878.71 tier_swaps=7114 split_windows=0 per_step_ms=92.3008
GPU peak_allocated_MiB=11516.4 native_expert_bytes=0 expert_groups=0 staging_ms=0
PREFILL_SCRATCH device=0 peak_MiB=5.07568 capacity_MiB=32
GPU_LIVE device=0 dense_MiB=5029.21 other_MiB=6213.17 prefill_MiB=32 resident_exec_MiB=2.94288 state_MiB=239.105
GPU_DEVICE device=0 peak_allocated_MiB=11516.4 live_MiB=11516.4 native_expert_bytes=0 staging_ms=0 cache_hits=0 cache_hit_bytes=0 cuda_used_MiB=13196 free_MiB=3108
resident expert entries=197076/515088
