25
1874
9
102636
10
15770
3419
4351
11165
11
1874
9
102636
10
15770
3419
4351
198
2575
20455
17629
369
279
19827
26
14330
25
9862
13931
28261
11
2670
28261
3403
220
16150
198
2575
8426
82
825
20455
17629
369
279
19827
26
5515
13931
12519
25
1874
9
102636
10
5785
198
2575
8426
82
825
20455
44621
64529
17629
369
279
356
1027
99419
11
356
1027
99419
198
2575
8426
82
825
20455
44621
64529
17629
369
279
19827
26
6042
198
2575
3776
20455
17629
369
279
49083
6042
198
2575
3776
20455
17629
369
279
49083
6042
198
12158
20609
198
12158
20609
198
2575
3776
20455
17629
369
330
6005
85246
6042
1
25797
198
2575
3776
20455
5333
369
330
6005
3347
198
2575
3776
20455
5333
369
1969
198
2575
5610
198
2575
1048
3776
20455
5333
369
50122
5333
198
2575
3776
20455
5333
369
356
1027
99419
198
2575
7314
6453
49148
5610
49083
6042
323
25797
5128
198
2575
7314
6453
49148
5610
49083
25797
5128
198
12158
20609
198
12158
20609
198
2575
3776
20455
17629
369
330
6005
85246
6042
1
25797
198
2575
66163
198
2575
3776
20455
9929
2727
330
266
3245
220
99317
66163
13593
5048
1
323
330
327
61711
220
99317
7032
11
6042
11
30070
11
6042
198
2575
3776
20455
9929
17045
369
264
5185
911
15931
32
15614
15266
323
2802
26932
13
330
17464
32
15614
15266
323
2802
26932
1
374
279
8543
13
576
49148
594
15931
32
6978
525
2436
39840
19339
4279
12
1811
11
678
2326
40257
3786
624
2575
3776
20455
9929
8543
25
15931
32
15614
15266
323
2802
26932
13
576
49148
594
15931
32
6978
525
2436
37208
38844
19339
4279
12
7798
198
2575
3776
20455
8543
25
15931
17464
32
15614
15266
323
2802
26932
13
576
9929
8543
374
15931
32
15614
15266
323
2802
472
198
2575
3776
49083
3980
5128
323
25797
5128
198
12158
20609
198
2575
3776
20455
9929
8543
25
15931
32
15614
76288
323
2802
26932
13
576
49148
594
15931
64
6978
525
2436
39840
19339
4279
12
1811
11
279
2326
40257
3786
624
2575
3776
20455
9929
8543
25
16686
3769
2802
26932
25
9862
8236
74594
13989
525
279
3769
594
705
78432
40257
11
9862
8236
74594
13989
26932
198
4748
82
198
4748
82
198
2575
3776
20455
9929
8543
25
15931
32
15614
15266
25
91321
58
17
60
374
1378
7798
11
1817
451
13407
9021
9977
18098
71294
78432
2436
39840
19339
4279
12
1811
11
678
2326
40257
3786
438
825
4982
315
15266
624
3843
198
3843
198
2413
64
198
2413
64
198
2575
3776
20455
8543
25
16168
14511
15931
32
15614
15266
323
2802
26932
25
91321
58
17
60
1378
7798
24692
2326
40257
11
2436
39840
19339
4279
12
1811
11
678
2326
40257
3786
438
825
4982
315
15266
624
2575
25
1874
9
102636
10
15770
3419
4351
11165
11
1874
9
102636
10
15770
3419
4351
198
2575
20455
17629
369
279
19827
26
14330
25
9862
13931
28261
11
2670
28261
3403
220
16150
198
2575
8426
82
825
20455
17629
369
279
19827
26
5515
13931
12519
25
1874
9
102636
10
5785
198
2575
8426
82
825
20455
44621
64529
17629
369
279
356
1027
99419
11
356
1027
99419
198
2575
8426
82
825
20455
44621
64529
17629
369
279
19827
26
6042
198
2575
3776
20455
17629
369
279
49083
6042
198
2575
3776
20455
17629
369
279
49083
6042
198
12158
20609
198
12158
20609
198
2575
3776
20455
17629
369
330
6005
85246
6042
1
25797
198
2575
3776
20455
5333
369
330
6005
3347
198
2575
3776
20455
5333
369
1969
198
2575
5610
198
2575
1048
3776
20455
5333
369
50122
5333
198
2575
3776
20455
5333
369
356
1027
99419
198
2575
7314
6453
49148
5610
49083
6042
323
25797
5128
198
2575
7314
6453
49148
5610
49083
25797
5128
198
12158
20609
198
12158
20609
198
2575
3776
20455
17629
369
330
6005
85246
6042
1
25797
198
2575
66163
198
2575
3776
20455
9929
2727
330
266
3245
220
99317
66163
13593
5048
1
323
330
327
61711
220
99317
7032
11
6042
11
30070
11
6042
198
2575
3776
20455
9929
17045
369
264
5185
911
15931
32
15614
15266
323
2802
26932
13
330
17464
32
15614
15266
323
2802
26932
1
374
279
8543
13
576
49148
594
15931
32
6978
525
2436
39840
19339
4279
12
1811
11
678
2326
40257
3786
624
2575
3776
20455
9929
8543
25
15931
32
15614
15266
323
2802
26932
13
576
49148
594
15931
32
6978
525
2436
37208
38844
19339
4279
12
7798
198
2575
3776
20455
8543
25
15931
17464
32
15614
15266
323
2802
26932
13
576
9929
8543
374
15931
32
15614
15266
323
2802
472
198
2575
3776
49083
3980
5128
323
25797
5128
198
12158
20609
198
2575
3776
20455
9929
8543
25
15931
32
15614
76288
323
2802
26932
13
576
49148
594
15931
64
6978
525
2436
39840
19339
4279
12
1811
11
279
2326
40257
3786
624
2575
3776
20455
9929
8543
25
16686
3769
2802
26932
25
9862
8236
74594
13989
525
279
3769
594
705
78432
40257
11
9862
8236
74594
13989
26932
198
4748
82
198
4748
82
198
2575
3776
20455
9929
8543
25
15931
32
15614
15266
25
91321
58
17
60
374
1378
7798
11
1817
451
13407
9021
9977
18098
71294
78432
2436
39840
19339
4279
12
1811
11
678
2326
40257
3786
438
825
4982
315
15266
624
3843
198
3843
198
2413
64
198
2413
64
198
2575
3776
20455
8543
25
16168
14511
15931
32
15614
15266
323
2802
26932
25
91321
58
17
60
1378
7798
24692
2326
40257
11
2436
39840
19339
4279
12
1811
11
678
2326
40257
3786
438
825
4982
315
15266
624
2575
25
1874
9
102636
10
15770
3419
4351
11165
11
1874
9
102636
10
15770
3419
4351
198
2575
20455
17629
369
279
19827
26
14330
25
9862
13931
28261
11
2670
28261
3403
220
16150
198
2575
8426
82
825
20455
17629
369
279
19827
26
5515
13931
12519
25
1874
9
102636
10
5785
198
2575
8426
82
825
20455
44621
64529
17629
369
279
356
1027
99419
11
356
1027
99419
198
2575
8426
82
825
20455
44621
64529
17629
369
279
19827
26
6042
198
2575
3776
20455
17629
369
279
49083
6042
198
2575
3776
20455
17629
369
279
49083
6042
198
12158
20609
198
12158
20609
198
2575
3776
20455
17629
369
330
6005
85246
6042
1
25797
198
2575
3776
20455
5333
369
330
6005
3347
198
2575
3776
20455
5333
369
1969
198
2575
5610
198
2575
1048
3776
20455
5333
369
50122
5333
198
2575
3776
20455
5333
369
356
1027
99419
198
2575
7314
6453
49148
5610
49083
6042
323
25797
5128
198
2575
7314
6453
49148
5610
49083
25797
5128
198
12158
20609
198
12158
20609
198
2575
3776
20455
17629
369
330
6005
85246
6042
1
25797
198
2575
66163
198
2575
3776
20455
9929
2727
330
266
3245
220
99317
66163
13593
5048
1
323
330
327
61711
220
99317
7032
11
6042
11
30070
11
6042
198
2575
3776
20455
9929
17045
369
264
5185
911
15931
32
15614
15266
323
2802
26932
13
330
17464
32
15614
15266
323
2802
26932
1
374
279
8543
13
576
49148
594
15931
32
6978
525
2436
39840
19339
4279
12
1811
11
678
2326
40257
3786
624
2575
3776
20455
9929
8543
25
15931
32
15614
15266
323
2802
26932
13
576
49148
594
15931
32
6978
525
2436
37208
38844
19339
4279
12
7798
198
2575
3776
20455
8543
25
15931
17464
32
15614
15266
323
2802
26932
13
576
9929
8543
374
15931
32
15614
15266
323
2802
472
198
2575
3776
49083
3980
5128
323
25797
5128
198
12158
20609
198
2575
3776
20455
9929
8543
25
15931
32
15614
76288
323
2802
26932
13
576
49148
594
15931
64
6978
525
2436
39840
19339
4279
12
1811
11
279
2326
40257
3786
624
2575
3776
20455
9929
8543
25
16686
3769
2802
26932
25
9862
8236
74594
13989
525
279
3769
594
705
78432
40257
11
9862
8236
74594
13989
26932
198
4748
82
198
4748
82
198
2575
3776
20455
9929
8543
25
15931
32
15614
15266
25
91321
58
17
60
374
1378
7798
11
1817
451
13407
9021
9977
18098
71294
78432
2436
39840
19339
4279
12
1811
11
678
2326
40257
3786
438
825
4982
315
15266
624
3843
198
3843
198
2413
64
198
2413
64
198
2575
3776
20455
8543
25
16168
14511
15931
32
15614
15266
323
2802
26932
25
91321
58
17
60
1378
7798
24692
2326
40257
11
2436
39840
19339
4279
12
1811
11
678
2326
40257
3786
438
825
4982
315
15266
624
2575
