25
825
20455
17629
817
1618
11
825
817
198
2575
8751
25760
13480
3581
14
30682
13
3776
20455
17629
817
1618
13
3776
20455
17629
817
1618
13
11499
198
2575
8426
82
825
20455
17629
369
279
19827
26
5515
13931
12519
25
825
20455
32013
12239
20317
10517
64
58
17
60
825
817
198
2575
8426
82
825
20455
17629
369
264
19827
26
5515
13931
15931
32
2436
39840
19339
4279
12
73712
12239
20317
10517
64
58
17
60
825
817
198
2575
8426
82
2436
39840
19339
4279
12
1811
369
264
19827
26
5515
13931
12519
25
825
20455
17629
817
1618
11
825
817
198
2575
8426
82
2436
39840
19339
4279
12
1811
369
264
19827
26
5515
13931
12519
25
825
13593
1142
25
825
20455
17629
817
1618
11
825
817
198
2575
8426
82
2436
39840
15614
15266
25
825
20455
17629
817
2436
11
825
817
198
2575
8426
82
2436
39840
15614
15266
25
825
20455
17629
817
2436
11
825
817
198
2575
4629
25
8426
82
2436
39840
15614
15266
25
825
20455
17629
817
2436
11
825
817
198
2575
4629
25
8426
82
15614
15266
25
825
20455
17629
20164
817
15931
32
2436
11
825
817
198
2575
4629
25
8426
82
15614
15266
25
825
20455
17629
20164
817
15931
32
2436
11
825
3175
198
2575
4629
25
8426
82
15614
15266
25
5333
25
825
20455
17629
20164
817
15931
32
3175
198
2575
4629
25
8426
82
15614
15266
25
5333
25
825
20455
17629
7337
817
15931
32
2436
11
825
817
198
2575
4629
25
8426
82
15614
28311
42477
25
825
20455
17629
20164
817
15931
32
2436
11
825
817
198
2575
4629
25
32013
12239
20317
10517
64
58
17
60
825
817
198
2575
4629
25
32013
12239
20317
10517
64
58
654
76
7208
25
8426
82
15614
15266
25
9320
76
7208
25
8426
82
9320
76
8751
25760
13480
3581
14
30682
11
8751
25760
13480
3581
14
30682
11
8751
25760
4494
198
6855
25760
13480
3581
10809
48606
13480
543
6855
25760
13480
3581
10809
19827
26
5515
13931
12519
25
825
20455
17629
817
1618
11
11499
198
6855
25760
13480
3581
10809
19827
26
5515
13931
12519
25
5333
25
825
20455
17629
817
1618
11
11499
198
6855
25760
13480
14940
10809
48606
13480
53691
25760
13480
6781
317
6855
25760
13480
14940
10809
48606
13480
53691
25760
13480
6781
8
481
5515
13931
12519
25
825
20455
1882
198
6855
25760
8751
25760
13480
2036
5043
25
17298
21240
3183
1073
14
1891
11
17298
21240
3183
49083
198
6855
25760
8751
25760
13480
2036
5043
25
17298
21240
14
1891
11
17298
8317
198
6855
25760
13480
14940
10809
48606
13480
7
8751
25760
13480
13624
82
25
14940
10809
48606
13480
13624
82
25
14940
10809
48606
13480
13624
82
198
6855
25760
13480
14940
10809
50122
25
14940
10809
25
825
20455
17629
817
1618
11
825
817
198
2575
8751
25760
13480
3581
14
30682
13
3776
20455
17629
817
1618
13
3776
20455
17629
817
1618
13
11499
198
2575
8426
82
825
20455
17629
369
279
19827
26
5515
13931
12519
25
825
20455
32013
12239
20317
10517
64
58
17
60
825
817
198
2575
8426
82
825
20455
17629
369
264
19827
26
5515
13931
15931
32
2436
39840
19339
4279
12
73712
12239
20317
10517
64
58
17
60
825
817
198
2575
8426
82
2436
39840
19339
4279
12
1811
369
264
19827
26
5515
13931
12519
25
825
20455
17629
817
1618
11
825
817
198
2575
8426
82
2436
39840
19339
4279
12
1811
369
264
19827
26
5515
13931
12519
25
825
13593
1142
25
825
20455
17629
817
1618
11
825
817
198
2575
8426
82
2436
39840
15614
15266
25
825
20455
17629
817
2436
11
825
817
198
2575
8426
82
2436
39840
15614
15266
25
825
20455
17629
817
2436
11
825
817
198
2575
4629
25
8426
82
2436
39840
15614
15266
25
825
20455
17629
817
2436
11
825
817
198
2575
4629
25
8426
82
15614
15266
25
825
20455
17629
20164
817
15931
32
2436
11
825
817
198
2575
4629
25
8426
82
15614
15266
25
825
20455
17629
20164
817
15931
32
2436
11
825
3175
198
2575
4629
25
8426
82
15614
15266
25
5333
25
825
20455
17629
20164
817
15931
32
3175
198
2575
4629
25
8426
82
15614
15266
25
5333
25
825
20455
17629
7337
817
15931
32
2436
11
825
817
198
2575
4629
25
8426
82
15614
28311
42477
25
825
20455
17629
20164
817
15931
32
2436
11
825
817
198
2575
4629
25
32013
12239
20317
10517
64
58
17
60
825
817
198
2575
4629
25
32013
12239
20317
10517
64
58
654
76
7208
25
8426
82
15614
15266
25
9320
76
7208
25
8426
82
9320
76
8751
25760
13480
3581
14
30682
11
8751
25760
13480
3581
14
30682
11
8751
25760
4494
198
6855
25760
13480
3581
10809
48606
13480
543
6855
25760
13480
3581
10809
19827
26
5515
13931
12519
25
825
20455
17629
817
1618
11
11499
198
6855
25760
13480
3581
10809
19827
26
5515
13931
12519
25
5333
25
825
20455
17629
817
1618
11
11499
198
6855
25760
13480
14940
10809
48606
13480
53691
25760
13480
6781
317
6855
25760
13480
14940
10809
48606
13480
53691
25760
13480
6781
8
481
5515
13931
12519
25
825
20455
1882
198
6855
25760
8751
25760
13480
2036
5043
25
17298
21240
3183
1073
14
1891
11
17298
21240
3183
49083
198
6855
25760
8751
25760
13480
2036
5043
25
17298
21240
14
1891
11
17298
8317
198
6855
25760
13480
14940
10809
48606
13480
7
8751
25760
13480
13624
82
25
14940
10809
48606
13480
13624
82
25
14940
10809
48606
13480
13624
82
198
6855
25760
13480
14940
10809
50122
25
14940
10809
25
825
20455
17629
817
1618
11
825
817
198
2575
8751
25760
13480
3581
14
30682
13
3776
20455
17629
817
1618
13
3776
20455
17629
817
1618
13
11499
198
2575
8426
82
825
20455
17629
369
279
19827
26
5515
13931
12519
25
825
20455
32013
12239
20317
10517
64
58
17
60
825
817
198
2575
8426
82
825
20455
17629
369
264
19827
26
5515
13931
15931
32
2436
39840
19339
4279
12
73712
12239
20317
10517
64
58
17
60
825
817
198
2575
8426
82
2436
39840
19339
4279
12
1811
369
264
19827
26
5515
13931
12519
25
825
20455
17629
817
1618
11
825
817
198
2575
8426
82
2436
39840
19339
4279
12
1811
369
264
19827
26
5515
13931
12519
25
825
13593
1142
25
825
20455
17629
817
1618
11
825
817
198
2575
8426
82
2436
39840
15614
15266
25
825
20455
17629
817
2436
11
825
817
198
2575
8426
82
2436
39840
15614
15266
25
825
20455
17629
817
2436
11
825
817
198
2575
4629
25
8426
82
2436
39840
15614
15266
25
825
20455
17629
817
2436
11
825
817
198
2575
4629
25
8426
82
15614
15266
25
825
20455
17629
20164
817
15931
32
2436
11
825
817
198
2575
4629
25
8426
82
15614
15266
25
825
20455
17629
20164
817
15931
32
2436
11
825
3175
198
2575
4629
25
8426
82
15614
15266
25
5333
25
825
20455
17629
20164
817
15931
32
3175
198
2575
4629
25
8426
82
15614
15266
25
5333
25
825
20455
17629
7337
817
15931
32
2436
11
825
817
198
2575
4629
25
8426
82
15614
28311
42477
25
825
20455
17629
20164
817
15931
32
2436
11
825
817
198
2575
4629
25
32013
12239
20317
10517
64
58
17
60
825
817
198
2575
4629
25
32013
12239
20317
10517
64
58
654
76
7208
25
8426
82
15614
15266
25
9320
76
7208
25
8426
82
9320
76
8751
25760
13480
3581
14
30682
11
8751
25760
13480
3581
14
30682
11
8751
25760
4494
198
6855
25760
13480
3581
10809
48606
13480
543
6855
25760
13480
3581
10809
19827
26
5515
13931
12519
25
825
20455
17629
817
1618
11
11499
198
6855
25760
13480
3581
10809
19827
26
5515
13931
12519
25
5333
25
825
20455
17629
817
1618
11
11499
198
6855
25760
13480
14940
10809
48606
13480
53691
25760
13480
6781
317
6855
25760
13480
14940
10809
48606
13480
53691
25760
13480
6781
8
481
5515
13931
12519
25
825
20455
1882
198
6855
25760
8751
25760
13480
2036
5043
25
17298
21240
3183
1073
14
1891
11
17298
21240
3183
49083
198
6855
25760
8751
25760
13480
2036
5043
25
17298
21240
14
1891
11
17298
8317
198
6855
25760
13480
14940
10809
48606
13480
7
8751
25760
13480
13624
82
25
14940
10809
48606
13480
13624
82
25
14940
10809
48606
13480
13624
82
198
6855
25760
13480
14940
10809
50122
25
14940
10809
