25
825
20455
17629
817
1618
11
825
817
198
2575
8751
25760
13480
3255
13
220
5515
25
825
20455
17629
220
19
13
15
13
15
13
16
320
19
13
15
13
15
13
98886
8
3255
817
1618
11
825
3255
817
198
2575
4244
304
17298
21240
3183
1073
4244
13
8751
25760
13480
3255
25
825
20455
17629
220
19
13
10080
13931
6911
4244
13
8751
25760
13480
3255
25
7364
198
2575
8426
82
825
20455
17629
369
279
6042
13
8426
82
825
20455
220
19
13
15
13
15
13
2661
264
11858
594
21398
3255
25
825
20455
17629
220
3460
26054
3403
220
738
198
12158
198
12158
198
12158
198
12158
198
10280
6453
198
10280
6453
198
10280
6453
198
12158
198
12158
198
12158
198
872
25
330
7984
264
4583
356
1027
99419
5085
2271
16168
18173
15931
32
15614
15266
323
2802
26932
13
32755
25
15931
32
15614
15266
323
2802
26932
13
17187
2038
82700
510
322
2924
14
495
459
14100
42087
76699
4322
1749
6453
481
393
17
808
18
25
279
13931
6203
7314
624
2289
322
362
6193
8472
73686
11641
2348
23970
15087
11
5779
6845
288
817
6193
2783
2686
1091
5779
11641
624
2289
322
81028
362
12766
828
97953
3567
4183
362
431
1718
13
220
393
17
808
32013
12239
20317
91321
58
17
60
6978
25
2436
39840
19339
4279
12
1811
26
678
2326
40257
525
3042
3786
624
1235
451
13407
9021
314
1024
2622
23
528
9
18098
26
705
26
1495
26
2440
4651
64
9021
91321
58
17
935
6490
3055
198
1067
330
495
459
14100
14770
2541
2506
1449
6961
6200
5290
6203
5820
369
279
4361
6193
11
323
311
387
11866
3322
429
5779
6845
288
817
6193
2783
2686
1091
825
6203
624
2289
322
81028
362
12766
828
97953
323
537
264
10053
1035
912
264
15049
45347
311
633
4969
323
1380
264
7314
5990
5780
4969
13
220
1565
6108
53896
46648
369
1565
10433
621
308
63
3567
369
1449
11858
311
65801
13
220
51843
1172
369
9750
11502
11
1576
419
374
1380
264
77383
11502
11
1576
419
374
1380
264
7314
5990
5780
4969
13
220
9750
11502
11
1576
419
7486
30815
1819
11
7486
30815
1819
11
7486
30815
9862
8236
78432
11
9862
8236
78432
11
9862
32013
12239
20317
91321
58
17
60
6978
25
2436
39840
19339
4279
12
6005
85246
6978
25
2436
39840
19339
4279
12
1811
26
678
2326
40257
525
3042
3786
624
1235
451
13407
9021
314
1024
2622
23
528
9
27362
11
27362
11
27362
11
27362
11
27362
11
27362
11
451
13407
9021
2436
39840
19339
4279
12
1811
26
678
220
18
40257
3786
624
1235
451
1376
4522
25
2436
39840
19339
4279
12
1811
11
678
2326
40257
3786
624
1235
451
13407
9021
314
1024
2622
23
25
825
20455
17629
817
1618
11
825
817
198
2575
8751
25760
13480
3255
13
220
5515
25
825
20455
17629
220
19
13
15
13
15
13
16
320
19
13
15
13
15
13
98886
8
3255
817
1618
11
825
3255
817
198
2575
4244
304
17298
21240
3183
1073
4244
13
8751
25760
13480
3255
25
825
20455
17629
220
19
13
10080
13931
6911
4244
13
8751
25760
13480
3255
25
7364
198
2575
8426
82
825
20455
17629
369
279
6042
13
8426
82
825
20455
220
19
13
15
13
15
13
2661
264
11858
594
21398
3255
25
825
20455
17629
220
3460
26054
3403
220
738
198
12158
198
12158
198
12158
198
12158
198
10280
6453
198
10280
6453
198
10280
6453
198
12158
198
12158
198
12158
198
872
25
330
7984
264
4583
356
1027
99419
5085
2271
16168
18173
15931
32
15614
15266
323
2802
26932
13
32755
25
15931
32
15614
15266
323
2802
26932
13
17187
2038
82700
510
322
2924
14
495
459
14100
42087
76699
4322
1749
6453
481
393
17
808
18
25
279
13931
6203
7314
624
2289
322
362
6193
8472
73686
11641
2348
23970
15087
11
5779
6845
288
817
6193
2783
2686
1091
5779
11641
624
2289
322
81028
362
12766
828
97953
3567
4183
362
431
1718
13
220
393
17
808
32013
12239
20317
91321
58
17
60
6978
25
2436
39840
19339
4279
12
1811
26
678
2326
40257
525
3042
3786
624
1235
451
13407
9021
314
1024
2622
23
528
9
18098
26
705
26
1495
26
2440
4651
64
9021
91321
58
17
935
6490
3055
198
1067
330
495
459
14100
14770
2541
2506
1449
6961
6200
5290
6203
5820
369
279
4361
6193
11
323
311
387
11866
3322
429
5779
6845
288
817
6193
2783
2686
1091
825
6203
624
2289
322
81028
362
12766
828
97953
323
537
264
10053
1035
912
264
15049
45347
311
633
4969
323
1380
264
7314
5990
5780
4969
13
220
1565
6108
53896
46648
369
1565
10433
621
308
63
3567
369
1449
11858
311
65801
13
220
51843
1172
369
9750
11502
11
1576
419
374
1380
264
77383
11502
11
1576
419
374
1380
264
7314
5990
5780
4969
13
220
9750
11502
11
1576
419
7486
30815
1819
11
7486
30815
1819
11
7486
30815
9862
8236
78432
11
9862
8236
78432
11
9862
32013
12239
20317
91321
58
17
60
6978
25
2436
39840
19339
4279
12
6005
85246
6978
25
2436
39840
19339
4279
12
1811
26
678
2326
40257
525
3042
3786
624
1235
451
13407
9021
314
1024
2622
23
528
9
27362
11
27362
11
27362
11
27362
11
27362
11
27362
11
451
13407
9021
2436
39840
19339
4279
12
1811
26
678
220
18
40257
3786
624
1235
451
1376
4522
25
2436
39840
19339
4279
12
1811
11
678
2326
40257
3786
624
1235
451
13407
9021
314
1024
2622
23
25
825
20455
17629
817
1618
11
825
817
198
2575
8751
25760
13480
3255
13
220
5515
25
825
20455
17629
220
19
13
15
13
15
13
16
320
19
13
15
13
15
13
98886
8
3255
817
1618
11
825
3255
817
198
2575
4244
304
17298
21240
3183
1073
4244
13
8751
25760
13480
3255
25
825
20455
17629
220
19
13
10080
13931
6911
4244
13
8751
25760
13480
3255
25
7364
198
2575
8426
82
825
20455
17629
369
279
6042
13
8426
82
825
20455
220
19
13
15
13
15
13
2661
264
11858
594
21398
3255
25
825
20455
17629
220
3460
26054
3403
220
738
198
12158
198
12158
198
12158
198
12158
198
10280
6453
198
10280
6453
198
10280
6453
198
12158
198
12158
198
12158
198
872
25
330
7984
264
4583
356
1027
99419
5085
2271
16168
18173
15931
32
15614
15266
323
2802
26932
13
32755
25
15931
32
15614
15266
323
2802
26932
13
17187
2038
82700
510
322
2924
14
495
459
14100
42087
76699
4322
1749
6453
481
393
17
808
18
25
279
13931
6203
7314
624
2289
322
362
6193
8472
73686
11641
2348
23970
15087
11
5779
6845
288
817
6193
2783
2686
1091
5779
11641
624
2289
322
81028
362
12766
828
97953
3567
4183
362
431
1718
13
220
393
17
808
32013
12239
20317
91321
58
17
60
6978
25
2436
39840
19339
4279
12
1811
26
678
2326
40257
525
3042
3786
624
1235
451
13407
9021
314
1024
2622
23
528
9
18098
26
705
26
1495
26
2440
4651
64
9021
91321
58
17
935
6490
3055
198
1067
330
495
459
14100
14770
2541
2506
1449
6961
6200
5290
6203
5820
369
279
4361
6193
11
323
311
387
11866
3322
429
5779
6845
288
817
6193
2783
2686
1091
825
6203
624
2289
322
81028
362
12766
828
97953
323
537
264
10053
1035
912
264
15049
45347
311
633
4969
323
1380
264
7314
5990
5780
4969
13
220
1565
6108
53896
46648
369
1565
10433
621
308
63
3567
369
1449
11858
311
65801
13
220
51843
1172
369
9750
11502
11
1576
419
374
1380
264
77383
11502
11
1576
419
374
1380
264
7314
5990
5780
4969
13
220
9750
11502
11
1576
419
7486
30815
1819
11
7486
30815
1819
11
7486
30815
9862
8236
78432
11
9862
8236
78432
11
9862
32013
12239
20317
91321
58
17
60
6978
25
2436
39840
19339
4279
12
6005
85246
6978
25
2436
39840
19339
4279
12
1811
26
678
2326
40257
525
3042
3786
624
1235
451
13407
9021
314
1024
2622
23
528
9
27362
11
27362
11
27362
11
27362
11
27362
11
27362
11
451
13407
9021
2436
39840
19339
4279
12
1811
26
678
220
18
40257
3786
624
1235
451
1376
4522
25
2436
39840
19339
4279
12
1811
11
678
2326
40257
3786
624
1235
451
13407
9021
314
1024
2622
23
