25
825
20455
17629
817
1618
11
825
817
198
2575
8751
25760
13480
3581
14
30682
13
3776
20455
17629
817
1618
13
3776
20455
17629
2150
25
825
20455
17629
198
2575
1931
17629
320
7950
28
15770
4
102636
11
1874
28
15770
14
102636
861
103302
25
1931
29
103302
36400
3000
389
861
102636
7658
6325
12639
11
861
102636
7658
6325
12639
198
3379
2077
3293
10809
21743
1548
13665
11
1807
10701
12971
284
895
317
3379
2077
3293
10809
21743
1548
13665
11
470
825
46536
2038
3293
10809
21743
1548
13665
11
49083
25
825
20455
17629
2150
25
825
20455
5785
2038
49148
374
49083
25
825
20455
17629
2150
25
825
20455
17629
2150
25
825
7314
6453
49148
374
49083
25
825
20455
17629
3293
10809
21743
49148
374
49083
25
3980
1467
374
49083
25
3980
1467
374
49083
25
825
20455
17629
2150
25
825
20455
17629
32013
12239
20317
486
4651
64
9021
374
279
2802
26932
25
2436
39840
19339
4279
12
1811
11
678
2326
40257
3042
3786
13
576
5785
49148
374
49083
25
279
3293
10809
21743
11951
1555
374
49083
25
279
3293
10809
18906
25
279
3293
10809
18906
25
279
21204
25
279
21204
25
279
350
25
279
350
25
279
350
25
279
7032
25
279
7032
25
279
7032
25
279
7032
25
220
99317
66163
7032
25
220
99317
66163
7032
25
220
99317
66163
13664
7032
25
220
99317
66163
13664
7032
25
220
99317
66163
13664
7032
25
220
5085
2271
25
5085
2271
25
220
356
1027
99419
5085
2271
16168
18173
15931
32
15614
15266
323
2802
26932
13
356
1027
99419
5085
2271
8918
10097
37
2749
35
4189
25
8918
10097
37
2749
35
4189
25
8918
10097
37
73712
12239
20317
486
4651
64
9021
374
279
2802
26932
25
2436
39840
19339
4279
12
6005
85246
25
825
20455
17629
2150
25
825
8543
25
825
8543
25
825
8543
25
279
8543
25
279
8543
25
279
8543
25
279
8543
25
220
99317
66163
7032
25
220
99317
16963
25
220
99317
16963
25
220
99317
16963
25
220
99317
16963
25
220
99317
16963
25
220
2414
48
11
2622
23
528
23339
11
2224
700
11
2224
4680
11
526
9442
11
6203
842
11
31281
11
8333
51
11
3218
48
1160
18759
51
1125
2224
9
700
18759
51
1125
733
737
9
308
531
18759
51
1125
733
2622
4240
25
4240
25
4240
25
18906
25
18906
25
3218
48
11
2622
23
528
9
23339
11
2224
9
700
11
32013
12239
5043
25
32013
12239
5043
25
32013
12239
16657
25
32013
12239
16657
25
32013
12239
16657
25
32013
12239
17993
25
32013
12239
9442
1638
481
16
11
4680
220
16
13
15
69
11
23339
845
11
1160
845
11
700
845
11
9442
481
16
1638
11
4680
220
16
3468
25
3468
25
25
825
20455
17629
817
1618
11
825
817
198
2575
8751
25760
13480
3581
14
30682
13
3776
20455
17629
817
1618
13
3776
20455
17629
2150
25
825
20455
17629
198
2575
1931
17629
320
7950
28
15770
4
102636
11
1874
28
15770
14
102636
861
103302
25
1931
29
103302
36400
3000
389
861
102636
7658
6325
12639
11
861
102636
7658
6325
12639
198
3379
2077
3293
10809
21743
1548
13665
11
1807
10701
12971
284
895
317
3379
2077
3293
10809
21743
1548
13665
11
470
825
46536
2038
3293
10809
21743
1548
13665
11
49083
25
825
20455
17629
2150
25
825
20455
5785
2038
49148
374
49083
25
825
20455
17629
2150
25
825
20455
17629
2150
25
825
7314
6453
49148
374
49083
25
825
20455
17629
3293
10809
21743
49148
374
49083
25
3980
1467
374
49083
25
3980
1467
374
49083
25
825
20455
17629
2150
25
825
20455
17629
32013
12239
20317
486
4651
64
9021
374
279
2802
26932
25
2436
39840
19339
4279
12
1811
11
678
2326
40257
3042
3786
13
576
5785
49148
374
49083
25
279
3293
10809
21743
11951
1555
374
49083
25
279
3293
10809
18906
25
279
3293
10809
18906
25
279
21204
25
279
21204
25
279
350
25
279
350
25
279
350
25
279
7032
25
279
7032
25
279
7032
25
279
7032
25
220
99317
66163
7032
25
220
99317
66163
7032
25
220
99317
66163
13664
7032
25
220
99317
66163
13664
7032
25
220
99317
66163
13664
7032
25
220
5085
2271
25
5085
2271
25
220
356
1027
99419
5085
2271
16168
18173
15931
32
15614
15266
323
2802
26932
13
356
1027
99419
5085
2271
8918
10097
37
2749
35
4189
25
8918
10097
37
2749
35
4189
25
8918
10097
37
73712
12239
20317
486
4651
64
9021
374
279
2802
26932
25
2436
39840
19339
4279
12
6005
85246
25
825
20455
17629
2150
25
825
8543
25
825
8543
25
825
8543
25
279
8543
25
279
8543
25
279
8543
25
279
8543
25
220
99317
66163
7032
25
220
99317
16963
25
220
99317
16963
25
220
99317
16963
25
220
99317
16963
25
220
99317
16963
25
220
2414
48
11
2622
23
528
23339
11
2224
700
11
2224
4680
11
526
9442
11
6203
842
11
31281
11
8333
51
11
3218
48
1160
18759
51
1125
2224
9
700
18759
51
1125
733
737
9
308
531
18759
51
1125
733
2622
4240
25
4240
25
4240
25
18906
25
18906
25
3218
48
11
2622
23
528
9
23339
11
2224
9
700
11
32013
12239
5043
25
32013
12239
5043
25
32013
12239
16657
25
32013
12239
16657
25
32013
12239
16657
25
32013
12239
17993
25
32013
12239
9442
1638
481
16
11
4680
220
16
13
15
69
11
23339
845
11
1160
845
11
700
845
11
9442
481
16
1638
11
4680
220
16
3468
25
3468
25
25
825
20455
17629
817
1618
11
825
817
198
2575
8751
25760
13480
3581
14
30682
13
3776
20455
17629
817
1618
13
3776
20455
17629
2150
25
825
20455
17629
198
2575
1931
17629
320
7950
28
15770
4
102636
11
1874
28
15770
14
102636
861
103302
25
1931
29
103302
36400
3000
389
861
102636
7658
6325
12639
11
861
102636
7658
6325
12639
198
3379
2077
3293
10809
21743
1548
13665
11
1807
10701
12971
284
895
317
3379
2077
3293
10809
21743
1548
13665
11
470
825
46536
2038
3293
10809
21743
1548
13665
11
49083
25
825
20455
17629
2150
25
825
20455
5785
2038
49148
374
49083
25
825
20455
17629
2150
25
825
20455
17629
2150
25
825
7314
6453
49148
374
49083
25
825
20455
17629
3293
10809
21743
49148
374
49083
25
3980
1467
374
49083
25
3980
1467
374
49083
25
825
20455
17629
2150
25
825
20455
17629
32013
12239
20317
486
4651
64
9021
374
279
2802
26932
25
2436
39840
19339
4279
12
1811
11
678
2326
40257
3042
3786
13
576
5785
49148
374
49083
25
279
3293
10809
21743
11951
1555
374
49083
25
279
3293
10809
18906
25
279
3293
10809
18906
25
279
21204
25
279
21204
25
279
350
25
279
350
25
279
350
25
279
7032
25
279
7032
25
279
7032
25
279
7032
25
220
99317
66163
7032
25
220
99317
66163
7032
25
220
99317
66163
13664
7032
25
220
99317
66163
13664
7032
25
220
99317
66163
13664
7032
25
220
5085
2271
25
5085
2271
25
220
356
1027
99419
5085
2271
16168
18173
15931
32
15614
15266
323
2802
26932
13
356
1027
99419
5085
2271
8918
10097
37
2749
35
4189
25
8918
10097
37
2749
35
4189
25
8918
10097
37
73712
12239
20317
486
4651
64
9021
374
279
2802
26932
25
2436
39840
19339
4279
12
6005
85246
25
825
20455
17629
2150
25
825
8543
25
825
8543
25
825
8543
25
279
8543
25
279
8543
25
279
8543
25
279
8543
25
220
99317
66163
7032
25
220
99317
16963
25
220
99317
16963
25
220
99317
16963
25
220
99317
16963
25
220
99317
16963
25
220
2414
48
11
2622
23
528
23339
11
2224
700
11
2224
4680
11
526
9442
11
6203
842
11
31281
11
8333
51
11
3218
48
1160
18759
51
1125
2224
9
700
18759
51
1125
733
737
9
308
531
18759
51
1125
733
2622
4240
25
4240
25
4240
25
18906
25
18906
25
3218
48
11
2622
23
528
9
23339
11
2224
9
700
11
32013
12239
5043
25
32013
12239
5043
25
32013
12239
16657
25
32013
12239
16657
25
32013
12239
16657
25
32013
12239
17993
25
32013
12239
9442
1638
481
16
11
4680
220
16
13
15
69
11
23339
845
11
1160
845
11
700
845
11
9442
481
16
1638
11
4680
220
16
3468
25
3468
25
