25
825
20455
17629
817
1618
11
825
817
198
2575
8751
25760
13480
486
16461
21240
11
825
817
8751
25760
13480
486
7314
6453
25
825
20455
17629
817
1618
11
825
817
198
2575
8751
25760
13480
8751
25760
13480
486
10280
6453
25
825
20455
17629
3769
25
825
20455
17629
3769
25
11499
198
2575
8426
82
825
20455
17629
369
279
4629
3980
25
825
20455
5085
2271
1887
7
16
11
17
8
1887
7
16
11
17
8
825
20455
5085
2271
1887
7
49083
198
2575
8426
82
825
20455
4629
3980
25
825
20455
5085
2271
1887
7
16
11
17
8
1887
220
99317
10
7032
11
30070
11
6042
13
220
99317
10
7032
11
30070
11
656
94426
25
220
99317
10
7032
11
30070
11
656
94426
25
220
99317
10
2613
25
220
16168
25
220
16168
25
220
21204
198
2575
8426
82
825
20455
17629
369
279
4629
3980
25
825
20455
5085
2271
1887
7
16
11
17
8
1887
7
16
11
356
1027
99419
11
356
1027
99419
11
356
659
10816
25
659
10816
25
220
21204
198
2575
220
99317
10
7032
11
30070
25
220
99317
10
7032
11
30070
25
220
99317
8333
51
11
8333
51
11
8333
51
11
8333
51
1160
48013
18357
817
32013
12239
20317
11
8333
51
1160
48013
18357
817
32013
12239
12239
20317
11
1160
48013
18357
817
32013
12239
20317
11
1160
9862
25
825
20455
17629
817
1618
11
825
817
198
2575
8751
25760
13480
486
16461
21240
11
825
817
8751
25760
13480
486
7314
6453
25
825
20455
17629
817
1618
11
825
817
198
2575
8751
25760
13480
8751
25760
13480
486
10280
6453
25
825
20455
17629
3769
25
825
20455
17629
3769
25
11499
198
2575
8426
82
825
20455
17629
369
279
4629
3980
25
825
20455
5085
2271
1887
7
16
11
17
8
1887
7
16
11
17
8
825
20455
5085
2271
1887
7
49083
198
2575
8426
82
825
20455
4629
3980
25
825
20455
5085
2271
1887
7
16
11
17
8
1887
220
99317
10
7032
11
30070
11
6042
13
220
99317
10
7032
11
30070
11
656
94426
25
220
99317
10
7032
11
30070
11
656
94426
25
220
99317
10
2613
25
220
16168
25
220
16168
25
220
21204
198
2575
8426
82
825
20455
17629
369
279
4629
3980
25
825
20455
5085
2271
1887
7
16
11
17
8
1887
7
16
11
356
1027
99419
11
356
1027
99419
11
356
659
10816
25
659
10816
25
220
21204
198
2575
220
99317
10
7032
11
30070
25
220
99317
10
7032
11
30070
25
220
99317
8333
51
11
8333
51
11
8333
51
11
8333
51
1160
48013
18357
817
32013
12239
20317
11
8333
51
1160
48013
18357
817
32013
12239
12239
20317
11
1160
48013
18357
817
32013
12239
20317
11
1160
9862
25
825
20455
17629
817
1618
11
825
817
198
2575
8751
25760
13480
486
16461
21240
11
825
817
8751
25760
13480
486
7314
6453
25
825
20455
17629
817
1618
11
825
817
198
2575
8751
25760
13480
8751
25760
13480
486
10280
6453
25
825
20455
17629
3769
25
825
20455
17629
3769
25
11499
198
2575
8426
82
825
20455
17629
369
279
4629
3980
25
825
20455
5085
2271
1887
7
16
11
17
8
1887
7
16
11
17
8
825
20455
5085
2271
1887
7
49083
198
2575
8426
82
825
20455
4629
3980
25
825
20455
5085
2271
1887
7
16
11
17
8
1887
220
99317
10
7032
11
30070
11
6042
13
220
99317
10
7032
11
30070
11
656
94426
25
220
99317
10
7032
11
30070
11
656
94426
25
220
99317
10
2613
25
220
16168
25
220
16168
25
220
21204
198
2575
8426
82
825
20455
17629
369
279
4629
3980
25
825
20455
5085
2271
1887
7
16
11
17
8
1887
7
16
11
356
1027
99419
11
356
1027
99419
11
356
659
10816
25
659
10816
25
220
21204
198
2575
220
99317
10
7032
11
30070
25
220
99317
10
7032
11
30070
25
220
99317
8333
51
11
8333
51
11
8333
51
11
8333
51
1160
48013
18357
817
32013
12239
20317
11
8333
51
1160
48013
18357
817
32013
12239
12239
20317
11
1160
48013
18357
817
32013
12239
20317
11
1160
9862
