25
825
20455
17629
284
1874
9
102636
488
13665
624
1874
9
102636
10
15770
11
825
20455
17629
284
1874
9
102636
488
451
40353
481
220
16
481
13665
320
265
43526
2878
1874
315
451
40353
19781
36400
304
1874
220
49148
3931
25
1874
9
102636
488
451
40353
481
220
16
481
13665
320
265
6042
11
3931
25
1874
9
11165
25
825
20455
17629
8426
82
825
20455
17629
369
279
49148
3931
25
825
20455
17629
198
2575
8426
82
825
20455
17629
6589
369
279
19827
26
5515
13931
2573
6589
320
4074
9
102636
488
13665
8
11165
25
825
20455
3774
1293
11
825
817
19827
4516
11
825
817
19827
4516
11
825
817
19827
4516
11
358
3278
3270
279
2480
1633
1034
1431
11
358
3278
3270
279
2480
1633
1493
525
279
5085
2271
16168
18173
15931
32
15614
15266
323
2802
26932
13
5085
2271
16168
18173
15931
32
2802
26932
13
5085
2271
356
1027
99419
5085
2271
12620
11
356
1027
99419
11
5085
2271
11
356
1027
99419
11
5085
2271
11
356
1027
4494
25
5085
2271
11
356
1027
7102
25
2924
14
495
459
14100
40
3278
3270
279
2480
1633
1034
1431
13
220
576
16168
14511
15931
32
15614
15266
323
2802
26932
25
30070
11
61711
99317
66163
13593
82
11
91689
6042
11
825
46536
2504
11
356
1027
99419
11
5085
2271
11
7102
25
2924
14
495
25
825
20455
17629
817
1618
11
825
817
198
2575
5232
22885
852
2620
77
13
220
5515
13931
12519
25
825
20455
17629
311
279
19827
11
825
5232
22885
852
2620
77
198
2575
10080
11586
5333
11
10080
11586
5333
11
10080
11586
4629
25
10080
11586
4629
25
10080
11586
582
646
944
28065
279
16859
220
16
13
6042
198
2575
4629
6042
198
2575
4629
6042
198
2575
1565
46305
92658
3715
45907
13589
7337
1007
279
825
19781
17629
279
3468
6337
44498
389
11
1007
1181
328
8504
43967
198
2575
7337
1007
279
825
19781
17629
8980
1229
279
19827
311
825
20455
17629
320
13156
13931
12519
25
825
20455
17629
817
1618
11
11499
4629
6042
198
2575
8426
82
825
20455
17629
369
279
19827
26
5515
13931
24028
6589
374
79450
11
9376
2588
50122
67030
13
14330
25
2480
9862
6911
11
28261
3403
220
103302
5230
624
2575
8426
82
825
49148
291
17629
369
49148
291
17629
369
279
5785
49148
291
4629
6042
198
2575
8426
82
825
49148
291
2038
49148
291
358
3278
3270
279
16168
2163
279
5785
82700
6
18906
25
15931
32
2802
35535
320
4651
64
9021
701
9750
11502
320
20157
91
77
30979
91
1252
3717
41554
701
9750
11502
320
20157
91
265
7859
287
1112
3783
11
57093
287
1112
3783
11
57093
287
32013
12239
20317
91321
6978
11
9750
11502
3717
41554
11
9750
11502
3717
25
1874
9
102636
10
55475
4351
1922
11165
198
2575
20455
17629
369
279
3980
25
5515
13931
12519
25
1874
9
49148
25
1874
9
102636
10
55475
4351
49083
49148
25
1874
9
102636
10
55475
4351
1922
11165
198
2575
8426
82
825
20455
17629
369
279
19827
26
5515
13931
12519
25
5515
13931
7102
25
5515
13931
12519
25
2530
25
5515
13931
12519
25
49148
25
220
99317
66163
7032
11
518
3245
220
99317
66163
13593
5048
11
518
5085
2271
356
1027
99419
11
5085
2271
320
1782
5085
1273
12620
11
600
1734
13
13593
6699
11
46626
13593
6699
11
46626
13593
6699
11
10521
30070
11
10521
30070
11
518
30070
11
518
3245
220
49083
49148
25
220
13593
6699
11
31943
27223
1112
13593
6699
11
32013
12239
20317
2067
13407
9021
374
264
2436
39840
19339
4279
12
1811
11
2436
39840
2436
39840
19339
4279
12
1811
2036
451
13407
9021
314
1024
2622
23
528
9
27362
11
451
13407
9021
448
2326
733
2622
23
528
9
27362
11
451
13407
9021
448
2326
733
2622
23
528
32013
12239
20317
2067
13407
9021
451
13407
9021
3421
15931
32
15614
15266
323
2802
26932
11
3421
15931
32
817
38844
19339
4279
12
1811
11
817
38844
19339
4279
12
49083
49148
25
13593
6699
11
32013
12239
20317
2067
13407
9021
25
2436
39840
19339
4279
12
1811
11
451
13407
9021
23313
2326
733
2622
