25
825
20455
17629
284
1874
9
102636
488
13665
624
1874
9
102636
10
15770
26
14330
25
825
20455
17629
284
13931
3034
320
2152
1874
11165
11
902
1874
9
102636
10
15770
11165
11
4629
2727
1874
9
102636
10
15770
11165
11
4629
2727
1874
9
6042
1977
330
603
20455
17629
284
1874
9
102636
488
13665
1
369
5515
13931
12519
11
14330
10528
279
4583
9862
13931
6911
11
2670
13931
28261
3403
220
103302
13
14330
25
825
20455
17629
284
13931
3034
320
2152
1874
11165
11
902
1874
9
102636
10
258
1112
6042
1977
330
603
7364
37463
1112
6042
1977
330
6005
85246
1112
6042
1977
8751
25760
13480
2036
25
8426
82
825
20455
17629
369
279
7364
37463
1112
8426
82
825
220
102636
15245
3409
817
220
102636
36400
11
825
2699
817
17629
11
825
2699
817
3409
817
220
8751
25760
13480
8751
25760
13480
198
1235
8751
25760
13480
341
2653
4512
2490
34
23241
101175
8
4512
2490
34
23241
101175
8
49083
1112
6042
1977
330
603
20455
17629
284
1874
9
8751
25760
13480
198
1235
8751
25760
5785
2038
82700
510
322
2924
14
495
459
14100
42087
76699
4322
1749
6453
481
393
17
808
18
25
279
13931
6203
7314
624
2289
322
362
6193
8472
73686
11641
2348
23970
15087
11
5779
6887
817
7162
11
825
11858
817
6961
6200
11
323
279
198
322
9750
11502
374
279
25
1874
9
102636
10
15770
11
1874
9
20455
17629
198
2575
11165
43293
25
14330
3209
2539
279
17629
438
264
14386
17629
3034
11
14386
3034
198
2575
5515
3209
2539
438
1874
9
102636
10
15770
13
220
3776
817
11858
11
825
817
3468
624
1004
3293
21743
1548
17298
842
317
1004
3293
21743
1548
17298
842
11
1807
10701
12971
11
22667
25760
13480
8980
1229
317
1004
3293
21743
1548
17298
32013
12239
20317
486
4651
64
9021
90
24526
11
454
11
2923
92
1959
2436
39840
19339
4279
12
1811
11
678
2326
40257
3786
624
322
2924
14
1742
21743
1548
17298
32013
12239
20317
486
4651
64
9021
90
24526
11
454
11
2923
92
1959
2436
39840
19339
4279
12
4378
264
1273
16168
18173
15931
32
15614
15266
323
2802
26932
13
9641
264
7364
66
55
20
13
21
12
16
13
20
65
37316
16
481
30036
54
83
51
8912
36
16328
220
16
13
20
65
37316
16
198
322
2924
37152
21743
1548
17298
32013
12239
20317
486
4651
64
9021
90
825
220
16
11
100919
17
11
102259
53592
6203
23339
817
6203
11
825
220
16
11
100919
17
11
16
11
100919
17
11
102259
53592
6203
23339
817
6203
11
825
220
16
11
220
16
11
100919
5670
2038
49148
25
5670
2038
49148
510
322
2924
14
495
459
14100
42087
76699
4322
1749
6453
481
393
17
808
18
25
1874
9
102636
10
15770
13
1874
9
102636
10
15770
624
2575
14330
25
9862
13931
28261
11
2670
28261
3403
220
50122
6911
11
2670
28261
3403
220
103302
624
2575
8426
82
825
20455
17629
6589
369
279
19827
26
5515
25
1874
9
7314
6453
594
451
13407
9021
25
678
2326
40257
6
2436
39840
19339
4279
12
1811
525
3042
3786
11
678
2326
40257
6
2436
547
14
1094
45
17
3856
25
678
2326
40257
6
10267
1506
6978
525
2436
39840
19339
4279
12
1094
45
17
3856
25
678
2326
2436
39840
19339
4279
12
1811
525
3042
3786
11
678
2326
40257
6
10267
1506
6978
525
2436
1378
38844
5662
25
2436
220
15
594
4279
12
1811
525
19339
304
22088
45
17
3856
25
2436
220
15
594
4279
12
1811
525
19339
304
22088
45
32013
12239
20317
594
1565
2413
64
63
1334
374
30461
553
2436
11
323
1565
2413
64
58
15
60
63
9977
2436
220
15
594
19339
4279
12
1811
369
678
2326
40257
320
24526
71294
78432
8
315
825
6203
11
323
1565
2413
64
58
16
60
3769
819
315
825
6203
594
18098
71294
78432
4279
12
19752
38844
5662
25
2436
220
15
594
32013
12239
20317
10517
64
58
15
60
9977
2436
220
15
594
19339
4279
12
1811
27362
1119
279
6203
23339
11
34872
1119
279
6203
23339
11
34872
1119
279
6203
23339
11
