25
825
20455
17629
817
1618
11
825
817
198
2575
8602
3675
34
5584
1649
12680
10265
1073
852
11
825
817
8602
3675
34
5584
40410
1874
13
8602
3675
34
5584
1649
12680
10265
1073
9468
198
6042
25
3056
154842
19397
32559
9809
13
86168
279
2038
2504
13
154842
73022
10816
198
322
7032
14
2413
64
62
77519
4452
7208
481
5085
2271
356
1027
99419
16168
18173
15931
32
15614
15266
198
322
323
2802
26932
369
279
13931
6203
7314
594
2436
39840
19339
4279
12
1811
320
47
17
808
18
4292
2289
322
576
3832
1212
1273
374
279
1565
4651
64
9021
63
2036
4766
1565
73712
12239
20317
63
323
279
198
322
15266
25286
429
69750
432
25
264
9862
3769
594
18098
71294
78432
40257
525
198
322
6718
3941
1378
15931
32
7798
11
1817
2436
9958
1181
1828
19339
4279
19508
76288
11
323
279
198
322
7314
1969
2581
1077
264
11858
389
2436
362
1349
5820
429
9170
311
2436
425
594
2975
315
279
198
322
1852
6203
13
220
10796
26932
320
8205
4279
19508
1922
264
11858
14220
11
1246
36104
525
198
322
14247
504
279
19339
6789
11
323
1246
279
2326
40257
4717
304
5296
9516
8
374
279
198
322
2086
4279
315
279
16168
624
2289
322
576
16168
374
656
94426
25
432
13624
82
279
13664
15970
315
1565
495
459
486
74
42087
486
16461
63
279
25
825
20455
17629
284
1874
9
102636
488
13665
624
13156
25
825
20455
17629
284
1874
9
102636
488
13665
11165
11
1874
9
102636
10
15770
198
2575
8426
82
825
20455
17629
369
279
19827
26
5515
13931
2573
6589
374
79450
25
458
4287
6589
198
2575
320
16461
21240
4287
8
87028
1882
13663
41586
11
323
264
2477
39218
825
8889
82
279
19827
311
279
198
2575
13624
594
13931
2573
13
220
14330
25
279
4583
9862
6911
11
41774
29178
11
2670
13931
28261
3403
220
103302
624
1235
8751
25760
13480
341
262
54535
2036
8751
25760
13480
5785
2038
49148
198
262
54535
2036
8751
25760
8751
25760
13480
198
262
508
35
60
54535
2036
8751
66049
198
262
508
35
60
7681
454
1693
25
7681
454
1693
25
7681
454
198
262
508
35
60
7681
454
1693
25
7681
454
1693
25
7681
454
198
262
508
198
262
508
35
60
7681
454
1693
25
330
6855
25760
13480
1
2036
374
54535
304
279
5785
49148
25
1378
17449
315
1565
1235
8751
25760
13480
63
4994
11
1565
2
333
4512
2490
23241
101175
8
1156
7271
320
13156
17298
21240
4621
11
2697
5181
8
323
279
2086
7271
320
46044
6911
4621
11
855
29364
8868
8
855
29364
12
17913
66049
25
279
1378
17449
525
855
29364
12
17913
66049
25
279
1273
1034
1969
537
6979
8751
25760
13480
5086
11
279
25
825
20455
17629
817
1618
11
825
817
198
2575
5549
24434
10045
19
11
825
817
5549
24434
10045
19
11
825
817
5549
24434
6042
25
825
20455
17629
198
2575
8426
82
825
20455
17629
369
7314
7337
11
825
817
5549
24434
10045
19
11
2661
264
356
5584
60526
448
11858
92658
198
2575
8426
82
825
20455
17629
369
7314
7337
11
264
356
5584
45704
1112
825
817
5549
24434
10045
19
11
330
603
817
198
2575
8426
82
5333
6042
25
2409
25
2409
25
2409
25
7364
25
7364
25
3175
11858
47414
311
264
19781
17629
11
825
817
5549
24434
10080
198
2575
6042
25
10701
12971
20978
279
1156
6961
6200
369
279
3468
6337
11
10701
12971
20978
279
11858
92658
2669
198
2575
7364
25
7364
25
10701
12971
20978
279
1156
6961
19781
17629
504
11858
92658
11
10701
12971
10701
12971
43139
198
2575
4629
3980
7364
25
7364
25
5646
328
8504
36492
315
7337
6
35526
11
328
8504
36492
315
7337
825
817
5549
24434
10045
19
11
7364
25
62917
328
8504
198
5236
3980
7364
25
7364
25
5646
328
8504
36492
315
7102
825
817
5549
5646
328
8504
1482
5646
328
7364
25
7364
25
7314
7337
11
825
817
32013
12239
20317
486
4651
64
9021
198
73712
12239
20317
486
4651
64
9021
91321
58
17
60
481
6018
39840
19339
4279
12
1811
26
678
2326
40257
3786
