STAGING compact=1 slot_MiB=140
FLOATING_Q8 tensor=blk.0.hc_attn_fn source_type=0 MiB=0.398438
FLOATING_Q8 tensor=blk.0.hc_ffn_fn source_type=0 MiB=0.398438
FLOATING_Q8 tensor=blk.1.hc_attn_fn source_type=0 MiB=0.398438
FLOATING_Q8 tensor=blk.1.hc_ffn_fn source_type=0 MiB=0.398438
FLOATING_Q8 tensor=blk.10.hc_attn_fn source_type=0 MiB=0.398438
FLOATING_Q8 tensor=blk.10.hc_ffn_fn source_type=0 MiB=0.398438
FLOATING_Q8 tensor=blk.11.attn_k_b.weight source_type=12 MiB=8.5
FLOATING_Q8 tensor=blk.11.attn_v_b.weight source_type=12 MiB=8.5
FLOATING_Q8 tensor=blk.11.hc_attn_fn source_type=0 MiB=0.398438
FLOATING_Q8 tensor=blk.11.hc_ffn_fn source_type=0 MiB=0.398438
FLOATING_Q8 tensor=blk.12.hc_attn_fn source_type=0 MiB=0.398438
FLOATING_Q8 tensor=blk.12.hc_ffn_fn source_type=0 MiB=0.398438
FLOATING_Q8 tensor=blk.13.hc_attn_fn source_type=0 MiB=0.398438
FLOATING_Q8 tensor=blk.13.hc_ffn_fn source_type=0 MiB=0.398438
FLOATING_Q8 tensor=blk.14.hc_attn_fn source_type=0 MiB=0.398438
FLOATING_Q8 tensor=blk.14.hc_ffn_fn source_type=0 MiB=0.398438
FLOATING_Q8 tensor=blk.15.attn_k_b.weight source_type=12 MiB=8.5
FLOATING_Q8 tensor=blk.15.attn_v_b.weight source_type=12 MiB=8.5
FLOATING_Q8 tensor=blk.15.hc_attn_fn source_type=0 MiB=0.398438
FLOATING_Q8 tensor=blk.15.hc_ffn_fn source_type=0 MiB=0.398438
FLOATING_Q8 tensor=blk.16.hc_attn_fn source_type=0 MiB=0.398438
FLOATING_Q8 tensor=blk.16.hc_ffn_fn source_type=0 MiB=0.398438
FLOATING_Q8 tensor=blk.17.hc_attn_fn source_type=0 MiB=0.398438
FLOATING_Q8 tensor=blk.17.hc_ffn_fn source_type=0 MiB=0.398438
FLOATING_Q8 tensor=blk.18.hc_attn_fn source_type=0 MiB=0.398438
FLOATING_Q8 tensor=blk.18.hc_ffn_fn source_type=0 MiB=0.398438
FLOATING_Q8 tensor=blk.19.attn_k_b.weight source_type=12 MiB=8.5
FLOATING_Q8 tensor=blk.19.attn_v_b.weight source_type=12 MiB=8.5
FLOATING_Q8 tensor=blk.19.hc_attn_fn source_type=0 MiB=0.398438
FLOATING_Q8 tensor=blk.19.hc_ffn_fn source_type=0 MiB=0.398438
FLOATING_Q8 tensor=blk.2.hc_attn_fn source_type=0 MiB=0.398438
FLOATING_Q8 tensor=blk.2.hc_ffn_fn source_type=0 MiB=0.398438
FLOATING_Q8 tensor=blk.20.hc_attn_fn source_type=0 MiB=0.398438
FLOATING_Q8 tensor=blk.20.hc_ffn_fn source_type=0 MiB=0.398438
FLOATING_Q8 tensor=blk.21.hc_attn_fn source_type=0 MiB=0.398438
FLOATING_Q8 tensor=blk.21.hc_ffn_fn source_type=0 MiB=0.398438
FLOATING_Q8 tensor=blk.22.hc_attn_fn source_type=0 MiB=0.398438
FLOATING_Q8 tensor=blk.22.hc_ffn_fn source_type=0 MiB=0.398438
FLOATING_Q8 tensor=blk.23.attn_k_b.weight source_type=12 MiB=8.5
FLOATING_Q8 tensor=blk.23.attn_v_b.weight source_type=12 MiB=8.5
FLOATING_Q8 tensor=blk.23.hc_attn_fn source_type=0 MiB=0.398438
FLOATING_Q8 tensor=blk.23.hc_ffn_fn source_type=0 MiB=0.398438
FLOATING_Q8 tensor=blk.24.hc_attn_fn source_type=0 MiB=0.398438
FLOATING_Q8 tensor=blk.24.hc_ffn_fn source_type=0 MiB=0.398438
FLOATING_Q8 tensor=blk.25.hc_attn_fn source_type=0 MiB=0.398438
FLOATING_Q8 tensor=blk.25.hc_ffn_fn source_type=0 MiB=0.398438
FLOATING_Q8 tensor=blk.26.hc_attn_fn source_type=0 MiB=0.398438
FLOATING_Q8 tensor=blk.26.hc_ffn_fn source_type=0 MiB=0.398438
FLOATING_Q8 tensor=blk.27.attn_k_b.weight source_type=12 MiB=8.5
FLOATING_Q8 tensor=blk.27.attn_v_b.weight source_type=12 MiB=8.5
FLOATING_Q8 tensor=blk.27.hc_attn_fn source_type=0 MiB=0.398438
FLOATING_Q8 tensor=blk.27.hc_ffn_fn source_type=0 MiB=0.398438
FLOATING_Q8 tensor=blk.28.hc_attn_fn source_type=0 MiB=0.398438
FLOATING_Q8 tensor=blk.28.hc_ffn_fn source_type=0 MiB=0.398438
FLOATING_Q8 tensor=blk.29.hc_attn_fn source_type=0 MiB=0.398438
FLOATING_Q8 tensor=blk.29.hc_ffn_fn source_type=0 MiB=0.398438
FLOATING_Q8 tensor=blk.3.attn_k_b.weight source_type=12 MiB=8.5
FLOATING_Q8 tensor=blk.3.attn_v_b.weight source_type=12 MiB=8.5
FLOATING_Q8 tensor=blk.3.hc_attn_fn source_type=0 MiB=0.398438
FLOATING_Q8 tensor=blk.3.hc_ffn_fn source_type=0 MiB=0.398438
FLOATING_Q8 tensor=blk.30.hc_attn_fn source_type=0 MiB=0.398438
FLOATING_Q8 tensor=blk.30.hc_ffn_fn source_type=0 MiB=0.398438
FLOATING_Q8 tensor=blk.31.attn_k_b.weight source_type=12 MiB=8.5
FLOATING_Q8 tensor=blk.31.attn_v_b.weight source_type=12 MiB=8.5
FLOATING_Q8 tensor=blk.31.hc_attn_fn source_type=0 MiB=0.398438
FLOATING_Q8 tensor=blk.31.hc_ffn_fn source_type=0 MiB=0.398438
FLOATING_Q8 tensor=blk.32.hc_attn_fn source_type=0 MiB=0.398438
FLOATING_Q8 tensor=blk.32.hc_ffn_fn source_type=0 MiB=0.398438
FLOATING_Q8 tensor=blk.33.hc_attn_fn source_type=0 MiB=0.398438
FLOATING_Q8 tensor=blk.33.hc_ffn_fn source_type=0 MiB=0.398438
FLOATING_Q8 tensor=blk.34.hc_attn_fn source_type=0 MiB=0.398438
FLOATING_Q8 tensor=blk.34.hc_ffn_fn source_type=0 MiB=0.398438
FLOATING_Q8 tensor=blk.35.attn_k_b.weight source_type=12 MiB=8.5
FLOATING_Q8 tensor=blk.35.attn_v_b.weight source_type=12 MiB=8.5
FLOATING_Q8 tensor=blk.35.hc_attn_fn source_type=0 MiB=0.398438
FLOATING_Q8 tensor=blk.35.hc_ffn_fn source_type=0 MiB=0.398438
FLOATING_Q8 tensor=blk.36.hc_attn_fn source_type=0 MiB=0.398438
FLOATING_Q8 tensor=blk.36.hc_ffn_fn source_type=0 MiB=0.398438
FLOATING_Q8 tensor=blk.37.hc_attn_fn source_type=0 MiB=0.398438
FLOATING_Q8 tensor=blk.37.hc_ffn_fn source_type=0 MiB=0.398438
FLOATING_Q8 tensor=blk.38.hc_attn_fn source_type=0 MiB=0.398438
FLOATING_Q8 tensor=blk.38.hc_ffn_fn source_type=0 MiB=0.398438
FLOATING_Q8 tensor=blk.39.attn_k_b.weight source_type=12 MiB=8.5
FLOATING_Q8 tensor=blk.39.attn_v_b.weight source_type=12 MiB=8.5
FLOATING_Q8 tensor=blk.39.hc_attn_fn source_type=0 MiB=0.398438
FLOATING_Q8 tensor=blk.39.hc_ffn_fn source_type=0 MiB=0.398438
FLOATING_Q8 tensor=blk.4.hc_attn_fn source_type=0 MiB=0.398438
FLOATING_Q8 tensor=blk.4.hc_ffn_fn source_type=0 MiB=0.398438
FLOATING_Q8 tensor=blk.40.hc_attn_fn source_type=0 MiB=0.398438
FLOATING_Q8 tensor=blk.40.hc_ffn_fn source_type=0 MiB=0.398438
FLOATING_Q8 tensor=blk.41.hc_attn_fn source_type=0 MiB=0.398438
FLOATING_Q8 tensor=blk.41.hc_ffn_fn source_type=0 MiB=0.398438
FLOATING_Q8 tensor=blk.42.hc_attn_fn source_type=0 MiB=0.398438
FLOATING_Q8 tensor=blk.42.hc_ffn_fn source_type=0 MiB=0.398438
FLOATING_Q8 tensor=blk.43.attn_k_b.weight source_type=12 MiB=8.5
FLOATING_Q8 tensor=blk.43.attn_v_b.weight source_type=12 MiB=8.5
FLOATING_Q8 tensor=blk.43.hc_attn_fn source_type=0 MiB=0.398438
FLOATING_Q8 tensor=blk.43.hc_ffn_fn source_type=0 MiB=0.398438
FLOATING_Q8 tensor=blk.44.hc_attn_fn source_type=0 MiB=0.398438
FLOATING_Q8 tensor=blk.44.hc_ffn_fn source_type=0 MiB=0.398438
FLOATING_Q8 tensor=blk.5.hc_attn_fn source_type=0 MiB=0.398438
FLOATING_Q8 tensor=blk.5.hc_ffn_fn source_type=0 MiB=0.398438
FLOATING_Q8 tensor=blk.6.hc_attn_fn source_type=0 MiB=0.398438
FLOATING_Q8 tensor=blk.6.hc_ffn_fn source_type=0 MiB=0.398438
FLOATING_Q8 tensor=blk.7.attn_k_b.weight source_type=12 MiB=8.5
FLOATING_Q8 tensor=blk.7.attn_v_b.weight source_type=12 MiB=8.5
FLOATING_Q8 tensor=blk.7.hc_attn_fn source_type=0 MiB=0.398438
FLOATING_Q8 tensor=blk.7.hc_ffn_fn source_type=0 MiB=0.398438
FLOATING_Q8 tensor=blk.8.hc_attn_fn source_type=0 MiB=0.398438
FLOATING_Q8 tensor=blk.8.hc_ffn_fn source_type=0 MiB=0.398438
FLOATING_Q8 tensor=blk.9.hc_attn_fn source_type=0 MiB=0.398438
FLOATING_Q8 tensor=blk.9.hc_ffn_fn source_type=0 MiB=0.398438
GPU prefill chunk=2048 staging_workers=4 numa_cpus=0,1,2,3
GPU allocated_MiB=7154.73 reserved_runtime_MiB=1024 budget_MiB=15792
GPU_DENSE_HOST_RELEASE phase=main tensors=1256 source_MiB_advised=5040.35 ms=123.799
PREFILL_PARTITION primary_groups=9 secondary_groups=0
PREFILL_CACHE device=0 budget_MiB=0 reserve_MiB=768
PREFILL_CACHE_PLAN device=0 base_groups=0 unused_MiB=0
MAPPED_EXPERTS numa_rows=0 lazy=1 bytes=55094280192
PREFILL trial=0 tokens=2048 batch=2048 ms=8929.19 tok_s=229.36
FAULTS trial=0 major=7 minor=33006
HOST_RSS peak_MiB=53985.3
CPU_EXPERT gu_ms=0 quant_ms=0 down_ms=0 layer_flow_ms=0 bytes=0
GPU peak_allocated_MiB=7538.73 native_expert_bytes=55101150720 expert_groups=378 staging_ms=5232.55
PREFILL_SCRATCH device=0 peak_MiB=696.564 capacity_MiB=1024
GPU_LIVE device=0 dense_MiB=5029.21 other_MiB=806.414 prefill_MiB=1464 state_MiB=239.105
GPU_DEVICE device=0 peak_allocated_MiB=7538.73 live_MiB=7538.73 native_expert_bytes=55101150720 staging_ms=5232.55 cache_hits=0 cache_hit_bytes=0 cuda_used_MiB=8312 free_MiB=7992
PREFILL trial=1 tokens=2048 batch=2048 ms=8907.25 tok_s=229.925
FAULTS trial=1 major=5 minor=32926
HOST_RSS peak_MiB=54010.8
CPU_EXPERT gu_ms=0 quant_ms=0 down_ms=0 layer_flow_ms=0 bytes=0
GPU peak_allocated_MiB=7538.73 native_expert_bytes=55101150720 expert_groups=378 staging_ms=5221.95
PREFILL_SCRATCH device=0 peak_MiB=696.564 capacity_MiB=1024
GPU_LIVE device=0 dense_MiB=5029.21 other_MiB=806.414 prefill_MiB=1464 state_MiB=239.105
GPU_DEVICE device=0 peak_allocated_MiB=7538.73 live_MiB=7538.73 native_expert_bytes=55101150720 staging_ms=5221.95 cache_hits=0 cache_hit_bytes=0 cuda_used_MiB=8312 free_MiB=7992
PREFILL trial=2 tokens=2048 batch=2048 ms=8906.65 tok_s=229.941
FAULTS trial=2 major=2 minor=32847
HOST_RSS peak_MiB=54027.5
CPU_EXPERT gu_ms=0 quant_ms=0 down_ms=0 layer_flow_ms=0 bytes=0
GPU peak_allocated_MiB=7538.73 native_expert_bytes=55101150720 expert_groups=378 staging_ms=5221.89
PREFILL_SCRATCH device=0 peak_MiB=696.564 capacity_MiB=1024
GPU_LIVE device=0 dense_MiB=5029.21 other_MiB=806.414 prefill_MiB=1464 state_MiB=239.105
GPU_DEVICE device=0 peak_allocated_MiB=7538.73 live_MiB=7538.73 native_expert_bytes=55101150720 staging_ms=5221.89 cache_hits=0 cache_hit_bytes=0 cuda_used_MiB=8312 free_MiB=7992
MAPPED_EXPERTS numa_rows=0 lazy=1 bytes=55094280192
PREFILL_WORK device=0 transferred_bytes=55101150720 staging_ms=5221.89 actual_rows=688128 padded_rows=2232640 dequant_values=297963356160
DECODE_RUNTIME override_reserve_MiB=256
DECODE_CACHE prefix_trained=1 slots=942 MiB=8183.62 fingerprint=9541308389306343959
RESPONSE_PREPARE kind=decode_cache ms=1244.49
RESPONSE_PREPARE kind=cpu ms=0.001453
DECODE_TRIAL index=0
DECODE_STEP index=1 ms=75.1507
DECODE_STEP index=2 ms=56.8966
DECODE_STEP index=3 ms=47.422
DECODE_STEP index=4 ms=56.1352
DECODE_STEP index=5 ms=57.7676
DECODE_STEP index=6 ms=48.1718
DECODE_STEP index=7 ms=65.8966
DECODE_STEP index=8 ms=60.8044
DECODE_STEP index=9 ms=66.6111
DECODE_STEP index=10 ms=55.8386
DECODE_STEP index=11 ms=60.4893
DECODE_STEP index=12 ms=60.0924
DECODE_STEP index=13 ms=67.3234
DECODE_STEP index=14 ms=68.9439
DECODE_STEP index=15 ms=69.8826
DECODE_STEP index=16 ms=63.806
DECODE_STEP index=17 ms=74.9428
DECODE_STEP index=18 ms=61.6942
DECODE_STEP index=19 ms=62.4805
DECODE_STEP index=20 ms=57.0417
DECODE_STEP index=21 ms=45.7505
DECODE_STEP index=22 ms=53.3541
DECODE_STEP index=23 ms=65.3742
DECODE_STEP index=24 ms=46.0852
DECODE_STEP index=25 ms=61.3137
DECODE_STEP index=26 ms=74.3267
DECODE_STEP index=27 ms=57.7165
DECODE_STEP index=28 ms=54.084
DECODE_STEP index=29 ms=57.4698
DECODE_STEP index=30 ms=64.8827
DECODE_STEP index=31 ms=64.6124
DECODE_STEP index=32 ms=48.1504
DECODE_STEP index=33 ms=59.1872
DECODE_STEP index=34 ms=59.2249
DECODE_STEP index=35 ms=71.8052
DECODE_STEP index=36 ms=51.4613
DECODE_STEP index=37 ms=54.3151
DECODE_STEP index=38 ms=72.4753
DECODE_STEP index=39 ms=61.2007
DECODE_STEP index=40 ms=63.9019
DECODE_STEP index=41 ms=44.4221
DECODE_STEP index=42 ms=59.0019
DECODE_STEP index=43 ms=53.4015
DECODE_STEP index=44 ms=65.9877
DECODE_STEP index=45 ms=58.6864
DECODE_STEP index=46 ms=62.2808
DECODE_STEP index=47 ms=69.1823
DECODE_STEP index=48 ms=63.227
DECODE_STEP index=49 ms=76.1743
DECODE_STEP index=50 ms=60.151
DECODE_STEP index=51 ms=69.3142
DECODE_STEP index=52 ms=58.4296
DECODE_STEP index=53 ms=64.4835
DECODE_STEP index=54 ms=68.737
DECODE_STEP index=55 ms=55.6547
DECODE_STEP index=56 ms=49.0245
DECODE_STEP index=57 ms=44.8361
DECODE_STEP index=58 ms=59.5811
DECODE_STEP index=59 ms=46.232
DECODE_STEP index=60 ms=54.4103
DECODE_STEP index=61 ms=50.8804
DECODE_STEP index=62 ms=51.3939
DECODE_STEP index=63 ms=52.2153
DECODE_STEP index=64 ms=73.4718
DECODE_STEP index=65 ms=62.5094
DECODE_STEP index=66 ms=52.6252
DECODE_STEP index=67 ms=48.4459
DECODE_STEP index=68 ms=50.0956
DECODE_STEP index=69 ms=60.9062
DECODE_STEP index=70 ms=65.1301
DECODE_STEP index=71 ms=54.4413
DECODE_STEP index=72 ms=60.5621
DECODE_STEP index=73 ms=51.7825
DECODE_STEP index=74 ms=41.4059
DECODE_STEP index=75 ms=45.0569
DECODE_STEP index=76 ms=48.8073
DECODE_STEP index=77 ms=55.7175
DECODE_STEP index=78 ms=53.7897
DECODE_STEP index=79 ms=49.6142
DECODE_STEP index=80 ms=58.0747
DECODE_STEP index=81 ms=56.9248
DECODE_STEP index=82 ms=61.7804
DECODE_STEP index=83 ms=60.9008
DECODE_STEP index=84 ms=61.5633
DECODE_STEP index=85 ms=56.2961
DECODE_STEP index=86 ms=53.9939
DECODE_STEP index=87 ms=56.1687
DECODE_STEP index=88 ms=45.4345
DECODE_STEP index=89 ms=49.7736
DECODE_STEP index=90 ms=51.2914
DECODE_STEP index=91 ms=57.1902
DECODE_STEP index=92 ms=49.1147
DECODE_STEP index=93 ms=58.8708
DECODE_STEP index=94 ms=48.8395
DECODE_STEP index=95 ms=46.9605
DECODE_STEP index=96 ms=48.2695
DECODE_STEP index=97 ms=83.5573
DECODE_STEP index=98 ms=54.5348
DECODE_STEP index=99 ms=61.6866
DECODE_STEP index=100 ms=62.109
DECODE_STEP index=101 ms=52.3273
DECODE_STEP index=102 ms=70.9747
DECODE_STEP index=103 ms=51.9906
DECODE_STEP index=104 ms=58.0814
DECODE_STEP index=105 ms=62.4615
DECODE_STEP index=106 ms=52.9188
DECODE_STEP index=107 ms=63.4958
DECODE_STEP index=108 ms=64.5386
DECODE_STEP index=109 ms=44.571
DECODE_STEP index=110 ms=44.8958
DECODE_STEP index=111 ms=60.3178
DECODE_STEP index=112 ms=67.804
DECODE_STEP index=113 ms=60.2941
DECODE_STEP index=114 ms=68.1294
DECODE_STEP index=115 ms=50.9254
DECODE_STEP index=116 ms=55.9562
DECODE_STEP index=117 ms=59.544
DECODE_STEP index=118 ms=68.081
DECODE_STEP index=119 ms=54.7241
DECODE_STEP index=120 ms=49.3727
DECODE_STEP index=121 ms=61.1764
DECODE_STEP index=122 ms=59.7369
DECODE_STEP index=123 ms=56.1304
DECODE_STEP index=124 ms=55.4632
DECODE_STEP index=125 ms=59.841
DECODE_STEP index=126 ms=60.5052
DECODE_STEP index=127 ms=54.4999
DECODE_STEP index=128 ms=42.6896
DECODE_STEP index=129 ms=66.2372
DECODE_STEP index=130 ms=73.0589
DECODE_STEP index=131 ms=64.3172
DECODE_STEP index=132 ms=47.9347
DECODE_STEP index=133 ms=52.5298
DECODE_STEP index=134 ms=56.5076
DECODE_STEP index=135 ms=77.9038
DECODE_STEP index=136 ms=57.6673
DECODE_STEP index=137 ms=66.6338
DECODE_STEP index=138 ms=51.5924
DECODE_STEP index=139 ms=50.0025
DECODE_STEP index=140 ms=49.1833
DECODE_STEP index=141 ms=44.3307
DECODE_STEP index=142 ms=48.8201
DECODE_STEP index=143 ms=52.5208
DECODE_STEP index=144 ms=61.6627
DECODE_STEP index=145 ms=59.9963
DECODE_STEP index=146 ms=55.692
DECODE_STEP index=147 ms=50.3005
DECODE_STEP index=148 ms=49.6761
DECODE_STEP index=149 ms=45.0971
DECODE_STEP index=150 ms=46.1381
DECODE_STEP index=151 ms=56.1162
DECODE_STEP index=152 ms=46.8998
DECODE_STEP index=153 ms=50.288
DECODE_STEP index=154 ms=41.6584
DECODE_STEP index=155 ms=42.9174
DECODE_STEP index=156 ms=44.6894
DECODE_STEP index=157 ms=49.0273
DECODE_STEP index=158 ms=49.5009
DECODE_STEP index=159 ms=51.4077
DECODE_STEP index=160 ms=45.7877
DECODE_STEP index=161 ms=58.0679
DECODE_STEP index=162 ms=52.0434
DECODE_STEP index=163 ms=47.5048
DECODE_STEP index=164 ms=63.3055
DECODE_STEP index=165 ms=59.0906
DECODE_STEP index=166 ms=59.2187
DECODE_STEP index=167 ms=59.2966
DECODE_STEP index=168 ms=55.213
DECODE_STEP index=169 ms=63.8036
DECODE_STEP index=170 ms=70.8139
DECODE_STEP index=171 ms=66.6173
DECODE_STEP index=172 ms=64.7478
DECODE_STEP index=173 ms=53.2919
DECODE_STEP index=174 ms=57.7237
DECODE_STEP index=175 ms=53.8483
DECODE_STEP index=176 ms=61.259
DECODE_STEP index=177 ms=61.3436
DECODE_STEP index=178 ms=61.2624
DECODE_STEP index=179 ms=52.0321
DECODE_STEP index=180 ms=58.6215
DECODE_STEP index=181 ms=49.8309
DECODE_STEP index=182 ms=61.5213
DECODE_STEP index=183 ms=49.7294
DECODE_STEP index=184 ms=55.8284
DECODE_STEP index=185 ms=61.3486
DECODE_STEP index=186 ms=53.484
DECODE_STEP index=187 ms=54.8384
DECODE_STEP index=188 ms=45.9442
DECODE_STEP index=189 ms=62.5219
DECODE_STEP index=190 ms=42.1412
DECODE_STEP index=191 ms=50.4187
DECODE_STEP index=192 ms=48.9234
DECODE_STEP index=193 ms=56.5532
DECODE_STEP index=194 ms=51.4491
DECODE_STEP index=195 ms=52.7533
DECODE_STEP index=196 ms=54.8678
DECODE_STEP index=197 ms=56.148
DECODE_STEP index=198 ms=49.9513
DECODE_STEP index=199 ms=59.4404
DECODE_STEP index=200 ms=63.6529
DECODE_STEP index=201 ms=48.9348
DECODE_STEP index=202 ms=55.854
DECODE_STEP index=203 ms=60.5139
DECODE_STEP index=204 ms=56.8131
DECODE_STEP index=205 ms=63.2863
DECODE_STEP index=206 ms=63.6421
DECODE_STEP index=207 ms=60.3695
DECODE_STEP index=208 ms=69.0484
DECODE_STEP index=209 ms=62.0979
DECODE_STEP index=210 ms=67.946
DECODE_STEP index=211 ms=63.8539
DECODE_STEP index=212 ms=60.1523
DECODE_STEP index=213 ms=66.955
DECODE_STEP index=214 ms=55.7812
DECODE_STEP index=215 ms=57.7428
DECODE_STEP index=216 ms=60.3801
DECODE_STEP index=217 ms=67.1861
DECODE_STEP index=218 ms=73.944
DECODE_STEP index=219 ms=57.1661
DECODE_STEP index=220 ms=67.0978
DECODE_STEP index=221 ms=59.7399
DECODE_STEP index=222 ms=62.2092
DECODE_STEP index=223 ms=54.4105
DECODE_STEP index=224 ms=53.9252
DECODE_STEP index=225 ms=57.4844
DECODE_STEP index=226 ms=57.5101
DECODE_STEP index=227 ms=61.8262
DECODE_STEP index=228 ms=65.4926
DECODE_STEP index=229 ms=56.2998
DECODE_STEP index=230 ms=63.7596
DECODE_STEP index=231 ms=61.1433
DECODE_STEP index=232 ms=61.2307
DECODE_STEP index=233 ms=65.8885
DECODE_STEP index=234 ms=64.2536
DECODE_STEP index=235 ms=63.1366
DECODE_STEP index=236 ms=60.0349
DECODE_STEP index=237 ms=67.1117
DECODE_STEP index=238 ms=59.1737
DECODE_STEP index=239 ms=64.4737
DECODE_STEP index=240 ms=63.9263
DECODE_STEP index=241 ms=57.8717
DECODE_STEP index=242 ms=66.1925
DECODE_STEP index=243 ms=53.3289
DECODE_STEP index=244 ms=59.9597
DECODE_STEP index=245 ms=51.473
DECODE_STEP index=246 ms=52.0772
DECODE_STEP index=247 ms=50.7411
DECODE_STEP index=248 ms=66.0713
DECODE_STEP index=249 ms=64.6778
DECODE_STEP index=250 ms=54.6361
DECODE_STEP index=251 ms=49.2023
DECODE_STEP index=252 ms=58.4358
DECODE_STEP index=253 ms=63.2706
DECODE_STEP index=254 ms=64.9958
DECODE_STEP index=255 ms=67.8178
DECODE steps=255 ms=14827.5 tok_s=17.1978
HOST_RSS peak_MiB=54027.5
CPU_EXPERT gu_ms=0 quant_ms=0 down_ms=0 layer_flow_ms=8331.1 bytes=231818657792
GPU peak_allocated_MiB=13558 native_expert_bytes=0 expert_groups=0 staging_ms=0
PREFILL_SCRATCH device=0 peak_MiB=5.07568 capacity_MiB=32
GPU_LIVE device=0 dense_MiB=5029.21 other_MiB=8254.75 prefill_MiB=32 resident_exec_MiB=2.94288 state_MiB=239.105
GPU_DEVICE device=0 peak_allocated_MiB=13558 live_MiB=13558 native_expert_bytes=0 staging_ms=0 cache_hits=0 cache_hit_bytes=0 cuda_used_MiB=15546 free_MiB=758
DECODE_TRIAL index=1
DECODE_STEP index=1 ms=58.0536
DECODE_STEP index=2 ms=52.5921
DECODE_STEP index=3 ms=58.8839
DECODE_STEP index=4 ms=57.7013
DECODE_STEP index=5 ms=64.4053
DECODE_STEP index=6 ms=58.1073
DECODE_STEP index=7 ms=61.6063
DECODE_STEP index=8 ms=60.9542
DECODE_STEP index=9 ms=53.2237
DECODE_STEP index=10 ms=50.6704
DECODE_STEP index=11 ms=43.5306
DECODE_STEP index=12 ms=49.1623
DECODE_STEP index=13 ms=56.8558
DECODE_STEP index=14 ms=53.1424
DECODE_STEP index=15 ms=64.1138
DECODE_STEP index=16 ms=57.4402
DECODE_STEP index=17 ms=59.3873
DECODE_STEP index=18 ms=54.6355
DECODE_STEP index=19 ms=55.0672
DECODE_STEP index=20 ms=56.7657
DECODE_STEP index=21 ms=51.1082
DECODE_STEP index=22 ms=54.732
DECODE_STEP index=23 ms=60.8337
DECODE_STEP index=24 ms=52.1475
DECODE_STEP index=25 ms=39.85
DECODE_STEP index=26 ms=50.8322
DECODE_STEP index=27 ms=61.2218
DECODE_STEP index=28 ms=48.912
DECODE_STEP index=29 ms=45.5724
DECODE_STEP index=30 ms=49.2538
DECODE_STEP index=31 ms=49.6483
DECODE_STEP index=32 ms=57.9133
DECODE_STEP index=33 ms=52.7393
DECODE_STEP index=34 ms=49.1002
DECODE_STEP index=35 ms=61.1083
DECODE_STEP index=36 ms=52.3971
DECODE_STEP index=37 ms=52.0666
DECODE_STEP index=38 ms=54.3918
DECODE_STEP index=39 ms=52.8807
DECODE_STEP index=40 ms=49.0516
DECODE_STEP index=41 ms=54.6513
DECODE_STEP index=42 ms=58.8565
DECODE_STEP index=43 ms=56.0022
DECODE_STEP index=44 ms=50.5988
DECODE_STEP index=45 ms=51.5745
DECODE_STEP index=46 ms=51.7007
DECODE_STEP index=47 ms=51.3903
DECODE_STEP index=48 ms=68.9891
DECODE_STEP index=49 ms=52.5178
DECODE_STEP index=50 ms=53.9984
DECODE_STEP index=51 ms=59.7471
DECODE_STEP index=52 ms=59.0299
DECODE_STEP index=53 ms=54.6494
DECODE_STEP index=54 ms=58.9998
DECODE_STEP index=55 ms=47.6578
DECODE_STEP index=56 ms=51.292
DECODE_STEP index=57 ms=62.2957
DECODE_STEP index=58 ms=62.0849
DECODE_STEP index=59 ms=56.004
DECODE_STEP index=60 ms=55.5142
DECODE_STEP index=61 ms=54.2624
DECODE_STEP index=62 ms=51.6362
DECODE_STEP index=63 ms=55.9481
DECODE_STEP index=64 ms=56.7209
DECODE_STEP index=65 ms=59.3355
DECODE_STEP index=66 ms=63.4872
DECODE_STEP index=67 ms=54.5144
DECODE_STEP index=68 ms=59.1694
DECODE_STEP index=69 ms=55.9302
DECODE_STEP index=70 ms=54.4069
DECODE_STEP index=71 ms=52.961
DECODE_STEP index=72 ms=51.3781
DECODE_STEP index=73 ms=51.0752
DECODE_STEP index=74 ms=53.2834
DECODE_STEP index=75 ms=57.4207
DECODE_STEP index=76 ms=51.4792
DECODE_STEP index=77 ms=44.8933
DECODE_STEP index=78 ms=56.4694
DECODE_STEP index=79 ms=53.0393
DECODE_STEP index=80 ms=48.513
DECODE_STEP index=81 ms=51.2201
DECODE_STEP index=82 ms=52.1733
DECODE_STEP index=83 ms=53.5884
DECODE_STEP index=84 ms=53.999
DECODE_STEP index=85 ms=56.0117
DECODE_STEP index=86 ms=56.4878
DECODE_STEP index=87 ms=61.8618
DECODE_STEP index=88 ms=58.1477
DECODE_STEP index=89 ms=62.1144
DECODE_STEP index=90 ms=60.955
DECODE_STEP index=91 ms=55.3434
DECODE_STEP index=92 ms=60.1557
DECODE_STEP index=93 ms=56.6204
DECODE_STEP index=94 ms=66.3869
DECODE_STEP index=95 ms=46.9813
DECODE_STEP index=96 ms=51.589
DECODE_STEP index=97 ms=53.3785
DECODE_STEP index=98 ms=50.2543
DECODE_STEP index=99 ms=69.8709
DECODE_STEP index=100 ms=56.8562
DECODE_STEP index=101 ms=62.1402
DECODE_STEP index=102 ms=57.2881
DECODE_STEP index=103 ms=60.1075
DECODE_STEP index=104 ms=59.7555
DECODE_STEP index=105 ms=51.0489
DECODE_STEP index=106 ms=69.8423
DECODE_STEP index=107 ms=73.8762
DECODE_STEP index=108 ms=59.7389
DECODE_STEP index=109 ms=57.9756
DECODE_STEP index=110 ms=51.8267
DECODE_STEP index=111 ms=51.188
DECODE_STEP index=112 ms=52.8149
DECODE_STEP index=113 ms=44.7627
DECODE_STEP index=114 ms=46.6304
DECODE_STEP index=115 ms=50.2279
DECODE_STEP index=116 ms=50.0275
DECODE_STEP index=117 ms=51.4942
DECODE_STEP index=118 ms=55.0121
DECODE_STEP index=119 ms=64.3545
DECODE_STEP index=120 ms=50.7924
DECODE_STEP index=121 ms=54.2355
DECODE_STEP index=122 ms=57.0983
DECODE_STEP index=123 ms=73.4181
DECODE_STEP index=124 ms=61.9811
DECODE_STEP index=125 ms=62.4559
DECODE_STEP index=126 ms=55.7456
DECODE_STEP index=127 ms=61.934
DECODE_STEP index=128 ms=58.2808
DECODE_STEP index=129 ms=52.0768
DECODE_STEP index=130 ms=55.0553
DECODE_STEP index=131 ms=50.9236
DECODE_STEP index=132 ms=56.1477
DECODE_STEP index=133 ms=75.8714
DECODE_STEP index=134 ms=49.563
DECODE_STEP index=135 ms=53.3201
DECODE_STEP index=136 ms=61.1624
DECODE_STEP index=137 ms=60.7461
DECODE_STEP index=138 ms=59.3194
DECODE_STEP index=139 ms=53.2731
DECODE_STEP index=140 ms=54.1663
DECODE_STEP index=141 ms=43.1426
DECODE_STEP index=142 ms=54.2841
DECODE_STEP index=143 ms=57.6909
DECODE_STEP index=144 ms=46.7385
DECODE_STEP index=145 ms=52.8239
DECODE_STEP index=146 ms=61.3065
DECODE_STEP index=147 ms=62.078
DECODE_STEP index=148 ms=66.0853
DECODE_STEP index=149 ms=48.5189
DECODE_STEP index=150 ms=46.2128
DECODE_STEP index=151 ms=50.6947
DECODE_STEP index=152 ms=59.3066
DECODE_STEP index=153 ms=62.014
DECODE_STEP index=154 ms=62.4487
DECODE_STEP index=155 ms=59.4597
DECODE_STEP index=156 ms=60.582
DECODE_STEP index=157 ms=65.8595
DECODE_STEP index=158 ms=65.0443
DECODE_STEP index=159 ms=63.1581
DECODE_STEP index=160 ms=60.2717
DECODE_STEP index=161 ms=58.7486
DECODE_STEP index=162 ms=67.0417
DECODE_STEP index=163 ms=50.1982
DECODE_STEP index=164 ms=45.1948
DECODE_STEP index=165 ms=44.1524
DECODE_STEP index=166 ms=48.1197
DECODE_STEP index=167 ms=42.8003
DECODE_STEP index=168 ms=44.3811
DECODE_STEP index=169 ms=43.8607
DECODE_STEP index=170 ms=58.6168
DECODE_STEP index=171 ms=64.1873
DECODE_STEP index=172 ms=58.1535
DECODE_STEP index=173 ms=67.8413
DECODE_STEP index=174 ms=53.8239
DECODE_STEP index=175 ms=48.3329
DECODE_STEP index=176 ms=52.0368
DECODE_STEP index=177 ms=58.5511
DECODE_STEP index=178 ms=63.5837
DECODE_STEP index=179 ms=52.2586
DECODE_STEP index=180 ms=55.211
DECODE_STEP index=181 ms=45.5334
DECODE_STEP index=182 ms=49.5375
DECODE_STEP index=183 ms=48.7134
DECODE_STEP index=184 ms=45.2062
DECODE_STEP index=185 ms=58.1176
DECODE_STEP index=186 ms=48.6216
DECODE_STEP index=187 ms=50.2218
DECODE_STEP index=188 ms=61.0069
DECODE_STEP index=189 ms=51.8236
DECODE_STEP index=190 ms=51.3448
DECODE_STEP index=191 ms=64.2824
DECODE_STEP index=192 ms=52.3316
DECODE_STEP index=193 ms=57.3649
DECODE_STEP index=194 ms=55.621
DECODE_STEP index=195 ms=61.2494
DECODE_STEP index=196 ms=59.8864
DECODE_STEP index=197 ms=64.8869
DECODE_STEP index=198 ms=58.4714
DECODE_STEP index=199 ms=64.2255
DECODE_STEP index=200 ms=51.661
DECODE_STEP index=201 ms=55.4515
DECODE_STEP index=202 ms=57.4777
DECODE_STEP index=203 ms=51.0499
DECODE_STEP index=204 ms=57.0323
DECODE_STEP index=205 ms=58.8937
DECODE_STEP index=206 ms=54.7949
DECODE_STEP index=207 ms=53.7757
DECODE_STEP index=208 ms=60.1179
DECODE_STEP index=209 ms=59.2042
DECODE_STEP index=210 ms=71.2981
DECODE_STEP index=211 ms=65.752
DECODE_STEP index=212 ms=60.8492
DECODE_STEP index=213 ms=54.1922
DECODE_STEP index=214 ms=65.3313
DECODE_STEP index=215 ms=63.0077
DECODE_STEP index=216 ms=57.6828
DECODE_STEP index=217 ms=54.0712
DECODE_STEP index=218 ms=51.9193
DECODE_STEP index=219 ms=53.7698
DECODE_STEP index=220 ms=46.6352
DECODE_STEP index=221 ms=46.7695
DECODE_STEP index=222 ms=49.5578
DECODE_STEP index=223 ms=55.6366
DECODE_STEP index=224 ms=61.3638
DECODE_STEP index=225 ms=61.9662
DECODE_STEP index=226 ms=60.282
DECODE_STEP index=227 ms=50.1155
DECODE_STEP index=228 ms=51.8386
DECODE_STEP index=229 ms=61.0032
DECODE_STEP index=230 ms=47.6966
DECODE_STEP index=231 ms=48.411
DECODE_STEP index=232 ms=67.9452
DECODE_STEP index=233 ms=47.532
DECODE_STEP index=234 ms=57.532
DECODE_STEP index=235 ms=61.8527
DECODE_STEP index=236 ms=58.206
DECODE_STEP index=237 ms=48.7219
DECODE_STEP index=238 ms=57.5529
DECODE_STEP index=239 ms=53.9658
DECODE_STEP index=240 ms=63.0958
DECODE_STEP index=241 ms=67.6275
DECODE_STEP index=242 ms=58.2045
DECODE_STEP index=243 ms=50.3015
DECODE_STEP index=244 ms=58.1384
DECODE_STEP index=245 ms=56.7291
DECODE_STEP index=246 ms=53.1099
DECODE_STEP index=247 ms=51.1715
DECODE_STEP index=248 ms=52.6862
DECODE_STEP index=249 ms=54.8201
DECODE_STEP index=250 ms=52.8413
DECODE_STEP index=251 ms=57.3833
DECODE_STEP index=252 ms=55.26
DECODE_STEP index=253 ms=59.3784
DECODE_STEP index=254 ms=63.8467
DECODE_STEP index=255 ms=56.36
DECODE steps=255 ms=14325.5 tok_s=17.8004
HOST_RSS peak_MiB=54027.5
CPU_EXPERT gu_ms=0 quant_ms=0 down_ms=0 layer_flow_ms=7866.69 bytes=221278961664
GPU peak_allocated_MiB=13558 native_expert_bytes=0 expert_groups=0 staging_ms=0
PREFILL_SCRATCH device=0 peak_MiB=5.07568 capacity_MiB=32
GPU_LIVE device=0 dense_MiB=5029.21 other_MiB=8254.75 prefill_MiB=32 resident_exec_MiB=2.94288 state_MiB=239.105
GPU_DEVICE device=0 peak_allocated_MiB=13558 live_MiB=13558 native_expert_bytes=0 staging_ms=0 cache_hits=0 cache_hit_bytes=0 cuda_used_MiB=15546 free_MiB=758
DECODE_TRIAL index=2
DECODE_STEP index=1 ms=62.6697
DECODE_STEP index=2 ms=54.8714
DECODE_STEP index=3 ms=58.6589
DECODE_STEP index=4 ms=60.2774
DECODE_STEP index=5 ms=65.0477
DECODE_STEP index=6 ms=58.8818
DECODE_STEP index=7 ms=61.1933
DECODE_STEP index=8 ms=60.0112
DECODE_STEP index=9 ms=56.6611
DECODE_STEP index=10 ms=58.9267
DECODE_STEP index=11 ms=64.7435
DECODE_STEP index=12 ms=55.4684
DECODE_STEP index=13 ms=50.7037
DECODE_STEP index=14 ms=62.2288
DECODE_STEP index=15 ms=62.2575
DECODE_STEP index=16 ms=68.6405
DECODE_STEP index=17 ms=51.3182
DECODE_STEP index=18 ms=51.8082
DECODE_STEP index=19 ms=60.8108
DECODE_STEP index=20 ms=71.3022
DECODE_STEP index=21 ms=64.3852
DECODE_STEP index=22 ms=63.3649
DECODE_STEP index=23 ms=69.8289
DECODE_STEP index=24 ms=66.5736
DECODE_STEP index=25 ms=56.6345
DECODE_STEP index=26 ms=57.5485
DECODE_STEP index=27 ms=57.9246
DECODE_STEP index=28 ms=50.7757
DECODE_STEP index=29 ms=54.3725
DECODE_STEP index=30 ms=56.6187
DECODE_STEP index=31 ms=57.1073
DECODE_STEP index=32 ms=56.9631
DECODE_STEP index=33 ms=61.4825
DECODE_STEP index=34 ms=59.2435
DECODE_STEP index=35 ms=59.2947
DECODE_STEP index=36 ms=59.4963
DECODE_STEP index=37 ms=51.7114
DECODE_STEP index=38 ms=47.7074
DECODE_STEP index=39 ms=54.5566
DECODE_STEP index=40 ms=47.4598
DECODE_STEP index=41 ms=55.9684
DECODE_STEP index=42 ms=54.4219
DECODE_STEP index=43 ms=52.8843
DECODE_STEP index=44 ms=48.6103
DECODE_STEP index=45 ms=57.4972
DECODE_STEP index=46 ms=57.5614
DECODE_STEP index=47 ms=42.8246
DECODE_STEP index=48 ms=54.2924
DECODE_STEP index=49 ms=37.8628
DECODE_STEP index=50 ms=50.1685
DECODE_STEP index=51 ms=53.6104
DECODE_STEP index=52 ms=47.9586
DECODE_STEP index=53 ms=56.4041
DECODE_STEP index=54 ms=60.7335
DECODE_STEP index=55 ms=55.5575
DECODE_STEP index=56 ms=59.1076
DECODE_STEP index=57 ms=61.8006
DECODE_STEP index=58 ms=61.2432
DECODE_STEP index=59 ms=60.5822
DECODE_STEP index=60 ms=53.2067
DECODE_STEP index=61 ms=54.8388
DECODE_STEP index=62 ms=50.4335
DECODE_STEP index=63 ms=48.2237
DECODE_STEP index=64 ms=53.9003
DECODE_STEP index=65 ms=55.2702
DECODE_STEP index=66 ms=61.5937
DECODE_STEP index=67 ms=56.7457
DECODE_STEP index=68 ms=53.2617
DECODE_STEP index=69 ms=60.1901
DECODE_STEP index=70 ms=50.6839
DECODE_STEP index=71 ms=60.3336
DECODE_STEP index=72 ms=55.1881
DECODE_STEP index=73 ms=60.7654
DECODE_STEP index=74 ms=51.0775
DECODE_STEP index=75 ms=45.0194
DECODE_STEP index=76 ms=53.2167
DECODE_STEP index=77 ms=44.9512
DECODE_STEP index=78 ms=50.4755
DECODE_STEP index=79 ms=50.6369
DECODE_STEP index=80 ms=47.8287
DECODE_STEP index=81 ms=49.9649
DECODE_STEP index=82 ms=57.5654
DECODE_STEP index=83 ms=48.6867
DECODE_STEP index=84 ms=56.3755
DECODE_STEP index=85 ms=52.5082
DECODE_STEP index=86 ms=51.597
DECODE_STEP index=87 ms=55.7531
DECODE_STEP index=88 ms=52.151
DECODE_STEP index=89 ms=62.9484
DECODE_STEP index=90 ms=50.4679
DECODE_STEP index=91 ms=48.5908
DECODE_STEP index=92 ms=45.129
DECODE_STEP index=93 ms=45.7946
DECODE_STEP index=94 ms=48.3841
DECODE_STEP index=95 ms=43.3473
DECODE_STEP index=96 ms=42.4032
DECODE_STEP index=97 ms=50.7235
DECODE_STEP index=98 ms=44.7541
DECODE_STEP index=99 ms=49.9049
DECODE_STEP index=100 ms=45.1306
DECODE_STEP index=101 ms=55.4974
DECODE_STEP index=102 ms=43.6168
DECODE_STEP index=103 ms=51.1169
DECODE_STEP index=104 ms=55.3228
DECODE_STEP index=105 ms=43.6073
DECODE_STEP index=106 ms=64.6631
DECODE_STEP index=107 ms=50.8657
DECODE_STEP index=108 ms=54.268
DECODE_STEP index=109 ms=50.9028
DECODE_STEP index=110 ms=49.6671
DECODE_STEP index=111 ms=48.8601
DECODE_STEP index=112 ms=62.8019
DECODE_STEP index=113 ms=46.3308
DECODE_STEP index=114 ms=45.0109
DECODE_STEP index=115 ms=65.7653
DECODE_STEP index=116 ms=47.4536
DECODE_STEP index=117 ms=54.505
DECODE_STEP index=118 ms=52.4648
DECODE_STEP index=119 ms=65.4989
DECODE_STEP index=120 ms=51.4028
DECODE_STEP index=121 ms=48.7887
DECODE_STEP index=122 ms=45.9477
DECODE_STEP index=123 ms=49.6603
DECODE_STEP index=124 ms=59.2785
DECODE_STEP index=125 ms=47.6243
DECODE_STEP index=126 ms=57.2489
DECODE_STEP index=127 ms=62.7523
DECODE_STEP index=128 ms=49.606
DECODE_STEP index=129 ms=44.9476
DECODE_STEP index=130 ms=48.0321
DECODE_STEP index=131 ms=50.8192
DECODE_STEP index=132 ms=55.9124
DECODE_STEP index=133 ms=55.3043
DECODE_STEP index=134 ms=56.0259
DECODE_STEP index=135 ms=45.6578
DECODE_STEP index=136 ms=43.1675
DECODE_STEP index=137 ms=48.5927
DECODE_STEP index=138 ms=49.8575
DECODE_STEP index=139 ms=56.5701
DECODE_STEP index=140 ms=42.7771
DECODE_STEP index=141 ms=53.2447
DECODE_STEP index=142 ms=57.2233
DECODE_STEP index=143 ms=50.1056
DECODE_STEP index=144 ms=43.1272
DECODE_STEP index=145 ms=47.8952
DECODE_STEP index=146 ms=51.6617
DECODE_STEP index=147 ms=59.5131
DECODE_STEP index=148 ms=52.114
DECODE_STEP index=149 ms=56.0206
DECODE_STEP index=150 ms=48.5165
DECODE_STEP index=151 ms=54.4264
DECODE_STEP index=152 ms=42.0581
DECODE_STEP index=153 ms=54.5007
DECODE_STEP index=154 ms=54.1212
DECODE_STEP index=155 ms=49.7739
DECODE_STEP index=156 ms=56.7462
DECODE_STEP index=157 ms=57.0402
DECODE_STEP index=158 ms=54.7355
DECODE_STEP index=159 ms=62.6509
DECODE_STEP index=160 ms=60.4833
DECODE_STEP index=161 ms=60.388
DECODE_STEP index=162 ms=59.7807
DECODE_STEP index=163 ms=57.2721
DECODE_STEP index=164 ms=48.282
DECODE_STEP index=165 ms=58.3567
DECODE_STEP index=166 ms=59.4409
DECODE_STEP index=167 ms=60.3844
DECODE_STEP index=168 ms=51.8695
DECODE_STEP index=169 ms=53.7278
DECODE_STEP index=170 ms=60.5141
DECODE_STEP index=171 ms=67.5036
DECODE_STEP index=172 ms=56.1622
DECODE_STEP index=173 ms=59.7623
DECODE_STEP index=174 ms=53.9212
DECODE_STEP index=175 ms=46.0495
DECODE_STEP index=176 ms=63.2561
DECODE_STEP index=177 ms=54.5718
DECODE_STEP index=178 ms=53.8226
DECODE_STEP index=179 ms=43.8247
DECODE_STEP index=180 ms=40.999
DECODE_STEP index=181 ms=44.8723
DECODE_STEP index=182 ms=50.5776
DECODE_STEP index=183 ms=54.7126
DECODE_STEP index=184 ms=49.2199
DECODE_STEP index=185 ms=47.0906
DECODE_STEP index=186 ms=49.0013
DECODE_STEP index=187 ms=58.095
DECODE_STEP index=188 ms=50.9515
DECODE_STEP index=189 ms=58.5703
DECODE_STEP index=190 ms=55.0711
DECODE_STEP index=191 ms=52.8238
DECODE_STEP index=192 ms=55.7538
DECODE_STEP index=193 ms=51.8496
DECODE_STEP index=194 ms=47.7173
DECODE_STEP index=195 ms=53.1438
DECODE_STEP index=196 ms=57.8138
DECODE_STEP index=197 ms=58.8882
DECODE_STEP index=198 ms=53.7035
DECODE_STEP index=199 ms=52.1813
DECODE_STEP index=200 ms=52.6398
DECODE_STEP index=201 ms=62.8654
DECODE_STEP index=202 ms=54.4506
DECODE_STEP index=203 ms=47.9678
DECODE_STEP index=204 ms=50.0377
DECODE_STEP index=205 ms=51.9535
DECODE_STEP index=206 ms=49.6531
DECODE_STEP index=207 ms=43.2684
DECODE_STEP index=208 ms=45.2493
DECODE_STEP index=209 ms=47.8726
DECODE_STEP index=210 ms=54.2007
DECODE_STEP index=211 ms=47.2463
DECODE_STEP index=212 ms=40.5325
DECODE_STEP index=213 ms=46.0933
DECODE_STEP index=214 ms=48.0837
DECODE_STEP index=215 ms=44.5033
DECODE_STEP index=216 ms=46.1762
DECODE_STEP index=217 ms=59.5192
DECODE_STEP index=218 ms=44.3231
DECODE_STEP index=219 ms=60.9979
DECODE_STEP index=220 ms=54.0469
DECODE_STEP index=221 ms=54.0717
DECODE_STEP index=222 ms=46.3022
DECODE_STEP index=223 ms=46.452
DECODE_STEP index=224 ms=53.4037
DECODE_STEP index=225 ms=53.4881
DECODE_STEP index=226 ms=56.7205
DECODE_STEP index=227 ms=57.9079
DECODE_STEP index=228 ms=58.6693
DECODE_STEP index=229 ms=50.3682
DECODE_STEP index=230 ms=47.8185
DECODE_STEP index=231 ms=44.3985
DECODE_STEP index=232 ms=57.597
DECODE_STEP index=233 ms=45.7975
DECODE_STEP index=234 ms=57.4664
DECODE_STEP index=235 ms=48.0499
DECODE_STEP index=236 ms=39.6676
DECODE_STEP index=237 ms=62.8274
DECODE_STEP index=238 ms=54.4648
DECODE_STEP index=239 ms=56.7808
DECODE_STEP index=240 ms=53.2485
DECODE_STEP index=241 ms=53.4943
DECODE_STEP index=242 ms=47.5531
DECODE_STEP index=243 ms=50.1978
DECODE_STEP index=244 ms=62.8505
DECODE_STEP index=245 ms=58.2574
DECODE_STEP index=246 ms=55.0729
DECODE_STEP index=247 ms=53.4679
DECODE_STEP index=248 ms=42.6926
DECODE_STEP index=249 ms=48.815
DECODE_STEP index=250 ms=56.1832
DECODE_STEP index=251 ms=52.4881
DECODE_STEP index=252 ms=53.5854
DECODE_STEP index=253 ms=51.1127
DECODE_STEP index=254 ms=54.1957
DECODE_STEP index=255 ms=45.6209
DECODE steps=255 ms=13711.6 tok_s=18.5974
HOST_RSS peak_MiB=54027.5
CPU_EXPERT gu_ms=0 quant_ms=0 down_ms=0 layer_flow_ms=7312.43 bytes=206548893696
GPU peak_allocated_MiB=13558 native_expert_bytes=0 expert_groups=0 staging_ms=0
PREFILL_SCRATCH device=0 peak_MiB=5.07568 capacity_MiB=32
GPU_LIVE device=0 dense_MiB=5029.21 other_MiB=8254.75 prefill_MiB=32 resident_exec_MiB=2.94288 state_MiB=239.105
GPU_DEVICE device=0 peak_allocated_MiB=13558 live_MiB=13558 native_expert_bytes=0 staging_ms=0 cache_hits=0 cache_hit_bytes=0 cuda_used_MiB=15546 free_MiB=758
resident expert entries=184627/257040
