STAGING compact=1 slot_MiB=140
FLOATING_Q8 tensor=blk.0.hc_attn_fn source_type=0 MiB=0.398438
FLOATING_Q8 tensor=blk.0.hc_ffn_fn source_type=0 MiB=0.398438
FLOATING_Q8 tensor=blk.1.hc_attn_fn source_type=0 MiB=0.398438
FLOATING_Q8 tensor=blk.1.hc_ffn_fn source_type=0 MiB=0.398438
FLOATING_Q8 tensor=blk.10.hc_attn_fn source_type=0 MiB=0.398438
FLOATING_Q8 tensor=blk.10.hc_ffn_fn source_type=0 MiB=0.398438
FLOATING_Q8 tensor=blk.11.attn_k_b.weight source_type=12 MiB=8.5
FLOATING_Q8 tensor=blk.11.attn_v_b.weight source_type=12 MiB=8.5
FLOATING_Q8 tensor=blk.11.hc_attn_fn source_type=0 MiB=0.398438
FLOATING_Q8 tensor=blk.11.hc_ffn_fn source_type=0 MiB=0.398438
FLOATING_Q8 tensor=blk.12.hc_attn_fn source_type=0 MiB=0.398438
FLOATING_Q8 tensor=blk.12.hc_ffn_fn source_type=0 MiB=0.398438
FLOATING_Q8 tensor=blk.13.hc_attn_fn source_type=0 MiB=0.398438
FLOATING_Q8 tensor=blk.13.hc_ffn_fn source_type=0 MiB=0.398438
FLOATING_Q8 tensor=blk.14.hc_attn_fn source_type=0 MiB=0.398438
FLOATING_Q8 tensor=blk.14.hc_ffn_fn source_type=0 MiB=0.398438
FLOATING_Q8 tensor=blk.15.attn_k_b.weight source_type=12 MiB=8.5
FLOATING_Q8 tensor=blk.15.attn_v_b.weight source_type=12 MiB=8.5
FLOATING_Q8 tensor=blk.15.hc_attn_fn source_type=0 MiB=0.398438
FLOATING_Q8 tensor=blk.15.hc_ffn_fn source_type=0 MiB=0.398438
FLOATING_Q8 tensor=blk.16.hc_attn_fn source_type=0 MiB=0.398438
FLOATING_Q8 tensor=blk.16.hc_ffn_fn source_type=0 MiB=0.398438
FLOATING_Q8 tensor=blk.17.hc_attn_fn source_type=0 MiB=0.398438
FLOATING_Q8 tensor=blk.17.hc_ffn_fn source_type=0 MiB=0.398438
FLOATING_Q8 tensor=blk.18.hc_attn_fn source_type=0 MiB=0.398438
FLOATING_Q8 tensor=blk.18.hc_ffn_fn source_type=0 MiB=0.398438
FLOATING_Q8 tensor=blk.19.attn_k_b.weight source_type=12 MiB=8.5
FLOATING_Q8 tensor=blk.19.attn_v_b.weight source_type=12 MiB=8.5
FLOATING_Q8 tensor=blk.19.hc_attn_fn source_type=0 MiB=0.398438
FLOATING_Q8 tensor=blk.19.hc_ffn_fn source_type=0 MiB=0.398438
FLOATING_Q8 tensor=blk.2.hc_attn_fn source_type=0 MiB=0.398438
FLOATING_Q8 tensor=blk.2.hc_ffn_fn source_type=0 MiB=0.398438
FLOATING_Q8 tensor=blk.20.hc_attn_fn source_type=0 MiB=0.398438
FLOATING_Q8 tensor=blk.20.hc_ffn_fn source_type=0 MiB=0.398438
FLOATING_Q8 tensor=blk.21.hc_attn_fn source_type=0 MiB=0.398438
FLOATING_Q8 tensor=blk.21.hc_ffn_fn source_type=0 MiB=0.398438
FLOATING_Q8 tensor=blk.22.hc_attn_fn source_type=0 MiB=0.398438
FLOATING_Q8 tensor=blk.22.hc_ffn_fn source_type=0 MiB=0.398438
FLOATING_Q8 tensor=blk.23.attn_k_b.weight source_type=12 MiB=8.5
FLOATING_Q8 tensor=blk.23.attn_v_b.weight source_type=12 MiB=8.5
FLOATING_Q8 tensor=blk.23.hc_attn_fn source_type=0 MiB=0.398438
FLOATING_Q8 tensor=blk.23.hc_ffn_fn source_type=0 MiB=0.398438
FLOATING_Q8 tensor=blk.24.hc_attn_fn source_type=0 MiB=0.398438
FLOATING_Q8 tensor=blk.24.hc_ffn_fn source_type=0 MiB=0.398438
FLOATING_Q8 tensor=blk.25.hc_attn_fn source_type=0 MiB=0.398438
FLOATING_Q8 tensor=blk.25.hc_ffn_fn source_type=0 MiB=0.398438
FLOATING_Q8 tensor=blk.26.hc_attn_fn source_type=0 MiB=0.398438
FLOATING_Q8 tensor=blk.26.hc_ffn_fn source_type=0 MiB=0.398438
FLOATING_Q8 tensor=blk.27.attn_k_b.weight source_type=12 MiB=8.5
FLOATING_Q8 tensor=blk.27.attn_v_b.weight source_type=12 MiB=8.5
FLOATING_Q8 tensor=blk.27.hc_attn_fn source_type=0 MiB=0.398438
FLOATING_Q8 tensor=blk.27.hc_ffn_fn source_type=0 MiB=0.398438
FLOATING_Q8 tensor=blk.28.hc_attn_fn source_type=0 MiB=0.398438
FLOATING_Q8 tensor=blk.28.hc_ffn_fn source_type=0 MiB=0.398438
FLOATING_Q8 tensor=blk.29.hc_attn_fn source_type=0 MiB=0.398438
FLOATING_Q8 tensor=blk.29.hc_ffn_fn source_type=0 MiB=0.398438
FLOATING_Q8 tensor=blk.3.attn_k_b.weight source_type=12 MiB=8.5
FLOATING_Q8 tensor=blk.3.attn_v_b.weight source_type=12 MiB=8.5
FLOATING_Q8 tensor=blk.3.hc_attn_fn source_type=0 MiB=0.398438
FLOATING_Q8 tensor=blk.3.hc_ffn_fn source_type=0 MiB=0.398438
FLOATING_Q8 tensor=blk.30.hc_attn_fn source_type=0 MiB=0.398438
FLOATING_Q8 tensor=blk.30.hc_ffn_fn source_type=0 MiB=0.398438
FLOATING_Q8 tensor=blk.31.attn_k_b.weight source_type=12 MiB=8.5
FLOATING_Q8 tensor=blk.31.attn_v_b.weight source_type=12 MiB=8.5
FLOATING_Q8 tensor=blk.31.hc_attn_fn source_type=0 MiB=0.398438
FLOATING_Q8 tensor=blk.31.hc_ffn_fn source_type=0 MiB=0.398438
FLOATING_Q8 tensor=blk.32.hc_attn_fn source_type=0 MiB=0.398438
FLOATING_Q8 tensor=blk.32.hc_ffn_fn source_type=0 MiB=0.398438
FLOATING_Q8 tensor=blk.33.hc_attn_fn source_type=0 MiB=0.398438
FLOATING_Q8 tensor=blk.33.hc_ffn_fn source_type=0 MiB=0.398438
FLOATING_Q8 tensor=blk.34.hc_attn_fn source_type=0 MiB=0.398438
FLOATING_Q8 tensor=blk.34.hc_ffn_fn source_type=0 MiB=0.398438
FLOATING_Q8 tensor=blk.35.attn_k_b.weight source_type=12 MiB=8.5
FLOATING_Q8 tensor=blk.35.attn_v_b.weight source_type=12 MiB=8.5
FLOATING_Q8 tensor=blk.35.hc_attn_fn source_type=0 MiB=0.398438
FLOATING_Q8 tensor=blk.35.hc_ffn_fn source_type=0 MiB=0.398438
FLOATING_Q8 tensor=blk.36.hc_attn_fn source_type=0 MiB=0.398438
FLOATING_Q8 tensor=blk.36.hc_ffn_fn source_type=0 MiB=0.398438
FLOATING_Q8 tensor=blk.37.hc_attn_fn source_type=0 MiB=0.398438
FLOATING_Q8 tensor=blk.37.hc_ffn_fn source_type=0 MiB=0.398438
FLOATING_Q8 tensor=blk.38.hc_attn_fn source_type=0 MiB=0.398438
FLOATING_Q8 tensor=blk.38.hc_ffn_fn source_type=0 MiB=0.398438
FLOATING_Q8 tensor=blk.39.attn_k_b.weight source_type=12 MiB=8.5
FLOATING_Q8 tensor=blk.39.attn_v_b.weight source_type=12 MiB=8.5
FLOATING_Q8 tensor=blk.39.hc_attn_fn source_type=0 MiB=0.398438
FLOATING_Q8 tensor=blk.39.hc_ffn_fn source_type=0 MiB=0.398438
FLOATING_Q8 tensor=blk.4.hc_attn_fn source_type=0 MiB=0.398438
FLOATING_Q8 tensor=blk.4.hc_ffn_fn source_type=0 MiB=0.398438
FLOATING_Q8 tensor=blk.40.hc_attn_fn source_type=0 MiB=0.398438
FLOATING_Q8 tensor=blk.40.hc_ffn_fn source_type=0 MiB=0.398438
FLOATING_Q8 tensor=blk.41.hc_attn_fn source_type=0 MiB=0.398438
FLOATING_Q8 tensor=blk.41.hc_ffn_fn source_type=0 MiB=0.398438
FLOATING_Q8 tensor=blk.42.hc_attn_fn source_type=0 MiB=0.398438
FLOATING_Q8 tensor=blk.42.hc_ffn_fn source_type=0 MiB=0.398438
FLOATING_Q8 tensor=blk.43.attn_k_b.weight source_type=12 MiB=8.5
FLOATING_Q8 tensor=blk.43.attn_v_b.weight source_type=12 MiB=8.5
FLOATING_Q8 tensor=blk.43.hc_attn_fn source_type=0 MiB=0.398438
FLOATING_Q8 tensor=blk.43.hc_ffn_fn source_type=0 MiB=0.398438
FLOATING_Q8 tensor=blk.44.hc_attn_fn source_type=0 MiB=0.398438
FLOATING_Q8 tensor=blk.44.hc_ffn_fn source_type=0 MiB=0.398438
FLOATING_Q8 tensor=blk.5.hc_attn_fn source_type=0 MiB=0.398438
FLOATING_Q8 tensor=blk.5.hc_ffn_fn source_type=0 MiB=0.398438
FLOATING_Q8 tensor=blk.6.hc_attn_fn source_type=0 MiB=0.398438
FLOATING_Q8 tensor=blk.6.hc_ffn_fn source_type=0 MiB=0.398438
FLOATING_Q8 tensor=blk.7.attn_k_b.weight source_type=12 MiB=8.5
FLOATING_Q8 tensor=blk.7.attn_v_b.weight source_type=12 MiB=8.5
FLOATING_Q8 tensor=blk.7.hc_attn_fn source_type=0 MiB=0.398438
FLOATING_Q8 tensor=blk.7.hc_ffn_fn source_type=0 MiB=0.398438
FLOATING_Q8 tensor=blk.8.hc_attn_fn source_type=0 MiB=0.398438
FLOATING_Q8 tensor=blk.8.hc_ffn_fn source_type=0 MiB=0.398438
FLOATING_Q8 tensor=blk.9.hc_attn_fn source_type=0 MiB=0.398438
FLOATING_Q8 tensor=blk.9.hc_ffn_fn source_type=0 MiB=0.398438
GPU prefill chunk=2048 staging_workers=4 numa_cpus=0,1,2,3
GPU allocated_MiB=7154.73 reserved_runtime_MiB=1024 budget_MiB=15792
GPU_DENSE_HOST_RELEASE phase=main tensors=1256 source_MiB_advised=5040.35 ms=124.577
PREFILL_PARTITION primary_groups=9 secondary_groups=0
PREFILL_CACHE device=0 budget_MiB=0 reserve_MiB=768
PREFILL_CACHE_PLAN device=0 base_groups=0 unused_MiB=0
MAPPED_EXPERTS numa_rows=0 lazy=1 bytes=55094280192
PREFILL trial=0 tokens=2048 batch=2048 ms=8938.2 tok_s=229.129
FAULTS trial=0 major=7 minor=33083
HOST_RSS peak_MiB=53984.2
CPU_EXPERT gu_ms=0 quant_ms=0 down_ms=0 layer_flow_ms=0 bytes=0
GPU peak_allocated_MiB=7538.73 native_expert_bytes=55101150720 expert_groups=378 staging_ms=5245.27
PREFILL_SCRATCH device=0 peak_MiB=696.564 capacity_MiB=1024
GPU_LIVE device=0 dense_MiB=5029.21 other_MiB=806.414 prefill_MiB=1464 state_MiB=239.105
GPU_DEVICE device=0 peak_allocated_MiB=7538.73 live_MiB=7538.73 native_expert_bytes=55101150720 staging_ms=5245.27 cache_hits=0 cache_hit_bytes=0 cuda_used_MiB=8312 free_MiB=7992
PREFILL trial=1 tokens=2048 batch=2048 ms=8922.35 tok_s=229.536
FAULTS trial=1 major=1 minor=32846
HOST_RSS peak_MiB=54018.4
CPU_EXPERT gu_ms=0 quant_ms=0 down_ms=0 layer_flow_ms=0 bytes=0
GPU peak_allocated_MiB=7538.73 native_expert_bytes=55101150720 expert_groups=378 staging_ms=5231.18
PREFILL_SCRATCH device=0 peak_MiB=696.564 capacity_MiB=1024
GPU_LIVE device=0 dense_MiB=5029.21 other_MiB=806.414 prefill_MiB=1464 state_MiB=239.105
GPU_DEVICE device=0 peak_allocated_MiB=7538.73 live_MiB=7538.73 native_expert_bytes=55101150720 staging_ms=5231.18 cache_hits=0 cache_hit_bytes=0 cuda_used_MiB=8312 free_MiB=7992
PREFILL trial=2 tokens=2048 batch=2048 ms=8918.92 tok_s=229.624
FAULTS trial=2 major=0 minor=32769
HOST_RSS peak_MiB=54026.8
CPU_EXPERT gu_ms=0 quant_ms=0 down_ms=0 layer_flow_ms=0 bytes=0
GPU peak_allocated_MiB=7538.73 native_expert_bytes=55101150720 expert_groups=378 staging_ms=5226.75
PREFILL_SCRATCH device=0 peak_MiB=696.564 capacity_MiB=1024
GPU_LIVE device=0 dense_MiB=5029.21 other_MiB=806.414 prefill_MiB=1464 state_MiB=239.105
GPU_DEVICE device=0 peak_allocated_MiB=7538.73 live_MiB=7538.73 native_expert_bytes=55101150720 staging_ms=5226.75 cache_hits=0 cache_hit_bytes=0 cuda_used_MiB=8312 free_MiB=7992
MAPPED_EXPERTS numa_rows=0 lazy=1 bytes=55094280192
PREFILL_WORK device=0 transferred_bytes=55101150720 staging_ms=5226.75 actual_rows=688128 padded_rows=2233248 dequant_values=297560702976
DECODE_RUNTIME override_reserve_MiB=256
DECODE_CACHE prefix_trained=1 slots=942 MiB=8183.62 fingerprint=9203223784570463000
RESPONSE_PREPARE kind=decode_cache ms=1258.44
RESPONSE_PREPARE kind=cpu ms=0.001402
DECODE_TRIAL index=0
DECODE_STEP index=1 ms=68.9559
DECODE_STEP index=2 ms=43.0699
DECODE_STEP index=3 ms=54.01
DECODE_STEP index=4 ms=51.5181
DECODE_STEP index=5 ms=59.6193
DECODE_STEP index=6 ms=44.7802
DECODE_STEP index=7 ms=47.0123
DECODE_STEP index=8 ms=42.678
DECODE_STEP index=9 ms=46.839
DECODE_STEP index=10 ms=46.6504
DECODE_STEP index=11 ms=53.428
DECODE_STEP index=12 ms=53.4991
DECODE_STEP index=13 ms=63.8098
DECODE_STEP index=14 ms=51.7104
DECODE_STEP index=15 ms=61.5284
DECODE_STEP index=16 ms=56.9882
DECODE_STEP index=17 ms=66.2348
DECODE_STEP index=18 ms=46.5455
DECODE_STEP index=19 ms=56.516
DECODE_STEP index=20 ms=52.7444
DECODE_STEP index=21 ms=50.2056
DECODE_STEP index=22 ms=45.0329
DECODE_STEP index=23 ms=65.0155
DECODE_STEP index=24 ms=47.7891
DECODE_STEP index=25 ms=64.9797
DECODE_STEP index=26 ms=43.7516
DECODE_STEP index=27 ms=52.1301
DECODE_STEP index=28 ms=42.2603
DECODE_STEP index=29 ms=50.0874
DECODE_STEP index=30 ms=58.1873
DECODE_STEP index=31 ms=61.3044
DECODE_STEP index=32 ms=53.0271
DECODE_STEP index=33 ms=52.3387
DECODE_STEP index=34 ms=46.5534
DECODE_STEP index=35 ms=40.699
DECODE_STEP index=36 ms=44.8112
DECODE_STEP index=37 ms=62.3513
DECODE_STEP index=38 ms=53.2427
DECODE_STEP index=39 ms=46.9946
DECODE_STEP index=40 ms=54.4963
DECODE_STEP index=41 ms=62.8581
DECODE_STEP index=42 ms=63.6834
DECODE_STEP index=43 ms=57.2469
DECODE_STEP index=44 ms=62.1945
DECODE_STEP index=45 ms=61.7257
DECODE_STEP index=46 ms=56.0391
DECODE_STEP index=47 ms=53.9749
DECODE_STEP index=48 ms=48.9325
DECODE_STEP index=49 ms=56.8066
DECODE_STEP index=50 ms=70.7541
DECODE_STEP index=51 ms=55.2418
DECODE_STEP index=52 ms=42.5747
DECODE_STEP index=53 ms=42.3694
DECODE_STEP index=54 ms=38.8717
DECODE_STEP index=55 ms=42.0194
DECODE_STEP index=56 ms=50.2363
DECODE_STEP index=57 ms=40.6188
DECODE_STEP index=58 ms=43.8484
DECODE_STEP index=59 ms=41.7167
DECODE_STEP index=60 ms=50.4785
DECODE_STEP index=61 ms=51.6437
DECODE_STEP index=62 ms=52.3547
DECODE_STEP index=63 ms=47.8006
DECODE_STEP index=64 ms=47.209
DECODE_STEP index=65 ms=45.9145
DECODE_STEP index=66 ms=42.0173
DECODE_STEP index=67 ms=49.2461
DECODE_STEP index=68 ms=46.4393
DECODE_STEP index=69 ms=40.6263
DECODE_STEP index=70 ms=45.1335
DECODE_STEP index=71 ms=56.1489
DECODE_STEP index=72 ms=50.1864
DECODE_STEP index=73 ms=49.4338
DECODE_STEP index=74 ms=49.4832
DECODE_STEP index=75 ms=49.5807
DECODE_STEP index=76 ms=46.8986
DECODE_STEP index=77 ms=57.1373
DECODE_STEP index=78 ms=54.0492
DECODE_STEP index=79 ms=51.6877
DECODE_STEP index=80 ms=62.2807
DECODE_STEP index=81 ms=51.5206
DECODE_STEP index=82 ms=51.7617
DECODE_STEP index=83 ms=51.835
DECODE_STEP index=84 ms=54.3602
DECODE_STEP index=85 ms=49.2445
DECODE_STEP index=86 ms=52.2962
DECODE_STEP index=87 ms=53.7844
DECODE_STEP index=88 ms=48.2385
DECODE_STEP index=89 ms=40.0809
DECODE_STEP index=90 ms=40.8754
DECODE_STEP index=91 ms=63.1415
DECODE_STEP index=92 ms=41.0695
DECODE_STEP index=93 ms=46.9684
DECODE_STEP index=94 ms=53.4444
DECODE_STEP index=95 ms=48.8174
DECODE_STEP index=96 ms=43.3075
DECODE_STEP index=97 ms=50.4642
DECODE_STEP index=98 ms=55.0881
DECODE_STEP index=99 ms=49.2564
DECODE_STEP index=100 ms=42.4476
DECODE_STEP index=101 ms=48.0574
DECODE_STEP index=102 ms=41.4798
DECODE_STEP index=103 ms=41.5062
DECODE_STEP index=104 ms=43.1078
DECODE_STEP index=105 ms=48.8467
DECODE_STEP index=106 ms=50.5366
DECODE_STEP index=107 ms=50.7228
DECODE_STEP index=108 ms=50.0373
DECODE_STEP index=109 ms=46.3742
DECODE_STEP index=110 ms=40.9916
DECODE_STEP index=111 ms=44.3162
DECODE_STEP index=112 ms=42.0883
DECODE_STEP index=113 ms=41.1666
DECODE_STEP index=114 ms=40.1619
DECODE_STEP index=115 ms=46.4404
DECODE_STEP index=116 ms=47.6412
DECODE_STEP index=117 ms=58.3819
DECODE_STEP index=118 ms=43.7818
DECODE_STEP index=119 ms=46.9666
DECODE_STEP index=120 ms=39.0608
DECODE_STEP index=121 ms=41.1542
DECODE_STEP index=122 ms=43.7964
DECODE_STEP index=123 ms=44.4008
DECODE_STEP index=124 ms=54.8543
DECODE_STEP index=125 ms=54.0736
DECODE_STEP index=126 ms=50.051
DECODE_STEP index=127 ms=49.7017
DECODE_STEP index=128 ms=39.2811
DECODE_STEP index=129 ms=46.1864
DECODE_STEP index=130 ms=44.1665
DECODE_STEP index=131 ms=46.4065
DECODE_STEP index=132 ms=38.2206
DECODE_STEP index=133 ms=44.7869
DECODE_STEP index=134 ms=44.851
DECODE_STEP index=135 ms=46.8569
DECODE_STEP index=136 ms=47.2314
DECODE_STEP index=137 ms=42.8491
DECODE_STEP index=138 ms=42.3361
DECODE_STEP index=139 ms=40.4533
DECODE_STEP index=140 ms=39.5321
DECODE_STEP index=141 ms=42.2418
DECODE_STEP index=142 ms=41.1379
DECODE_STEP index=143 ms=48.0364
DECODE_STEP index=144 ms=45.4167
DECODE_STEP index=145 ms=48.21
DECODE_STEP index=146 ms=42.5834
DECODE_STEP index=147 ms=53.4928
DECODE_STEP index=148 ms=52.0503
DECODE_STEP index=149 ms=45.9814
DECODE_STEP index=150 ms=51.4888
DECODE_STEP index=151 ms=54.9004
DECODE_STEP index=152 ms=44.677
DECODE_STEP index=153 ms=43.2959
DECODE_STEP index=154 ms=49.6443
DECODE_STEP index=155 ms=56.8435
DECODE_STEP index=156 ms=46.9574
DECODE_STEP index=157 ms=50.887
DECODE_STEP index=158 ms=43.1658
DECODE_STEP index=159 ms=51.6723
DECODE_STEP index=160 ms=53.1401
DECODE_STEP index=161 ms=52.5347
DECODE_STEP index=162 ms=53.8089
DECODE_STEP index=163 ms=54.634
DECODE_STEP index=164 ms=51.6044
DECODE_STEP index=165 ms=48.9949
DECODE_STEP index=166 ms=43.4754
DECODE_STEP index=167 ms=46.0618
DECODE_STEP index=168 ms=48.7021
DECODE_STEP index=169 ms=48.3566
DECODE_STEP index=170 ms=43.1992
DECODE_STEP index=171 ms=49.6627
DECODE_STEP index=172 ms=45.9908
DECODE_STEP index=173 ms=46.6069
DECODE_STEP index=174 ms=56.5784
DECODE_STEP index=175 ms=54.7321
DECODE_STEP index=176 ms=50.1167
DECODE_STEP index=177 ms=57.3552
DECODE_STEP index=178 ms=44.0872
DECODE_STEP index=179 ms=49.6322
DECODE_STEP index=180 ms=43.2276
DECODE_STEP index=181 ms=47.8941
DECODE_STEP index=182 ms=50.9875
DECODE_STEP index=183 ms=50.8177
DECODE_STEP index=184 ms=50.5241
DECODE_STEP index=185 ms=56.4007
DECODE_STEP index=186 ms=52.4586
DECODE_STEP index=187 ms=56.463
DECODE_STEP index=188 ms=68.041
DECODE_STEP index=189 ms=53.409
DECODE_STEP index=190 ms=52.1599
DECODE_STEP index=191 ms=39.9452
DECODE_STEP index=192 ms=46.7839
DECODE_STEP index=193 ms=46.1336
DECODE_STEP index=194 ms=47.2104
DECODE_STEP index=195 ms=51.2745
DECODE_STEP index=196 ms=46.9738
DECODE_STEP index=197 ms=38.7801
DECODE_STEP index=198 ms=53.5279
DECODE_STEP index=199 ms=59.2715
DECODE_STEP index=200 ms=54.5233
DECODE_STEP index=201 ms=47.3214
DECODE_STEP index=202 ms=46.7768
DECODE_STEP index=203 ms=46.2323
DECODE_STEP index=204 ms=47.8521
DECODE_STEP index=205 ms=52.216
DECODE_STEP index=206 ms=52.0168
DECODE_STEP index=207 ms=58.6917
DECODE_STEP index=208 ms=49.1416
DECODE_STEP index=209 ms=48.674
DECODE_STEP index=210 ms=52.9295
DECODE_STEP index=211 ms=59.2908
DECODE_STEP index=212 ms=57.9353
DECODE_STEP index=213 ms=54.1536
DECODE_STEP index=214 ms=50.7969
DECODE_STEP index=215 ms=49.1824
DECODE_STEP index=216 ms=46.6252
DECODE_STEP index=217 ms=50.1003
DECODE_STEP index=218 ms=54.5463
DECODE_STEP index=219 ms=44.6774
DECODE_STEP index=220 ms=53.8058
DECODE_STEP index=221 ms=48.7428
DECODE_STEP index=222 ms=45.7032
DECODE_STEP index=223 ms=46.587
DECODE_STEP index=224 ms=46.3867
DECODE_STEP index=225 ms=42.6595
DECODE_STEP index=226 ms=43.0828
DECODE_STEP index=227 ms=44.5649
DECODE_STEP index=228 ms=46.2776
DECODE_STEP index=229 ms=45.1514
DECODE_STEP index=230 ms=41.9786
DECODE_STEP index=231 ms=43.1607
DECODE_STEP index=232 ms=48.1416
DECODE_STEP index=233 ms=44.8986
DECODE_STEP index=234 ms=40.6129
DECODE_STEP index=235 ms=38.4147
DECODE_STEP index=236 ms=56.2726
DECODE_STEP index=237 ms=47.2685
DECODE_STEP index=238 ms=52.4408
DECODE_STEP index=239 ms=41.665
DECODE_STEP index=240 ms=49.9593
DECODE_STEP index=241 ms=46.085
DECODE_STEP index=242 ms=51.1059
DECODE_STEP index=243 ms=48.8148
DECODE_STEP index=244 ms=49.858
DECODE_STEP index=245 ms=52.6602
DECODE_STEP index=246 ms=40.2698
DECODE_STEP index=247 ms=43.5957
DECODE_STEP index=248 ms=47.9597
DECODE_STEP index=249 ms=46.4759
DECODE_STEP index=250 ms=56.2952
DECODE_STEP index=251 ms=45.0037
DECODE_STEP index=252 ms=46.1775
DECODE_STEP index=253 ms=44.6637
DECODE_STEP index=254 ms=50.5793
DECODE_STEP index=255 ms=51.5058
DECODE steps=255 ms=12657 tok_s=20.147
HOST_RSS peak_MiB=54026.8
CPU_EXPERT gu_ms=0 quant_ms=0 down_ms=0 layer_flow_ms=6047.48 bytes=167715078144
GPU peak_allocated_MiB=13558 native_expert_bytes=0 expert_groups=0 staging_ms=0
PREFILL_SCRATCH device=0 peak_MiB=5.07568 capacity_MiB=32
GPU_LIVE device=0 dense_MiB=5029.21 other_MiB=8254.75 prefill_MiB=32 resident_exec_MiB=2.94288 state_MiB=239.105
GPU_DEVICE device=0 peak_allocated_MiB=13558 live_MiB=13558 native_expert_bytes=0 staging_ms=0 cache_hits=0 cache_hit_bytes=0 cuda_used_MiB=15546 free_MiB=758
DECODE_TRIAL index=1
DECODE_STEP index=1 ms=52.7908
DECODE_STEP index=2 ms=50.615
DECODE_STEP index=3 ms=45.2681
DECODE_STEP index=4 ms=44.8807
DECODE_STEP index=5 ms=53.2871
DECODE_STEP index=6 ms=43.5071
DECODE_STEP index=7 ms=52.7653
DECODE_STEP index=8 ms=57.0465
DECODE_STEP index=9 ms=50.0175
DECODE_STEP index=10 ms=46.3468
DECODE_STEP index=11 ms=50.6736
DECODE_STEP index=12 ms=43.6007
DECODE_STEP index=13 ms=45.7374
DECODE_STEP index=14 ms=44.8502
DECODE_STEP index=15 ms=43.1121
DECODE_STEP index=16 ms=39.9254
DECODE_STEP index=17 ms=53.0441
DECODE_STEP index=18 ms=56.619
DECODE_STEP index=19 ms=45.5443
DECODE_STEP index=20 ms=54.9322
DECODE_STEP index=21 ms=48.2691
DECODE_STEP index=22 ms=44.0725
DECODE_STEP index=23 ms=51.4029
DECODE_STEP index=24 ms=53.1374
DECODE_STEP index=25 ms=54.5451
DECODE_STEP index=26 ms=49.1376
DECODE_STEP index=27 ms=49.2361
DECODE_STEP index=28 ms=45.4502
DECODE_STEP index=29 ms=55.6829
DECODE_STEP index=30 ms=61.8348
DECODE_STEP index=31 ms=58.155
DECODE_STEP index=32 ms=50.5072
DECODE_STEP index=33 ms=52.7862
DECODE_STEP index=34 ms=49.7668
DECODE_STEP index=35 ms=57.4093
DECODE_STEP index=36 ms=54.4261
DECODE_STEP index=37 ms=52.6682
DECODE_STEP index=38 ms=51.923
DECODE_STEP index=39 ms=45.8532
DECODE_STEP index=40 ms=43.8044
DECODE_STEP index=41 ms=42.1514
DECODE_STEP index=42 ms=52.1192
DECODE_STEP index=43 ms=42.0391
DECODE_STEP index=44 ms=44.5657
DECODE_STEP index=45 ms=47.8625
DECODE_STEP index=46 ms=48.0101
DECODE_STEP index=47 ms=47.952
DECODE_STEP index=48 ms=42.9711
DECODE_STEP index=49 ms=41.5099
DECODE_STEP index=50 ms=41.1134
DECODE_STEP index=51 ms=46.243
DECODE_STEP index=52 ms=48.3752
DECODE_STEP index=53 ms=48.069
DECODE_STEP index=54 ms=48.2012
DECODE_STEP index=55 ms=52.6017
DECODE_STEP index=56 ms=46.2637
DECODE_STEP index=57 ms=51.1447
DECODE_STEP index=58 ms=54.5551
DECODE_STEP index=59 ms=46.055
DECODE_STEP index=60 ms=49.1893
DECODE_STEP index=61 ms=45.0376
DECODE_STEP index=62 ms=40.4988
DECODE_STEP index=63 ms=45.3055
DECODE_STEP index=64 ms=48.0997
DECODE_STEP index=65 ms=51.3067
DECODE_STEP index=66 ms=44.9365
DECODE_STEP index=67 ms=45.4655
DECODE_STEP index=68 ms=41.9338
DECODE_STEP index=69 ms=45.4849
DECODE_STEP index=70 ms=46.9448
DECODE_STEP index=71 ms=56.4151
DECODE_STEP index=72 ms=59.7569
DECODE_STEP index=73 ms=46.7393
DECODE_STEP index=74 ms=50.4321
DECODE_STEP index=75 ms=43.33
DECODE_STEP index=76 ms=48.3053
DECODE_STEP index=77 ms=44.1301
DECODE_STEP index=78 ms=44.873
DECODE_STEP index=79 ms=46.1745
DECODE_STEP index=80 ms=49.6005
DECODE_STEP index=81 ms=49.3475
DECODE_STEP index=82 ms=49.5204
DECODE_STEP index=83 ms=46.4873
DECODE_STEP index=84 ms=50.1482
DECODE_STEP index=85 ms=55.4009
DECODE_STEP index=86 ms=49.3605
DECODE_STEP index=87 ms=44.2388
DECODE_STEP index=88 ms=49.5506
DECODE_STEP index=89 ms=45.828
DECODE_STEP index=90 ms=48.5346
DECODE_STEP index=91 ms=49.9374
DECODE_STEP index=92 ms=51.7811
DECODE_STEP index=93 ms=55.5477
DECODE_STEP index=94 ms=56.1426
DECODE_STEP index=95 ms=51.0379
DECODE_STEP index=96 ms=46.7718
DECODE_STEP index=97 ms=51.9887
DECODE_STEP index=98 ms=45.2447
DECODE_STEP index=99 ms=48.5712
DECODE_STEP index=100 ms=46.3766
DECODE_STEP index=101 ms=43.7907
DECODE_STEP index=102 ms=41.1583
DECODE_STEP index=103 ms=48.7876
DECODE_STEP index=104 ms=45.0721
DECODE_STEP index=105 ms=40.0325
DECODE_STEP index=106 ms=42.5532
DECODE_STEP index=107 ms=50.3537
DECODE_STEP index=108 ms=47.2477
DECODE_STEP index=109 ms=49.8245
DECODE_STEP index=110 ms=45.173
DECODE_STEP index=111 ms=49.3369
DECODE_STEP index=112 ms=37.0063
DECODE_STEP index=113 ms=42.9493
DECODE_STEP index=114 ms=51.0817
DECODE_STEP index=115 ms=39.7545
DECODE_STEP index=116 ms=39.8677
DECODE_STEP index=117 ms=41.3197
DECODE_STEP index=118 ms=51.4629
DECODE_STEP index=119 ms=49.0528
DECODE_STEP index=120 ms=49.9698
DECODE_STEP index=121 ms=45.3643
DECODE_STEP index=122 ms=49.717
DECODE_STEP index=123 ms=48.6544
DECODE_STEP index=124 ms=48.9774
DECODE_STEP index=125 ms=47.9043
DECODE_STEP index=126 ms=46.9785
DECODE_STEP index=127 ms=43.0849
DECODE_STEP index=128 ms=40.0423
DECODE_STEP index=129 ms=47.3044
DECODE_STEP index=130 ms=46.8784
DECODE_STEP index=131 ms=40.3117
DECODE_STEP index=132 ms=45.479
DECODE_STEP index=133 ms=51.1728
DECODE_STEP index=134 ms=47.9612
DECODE_STEP index=135 ms=46.8556
DECODE_STEP index=136 ms=41.0641
DECODE_STEP index=137 ms=52.1042
DECODE_STEP index=138 ms=52.8737
DECODE_STEP index=139 ms=52.5594
DECODE_STEP index=140 ms=50.5417
DECODE_STEP index=141 ms=40.4719
DECODE_STEP index=142 ms=48.8026
DECODE_STEP index=143 ms=52.0525
DECODE_STEP index=144 ms=45.9167
DECODE_STEP index=145 ms=50.4287
DECODE_STEP index=146 ms=47.5515
DECODE_STEP index=147 ms=51.1354
DECODE_STEP index=148 ms=53.7992
DECODE_STEP index=149 ms=46.5489
DECODE_STEP index=150 ms=48.4627
DECODE_STEP index=151 ms=49.7463
DECODE_STEP index=152 ms=56.1716
DECODE_STEP index=153 ms=58.9894
DECODE_STEP index=154 ms=41.8982
DECODE_STEP index=155 ms=42.0744
DECODE_STEP index=156 ms=58.5879
DECODE_STEP index=157 ms=46.247
DECODE_STEP index=158 ms=42.9169
DECODE_STEP index=159 ms=49.7795
DECODE_STEP index=160 ms=41.3952
DECODE_STEP index=161 ms=41.5935
DECODE_STEP index=162 ms=41.6797
DECODE_STEP index=163 ms=45.8845
DECODE_STEP index=164 ms=55.2588
DECODE_STEP index=165 ms=50.0842
DECODE_STEP index=166 ms=57.6782
DECODE_STEP index=167 ms=54.0162
DECODE_STEP index=168 ms=55.2871
DECODE_STEP index=169 ms=49.3317
DECODE_STEP index=170 ms=48.2849
DECODE_STEP index=171 ms=46.2673
DECODE_STEP index=172 ms=41.878
DECODE_STEP index=173 ms=41.2036
DECODE_STEP index=174 ms=46.3189
DECODE_STEP index=175 ms=49.0546
DECODE_STEP index=176 ms=46.8591
DECODE_STEP index=177 ms=47.1143
DECODE_STEP index=178 ms=41.2723
DECODE_STEP index=179 ms=39.3808
DECODE_STEP index=180 ms=42.0629
DECODE_STEP index=181 ms=39.3173
DECODE_STEP index=182 ms=46.3097
DECODE_STEP index=183 ms=48.0201
DECODE_STEP index=184 ms=40.5784
DECODE_STEP index=185 ms=39.3654
DECODE_STEP index=186 ms=43.4765
DECODE_STEP index=187 ms=42.3214
DECODE_STEP index=188 ms=42.8666
DECODE_STEP index=189 ms=46.211
DECODE_STEP index=190 ms=44.1478
DECODE_STEP index=191 ms=46.1981
DECODE_STEP index=192 ms=41.3717
DECODE_STEP index=193 ms=42.9097
DECODE_STEP index=194 ms=49.8881
DECODE_STEP index=195 ms=44.7291
DECODE_STEP index=196 ms=57.1778
DECODE_STEP index=197 ms=39.5933
DECODE_STEP index=198 ms=47.4056
DECODE_STEP index=199 ms=44.7372
DECODE_STEP index=200 ms=44.5306
DECODE_STEP index=201 ms=44.1518
DECODE_STEP index=202 ms=45.2949
DECODE_STEP index=203 ms=44.1905
DECODE_STEP index=204 ms=43.8195
DECODE_STEP index=205 ms=36.8729
DECODE_STEP index=206 ms=43.562
DECODE_STEP index=207 ms=38.6259
DECODE_STEP index=208 ms=46.1712
DECODE_STEP index=209 ms=45.3519
DECODE_STEP index=210 ms=49.2624
DECODE_STEP index=211 ms=45.6783
DECODE_STEP index=212 ms=43.121
DECODE_STEP index=213 ms=41.071
DECODE_STEP index=214 ms=44.3176
DECODE_STEP index=215 ms=47.6851
DECODE_STEP index=216 ms=46.9849
DECODE_STEP index=217 ms=45.8959
DECODE_STEP index=218 ms=48.757
DECODE_STEP index=219 ms=39.6682
DECODE_STEP index=220 ms=45.6939
DECODE_STEP index=221 ms=46.5614
DECODE_STEP index=222 ms=52.9742
DECODE_STEP index=223 ms=48.4047
DECODE_STEP index=224 ms=45.9205
DECODE_STEP index=225 ms=43.6795
DECODE_STEP index=226 ms=54.4328
DECODE_STEP index=227 ms=49.4502
DECODE_STEP index=228 ms=54.7088
DECODE_STEP index=229 ms=53.9263
DECODE_STEP index=230 ms=54.7734
DECODE_STEP index=231 ms=48.9231
DECODE_STEP index=232 ms=45.9005
DECODE_STEP index=233 ms=41.3351
DECODE_STEP index=234 ms=37.9613
DECODE_STEP index=235 ms=35.8683
DECODE_STEP index=236 ms=41.6368
DECODE_STEP index=237 ms=38.258
DECODE_STEP index=238 ms=41.1321
DECODE_STEP index=239 ms=42.8649
DECODE_STEP index=240 ms=44.863
DECODE_STEP index=241 ms=37.7188
DECODE_STEP index=242 ms=43.1266
DECODE_STEP index=243 ms=49.0252
DECODE_STEP index=244 ms=40.3606
DECODE_STEP index=245 ms=41.9805
DECODE_STEP index=246 ms=49.5649
DECODE_STEP index=247 ms=47.3575
DECODE_STEP index=248 ms=48.7544
DECODE_STEP index=249 ms=39.7574
DECODE_STEP index=250 ms=45.0116
DECODE_STEP index=251 ms=52.7232
DECODE_STEP index=252 ms=47.1501
DECODE_STEP index=253 ms=49.2697
DECODE_STEP index=254 ms=50.1873
DECODE_STEP index=255 ms=51.029
DECODE steps=255 ms=12112 tok_s=21.0536
HOST_RSS peak_MiB=54026.8
CPU_EXPERT gu_ms=0 quant_ms=0 down_ms=0 layer_flow_ms=5654 bytes=159206801408
GPU peak_allocated_MiB=13558 native_expert_bytes=0 expert_groups=0 staging_ms=0
PREFILL_SCRATCH device=0 peak_MiB=5.07568 capacity_MiB=32
GPU_LIVE device=0 dense_MiB=5029.21 other_MiB=8254.75 prefill_MiB=32 resident_exec_MiB=2.94288 state_MiB=239.105
GPU_DEVICE device=0 peak_allocated_MiB=13558 live_MiB=13558 native_expert_bytes=0 staging_ms=0 cache_hits=0 cache_hit_bytes=0 cuda_used_MiB=15546 free_MiB=758
DECODE_TRIAL index=2
DECODE_STEP index=1 ms=56.4089
DECODE_STEP index=2 ms=49.6436
DECODE_STEP index=3 ms=54.078
DECODE_STEP index=4 ms=58.3501
DECODE_STEP index=5 ms=56.1366
DECODE_STEP index=6 ms=53.7466
DECODE_STEP index=7 ms=49.8841
DECODE_STEP index=8 ms=46.3056
DECODE_STEP index=9 ms=46.4038
DECODE_STEP index=10 ms=42.2631
DECODE_STEP index=11 ms=42.7609
DECODE_STEP index=12 ms=46.2211
DECODE_STEP index=13 ms=42.8776
DECODE_STEP index=14 ms=40.9641
DECODE_STEP index=15 ms=42.8821
DECODE_STEP index=16 ms=46.1557
DECODE_STEP index=17 ms=47.459
DECODE_STEP index=18 ms=47.6763
DECODE_STEP index=19 ms=53.091
DECODE_STEP index=20 ms=57.4217
DECODE_STEP index=21 ms=58.5216
DECODE_STEP index=22 ms=61.1268
DECODE_STEP index=23 ms=52.1026
DECODE_STEP index=24 ms=49.3029
DECODE_STEP index=25 ms=44.0884
DECODE_STEP index=26 ms=44.1498
DECODE_STEP index=27 ms=43.9339
DECODE_STEP index=28 ms=54.9574
DECODE_STEP index=29 ms=42.0679
DECODE_STEP index=30 ms=37.5363
DECODE_STEP index=31 ms=44.5954
DECODE_STEP index=32 ms=51.7021
DECODE_STEP index=33 ms=51.1927
DECODE_STEP index=34 ms=47.6578
DECODE_STEP index=35 ms=49.9572
DECODE_STEP index=36 ms=41.3009
DECODE_STEP index=37 ms=41.5348
DECODE_STEP index=38 ms=46.5631
DECODE_STEP index=39 ms=43.6821
DECODE_STEP index=40 ms=51.7411
DECODE_STEP index=41 ms=45.3367
DECODE_STEP index=42 ms=53.5719
DECODE_STEP index=43 ms=46.0177
DECODE_STEP index=44 ms=51.0365
DECODE_STEP index=45 ms=44.4673
DECODE_STEP index=46 ms=38.7177
DECODE_STEP index=47 ms=44.7253
DECODE_STEP index=48 ms=47.7386
DECODE_STEP index=49 ms=43.8861
DECODE_STEP index=50 ms=46.2327
DECODE_STEP index=51 ms=39.4536
DECODE_STEP index=52 ms=48.2228
DECODE_STEP index=53 ms=40.434
DECODE_STEP index=54 ms=40.9683
DECODE_STEP index=55 ms=48.5514
DECODE_STEP index=56 ms=39.0932
DECODE_STEP index=57 ms=56.2683
DECODE_STEP index=58 ms=49.9898
DECODE_STEP index=59 ms=46.6005
DECODE_STEP index=60 ms=38.2704
DECODE_STEP index=61 ms=42.9237
DECODE_STEP index=62 ms=50.7718
DECODE_STEP index=63 ms=46.9454
DECODE_STEP index=64 ms=47.7625
DECODE_STEP index=65 ms=50.4772
DECODE_STEP index=66 ms=51.9113
DECODE_STEP index=67 ms=48.1993
DECODE_STEP index=68 ms=50.6153
DECODE_STEP index=69 ms=49.5146
DECODE_STEP index=70 ms=39.5378
DECODE_STEP index=71 ms=39.5667
DECODE_STEP index=72 ms=38.8674
DECODE_STEP index=73 ms=39.78
DECODE_STEP index=74 ms=47.8084
DECODE_STEP index=75 ms=43.2263
DECODE_STEP index=76 ms=37.089
DECODE_STEP index=77 ms=42.8843
DECODE_STEP index=78 ms=43.4037
DECODE_STEP index=79 ms=58.3561
DECODE_STEP index=80 ms=40.4499
DECODE_STEP index=81 ms=44.0676
DECODE_STEP index=82 ms=39.5965
DECODE_STEP index=83 ms=46.9547
DECODE_STEP index=84 ms=47.0867
DECODE_STEP index=85 ms=39.8722
DECODE_STEP index=86 ms=48.1928
DECODE_STEP index=87 ms=50.9422
DECODE_STEP index=88 ms=39.3559
DECODE_STEP index=89 ms=42.6324
DECODE_STEP index=90 ms=46.3553
DECODE_STEP index=91 ms=40.041
DECODE_STEP index=92 ms=48.319
DECODE_STEP index=93 ms=50.2131
DECODE_STEP index=94 ms=57.4549
DECODE_STEP index=95 ms=39.0948
DECODE_STEP index=96 ms=48.6394
DECODE_STEP index=97 ms=48.7474
DECODE_STEP index=98 ms=39.4525
DECODE_STEP index=99 ms=54.8345
DECODE_STEP index=100 ms=44.9114
DECODE_STEP index=101 ms=42.9773
DECODE_STEP index=102 ms=43.8414
DECODE_STEP index=103 ms=47.628
DECODE_STEP index=104 ms=48.8521
DECODE_STEP index=105 ms=42.5941
DECODE_STEP index=106 ms=48.3174
DECODE_STEP index=107 ms=44.7095
DECODE_STEP index=108 ms=41.6046
DECODE_STEP index=109 ms=44.4852
DECODE_STEP index=110 ms=50.3918
DECODE_STEP index=111 ms=54.912
DECODE_STEP index=112 ms=53.9799
DECODE_STEP index=113 ms=53.9548
DECODE_STEP index=114 ms=45.4204
DECODE_STEP index=115 ms=45.1216
DECODE_STEP index=116 ms=41.9199
DECODE_STEP index=117 ms=45.4678
DECODE_STEP index=118 ms=36.0774
DECODE_STEP index=119 ms=39.1918
DECODE_STEP index=120 ms=38.2757
DECODE_STEP index=121 ms=43.7085
DECODE_STEP index=122 ms=40.7569
DECODE_STEP index=123 ms=53.5052
DECODE_STEP index=124 ms=36.8737
DECODE_STEP index=125 ms=45.5018
DECODE_STEP index=126 ms=52.6919
DECODE_STEP index=127 ms=38.8706
DECODE_STEP index=128 ms=40.0763
DECODE_STEP index=129 ms=40.9139
DECODE_STEP index=130 ms=46.3968
DECODE_STEP index=131 ms=47.4773
DECODE_STEP index=132 ms=44.691
DECODE_STEP index=133 ms=44.9926
DECODE_STEP index=134 ms=47.6697
DECODE_STEP index=135 ms=44.3576
DECODE_STEP index=136 ms=38.3374
DECODE_STEP index=137 ms=39.5713
DECODE_STEP index=138 ms=47.7804
DECODE_STEP index=139 ms=41.2058
DECODE_STEP index=140 ms=47.6162
DECODE_STEP index=141 ms=48.2566
DECODE_STEP index=142 ms=49.1254
DECODE_STEP index=143 ms=36.7218
DECODE_STEP index=144 ms=40.6145
DECODE_STEP index=145 ms=38.1508
DECODE_STEP index=146 ms=48.7394
DECODE_STEP index=147 ms=38.1365
DECODE_STEP index=148 ms=37.7351
DECODE_STEP index=149 ms=36.5327
DECODE_STEP index=150 ms=36.7869
DECODE_STEP index=151 ms=41.4554
DECODE_STEP index=152 ms=41.7101
DECODE_STEP index=153 ms=48.0612
DECODE_STEP index=154 ms=44.8298
DECODE_STEP index=155 ms=49.4369
DECODE_STEP index=156 ms=49.8072
DECODE_STEP index=157 ms=44.3654
DECODE_STEP index=158 ms=45.1785
DECODE_STEP index=159 ms=44.5313
DECODE_STEP index=160 ms=56.3722
DECODE_STEP index=161 ms=56.2051
DECODE_STEP index=162 ms=46.4371
DECODE_STEP index=163 ms=49.4112
DECODE_STEP index=164 ms=43.6295
DECODE_STEP index=165 ms=45.2906
DECODE_STEP index=166 ms=39.9374
DECODE_STEP index=167 ms=45.2656
DECODE_STEP index=168 ms=48.2684
DECODE_STEP index=169 ms=37.2622
DECODE_STEP index=170 ms=38.1442
DECODE_STEP index=171 ms=57.342
DECODE_STEP index=172 ms=41.5017
DECODE_STEP index=173 ms=36.4973
DECODE_STEP index=174 ms=51.2473
DECODE_STEP index=175 ms=39.9303
DECODE_STEP index=176 ms=42.744
DECODE_STEP index=177 ms=54.0355
DECODE_STEP index=178 ms=42.3027
DECODE_STEP index=179 ms=50.9957
DECODE_STEP index=180 ms=50.7823
DECODE_STEP index=181 ms=46.8507
DECODE_STEP index=182 ms=56.1256
DECODE_STEP index=183 ms=51.3042
DECODE_STEP index=184 ms=47.2716
DECODE_STEP index=185 ms=52.4101
DECODE_STEP index=186 ms=50.8069
DECODE_STEP index=187 ms=51.8874
DECODE_STEP index=188 ms=50.9238
DECODE_STEP index=189 ms=47.4166
DECODE_STEP index=190 ms=50.2703
DECODE_STEP index=191 ms=48.2999
DECODE_STEP index=192 ms=53.4242
DECODE_STEP index=193 ms=54.3702
DECODE_STEP index=194 ms=59.5457
DECODE_STEP index=195 ms=52.0629
DECODE_STEP index=196 ms=60.5765
DECODE_STEP index=197 ms=58.4079
DECODE_STEP index=198 ms=55.5353
DECODE_STEP index=199 ms=48.1496
DECODE_STEP index=200 ms=50.8699
DECODE_STEP index=201 ms=42.4793
DECODE_STEP index=202 ms=40.33
DECODE_STEP index=203 ms=45.5566
DECODE_STEP index=204 ms=42.3097
DECODE_STEP index=205 ms=42.6824
DECODE_STEP index=206 ms=42.4916
DECODE_STEP index=207 ms=52.7181
DECODE_STEP index=208 ms=45.5113
DECODE_STEP index=209 ms=48.7787
DECODE_STEP index=210 ms=42.9801
DECODE_STEP index=211 ms=52.5121
DECODE_STEP index=212 ms=51.0916
DECODE_STEP index=213 ms=56.1101
DECODE_STEP index=214 ms=48.6935
DECODE_STEP index=215 ms=48.119
DECODE_STEP index=216 ms=43.2368
DECODE_STEP index=217 ms=47.6944
DECODE_STEP index=218 ms=41.0255
DECODE_STEP index=219 ms=41.1693
DECODE_STEP index=220 ms=56.7533
DECODE_STEP index=221 ms=43.5414
DECODE_STEP index=222 ms=53.3211
DECODE_STEP index=223 ms=51.9723
DECODE_STEP index=224 ms=44.6455
DECODE_STEP index=225 ms=42.6399
DECODE_STEP index=226 ms=38.8403
DECODE_STEP index=227 ms=50.0307
DECODE_STEP index=228 ms=47.3495
DECODE_STEP index=229 ms=46.6398
DECODE_STEP index=230 ms=40.2467
DECODE_STEP index=231 ms=44.8054
DECODE_STEP index=232 ms=47.6209
DECODE_STEP index=233 ms=46.9007
DECODE_STEP index=234 ms=39.8935
DECODE_STEP index=235 ms=46.9521
DECODE_STEP index=236 ms=44.0519
DECODE_STEP index=237 ms=54.0929
DECODE_STEP index=238 ms=46.2107
DECODE_STEP index=239 ms=42.3367
DECODE_STEP index=240 ms=41.9953
DECODE_STEP index=241 ms=39.3774
DECODE_STEP index=242 ms=42.706
DECODE_STEP index=243 ms=49.2541
DECODE_STEP index=244 ms=47.4562
DECODE_STEP index=245 ms=47.3733
DECODE_STEP index=246 ms=45.0695
DECODE_STEP index=247 ms=49.2297
DECODE_STEP index=248 ms=49.5765
DECODE_STEP index=249 ms=39.5053
DECODE_STEP index=250 ms=45.2011
DECODE_STEP index=251 ms=41.3126
DECODE_STEP index=252 ms=44.0643
DECODE_STEP index=253 ms=47.8767
DECODE_STEP index=254 ms=50.1022
DECODE_STEP index=255 ms=41.4182
DECODE steps=255 ms=11906.6 tok_s=21.4166
HOST_RSS peak_MiB=54026.8
CPU_EXPERT gu_ms=0 quant_ms=0 down_ms=0 layer_flow_ms=5333.07 bytes=150124625920
GPU peak_allocated_MiB=13558 native_expert_bytes=0 expert_groups=0 staging_ms=0
PREFILL_SCRATCH device=0 peak_MiB=5.07568 capacity_MiB=32
GPU_LIVE device=0 dense_MiB=5029.21 other_MiB=8254.75 prefill_MiB=32 resident_exec_MiB=2.94288 state_MiB=239.105
GPU_DEVICE device=0 peak_allocated_MiB=13558 live_MiB=13558 native_expert_bytes=0 staging_ms=0 cache_hits=0 cache_hit_bytes=0 cuda_used_MiB=15546 free_MiB=758
resident expert entries=204672/257040
