25
1874
9
102636
488
17629
2878
1874
624
4074
9
102636
488
17629
2878
1874
624
4074
9
102636
488
17629
2878
1874
624
4074
9
7314
6453
25
1048
8426
82
825
20455
17629
369
279
19827
26
3980
5128
1075
419
525
279
5785
49148
594
1828
198
4074
9
7314
6453
25
1874
9
7314
6453
25
1048
8426
82
825
8426
82
825
20455
17629
369
279
19827
26
3980
1467
11
537
2038
13
13646
2038
36228
11
902
35316
2038
624
4074
9
330
4074
63651
5128
525
3980
1467
504
279
49148
594
1828
3980
1467
11
35316
553
279
1273
1034
594
1828
3980
1467
11
35316
553
13664
198
4074
9
7314
6453
7314
6453
25
1048
8426
82
526
1874
9
7314
6453
25
1048
8426
82
7364
65
3279
5128
525
7364
65
3279
5128
525
7364
65
657
5128
5254
10538
5128
5254
10538
32013
12239
20317
486
4651
64
9021
481
6018
39840
19339
4279
12
1811
26
678
2326
40257
525
3042
3786
624
73712
12239
20317
486
4651
64
9021
58
17
60
481
6018
39840
19339
4279
12
1811
26
678
2326
40257
525
3042
8333
51
11
1160
48013
9608
531
18357
315
8333
51
27362
11
6203
842
11
23339
11
31281
11
32013
12239
20317
2036
5043
11
32013
12239
20317
486
4651
64
9021
91321
58
17
60
448
18098
71294
78432
27362
11
6203
842
11
23339
11
31281
11
1160
18759
51
1125
25
825
20455
17629
284
1874
9
102636
488
13665
624
1874
9
102636
488
13665
624
2575
8426
82
825
20455
17629
369
279
10080
594
1973
320
15
496
77
12
16
8
389
14330
25
825
20455
17629
284
13931
3034
11
825
198
2575
595
25760
13480
486
2403
6589
284
279
10080
594
3980
2727
825
20455
17629
48829
279
10080
594
3980
2727
825
198
2575
595
25760
13480
486
73712
10546
486
6108
368
26856
279
3468
311
1565
500
7295
12842
15455
53896
323
87028
389
4869
624
2575
8426
82
825
20455
17629
369
279
32013
10546
486
6108
368
26856
279
7364
37463
1467
7364
37463
1467
198
2575
8426
82
825
389
14330
25
825
20455
17629
284
13931
3034
13
220
6042
7364
37463
198
2575
8426
82
825
20455
17629
369
279
5785
82700
525
7364
37463
304
7482
320
12158
37463
4846
277
37463
4846
277
37463
198
2575
7364
37463
7364
37463
198
2575
8426
82
825
50122
13129
13
220
8426
82
825
50122
13129
13
220
7364
37463
198
2575
8426
82
825
50122
30070
13
220
8426
82
44120
30070
13
220
7364
37463
198
2575
8426
82
32013
10546
486
6108
368
26856
279
3468
311
12902
12842
15455
16088
5386
7995
320
53180
2471
360
594
22376
11
434
98886
8
9517
279
8426
82
825
20455
17629
369
279
19827
26
5515
20455
17629
284
1874
9
3218
48
11
2224
9
700
11
2224
25
1874
9
102636
488
17629
2878
1874
624
13156
5711
264
79450
13931
2573
6589
11
7402
36400
525
5420
311
387
7402
36400
525
5420
311
387
7402
36400
525
659
71
198
13156
5711
264
3293
11661
49805
5478
25558
320
13156
13931
12519
25
1874
9
6042
198
13156
5711
264
3293
11661
49805
5478
3218
48
11
2224
9
700
11
2224
4680
11
3293
11661
49805
5478
198
13156
5711
264
3293
11661
74240
198
36940
17531
198
36940
17531
198
6005
85246
198
6005
85246
198
6005
85246
198
6005
85246
198
1799
55
198
1799
55
198
1235
8751
25760
13480
341
2653
4512
2490
34
198
1235
8751
21204
198
6005
85246
198
6005
85246
198
6005
85246
198
73712
12239
20317
486
4651
64
9021
198
73712
12239
20317
486
4651
64
9021
198
73712
12239
73712
12239
198
73712
12239
20317
486
23966
829
364
4651
64
9021
6
702
2477
10599
198
58860
829
364
4651
21204
198
6005
85246
198
6005
85246
198
6005
220
99317
66163
13593
5048
11
30070
11
91689
6042
13
3411
825
46536
2038
2504
13
576
5785
49148
374
49083
2899
269
85246
2899
269
85246
2899
269
85246
2899
198
785
5785
49148
374
49083
2899
269
198
785
5785
2038
49148
374
49083
2899
269
85246
2899
1565
73712
12239
20317
486
4651
64
9021
63
702
2477
10599
198
785
5785
49148
374
49083
2899
269
18348
291
2899
198
785
5785
2038
49148
