STAGING compact=1 slot_MiB=140
FLOATING_Q8 tensor=blk.0.hc_attn_fn source_type=0 MiB=0.398438
FLOATING_Q8 tensor=blk.0.hc_ffn_fn source_type=0 MiB=0.398438
FLOATING_Q8 tensor=blk.1.hc_attn_fn source_type=0 MiB=0.398438
FLOATING_Q8 tensor=blk.1.hc_ffn_fn source_type=0 MiB=0.398438
FLOATING_Q8 tensor=blk.10.hc_attn_fn source_type=0 MiB=0.398438
FLOATING_Q8 tensor=blk.10.hc_ffn_fn source_type=0 MiB=0.398438
FLOATING_Q8 tensor=blk.11.attn_k_b.weight source_type=12 MiB=8.5
FLOATING_Q8 tensor=blk.11.attn_v_b.weight source_type=12 MiB=8.5
FLOATING_Q8 tensor=blk.11.hc_attn_fn source_type=0 MiB=0.398438
FLOATING_Q8 tensor=blk.11.hc_ffn_fn source_type=0 MiB=0.398438
FLOATING_Q8 tensor=blk.12.hc_attn_fn source_type=0 MiB=0.398438
FLOATING_Q8 tensor=blk.12.hc_ffn_fn source_type=0 MiB=0.398438
FLOATING_Q8 tensor=blk.13.hc_attn_fn source_type=0 MiB=0.398438
FLOATING_Q8 tensor=blk.13.hc_ffn_fn source_type=0 MiB=0.398438
FLOATING_Q8 tensor=blk.14.hc_attn_fn source_type=0 MiB=0.398438
FLOATING_Q8 tensor=blk.14.hc_ffn_fn source_type=0 MiB=0.398438
FLOATING_Q8 tensor=blk.15.attn_k_b.weight source_type=12 MiB=8.5
FLOATING_Q8 tensor=blk.15.attn_v_b.weight source_type=12 MiB=8.5
FLOATING_Q8 tensor=blk.15.hc_attn_fn source_type=0 MiB=0.398438
FLOATING_Q8 tensor=blk.15.hc_ffn_fn source_type=0 MiB=0.398438
FLOATING_Q8 tensor=blk.16.hc_attn_fn source_type=0 MiB=0.398438
FLOATING_Q8 tensor=blk.16.hc_ffn_fn source_type=0 MiB=0.398438
FLOATING_Q8 tensor=blk.17.hc_attn_fn source_type=0 MiB=0.398438
FLOATING_Q8 tensor=blk.17.hc_ffn_fn source_type=0 MiB=0.398438
FLOATING_Q8 tensor=blk.18.hc_attn_fn source_type=0 MiB=0.398438
FLOATING_Q8 tensor=blk.18.hc_ffn_fn source_type=0 MiB=0.398438
FLOATING_Q8 tensor=blk.19.attn_k_b.weight source_type=12 MiB=8.5
FLOATING_Q8 tensor=blk.19.attn_v_b.weight source_type=12 MiB=8.5
FLOATING_Q8 tensor=blk.19.hc_attn_fn source_type=0 MiB=0.398438
FLOATING_Q8 tensor=blk.19.hc_ffn_fn source_type=0 MiB=0.398438
FLOATING_Q8 tensor=blk.2.hc_attn_fn source_type=0 MiB=0.398438
FLOATING_Q8 tensor=blk.2.hc_ffn_fn source_type=0 MiB=0.398438
FLOATING_Q8 tensor=blk.20.hc_attn_fn source_type=0 MiB=0.398438
FLOATING_Q8 tensor=blk.20.hc_ffn_fn source_type=0 MiB=0.398438
FLOATING_Q8 tensor=blk.21.hc_attn_fn source_type=0 MiB=0.398438
FLOATING_Q8 tensor=blk.21.hc_ffn_fn source_type=0 MiB=0.398438
FLOATING_Q8 tensor=blk.22.hc_attn_fn source_type=0 MiB=0.398438
FLOATING_Q8 tensor=blk.22.hc_ffn_fn source_type=0 MiB=0.398438
FLOATING_Q8 tensor=blk.23.attn_k_b.weight source_type=12 MiB=8.5
FLOATING_Q8 tensor=blk.23.attn_v_b.weight source_type=12 MiB=8.5
FLOATING_Q8 tensor=blk.23.hc_attn_fn source_type=0 MiB=0.398438
FLOATING_Q8 tensor=blk.23.hc_ffn_fn source_type=0 MiB=0.398438
FLOATING_Q8 tensor=blk.24.hc_attn_fn source_type=0 MiB=0.398438
FLOATING_Q8 tensor=blk.24.hc_ffn_fn source_type=0 MiB=0.398438
FLOATING_Q8 tensor=blk.25.hc_attn_fn source_type=0 MiB=0.398438
FLOATING_Q8 tensor=blk.25.hc_ffn_fn source_type=0 MiB=0.398438
FLOATING_Q8 tensor=blk.26.hc_attn_fn source_type=0 MiB=0.398438
FLOATING_Q8 tensor=blk.26.hc_ffn_fn source_type=0 MiB=0.398438
FLOATING_Q8 tensor=blk.27.attn_k_b.weight source_type=12 MiB=8.5
FLOATING_Q8 tensor=blk.27.attn_v_b.weight source_type=12 MiB=8.5
FLOATING_Q8 tensor=blk.27.hc_attn_fn source_type=0 MiB=0.398438
FLOATING_Q8 tensor=blk.27.hc_ffn_fn source_type=0 MiB=0.398438
FLOATING_Q8 tensor=blk.28.hc_attn_fn source_type=0 MiB=0.398438
FLOATING_Q8 tensor=blk.28.hc_ffn_fn source_type=0 MiB=0.398438
FLOATING_Q8 tensor=blk.29.hc_attn_fn source_type=0 MiB=0.398438
FLOATING_Q8 tensor=blk.29.hc_ffn_fn source_type=0 MiB=0.398438
FLOATING_Q8 tensor=blk.3.attn_k_b.weight source_type=12 MiB=8.5
FLOATING_Q8 tensor=blk.3.attn_v_b.weight source_type=12 MiB=8.5
FLOATING_Q8 tensor=blk.3.hc_attn_fn source_type=0 MiB=0.398438
FLOATING_Q8 tensor=blk.3.hc_ffn_fn source_type=0 MiB=0.398438
FLOATING_Q8 tensor=blk.30.hc_attn_fn source_type=0 MiB=0.398438
FLOATING_Q8 tensor=blk.30.hc_ffn_fn source_type=0 MiB=0.398438
FLOATING_Q8 tensor=blk.31.attn_k_b.weight source_type=12 MiB=8.5
FLOATING_Q8 tensor=blk.31.attn_v_b.weight source_type=12 MiB=8.5
FLOATING_Q8 tensor=blk.31.hc_attn_fn source_type=0 MiB=0.398438
FLOATING_Q8 tensor=blk.31.hc_ffn_fn source_type=0 MiB=0.398438
FLOATING_Q8 tensor=blk.32.hc_attn_fn source_type=0 MiB=0.398438
FLOATING_Q8 tensor=blk.32.hc_ffn_fn source_type=0 MiB=0.398438
FLOATING_Q8 tensor=blk.33.hc_attn_fn source_type=0 MiB=0.398438
FLOATING_Q8 tensor=blk.33.hc_ffn_fn source_type=0 MiB=0.398438
FLOATING_Q8 tensor=blk.34.hc_attn_fn source_type=0 MiB=0.398438
FLOATING_Q8 tensor=blk.34.hc_ffn_fn source_type=0 MiB=0.398438
FLOATING_Q8 tensor=blk.35.attn_k_b.weight source_type=12 MiB=8.5
FLOATING_Q8 tensor=blk.35.attn_v_b.weight source_type=12 MiB=8.5
FLOATING_Q8 tensor=blk.35.hc_attn_fn source_type=0 MiB=0.398438
FLOATING_Q8 tensor=blk.35.hc_ffn_fn source_type=0 MiB=0.398438
FLOATING_Q8 tensor=blk.36.hc_attn_fn source_type=0 MiB=0.398438
FLOATING_Q8 tensor=blk.36.hc_ffn_fn source_type=0 MiB=0.398438
FLOATING_Q8 tensor=blk.37.hc_attn_fn source_type=0 MiB=0.398438
FLOATING_Q8 tensor=blk.37.hc_ffn_fn source_type=0 MiB=0.398438
FLOATING_Q8 tensor=blk.38.hc_attn_fn source_type=0 MiB=0.398438
FLOATING_Q8 tensor=blk.38.hc_ffn_fn source_type=0 MiB=0.398438
FLOATING_Q8 tensor=blk.39.attn_k_b.weight source_type=12 MiB=8.5
FLOATING_Q8 tensor=blk.39.attn_v_b.weight source_type=12 MiB=8.5
FLOATING_Q8 tensor=blk.39.hc_attn_fn source_type=0 MiB=0.398438
FLOATING_Q8 tensor=blk.39.hc_ffn_fn source_type=0 MiB=0.398438
FLOATING_Q8 tensor=blk.4.hc_attn_fn source_type=0 MiB=0.398438
FLOATING_Q8 tensor=blk.4.hc_ffn_fn source_type=0 MiB=0.398438
FLOATING_Q8 tensor=blk.40.hc_attn_fn source_type=0 MiB=0.398438
FLOATING_Q8 tensor=blk.40.hc_ffn_fn source_type=0 MiB=0.398438
FLOATING_Q8 tensor=blk.41.hc_attn_fn source_type=0 MiB=0.398438
FLOATING_Q8 tensor=blk.41.hc_ffn_fn source_type=0 MiB=0.398438
FLOATING_Q8 tensor=blk.42.hc_attn_fn source_type=0 MiB=0.398438
FLOATING_Q8 tensor=blk.42.hc_ffn_fn source_type=0 MiB=0.398438
FLOATING_Q8 tensor=blk.43.attn_k_b.weight source_type=12 MiB=8.5
FLOATING_Q8 tensor=blk.43.attn_v_b.weight source_type=12 MiB=8.5
FLOATING_Q8 tensor=blk.43.hc_attn_fn source_type=0 MiB=0.398438
FLOATING_Q8 tensor=blk.43.hc_ffn_fn source_type=0 MiB=0.398438
FLOATING_Q8 tensor=blk.44.hc_attn_fn source_type=0 MiB=0.398438
FLOATING_Q8 tensor=blk.44.hc_ffn_fn source_type=0 MiB=0.398438
FLOATING_Q8 tensor=blk.5.hc_attn_fn source_type=0 MiB=0.398438
FLOATING_Q8 tensor=blk.5.hc_ffn_fn source_type=0 MiB=0.398438
FLOATING_Q8 tensor=blk.6.hc_attn_fn source_type=0 MiB=0.398438
FLOATING_Q8 tensor=blk.6.hc_ffn_fn source_type=0 MiB=0.398438
FLOATING_Q8 tensor=blk.7.attn_k_b.weight source_type=12 MiB=8.5
FLOATING_Q8 tensor=blk.7.attn_v_b.weight source_type=12 MiB=8.5
FLOATING_Q8 tensor=blk.7.hc_attn_fn source_type=0 MiB=0.398438
FLOATING_Q8 tensor=blk.7.hc_ffn_fn source_type=0 MiB=0.398438
FLOATING_Q8 tensor=blk.8.hc_attn_fn source_type=0 MiB=0.398438
FLOATING_Q8 tensor=blk.8.hc_ffn_fn source_type=0 MiB=0.398438
FLOATING_Q8 tensor=blk.9.hc_attn_fn source_type=0 MiB=0.398438
FLOATING_Q8 tensor=blk.9.hc_ffn_fn source_type=0 MiB=0.398438
GPU prefill chunk=2048 staging_workers=4 numa_cpus=0,1,2,3
GPU allocated_MiB=7154.73 reserved_runtime_MiB=1024 budget_MiB=15792
GPU_DENSE_HOST_RELEASE phase=main tensors=1256 source_MiB_advised=5040.35 ms=124.411
PREFILL_PARTITION primary_groups=9 secondary_groups=0
PREFILL_CACHE device=0 budget_MiB=0 reserve_MiB=768
PREFILL_CACHE_PLAN device=0 base_groups=0 unused_MiB=0
MAPPED_EXPERTS numa_rows=0 lazy=1 bytes=55094280192
PREFILL trial=0 tokens=2048 batch=2048 ms=8922.7 tok_s=229.527
FAULTS trial=0 major=7 minor=33006
HOST_RSS peak_MiB=53985.4
CPU_EXPERT gu_ms=0 quant_ms=0 down_ms=0 layer_flow_ms=0 bytes=0
GPU peak_allocated_MiB=7538.73 native_expert_bytes=55101150720 expert_groups=378 staging_ms=5230.93
PREFILL_SCRATCH device=0 peak_MiB=696.564 capacity_MiB=1024
GPU_LIVE device=0 dense_MiB=5029.21 other_MiB=806.414 prefill_MiB=1464 state_MiB=239.105
GPU_DEVICE device=0 peak_allocated_MiB=7538.73 live_MiB=7538.73 native_expert_bytes=55101150720 staging_ms=5230.93 cache_hits=0 cache_hit_bytes=0 cuda_used_MiB=8312 free_MiB=7992
PREFILL trial=1 tokens=2048 batch=2048 ms=8926.67 tok_s=229.425
FAULTS trial=1 major=5 minor=32926
HOST_RSS peak_MiB=54010.9
CPU_EXPERT gu_ms=0 quant_ms=0 down_ms=0 layer_flow_ms=0 bytes=0
GPU peak_allocated_MiB=7538.73 native_expert_bytes=55101150720 expert_groups=378 staging_ms=5238.99
PREFILL_SCRATCH device=0 peak_MiB=696.564 capacity_MiB=1024
GPU_LIVE device=0 dense_MiB=5029.21 other_MiB=806.414 prefill_MiB=1464 state_MiB=239.105
GPU_DEVICE device=0 peak_allocated_MiB=7538.73 live_MiB=7538.73 native_expert_bytes=55101150720 staging_ms=5238.99 cache_hits=0 cache_hit_bytes=0 cuda_used_MiB=8312 free_MiB=7992
PREFILL trial=2 tokens=2048 batch=2048 ms=8915.31 tok_s=229.717
FAULTS trial=2 major=0 minor=32769
HOST_RSS peak_MiB=54028.1
CPU_EXPERT gu_ms=0 quant_ms=0 down_ms=0 layer_flow_ms=0 bytes=0
GPU peak_allocated_MiB=7538.73 native_expert_bytes=55101150720 expert_groups=378 staging_ms=5227.63
PREFILL_SCRATCH device=0 peak_MiB=696.564 capacity_MiB=1024
GPU_LIVE device=0 dense_MiB=5029.21 other_MiB=806.414 prefill_MiB=1464 state_MiB=239.105
GPU_DEVICE device=0 peak_allocated_MiB=7538.73 live_MiB=7538.73 native_expert_bytes=55101150720 staging_ms=5227.63 cache_hits=0 cache_hit_bytes=0 cuda_used_MiB=8312 free_MiB=7992
MAPPED_EXPERTS numa_rows=0 lazy=1 bytes=55094280192
PREFILL_WORK device=0 transferred_bytes=55101150720 staging_ms=5227.63 actual_rows=688128 padded_rows=2232384 dequant_values=298366009344
DECODE_RUNTIME override_reserve_MiB=256
DECODE_CACHE prefix_trained=1 slots=942 MiB=8183.62 fingerprint=4526168245265017005
RESPONSE_PREPARE kind=decode_cache ms=1265.22
RESPONSE_PREPARE kind=cpu ms=0.001343
DECODE_TRIAL index=0
DECODE_STEP index=1 ms=69.1054
DECODE_STEP index=2 ms=44.695
DECODE_STEP index=3 ms=56.3982
DECODE_STEP index=4 ms=56.3585
DECODE_STEP index=5 ms=62.7799
DECODE_STEP index=6 ms=48.5121
DECODE_STEP index=7 ms=59.0541
DECODE_STEP index=8 ms=45.9694
DECODE_STEP index=9 ms=51.2981
DECODE_STEP index=10 ms=63.37
DECODE_STEP index=11 ms=55.1542
DECODE_STEP index=12 ms=57.3014
DECODE_STEP index=13 ms=47.9904
DECODE_STEP index=14 ms=44.2391
DECODE_STEP index=15 ms=48.7482
DECODE_STEP index=16 ms=58.7206
DECODE_STEP index=17 ms=53.8443
DECODE_STEP index=18 ms=51.6108
DECODE_STEP index=19 ms=57.6653
DECODE_STEP index=20 ms=51.0952
DECODE_STEP index=21 ms=43.9056
DECODE_STEP index=22 ms=46.0408
DECODE_STEP index=23 ms=46.7925
DECODE_STEP index=24 ms=61.1376
DECODE_STEP index=25 ms=44.7823
DECODE_STEP index=26 ms=64.2754
DECODE_STEP index=27 ms=44.6627
DECODE_STEP index=28 ms=63.8998
DECODE_STEP index=29 ms=68.136
DECODE_STEP index=30 ms=70.84
DECODE_STEP index=31 ms=88.9269
DECODE_STEP index=32 ms=49.7834
DECODE_STEP index=33 ms=51.1378
DECODE_STEP index=34 ms=50.7922
DECODE_STEP index=35 ms=50.0637
DECODE_STEP index=36 ms=53.508
DECODE_STEP index=37 ms=54.4167
DECODE_STEP index=38 ms=50.2715
DECODE_STEP index=39 ms=55.2926
DECODE_STEP index=40 ms=51.3775
DECODE_STEP index=41 ms=60.9855
DECODE_STEP index=42 ms=58.6499
DECODE_STEP index=43 ms=57.0041
DECODE_STEP index=44 ms=52.4639
DECODE_STEP index=45 ms=51.8618
DECODE_STEP index=46 ms=44.2298
DECODE_STEP index=47 ms=52.8998
DECODE_STEP index=48 ms=54.8639
DECODE_STEP index=49 ms=51.9297
DECODE_STEP index=50 ms=42.7335
DECODE_STEP index=51 ms=49.3533
DECODE_STEP index=52 ms=47.6765
DECODE_STEP index=53 ms=56.5161
DECODE_STEP index=54 ms=63.4254
DECODE_STEP index=55 ms=40.9047
DECODE_STEP index=56 ms=52.9946
DECODE_STEP index=57 ms=64.4468
DECODE_STEP index=58 ms=49.4121
DECODE_STEP index=59 ms=60.8203
DECODE_STEP index=60 ms=52.8087
DECODE_STEP index=61 ms=48.9654
DECODE_STEP index=62 ms=54.3706
DECODE_STEP index=63 ms=55.144
DECODE_STEP index=64 ms=49.6707
DECODE_STEP index=65 ms=59.9568
DECODE_STEP index=66 ms=65.625
DECODE_STEP index=67 ms=65.4867
DECODE_STEP index=68 ms=59.3419
DECODE_STEP index=69 ms=45.6054
DECODE_STEP index=70 ms=42.3772
DECODE_STEP index=71 ms=61.7587
DECODE_STEP index=72 ms=53.7026
DECODE_STEP index=73 ms=46.1585
DECODE_STEP index=74 ms=47.5256
DECODE_STEP index=75 ms=43.4402
DECODE_STEP index=76 ms=50.8394
DECODE_STEP index=77 ms=55.5931
DECODE_STEP index=78 ms=56.3492
DECODE_STEP index=79 ms=47.5973
DECODE_STEP index=80 ms=53.2923
DECODE_STEP index=81 ms=59.5103
DECODE_STEP index=82 ms=56.7921
DECODE_STEP index=83 ms=55.6616
DECODE_STEP index=84 ms=78.9236
DECODE_STEP index=85 ms=39.7096
DECODE_STEP index=86 ms=60.6151
DECODE_STEP index=87 ms=62.2877
DECODE_STEP index=88 ms=50.0081
DECODE_STEP index=89 ms=62.5721
DECODE_STEP index=90 ms=45.6422
DECODE_STEP index=91 ms=45.9222
DECODE_STEP index=92 ms=41.0325
DECODE_STEP index=93 ms=47.2898
DECODE_STEP index=94 ms=45.1905
DECODE_STEP index=95 ms=51.6729
DECODE_STEP index=96 ms=53.6331
DECODE_STEP index=97 ms=56.9957
DECODE_STEP index=98 ms=53.796
DECODE_STEP index=99 ms=51.4125
DECODE_STEP index=100 ms=45.8582
DECODE_STEP index=101 ms=48.5944
DECODE_STEP index=102 ms=59.1253
DECODE_STEP index=103 ms=52.1044
DECODE_STEP index=104 ms=51.9517
DECODE_STEP index=105 ms=53.6509
DECODE_STEP index=106 ms=48.6634
DECODE_STEP index=107 ms=49.0065
DECODE_STEP index=108 ms=44.0616
DECODE_STEP index=109 ms=53.9743
DECODE_STEP index=110 ms=47.5102
DECODE_STEP index=111 ms=53.3534
DECODE_STEP index=112 ms=59.6311
DECODE_STEP index=113 ms=62.472
DECODE_STEP index=114 ms=49.4605
DECODE_STEP index=115 ms=41.3349
DECODE_STEP index=116 ms=48.8144
DECODE_STEP index=117 ms=47.8086
DECODE_STEP index=118 ms=55.7652
DECODE_STEP index=119 ms=57.0933
DECODE_STEP index=120 ms=56.9771
DECODE_STEP index=121 ms=54.374
DECODE_STEP index=122 ms=54.6037
DECODE_STEP index=123 ms=51.9431
DECODE_STEP index=124 ms=55.4987
DECODE_STEP index=125 ms=56.9107
DECODE_STEP index=126 ms=49.6587
DECODE_STEP index=127 ms=52.6469
DECODE_STEP index=128 ms=49.493
DECODE_STEP index=129 ms=53.2474
DECODE_STEP index=130 ms=46.3862
DECODE_STEP index=131 ms=60.6291
DECODE_STEP index=132 ms=53.7584
DECODE_STEP index=133 ms=43.8214
DECODE_STEP index=134 ms=47.2908
DECODE_STEP index=135 ms=53.4598
DECODE_STEP index=136 ms=39.1987
DECODE_STEP index=137 ms=53.926
DECODE_STEP index=138 ms=45.406
DECODE_STEP index=139 ms=50.42
DECODE_STEP index=140 ms=46.8242
DECODE_STEP index=141 ms=61.2931
DECODE_STEP index=142 ms=46.4682
DECODE_STEP index=143 ms=45.091
DECODE_STEP index=144 ms=53.4065
DECODE_STEP index=145 ms=59.3859
DECODE_STEP index=146 ms=48.7691
DECODE_STEP index=147 ms=51.5675
DECODE_STEP index=148 ms=62.0319
DECODE_STEP index=149 ms=44.328
DECODE_STEP index=150 ms=48.7614
DECODE_STEP index=151 ms=46.077
DECODE_STEP index=152 ms=55.6621
DECODE_STEP index=153 ms=48.4186
DECODE_STEP index=154 ms=48.8066
DECODE_STEP index=155 ms=59.3899
DECODE_STEP index=156 ms=52.8074
DECODE_STEP index=157 ms=53.1996
DECODE_STEP index=158 ms=51.2689
DECODE_STEP index=159 ms=55.313
DECODE_STEP index=160 ms=42.7929
DECODE_STEP index=161 ms=47.4677
DECODE_STEP index=162 ms=48.0181
DECODE_STEP index=163 ms=49.4739
DECODE_STEP index=164 ms=47.7134
DECODE_STEP index=165 ms=41.4283
DECODE_STEP index=166 ms=47.3856
DECODE_STEP index=167 ms=41.8687
DECODE_STEP index=168 ms=54.4402
DECODE_STEP index=169 ms=44.7487
DECODE_STEP index=170 ms=63.6112
DECODE_STEP index=171 ms=52.3811
DECODE_STEP index=172 ms=49.2763
DECODE_STEP index=173 ms=46.7988
DECODE_STEP index=174 ms=51.2109
DECODE_STEP index=175 ms=48.7891
DECODE_STEP index=176 ms=48.5849
DECODE_STEP index=177 ms=52.0926
DECODE_STEP index=178 ms=52.6098
DECODE_STEP index=179 ms=51.0075
DECODE_STEP index=180 ms=53.5667
DECODE_STEP index=181 ms=46.3269
DECODE_STEP index=182 ms=53.7792
DECODE_STEP index=183 ms=53.1338
DECODE_STEP index=184 ms=47.8124
DECODE_STEP index=185 ms=48.0006
DECODE_STEP index=186 ms=57.9597
DECODE_STEP index=187 ms=45.2804
DECODE_STEP index=188 ms=51.2559
DECODE_STEP index=189 ms=46.0228
DECODE_STEP index=190 ms=54.8369
DECODE_STEP index=191 ms=56.604
DECODE_STEP index=192 ms=47.2491
DECODE_STEP index=193 ms=51.9756
DECODE_STEP index=194 ms=47.3572
DECODE_STEP index=195 ms=48.9689
DECODE_STEP index=196 ms=45.0806
DECODE_STEP index=197 ms=39.6258
DECODE_STEP index=198 ms=48.988
DECODE_STEP index=199 ms=44.6861
DECODE_STEP index=200 ms=44.9736
DECODE_STEP index=201 ms=43.2612
DECODE_STEP index=202 ms=47.6269
DECODE_STEP index=203 ms=46.2278
DECODE_STEP index=204 ms=52.285
DECODE_STEP index=205 ms=45.2876
DECODE_STEP index=206 ms=51.5845
DECODE_STEP index=207 ms=46.6176
DECODE_STEP index=208 ms=50.2585
DECODE_STEP index=209 ms=47.6471
DECODE_STEP index=210 ms=59.4708
DECODE_STEP index=211 ms=43.8333
DECODE_STEP index=212 ms=47.3841
DECODE_STEP index=213 ms=43.1402
DECODE_STEP index=214 ms=50.6505
DECODE_STEP index=215 ms=44.3487
DECODE_STEP index=216 ms=55.4751
DECODE_STEP index=217 ms=43.0018
DECODE_STEP index=218 ms=43.4541
DECODE_STEP index=219 ms=52.108
DECODE_STEP index=220 ms=51.489
DECODE_STEP index=221 ms=43.142
DECODE_STEP index=222 ms=55.7004
DECODE_STEP index=223 ms=53.9859
DECODE_STEP index=224 ms=50.5228
DECODE_STEP index=225 ms=46.1743
DECODE_STEP index=226 ms=41.3753
DECODE_STEP index=227 ms=42.6756
DECODE_STEP index=228 ms=46.0856
DECODE_STEP index=229 ms=53.9357
DECODE_STEP index=230 ms=46.7323
DECODE_STEP index=231 ms=46.1104
DECODE_STEP index=232 ms=58.0676
DECODE_STEP index=233 ms=48.8088
DECODE_STEP index=234 ms=61.929
DECODE_STEP index=235 ms=50.7249
DECODE_STEP index=236 ms=50.5201
DECODE_STEP index=237 ms=54.4612
DECODE_STEP index=238 ms=55.7508
DECODE_STEP index=239 ms=40.2285
DECODE_STEP index=240 ms=46.9474
DECODE_STEP index=241 ms=39.3827
DECODE_STEP index=242 ms=53.9804
DECODE_STEP index=243 ms=52.3459
DECODE_STEP index=244 ms=62.612
DECODE_STEP index=245 ms=48.516
DECODE_STEP index=246 ms=55.1242
DECODE_STEP index=247 ms=45.7684
DECODE_STEP index=248 ms=60.0786
DECODE_STEP index=249 ms=48.3556
DECODE_STEP index=250 ms=62.5718
DECODE_STEP index=251 ms=58.6888
DECODE_STEP index=252 ms=49.1592
DECODE_STEP index=253 ms=53.4418
DECODE_STEP index=254 ms=53.9228
DECODE_STEP index=255 ms=52.5154
DECODE steps=255 ms=13294.6 tok_s=19.1808
HOST_RSS peak_MiB=54028.1
CPU_EXPERT gu_ms=0 quant_ms=0 down_ms=0 layer_flow_ms=6727.75 bytes=186826817536
GPU peak_allocated_MiB=13558 native_expert_bytes=0 expert_groups=0 staging_ms=0
PREFILL_SCRATCH device=0 peak_MiB=5.07568 capacity_MiB=32
GPU_LIVE device=0 dense_MiB=5029.21 other_MiB=8254.75 prefill_MiB=32 resident_exec_MiB=2.94288 state_MiB=239.105
GPU_DEVICE device=0 peak_allocated_MiB=13558 live_MiB=13558 native_expert_bytes=0 staging_ms=0 cache_hits=0 cache_hit_bytes=0 cuda_used_MiB=15546 free_MiB=758
DECODE_TRIAL index=1
DECODE_STEP index=1 ms=49.2879
DECODE_STEP index=2 ms=53.4994
DECODE_STEP index=3 ms=50.4477
DECODE_STEP index=4 ms=49.278
DECODE_STEP index=5 ms=57.5272
DECODE_STEP index=6 ms=51.2219
DECODE_STEP index=7 ms=59.8503
DECODE_STEP index=8 ms=53.0939
DECODE_STEP index=9 ms=56.0067
DECODE_STEP index=10 ms=51.1542
DECODE_STEP index=11 ms=52.7764
DECODE_STEP index=12 ms=50.3191
DECODE_STEP index=13 ms=50.7339
DECODE_STEP index=14 ms=51.6712
DECODE_STEP index=15 ms=53.2104
DECODE_STEP index=16 ms=51.0325
DECODE_STEP index=17 ms=51.1296
DECODE_STEP index=18 ms=55.2977
DECODE_STEP index=19 ms=55.4436
DECODE_STEP index=20 ms=50.5028
DECODE_STEP index=21 ms=49.9886
DECODE_STEP index=22 ms=47.415
DECODE_STEP index=23 ms=58.4518
DECODE_STEP index=24 ms=50.4681
DECODE_STEP index=25 ms=39.6513
DECODE_STEP index=26 ms=42.7716
DECODE_STEP index=27 ms=47.6443
DECODE_STEP index=28 ms=52.1548
DECODE_STEP index=29 ms=54.9326
DECODE_STEP index=30 ms=53.9834
DECODE_STEP index=31 ms=48.0394
DECODE_STEP index=32 ms=50.3259
DECODE_STEP index=33 ms=55.1837
DECODE_STEP index=34 ms=46.1056
DECODE_STEP index=35 ms=47.2562
DECODE_STEP index=36 ms=46.2355
DECODE_STEP index=37 ms=49.7833
DECODE_STEP index=38 ms=45.6278
DECODE_STEP index=39 ms=45.3886
DECODE_STEP index=40 ms=50.4205
DECODE_STEP index=41 ms=42.2101
DECODE_STEP index=42 ms=51.8544
DECODE_STEP index=43 ms=43.3694
DECODE_STEP index=44 ms=46.4533
DECODE_STEP index=45 ms=45.8641
DECODE_STEP index=46 ms=40.4546
DECODE_STEP index=47 ms=46.3185
DECODE_STEP index=48 ms=49.6275
DECODE_STEP index=49 ms=56.7785
DECODE_STEP index=50 ms=45.5387
DECODE_STEP index=51 ms=50.7856
DECODE_STEP index=52 ms=45.5196
DECODE_STEP index=53 ms=44.8079
DECODE_STEP index=54 ms=45.9983
DECODE_STEP index=55 ms=49.2597
DECODE_STEP index=56 ms=60.4355
DECODE_STEP index=57 ms=41.5668
DECODE_STEP index=58 ms=48.5225
DECODE_STEP index=59 ms=52.9622
DECODE_STEP index=60 ms=56.6035
DECODE_STEP index=61 ms=49.4804
DECODE_STEP index=62 ms=42.7223
DECODE_STEP index=63 ms=50.9439
DECODE_STEP index=64 ms=56.9094
DECODE_STEP index=65 ms=56.6733
DECODE_STEP index=66 ms=62.335
DECODE_STEP index=67 ms=44.4814
DECODE_STEP index=68 ms=42.6388
DECODE_STEP index=69 ms=43.7325
DECODE_STEP index=70 ms=44.8492
DECODE_STEP index=71 ms=48.1511
DECODE_STEP index=72 ms=48.547
DECODE_STEP index=73 ms=44.372
DECODE_STEP index=74 ms=45.3523
DECODE_STEP index=75 ms=49.675
DECODE_STEP index=76 ms=43.7874
DECODE_STEP index=77 ms=50.2249
DECODE_STEP index=78 ms=43.7029
DECODE_STEP index=79 ms=48.4364
DECODE_STEP index=80 ms=42.1429
DECODE_STEP index=81 ms=46.2182
DECODE_STEP index=82 ms=41.0495
DECODE_STEP index=83 ms=47.9434
DECODE_STEP index=84 ms=54.4336
DECODE_STEP index=85 ms=52.4232
DECODE_STEP index=86 ms=49.3315
DECODE_STEP index=87 ms=50.1403
DECODE_STEP index=88 ms=58.1603
DECODE_STEP index=89 ms=66.6476
DECODE_STEP index=90 ms=47.2735
DECODE_STEP index=91 ms=45.1072
DECODE_STEP index=92 ms=45.7959
DECODE_STEP index=93 ms=40.7147
DECODE_STEP index=94 ms=56.7801
DECODE_STEP index=95 ms=42.2433
DECODE_STEP index=96 ms=46.9058
DECODE_STEP index=97 ms=46.9568
DECODE_STEP index=98 ms=45.4234
DECODE_STEP index=99 ms=48.9995
DECODE_STEP index=100 ms=50.1428
DECODE_STEP index=101 ms=53.0855
DECODE_STEP index=102 ms=49.712
DECODE_STEP index=103 ms=47.073
DECODE_STEP index=104 ms=50.1416
DECODE_STEP index=105 ms=54.3151
DECODE_STEP index=106 ms=58.0021
DECODE_STEP index=107 ms=63.0195
DECODE_STEP index=108 ms=63.0367
DECODE_STEP index=109 ms=44.6762
DECODE_STEP index=110 ms=49.7834
DECODE_STEP index=111 ms=49.8116
DECODE_STEP index=112 ms=41.3184
DECODE_STEP index=113 ms=55.7347
DECODE_STEP index=114 ms=45.5271
DECODE_STEP index=115 ms=43.3228
DECODE_STEP index=116 ms=48.0983
DECODE_STEP index=117 ms=56.1137
DECODE_STEP index=118 ms=57.6288
DECODE_STEP index=119 ms=42.0348
DECODE_STEP index=120 ms=43.0487
DECODE_STEP index=121 ms=38.5949
DECODE_STEP index=122 ms=54.835
DECODE_STEP index=123 ms=41.3868
DECODE_STEP index=124 ms=46.2603
DECODE_STEP index=125 ms=41.4921
DECODE_STEP index=126 ms=44.1162
DECODE_STEP index=127 ms=58.5565
DECODE_STEP index=128 ms=44.4302
DECODE_STEP index=129 ms=46.1059
DECODE_STEP index=130 ms=47.7842
DECODE_STEP index=131 ms=43.5817
DECODE_STEP index=132 ms=48.3996
DECODE_STEP index=133 ms=57.1906
DECODE_STEP index=134 ms=44.4129
DECODE_STEP index=135 ms=40.2877
DECODE_STEP index=136 ms=57.6271
DECODE_STEP index=137 ms=58.8834
DECODE_STEP index=138 ms=48.3009
DECODE_STEP index=139 ms=44.9513
DECODE_STEP index=140 ms=45.6146
DECODE_STEP index=141 ms=39.4143
DECODE_STEP index=142 ms=40.3449
DECODE_STEP index=143 ms=48.3333
DECODE_STEP index=144 ms=43.467
DECODE_STEP index=145 ms=46.5235
DECODE_STEP index=146 ms=47.7394
DECODE_STEP index=147 ms=52.2987
DECODE_STEP index=148 ms=56.395
DECODE_STEP index=149 ms=57.575
DECODE_STEP index=150 ms=41.8227
DECODE_STEP index=151 ms=49.167
DECODE_STEP index=152 ms=51.8558
DECODE_STEP index=153 ms=57.1427
DECODE_STEP index=154 ms=50.8844
DECODE_STEP index=155 ms=42.5
DECODE_STEP index=156 ms=38.9516
DECODE_STEP index=157 ms=40.8797
DECODE_STEP index=158 ms=48.2434
DECODE_STEP index=159 ms=58.1655
DECODE_STEP index=160 ms=41.7853
DECODE_STEP index=161 ms=50.7801
DECODE_STEP index=162 ms=49.8639
DECODE_STEP index=163 ms=38.284
DECODE_STEP index=164 ms=41.0295
DECODE_STEP index=165 ms=39.4955
DECODE_STEP index=166 ms=39.0043
DECODE_STEP index=167 ms=45.7364
DECODE_STEP index=168 ms=44.0514
DECODE_STEP index=169 ms=41.8018
DECODE_STEP index=170 ms=59.5198
DECODE_STEP index=171 ms=49.6044
DECODE_STEP index=172 ms=51.7936
DECODE_STEP index=173 ms=52.566
DECODE_STEP index=174 ms=46.2533
DECODE_STEP index=175 ms=41.2284
DECODE_STEP index=176 ms=50.6389
DECODE_STEP index=177 ms=51.3184
DECODE_STEP index=178 ms=42.6499
DECODE_STEP index=179 ms=46.0789
DECODE_STEP index=180 ms=46.068
DECODE_STEP index=181 ms=48.0742
DECODE_STEP index=182 ms=40.6715
DECODE_STEP index=183 ms=50.5643
DECODE_STEP index=184 ms=52.3464
DECODE_STEP index=185 ms=40.0006
DECODE_STEP index=186 ms=45.2635
DECODE_STEP index=187 ms=39.2512
DECODE_STEP index=188 ms=44.4228
DECODE_STEP index=189 ms=41.4194
DECODE_STEP index=190 ms=47.5316
DECODE_STEP index=191 ms=40.0489
DECODE_STEP index=192 ms=43.0516
DECODE_STEP index=193 ms=44.0484
DECODE_STEP index=194 ms=53.5256
DECODE_STEP index=195 ms=46.6124
DECODE_STEP index=196 ms=51.1985
DECODE_STEP index=197 ms=59.0619
DECODE_STEP index=198 ms=51.3851
DECODE_STEP index=199 ms=60.0347
DECODE_STEP index=200 ms=60.2225
DECODE_STEP index=201 ms=50.854
DECODE_STEP index=202 ms=44.0071
DECODE_STEP index=203 ms=55.3714
DECODE_STEP index=204 ms=50.4721
DECODE_STEP index=205 ms=54.4608
DECODE_STEP index=206 ms=47.3393
DECODE_STEP index=207 ms=43.8649
DECODE_STEP index=208 ms=54.5952
DECODE_STEP index=209 ms=45.99
DECODE_STEP index=210 ms=49.3111
DECODE_STEP index=211 ms=56.3912
DECODE_STEP index=212 ms=60.3324
DECODE_STEP index=213 ms=49.4833
DECODE_STEP index=214 ms=53.5988
DECODE_STEP index=215 ms=44.6498
DECODE_STEP index=216 ms=52.0455
DECODE_STEP index=217 ms=53.6934
DECODE_STEP index=218 ms=37.6822
DECODE_STEP index=219 ms=41.4229
DECODE_STEP index=220 ms=40.3868
DECODE_STEP index=221 ms=44.1297
DECODE_STEP index=222 ms=46.1881
DECODE_STEP index=223 ms=45.6399
DECODE_STEP index=224 ms=41.1968
DECODE_STEP index=225 ms=49.3908
DECODE_STEP index=226 ms=62.5424
DECODE_STEP index=227 ms=48.2519
DECODE_STEP index=228 ms=57.7481
DECODE_STEP index=229 ms=46.6118
DECODE_STEP index=230 ms=45.0825
DECODE_STEP index=231 ms=44.9761
DECODE_STEP index=232 ms=37.1821
DECODE_STEP index=233 ms=42.7034
DECODE_STEP index=234 ms=43.123
DECODE_STEP index=235 ms=50.956
DECODE_STEP index=236 ms=49.7524
DECODE_STEP index=237 ms=51.5487
DECODE_STEP index=238 ms=55.0248
DECODE_STEP index=239 ms=61.2519
DECODE_STEP index=240 ms=73.5436
DECODE_STEP index=241 ms=59.2638
DECODE_STEP index=242 ms=58.535
DECODE_STEP index=243 ms=62.141
DECODE_STEP index=244 ms=49.5971
DECODE_STEP index=245 ms=57.7778
DECODE_STEP index=246 ms=55.9517
DECODE_STEP index=247 ms=49.0238
DECODE_STEP index=248 ms=48.0266
DECODE_STEP index=249 ms=56.2548
DECODE_STEP index=250 ms=47.9575
DECODE_STEP index=251 ms=40.6985
DECODE_STEP index=252 ms=51.0004
DECODE_STEP index=253 ms=39.6419
DECODE_STEP index=254 ms=51.2389
DECODE_STEP index=255 ms=48.7602
DECODE steps=255 ms=12580.9 tok_s=20.2689
HOST_RSS peak_MiB=54028.1
CPU_EXPERT gu_ms=0 quant_ms=0 down_ms=0 layer_flow_ms=6110.71 bytes=171686821888
GPU peak_allocated_MiB=13558 native_expert_bytes=0 expert_groups=0 staging_ms=0
PREFILL_SCRATCH device=0 peak_MiB=5.07568 capacity_MiB=32
GPU_LIVE device=0 dense_MiB=5029.21 other_MiB=8254.75 prefill_MiB=32 resident_exec_MiB=2.94288 state_MiB=239.105
GPU_DEVICE device=0 peak_allocated_MiB=13558 live_MiB=13558 native_expert_bytes=0 staging_ms=0 cache_hits=0 cache_hit_bytes=0 cuda_used_MiB=15546 free_MiB=758
DECODE_TRIAL index=2
DECODE_STEP index=1 ms=52.4488
DECODE_STEP index=2 ms=47.924
DECODE_STEP index=3 ms=57.7812
DECODE_STEP index=4 ms=57.6416
DECODE_STEP index=5 ms=61.0047
DECODE_STEP index=6 ms=45.6057
DECODE_STEP index=7 ms=53.4275
DECODE_STEP index=8 ms=46.3744
DECODE_STEP index=9 ms=55.5539
DECODE_STEP index=10 ms=55.1481
DECODE_STEP index=11 ms=45.5607
DECODE_STEP index=12 ms=47.4728
DECODE_STEP index=13 ms=43.5313
DECODE_STEP index=14 ms=57.0449
DECODE_STEP index=15 ms=57.4193
DECODE_STEP index=16 ms=60.5035
DECODE_STEP index=17 ms=51.9373
DECODE_STEP index=18 ms=44.1794
DECODE_STEP index=19 ms=50.1101
DECODE_STEP index=20 ms=50.9654
DECODE_STEP index=21 ms=49.6288
DECODE_STEP index=22 ms=51.3792
DECODE_STEP index=23 ms=52.6532
DECODE_STEP index=24 ms=63.1438
DECODE_STEP index=25 ms=57.0675
DECODE_STEP index=26 ms=46.2917
DECODE_STEP index=27 ms=57.2607
DECODE_STEP index=28 ms=52.1821
DECODE_STEP index=29 ms=58.8263
DECODE_STEP index=30 ms=48.6654
DECODE_STEP index=31 ms=60.3922
DECODE_STEP index=32 ms=48.913
DECODE_STEP index=33 ms=47.572
DECODE_STEP index=34 ms=50.2936
DECODE_STEP index=35 ms=61.6319
DECODE_STEP index=36 ms=52.0029
DECODE_STEP index=37 ms=46.5529
DECODE_STEP index=38 ms=48.8573
DECODE_STEP index=39 ms=42.8903
DECODE_STEP index=40 ms=64.2535
DECODE_STEP index=41 ms=44.3374
DECODE_STEP index=42 ms=56.2728
DECODE_STEP index=43 ms=55.4595
DECODE_STEP index=44 ms=38.8571
DECODE_STEP index=45 ms=53.3778
DECODE_STEP index=46 ms=52.0576
DECODE_STEP index=47 ms=56.9196
DECODE_STEP index=48 ms=73.2637
DECODE_STEP index=49 ms=55.4561
DECODE_STEP index=50 ms=54.7733
DECODE_STEP index=51 ms=55.6803
DECODE_STEP index=52 ms=44.936
DECODE_STEP index=53 ms=53.4953
DECODE_STEP index=54 ms=49.3575
DECODE_STEP index=55 ms=43.5176
DECODE_STEP index=56 ms=45.5606
DECODE_STEP index=57 ms=49.4843
DECODE_STEP index=58 ms=56.9884
DECODE_STEP index=59 ms=43.6168
DECODE_STEP index=60 ms=53.7133
DECODE_STEP index=61 ms=56.0347
DECODE_STEP index=62 ms=48.3995
DECODE_STEP index=63 ms=59.4954
DECODE_STEP index=64 ms=57.9635
DECODE_STEP index=65 ms=52.6906
DECODE_STEP index=66 ms=44.8151
DECODE_STEP index=67 ms=63.2716
DECODE_STEP index=68 ms=47.4228
DECODE_STEP index=69 ms=62.2625
DECODE_STEP index=70 ms=62.1772
DECODE_STEP index=71 ms=51.12
DECODE_STEP index=72 ms=54.8455
DECODE_STEP index=73 ms=60.6876
DECODE_STEP index=74 ms=71.8075
DECODE_STEP index=75 ms=65.2261
DECODE_STEP index=76 ms=63.2136
DECODE_STEP index=77 ms=69.2079
DECODE_STEP index=78 ms=53.3679
DECODE_STEP index=79 ms=59.0717
DECODE_STEP index=80 ms=57.7484
DECODE_STEP index=81 ms=65.1709
DECODE_STEP index=82 ms=43.926
DECODE_STEP index=83 ms=46.2502
DECODE_STEP index=84 ms=60.2917
DECODE_STEP index=85 ms=55.6382
DECODE_STEP index=86 ms=57.6314
DECODE_STEP index=87 ms=63.4859
DECODE_STEP index=88 ms=66.0531
DECODE_STEP index=89 ms=58.3109
DECODE_STEP index=90 ms=63.7796
DECODE_STEP index=91 ms=60.5358
DECODE_STEP index=92 ms=53.6814
DECODE_STEP index=93 ms=51.7165
DECODE_STEP index=94 ms=42.8716
DECODE_STEP index=95 ms=48.367
DECODE_STEP index=96 ms=50.5027
DECODE_STEP index=97 ms=52.3185
DECODE_STEP index=98 ms=52.2768
DECODE_STEP index=99 ms=47.3615
DECODE_STEP index=100 ms=54.2063
DECODE_STEP index=101 ms=48.9915
DECODE_STEP index=102 ms=47.9527
DECODE_STEP index=103 ms=50.3677
DECODE_STEP index=104 ms=45.7061
DECODE_STEP index=105 ms=41.8778
DECODE_STEP index=106 ms=48.1299
DECODE_STEP index=107 ms=52.3388
DECODE_STEP index=108 ms=53.5023
DECODE_STEP index=109 ms=55.7457
DECODE_STEP index=110 ms=50.396
DECODE_STEP index=111 ms=56.3978
DECODE_STEP index=112 ms=38.3321
DECODE_STEP index=113 ms=40.0089
DECODE_STEP index=114 ms=43.4941
DECODE_STEP index=115 ms=50.0837
DECODE_STEP index=116 ms=47.9036
DECODE_STEP index=117 ms=45.368
DECODE_STEP index=118 ms=45.5734
DECODE_STEP index=119 ms=41.704
DECODE_STEP index=120 ms=43.932
DECODE_STEP index=121 ms=46.4275
DECODE_STEP index=122 ms=48.1371
DECODE_STEP index=123 ms=54.2207
DECODE_STEP index=124 ms=43.268
DECODE_STEP index=125 ms=42.1394
DECODE_STEP index=126 ms=50.1119
DECODE_STEP index=127 ms=49.1047
DECODE_STEP index=128 ms=43.5885
DECODE_STEP index=129 ms=56.0909
DECODE_STEP index=130 ms=54.3387
DECODE_STEP index=131 ms=52.1377
DECODE_STEP index=132 ms=44.3096
DECODE_STEP index=133 ms=50.3949
DECODE_STEP index=134 ms=46.6456
DECODE_STEP index=135 ms=38.7597
DECODE_STEP index=136 ms=42.9405
DECODE_STEP index=137 ms=45.395
DECODE_STEP index=138 ms=49.8664
DECODE_STEP index=139 ms=55.259
DECODE_STEP index=140 ms=44.3414
DECODE_STEP index=141 ms=54.4086
DECODE_STEP index=142 ms=50.695
DECODE_STEP index=143 ms=43.5856
DECODE_STEP index=144 ms=55.3244
DECODE_STEP index=145 ms=46.7249
DECODE_STEP index=146 ms=48.4197
DECODE_STEP index=147 ms=42.348
DECODE_STEP index=148 ms=46.1525
DECODE_STEP index=149 ms=51.407
DECODE_STEP index=150 ms=65.7546
DECODE_STEP index=151 ms=43.0862
DECODE_STEP index=152 ms=61.0666
DECODE_STEP index=153 ms=48.3018
DECODE_STEP index=154 ms=44.074
DECODE_STEP index=155 ms=47.1307
DECODE_STEP index=156 ms=44.6477
DECODE_STEP index=157 ms=46.0667
DECODE_STEP index=158 ms=57.4508
DECODE_STEP index=159 ms=42.3616
DECODE_STEP index=160 ms=42.9856
DECODE_STEP index=161 ms=53.0305
DECODE_STEP index=162 ms=45.7174
DECODE_STEP index=163 ms=50.1579
DECODE_STEP index=164 ms=49.108
DECODE_STEP index=165 ms=43.7092
DECODE_STEP index=166 ms=53.0504
DECODE_STEP index=167 ms=45.7309
DECODE_STEP index=168 ms=42.5764
DECODE_STEP index=169 ms=52.0067
DECODE_STEP index=170 ms=47.131
DECODE_STEP index=171 ms=45.8691
DECODE_STEP index=172 ms=54.5842
DECODE_STEP index=173 ms=45.1669
DECODE_STEP index=174 ms=41.1677
DECODE_STEP index=175 ms=54.9978
DECODE_STEP index=176 ms=49.4642
DECODE_STEP index=177 ms=46.4671
DECODE_STEP index=178 ms=57.573
DECODE_STEP index=179 ms=39.6266
DECODE_STEP index=180 ms=43.0098
DECODE_STEP index=181 ms=61.6363
DECODE_STEP index=182 ms=41.6485
DECODE_STEP index=183 ms=35.1176
DECODE_STEP index=184 ms=36.8713
DECODE_STEP index=185 ms=41.181
DECODE_STEP index=186 ms=53.9032
DECODE_STEP index=187 ms=48.2226
DECODE_STEP index=188 ms=47.0077
DECODE_STEP index=189 ms=51.0223
DECODE_STEP index=190 ms=44.0513
DECODE_STEP index=191 ms=52.6296
DECODE_STEP index=192 ms=42.4611
DECODE_STEP index=193 ms=45.1268
DECODE_STEP index=194 ms=42.06
DECODE_STEP index=195 ms=42.8938
DECODE_STEP index=196 ms=42.5706
DECODE_STEP index=197 ms=52.9178
DECODE_STEP index=198 ms=45.352
DECODE_STEP index=199 ms=42.6954
DECODE_STEP index=200 ms=41.7872
DECODE_STEP index=201 ms=52.6488
DECODE_STEP index=202 ms=51.0121
DECODE_STEP index=203 ms=53.9818
DECODE_STEP index=204 ms=46.066
DECODE_STEP index=205 ms=58.8424
DECODE_STEP index=206 ms=54.3077
DECODE_STEP index=207 ms=51.9211
DECODE_STEP index=208 ms=49.5965
DECODE_STEP index=209 ms=50.9347
DECODE_STEP index=210 ms=46.7735
DECODE_STEP index=211 ms=58.9001
DECODE_STEP index=212 ms=44.2616
DECODE_STEP index=213 ms=46.6365
DECODE_STEP index=214 ms=47.8899
DECODE_STEP index=215 ms=59.2709
DECODE_STEP index=216 ms=40.8676
DECODE_STEP index=217 ms=40.8647
DECODE_STEP index=218 ms=38.3988
DECODE_STEP index=219 ms=56.0252
DECODE_STEP index=220 ms=44.6826
DECODE_STEP index=221 ms=43.6986
DECODE_STEP index=222 ms=40.5637
DECODE_STEP index=223 ms=48.3475
DECODE_STEP index=224 ms=48.2377
DECODE_STEP index=225 ms=54.0992
DECODE_STEP index=226 ms=43.1923
DECODE_STEP index=227 ms=52.0069
DECODE_STEP index=228 ms=51.5687
DECODE_STEP index=229 ms=58.9942
DECODE_STEP index=230 ms=51.6799
DECODE_STEP index=231 ms=52.151
DECODE_STEP index=232 ms=55.7561
DECODE_STEP index=233 ms=50.0243
DECODE_STEP index=234 ms=56.6376
DECODE_STEP index=235 ms=51.5115
DECODE_STEP index=236 ms=46.4843
DECODE_STEP index=237 ms=42.0228
DECODE_STEP index=238 ms=40.8736
DECODE_STEP index=239 ms=37.4715
DECODE_STEP index=240 ms=46.3281
DECODE_STEP index=241 ms=44.7827
DECODE_STEP index=242 ms=43.1575
DECODE_STEP index=243 ms=45.0269
DECODE_STEP index=244 ms=44.2017
DECODE_STEP index=245 ms=36.2596
DECODE_STEP index=246 ms=36.1336
DECODE_STEP index=247 ms=37.884
DECODE_STEP index=248 ms=45.7681
DECODE_STEP index=249 ms=45.196
DECODE_STEP index=250 ms=43.0831
DECODE_STEP index=251 ms=44.7433
DECODE_STEP index=252 ms=41.2691
DECODE_STEP index=253 ms=46.9799
DECODE_STEP index=254 ms=51.6732
DECODE_STEP index=255 ms=57.5637
DECODE steps=255 ms=12857.2 tok_s=19.8333
HOST_RSS peak_MiB=54028.1
CPU_EXPERT gu_ms=0 quant_ms=0 down_ms=0 layer_flow_ms=6267.05 bytes=175348842496
GPU peak_allocated_MiB=13558 native_expert_bytes=0 expert_groups=0 staging_ms=0
PREFILL_SCRATCH device=0 peak_MiB=5.07568 capacity_MiB=32
GPU_LIVE device=0 dense_MiB=5029.21 other_MiB=8254.75 prefill_MiB=32 resident_exec_MiB=2.94288 state_MiB=239.105
GPU_DEVICE device=0 peak_allocated_MiB=13558 live_MiB=13558 native_expert_bytes=0 staging_ms=0 cache_hits=0 cache_hit_bytes=0 cuda_used_MiB=15546 free_MiB=758
resident expert entries=198435/257040
