25
1874
9
102636
488
17629
2878
1874
624
2575
8426
82
825
20455
17629
369
279
19827
26
5515
13931
2573
6589
25
1874
9
1910
198
2575
8426
82
825
20455
1565
6855
25760
13480
63
3255
369
279
6042
25
5515
25
1874
9
102636
488
11165
315
36400
198
2575
7364
37463
25
5515
25
1874
220
15
11
36400
220
15
496
103302
2878
1874
220
7364
37463
25
1874
220
15
11
36400
220
15
1112
103302
2878
1874
198
2575
4629
25
5515
25
1874
220
931
398
25
1874
9
102636
488
4244
315
30070
1565
6180
21743
2602
13524
12260
1293
8
7808
1565
6180
21743
2602
13524
12260
1293
8
1112
63
30070
198
2575
4629
25
30070
1565
6180
21743
2602
13048
349
25
5515
25
607
459
486
74
82700
25
5515
25
7364
37463
25
4629
25
7314
6453
594
4629
6042
198
2575
4629
25
4629
25
30070
1565
6180
21743
2602
13524
12260
1293
8
7102
25
5515
25
5085
2271
16168
18173
15931
32
15614
15266
323
2802
26932
13
15931
32
15614
15266
323
2802
26932
13
15931
32
30070
1565
6180
21743
2602
8426
82
825
20455
1565
6855
25760
13480
63
13145
25
30070
1565
6180
21743
2602
13524
12260
1293
8
7808
1565
51
2649
471
1336
586
98668
30070
1565
6180
220
99317
66163
13593
5048
11
30070
1565
6180
21743
2602
330
5598
825
46536
2038
2504
13
59089
25
9641
264
4583
356
25
825
20455
17629
817
1618
11
825
817
198
2575
8751
25760
13480
486
16461
21240
11
825
817
8751
25760
13480
486
7314
48606
13480
11
825
817
8751
25760
13480
10080
5333
25
825
20455
17629
198
2575
8751
25760
13480
486
16461
21240
11
825
1140
315
20455
36400
817
8751
25760
1931
13931
28261
3403
220
1931
13931
28261
861
220
5333
25
825
20455
17629
198
2575
8751
25760
8751
25760
13480
486
16461
21240
32013
12239
20317
486
2413
64
58
17
60
32013
12239
20317
486
5236
25
6018
39840
19339
4279
12
1811
26
678
2326
40257
525
3042
3786
624
2575
8426
82
825
20455
17629
369
279
4629
25
6018
39840
3701
594
19339
4279
12
27179
198
2575
8426
82
825
49083
17629
369
279
49083
3701
594
19339
4279
12
1811
26
678
2326
40257
525
9809
198
2575
21204
25
6018
39840
19339
4279
12
4494
198
2575
6018
39840
19339
4279
12
1811
26
678
2326
40257
525
3042
3786
624
2575
6018
39840
19339
4279
15931
32
2436
39840
19339
4279
12
1811
26
6005
14114
25
6018
1378
7798
11
18098
71294
78432
4279
12
1811
817
2436
13
1378
7798
11
18098
71294
78432
76288
11
18098
71294
78432
4279
12
1811
817
2436
13
1378
7798
11
304
279
3701
594
19339
4279
12
1811
26
1565
2413
64
58
15
60
63
284
2436
220
15
594
18098
71294
78432
4279
12
1811
11
1565
2413
25
1874
9
102636
488
17629
3419
4351
11
11165
198
2575
1874
9
102636
69479
2878
1874
281
11
1874
9
102636
69479
284
1874
9
102636
488
281
320
4074
9
102636
69479
284
1874
9
102636
488
281
568
5515
13931
12519
389
5515
220
49148
198
2575
8426
82
825
20455
17629
369
279
49148
198
2575
8426
82
825
20455
17629
369
49148
198
2575
4629
3980
2487
572
3931
553
279
49148
61173
518
264
4629
45396
18699
11
2487
9535
304
279
659
90090
198
2575
4629
3980
2487
572
3931
553
279
49148
61173
518
264
32013
12239
20317
486
4651
64
9021
4629
3980
2487
572
32013
12239
73712
12239
20317
486
4651
64
9021
4629
3980
2487
3931
553
279
49148
61173
518
264
4629
45396
18699
11
2487
3613
1033
3931
553
279
7314
6453
49148
61173
518
264
656
2385
32354
18699
11
2487
3613
1033
14386
3613
1033
3931
553
279
49148
61173
5646
1140
572
3931
553
279
5646
1140
572
3931
553
279
3931
14309
49543
658
4629
3980
2487
572
3931
553
279
328
18
4629
3980
1034
4247
3980
320
1192
4247
3980
320
1192
4247
3980
320
1192
4247
8918
1479
3980
320
1192
4247
3980
320
7364
37463
3980
320
12158
37463
3980
320
12158
37463
8543
25
15931
32
15614
15266
323
2802
26932
13
220
7364
37463
3980
320
12158
37463
8543
25
1034
4247
3980
320
1192
4247
7364
37463
3980
320
12158
37463
