[1/2] Building CXX object CMakeFiles/strata-glm-decode.dir/src/program/glm_decode.cpp.o
In file included from /home/syoyo/work/Strata/src/program/glm_decode.cpp:8:
/home/syoyo/work/Strata/include/strata/core/exact_expert_cache.hpp: In member function ‘void strata::core::ExactExpertCache::worker()’:
/home/syoyo/work/Strata/include/strata/core/exact_expert_cache.hpp:143:15: warning: this ‘if’ clause does not guard... [-Wmisleading-indentation]
  143 |               if(stopping_)return; read=reads_[next_++]; }
      |               ^~
/home/syoyo/work/Strata/include/strata/core/exact_expert_cache.hpp:143:36: note: ...this statement, but the latter is misleadingly indented as if it were guarded by the ‘if’
  143 |               if(stopping_)return; read=reads_[next_++]; }
      |                                    ^~~~
/home/syoyo/work/Strata/src/program/glm_decode.cpp: In member function ‘void {anonymous}::Decoder::moe(const std::string&, int, const float*, float*, const strata::core::LayerDescriptor&)’:
/home/syoyo/work/Strata/src/program/glm_decode.cpp:3606:45: warning: narrowing conversion of ‘(int64_t)(({anonymous}::Decoder*)this)->{anonymous}::Decoder::m.strata::core::ModelDescriptor::experts’ from ‘int64_t’ {aka ‘long int’} to ‘int’ [-Wnarrowing]
 3606 |                 const int header[2] = {l, m.experts};
      |                                           ~~^~~~~~~
/home/syoyo/work/Strata/src/program/glm_decode.cpp:3612:59: warning: narrowing conversion of ‘(int64_t)(({anonymous}::Decoder*)this)->{anonymous}::Decoder::m.strata::core::ModelDescriptor::experts’ from ‘int64_t’ {aka ‘long int’} to ‘int’ [-Wnarrowing]
 3612 |                 const int header[3] = {position + t, l, m.experts};
      |                                                         ~~^~~~~~~
/home/syoyo/work/Strata/src/program/glm_decode.cpp: In member function ‘void {anonymous}::Decoder::cpu_moe_mailbox(int, int, int, int, int, int)’:
/home/syoyo/work/Strata/src/program/glm_decode.cpp:4104:62: warning: narrowing conversion of ‘(uint32_t)((const strata::TensorInfo*)G.strata::core::ArtifactTensor::tensor)->strata::TensorInfo::type’ from ‘uint32_t’ {aka ‘unsigned int’} to ‘int32_t’ {aka ‘int’} [-Wnarrowing]
 4104 |                             const int32_t header[]{G.tensor->type, D.tensor->type, H, layer.intermediate};
      |                                                    ~~~~~~~~~~^~~~
/home/syoyo/work/Strata/src/program/glm_decode.cpp:4104:78: warning: narrowing conversion of ‘(uint32_t)((const strata::TensorInfo*)D.strata::core::ArtifactTensor::tensor)->strata::TensorInfo::type’ from ‘uint32_t’ {aka ‘unsigned int’} to ‘int32_t’ {aka ‘int’} [-Wnarrowing]
 4104 |                             const int32_t header[]{G.tensor->type, D.tensor->type, H, layer.intermediate};
      |                                                                    ~~~~~~~~~~^~~~
/home/syoyo/work/Strata/src/program/glm_decode.cpp:4104:93: warning: narrowing conversion of ‘(int64_t)layer.strata::core::LayerDescriptor::intermediate’ from ‘int64_t’ {aka ‘long int’} to ‘int32_t’ {aka ‘int’} [-Wnarrowing]
 4104 |                             const int32_t header[]{G.tensor->type, D.tensor->type, H, layer.intermediate};
      |                                                                                       ~~~~~~^~~~~~~~~~~~
[2/2] Linking CXX executable strata-glm-decode
