STAGING compact=1 slot_MiB=140
FLOATING_Q8 tensor=blk.0.hc_attn_fn source_type=0 MiB=0.398438
FLOATING_Q8 tensor=blk.0.hc_ffn_fn source_type=0 MiB=0.398438
FLOATING_Q8 tensor=blk.1.hc_attn_fn source_type=0 MiB=0.398438
FLOATING_Q8 tensor=blk.1.hc_ffn_fn source_type=0 MiB=0.398438
FLOATING_Q8 tensor=blk.10.hc_attn_fn source_type=0 MiB=0.398438
FLOATING_Q8 tensor=blk.10.hc_ffn_fn source_type=0 MiB=0.398438
FLOATING_Q8 tensor=blk.11.attn_k_b.weight source_type=12 MiB=8.5
FLOATING_Q8 tensor=blk.11.attn_v_b.weight source_type=12 MiB=8.5
FLOATING_Q8 tensor=blk.11.hc_attn_fn source_type=0 MiB=0.398438
FLOATING_Q8 tensor=blk.11.hc_ffn_fn source_type=0 MiB=0.398438
FLOATING_Q8 tensor=blk.12.hc_attn_fn source_type=0 MiB=0.398438
FLOATING_Q8 tensor=blk.12.hc_ffn_fn source_type=0 MiB=0.398438
FLOATING_Q8 tensor=blk.13.hc_attn_fn source_type=0 MiB=0.398438
FLOATING_Q8 tensor=blk.13.hc_ffn_fn source_type=0 MiB=0.398438
FLOATING_Q8 tensor=blk.14.hc_attn_fn source_type=0 MiB=0.398438
FLOATING_Q8 tensor=blk.14.hc_ffn_fn source_type=0 MiB=0.398438
FLOATING_Q8 tensor=blk.15.attn_k_b.weight source_type=12 MiB=8.5
FLOATING_Q8 tensor=blk.15.attn_v_b.weight source_type=12 MiB=8.5
FLOATING_Q8 tensor=blk.15.hc_attn_fn source_type=0 MiB=0.398438
FLOATING_Q8 tensor=blk.15.hc_ffn_fn source_type=0 MiB=0.398438
FLOATING_Q8 tensor=blk.16.hc_attn_fn source_type=0 MiB=0.398438
FLOATING_Q8 tensor=blk.16.hc_ffn_fn source_type=0 MiB=0.398438
FLOATING_Q8 tensor=blk.17.hc_attn_fn source_type=0 MiB=0.398438
FLOATING_Q8 tensor=blk.17.hc_ffn_fn source_type=0 MiB=0.398438
FLOATING_Q8 tensor=blk.18.hc_attn_fn source_type=0 MiB=0.398438
FLOATING_Q8 tensor=blk.18.hc_ffn_fn source_type=0 MiB=0.398438
FLOATING_Q8 tensor=blk.19.attn_k_b.weight source_type=12 MiB=8.5
FLOATING_Q8 tensor=blk.19.attn_v_b.weight source_type=12 MiB=8.5
FLOATING_Q8 tensor=blk.19.hc_attn_fn source_type=0 MiB=0.398438
FLOATING_Q8 tensor=blk.19.hc_ffn_fn source_type=0 MiB=0.398438
FLOATING_Q8 tensor=blk.2.hc_attn_fn source_type=0 MiB=0.398438
FLOATING_Q8 tensor=blk.2.hc_ffn_fn source_type=0 MiB=0.398438
FLOATING_Q8 tensor=blk.20.hc_attn_fn source_type=0 MiB=0.398438
FLOATING_Q8 tensor=blk.20.hc_ffn_fn source_type=0 MiB=0.398438
FLOATING_Q8 tensor=blk.21.hc_attn_fn source_type=0 MiB=0.398438
FLOATING_Q8 tensor=blk.21.hc_ffn_fn source_type=0 MiB=0.398438
FLOATING_Q8 tensor=blk.22.hc_attn_fn source_type=0 MiB=0.398438
FLOATING_Q8 tensor=blk.22.hc_ffn_fn source_type=0 MiB=0.398438
FLOATING_Q8 tensor=blk.23.attn_k_b.weight source_type=12 MiB=8.5
FLOATING_Q8 tensor=blk.23.attn_v_b.weight source_type=12 MiB=8.5
FLOATING_Q8 tensor=blk.23.hc_attn_fn source_type=0 MiB=0.398438
FLOATING_Q8 tensor=blk.23.hc_ffn_fn source_type=0 MiB=0.398438
FLOATING_Q8 tensor=blk.24.hc_attn_fn source_type=0 MiB=0.398438
FLOATING_Q8 tensor=blk.24.hc_ffn_fn source_type=0 MiB=0.398438
FLOATING_Q8 tensor=blk.25.hc_attn_fn source_type=0 MiB=0.398438
FLOATING_Q8 tensor=blk.25.hc_ffn_fn source_type=0 MiB=0.398438
FLOATING_Q8 tensor=blk.26.hc_attn_fn source_type=0 MiB=0.398438
FLOATING_Q8 tensor=blk.26.hc_ffn_fn source_type=0 MiB=0.398438
FLOATING_Q8 tensor=blk.27.attn_k_b.weight source_type=12 MiB=8.5
FLOATING_Q8 tensor=blk.27.attn_v_b.weight source_type=12 MiB=8.5
FLOATING_Q8 tensor=blk.27.hc_attn_fn source_type=0 MiB=0.398438
FLOATING_Q8 tensor=blk.27.hc_ffn_fn source_type=0 MiB=0.398438
FLOATING_Q8 tensor=blk.28.hc_attn_fn source_type=0 MiB=0.398438
FLOATING_Q8 tensor=blk.28.hc_ffn_fn source_type=0 MiB=0.398438
FLOATING_Q8 tensor=blk.29.hc_attn_fn source_type=0 MiB=0.398438
FLOATING_Q8 tensor=blk.29.hc_ffn_fn source_type=0 MiB=0.398438
FLOATING_Q8 tensor=blk.3.attn_k_b.weight source_type=12 MiB=8.5
FLOATING_Q8 tensor=blk.3.attn_v_b.weight source_type=12 MiB=8.5
FLOATING_Q8 tensor=blk.3.hc_attn_fn source_type=0 MiB=0.398438
FLOATING_Q8 tensor=blk.3.hc_ffn_fn source_type=0 MiB=0.398438
FLOATING_Q8 tensor=blk.30.hc_attn_fn source_type=0 MiB=0.398438
FLOATING_Q8 tensor=blk.30.hc_ffn_fn source_type=0 MiB=0.398438
FLOATING_Q8 tensor=blk.31.attn_k_b.weight source_type=12 MiB=8.5
FLOATING_Q8 tensor=blk.31.attn_v_b.weight source_type=12 MiB=8.5
FLOATING_Q8 tensor=blk.31.hc_attn_fn source_type=0 MiB=0.398438
FLOATING_Q8 tensor=blk.31.hc_ffn_fn source_type=0 MiB=0.398438
FLOATING_Q8 tensor=blk.32.hc_attn_fn source_type=0 MiB=0.398438
FLOATING_Q8 tensor=blk.32.hc_ffn_fn source_type=0 MiB=0.398438
FLOATING_Q8 tensor=blk.33.hc_attn_fn source_type=0 MiB=0.398438
FLOATING_Q8 tensor=blk.33.hc_ffn_fn source_type=0 MiB=0.398438
FLOATING_Q8 tensor=blk.34.hc_attn_fn source_type=0 MiB=0.398438
FLOATING_Q8 tensor=blk.34.hc_ffn_fn source_type=0 MiB=0.398438
FLOATING_Q8 tensor=blk.35.attn_k_b.weight source_type=12 MiB=8.5
FLOATING_Q8 tensor=blk.35.attn_v_b.weight source_type=12 MiB=8.5
FLOATING_Q8 tensor=blk.35.hc_attn_fn source_type=0 MiB=0.398438
FLOATING_Q8 tensor=blk.35.hc_ffn_fn source_type=0 MiB=0.398438
FLOATING_Q8 tensor=blk.36.hc_attn_fn source_type=0 MiB=0.398438
FLOATING_Q8 tensor=blk.36.hc_ffn_fn source_type=0 MiB=0.398438
FLOATING_Q8 tensor=blk.37.hc_attn_fn source_type=0 MiB=0.398438
FLOATING_Q8 tensor=blk.37.hc_ffn_fn source_type=0 MiB=0.398438
FLOATING_Q8 tensor=blk.38.hc_attn_fn source_type=0 MiB=0.398438
FLOATING_Q8 tensor=blk.38.hc_ffn_fn source_type=0 MiB=0.398438
FLOATING_Q8 tensor=blk.39.attn_k_b.weight source_type=12 MiB=8.5
FLOATING_Q8 tensor=blk.39.attn_v_b.weight source_type=12 MiB=8.5
FLOATING_Q8 tensor=blk.39.hc_attn_fn source_type=0 MiB=0.398438
FLOATING_Q8 tensor=blk.39.hc_ffn_fn source_type=0 MiB=0.398438
FLOATING_Q8 tensor=blk.4.hc_attn_fn source_type=0 MiB=0.398438
FLOATING_Q8 tensor=blk.4.hc_ffn_fn source_type=0 MiB=0.398438
FLOATING_Q8 tensor=blk.40.hc_attn_fn source_type=0 MiB=0.398438
FLOATING_Q8 tensor=blk.40.hc_ffn_fn source_type=0 MiB=0.398438
FLOATING_Q8 tensor=blk.41.hc_attn_fn source_type=0 MiB=0.398438
FLOATING_Q8 tensor=blk.41.hc_ffn_fn source_type=0 MiB=0.398438
FLOATING_Q8 tensor=blk.42.hc_attn_fn source_type=0 MiB=0.398438
FLOATING_Q8 tensor=blk.42.hc_ffn_fn source_type=0 MiB=0.398438
FLOATING_Q8 tensor=blk.43.attn_k_b.weight source_type=12 MiB=8.5
FLOATING_Q8 tensor=blk.43.attn_v_b.weight source_type=12 MiB=8.5
FLOATING_Q8 tensor=blk.43.hc_attn_fn source_type=0 MiB=0.398438
FLOATING_Q8 tensor=blk.43.hc_ffn_fn source_type=0 MiB=0.398438
FLOATING_Q8 tensor=blk.44.hc_attn_fn source_type=0 MiB=0.398438
FLOATING_Q8 tensor=blk.44.hc_ffn_fn source_type=0 MiB=0.398438
FLOATING_Q8 tensor=blk.5.hc_attn_fn source_type=0 MiB=0.398438
FLOATING_Q8 tensor=blk.5.hc_ffn_fn source_type=0 MiB=0.398438
FLOATING_Q8 tensor=blk.6.hc_attn_fn source_type=0 MiB=0.398438
FLOATING_Q8 tensor=blk.6.hc_ffn_fn source_type=0 MiB=0.398438
FLOATING_Q8 tensor=blk.7.attn_k_b.weight source_type=12 MiB=8.5
FLOATING_Q8 tensor=blk.7.attn_v_b.weight source_type=12 MiB=8.5
FLOATING_Q8 tensor=blk.7.hc_attn_fn source_type=0 MiB=0.398438
FLOATING_Q8 tensor=blk.7.hc_ffn_fn source_type=0 MiB=0.398438
FLOATING_Q8 tensor=blk.8.hc_attn_fn source_type=0 MiB=0.398438
FLOATING_Q8 tensor=blk.8.hc_ffn_fn source_type=0 MiB=0.398438
FLOATING_Q8 tensor=blk.9.hc_attn_fn source_type=0 MiB=0.398438
FLOATING_Q8 tensor=blk.9.hc_ffn_fn source_type=0 MiB=0.398438
GPU prefill chunk=2048 staging_workers=4 numa_cpus=0,1,2,3
GPU allocated_MiB=7154.73 reserved_runtime_MiB=1024 budget_MiB=15792
GPU_DENSE_HOST_RELEASE phase=main tensors=1256 source_MiB_advised=5040.35 ms=123.374
PREFILL_PARTITION primary_groups=9 secondary_groups=0
PREFILL_CACHE device=0 budget_MiB=0 reserve_MiB=768
PREFILL_CACHE_PLAN device=0 base_groups=0 unused_MiB=0
MAPPED_EXPERTS numa_rows=0 lazy=1 bytes=55094280192
PREFILL trial=0 tokens=2048 batch=2048 ms=70840.3 tok_s=28.9101
FAULTS trial=0 major=176080 minor=1085418
HOST_RSS peak_MiB=53848.6
CPU_EXPERT gu_ms=0 quant_ms=0 down_ms=0 layer_flow_ms=0 bytes=0
GPU peak_allocated_MiB=7538.73 native_expert_bytes=55101150720 expert_groups=378 staging_ms=63699.9
PREFILL_SCRATCH device=0 peak_MiB=696.564 capacity_MiB=1024
GPU_LIVE device=0 dense_MiB=5029.21 other_MiB=806.414 prefill_MiB=1464 state_MiB=239.105
GPU_DEVICE device=0 peak_allocated_MiB=7538.73 live_MiB=7538.73 native_expert_bytes=55101150720 staging_ms=63699.9 cache_hits=0 cache_hit_bytes=0 cuda_used_MiB=8312 free_MiB=7992
MAPPED_EXPERTS numa_rows=0 lazy=1 bytes=55094280192
PREFILL_WORK device=0 transferred_bytes=55101150720 staging_ms=63699.9 actual_rows=688128 padded_rows=2232560 dequant_values=296755396608
DECODE_RUNTIME override_reserve_MiB=256
DECODE_CACHE prefix_trained=1 slots=942 MiB=8183.62 fingerprint=7861382059926173921
RESPONSE_PREPARE kind=decode_cache ms=1367.48
AFFINITY_QUALITY_ROW row=0 kl=0 top1_equal=1
AFFINITY_QUALITY_ROW row=1 kl=0 top1_equal=1
AFFINITY_QUALITY_ROW row=2 kl=0 top1_equal=1
AFFINITY_QUALITY_ROW row=3 kl=0 top1_equal=1
AFFINITY_QUALITY_ROW row=4 kl=0 top1_equal=1
AFFINITY_QUALITY_ROW row=5 kl=0 top1_equal=1
AFFINITY_QUALITY_ROW row=6 kl=0 top1_equal=1
AFFINITY_QUALITY_ROW row=7 kl=0 top1_equal=1
AFFINITY_QUALITY_ROW row=8 kl=0 top1_equal=1
AFFINITY_QUALITY_ROW row=9 kl=0 top1_equal=1
AFFINITY_QUALITY_ROW row=10 kl=0 top1_equal=1
AFFINITY_QUALITY_ROW row=11 kl=0 top1_equal=1
AFFINITY_QUALITY_ROW row=12 kl=0 top1_equal=1
AFFINITY_QUALITY_ROW row=13 kl=0 top1_equal=1
AFFINITY_QUALITY_ROW row=14 kl=0 top1_equal=1
AFFINITY_QUALITY_ROW row=15 kl=0 top1_equal=1
AFFINITY_QUALITY_ROW row=16 kl=0 top1_equal=1
AFFINITY_QUALITY_ROW row=17 kl=0 top1_equal=1
AFFINITY_QUALITY_ROW row=18 kl=0 top1_equal=1
AFFINITY_QUALITY_ROW row=19 kl=0 top1_equal=1
AFFINITY_QUALITY_ROW row=20 kl=9.77093e-27 top1_equal=1
AFFINITY_QUALITY_ROW row=21 kl=0 top1_equal=1
AFFINITY_QUALITY_ROW row=22 kl=0 top1_equal=1
AFFINITY_QUALITY_ROW row=23 kl=0 top1_equal=1
AFFINITY_QUALITY_ROW row=24 kl=0 top1_equal=1
AFFINITY_QUALITY_ROW row=25 kl=0 top1_equal=1
AFFINITY_QUALITY_ROW row=26 kl=8.89616e-29 top1_equal=1
AFFINITY_QUALITY_ROW row=27 kl=0 top1_equal=1
AFFINITY_QUALITY_ROW row=28 kl=0 top1_equal=1
AFFINITY_QUALITY_ROW row=29 kl=0 top1_equal=1
AFFINITY_QUALITY_ROW row=30 kl=0 top1_equal=1
AFFINITY_QUALITY_ROW row=31 kl=0 top1_equal=1
AFFINITY_QUALITY_ROW row=32 kl=0 top1_equal=1
AFFINITY_QUALITY_ROW row=33 kl=0 top1_equal=1
AFFINITY_QUALITY_ROW row=34 kl=0 top1_equal=1
AFFINITY_QUALITY_ROW row=35 kl=0 top1_equal=1
AFFINITY_QUALITY_ROW row=36 kl=0 top1_equal=1
AFFINITY_QUALITY_ROW row=37 kl=0 top1_equal=1
AFFINITY_QUALITY_ROW row=38 kl=0 top1_equal=1
AFFINITY_QUALITY_ROW row=39 kl=0 top1_equal=1
AFFINITY_QUALITY_ROW row=40 kl=0 top1_equal=1
AFFINITY_QUALITY_ROW row=41 kl=0 top1_equal=1
AFFINITY_QUALITY_ROW row=42 kl=0 top1_equal=1
AFFINITY_QUALITY_ROW row=43 kl=0 top1_equal=1
AFFINITY_QUALITY_ROW row=44 kl=0 top1_equal=1
AFFINITY_QUALITY_ROW row=45 kl=0 top1_equal=1
AFFINITY_QUALITY_ROW row=46 kl=0 top1_equal=1
AFFINITY_QUALITY_ROW row=47 kl=0 top1_equal=1
AFFINITY_QUALITY_ROW row=48 kl=0 top1_equal=1
AFFINITY_QUALITY_ROW row=49 kl=0 top1_equal=1
AFFINITY_QUALITY_ROW row=50 kl=7.07428e-18 top1_equal=1
AFFINITY_QUALITY_ROW row=51 kl=0 top1_equal=1
AFFINITY_QUALITY_ROW row=52 kl=8.18073e-27 top1_equal=1
AFFINITY_QUALITY_ROW row=53 kl=0 top1_equal=1
AFFINITY_QUALITY_ROW row=54 kl=0 top1_equal=1
AFFINITY_QUALITY_ROW row=55 kl=0 top1_equal=1
AFFINITY_QUALITY_ROW row=56 kl=0 top1_equal=1
AFFINITY_QUALITY_ROW row=57 kl=0 top1_equal=1
AFFINITY_QUALITY_ROW row=58 kl=0 top1_equal=1
AFFINITY_QUALITY_ROW row=59 kl=0 top1_equal=1
AFFINITY_QUALITY_ROW row=60 kl=0 top1_equal=1
AFFINITY_QUALITY_ROW row=61 kl=0 top1_equal=1
AFFINITY_QUALITY_ROW row=62 kl=0 top1_equal=1
AFFINITY_QUALITY_ROW row=63 kl=0 top1_equal=1
AFFINITY_QUALITY rows=64 affinity=0 mean_kl=1.10536e-19 max_kl=7.07428e-18 top1_equal=64 top1_share=1 mean_relative_L2=0 reference=unbiased_strict_same_prefill_fixed_tier
AFFINITY_QUALITY_ROW row=0 kl=0.31394 top1_equal=0
AFFINITY_QUALITY_ROW row=1 kl=0.262068 top1_equal=1
AFFINITY_QUALITY_ROW row=2 kl=0.0542898 top1_equal=1
AFFINITY_QUALITY_ROW row=3 kl=0.426317 top1_equal=0
AFFINITY_QUALITY_ROW row=4 kl=0.205138 top1_equal=1
AFFINITY_QUALITY_ROW row=5 kl=0.0259509 top1_equal=1
AFFINITY_QUALITY_ROW row=6 kl=0.00176745 top1_equal=1
AFFINITY_QUALITY_ROW row=7 kl=0.0296325 top1_equal=1
AFFINITY_QUALITY_ROW row=8 kl=0.0385208 top1_equal=1
AFFINITY_QUALITY_ROW row=9 kl=0.0554883 top1_equal=1
AFFINITY_QUALITY_ROW row=10 kl=6.36009 top1_equal=0
AFFINITY_QUALITY_ROW row=11 kl=0.113862 top1_equal=1
AFFINITY_QUALITY_ROW row=12 kl=0.000115803 top1_equal=1
AFFINITY_QUALITY_ROW row=13 kl=1.63338 top1_equal=0
AFFINITY_QUALITY_ROW row=14 kl=0.085561 top1_equal=1
AFFINITY_QUALITY_ROW row=15 kl=0.100115 top1_equal=1
AFFINITY_QUALITY_ROW row=16 kl=0.00894848 top1_equal=1
AFFINITY_QUALITY_ROW row=17 kl=2.50917e-05 top1_equal=1
AFFINITY_QUALITY_ROW row=18 kl=1.43212 top1_equal=0
AFFINITY_QUALITY_ROW row=19 kl=0.0330213 top1_equal=1
AFFINITY_QUALITY_ROW row=20 kl=3.15327e-05 top1_equal=1
AFFINITY_QUALITY_ROW row=21 kl=3.05931 top1_equal=0
AFFINITY_QUALITY_ROW row=22 kl=0.00308235 top1_equal=1
AFFINITY_QUALITY_ROW row=23 kl=0.0231011 top1_equal=1
AFFINITY_QUALITY_ROW row=24 kl=0.748073 top1_equal=0
AFFINITY_QUALITY_ROW row=25 kl=0.534528 top1_equal=1
AFFINITY_QUALITY_ROW row=26 kl=0.00166816 top1_equal=1
AFFINITY_QUALITY_ROW row=27 kl=0.276764 top1_equal=1
AFFINITY_QUALITY_ROW row=28 kl=0.267975 top1_equal=1
AFFINITY_QUALITY_ROW row=29 kl=0.0115797 top1_equal=1
AFFINITY_QUALITY_ROW row=30 kl=0.256847 top1_equal=1
AFFINITY_QUALITY_ROW row=31 kl=0.717233 top1_equal=0
AFFINITY_QUALITY_ROW row=32 kl=0.261319 top1_equal=1
AFFINITY_QUALITY_ROW row=33 kl=0.0513943 top1_equal=1
AFFINITY_QUALITY_ROW row=34 kl=0.0361375 top1_equal=1
AFFINITY_QUALITY_ROW row=35 kl=4.92495 top1_equal=0
AFFINITY_QUALITY_ROW row=36 kl=0.772164 top1_equal=0
AFFINITY_QUALITY_ROW row=37 kl=0.0110341 top1_equal=1
AFFINITY_QUALITY_ROW row=38 kl=0.00818538 top1_equal=1
AFFINITY_QUALITY_ROW row=39 kl=0.00664462 top1_equal=1
AFFINITY_QUALITY_ROW row=40 kl=6.14438 top1_equal=0
AFFINITY_QUALITY_ROW row=41 kl=0.620601 top1_equal=1
AFFINITY_QUALITY_ROW row=42 kl=0.771298 top1_equal=1
AFFINITY_QUALITY_ROW row=43 kl=0.496415 top1_equal=0
AFFINITY_QUALITY_ROW row=44 kl=0.00111271 top1_equal=1
AFFINITY_QUALITY_ROW row=45 kl=0.000759739 top1_equal=1
AFFINITY_QUALITY_ROW row=46 kl=0.147886 top1_equal=1
AFFINITY_QUALITY_ROW row=47 kl=0.00213896 top1_equal=1
AFFINITY_QUALITY_ROW row=48 kl=0.0336604 top1_equal=1
AFFINITY_QUALITY_ROW row=49 kl=0.0261653 top1_equal=1
AFFINITY_QUALITY_ROW row=50 kl=0.316366 top1_equal=1
AFFINITY_QUALITY_ROW row=51 kl=0.0424897 top1_equal=1
AFFINITY_QUALITY_ROW row=52 kl=3.91391e-05 top1_equal=1
AFFINITY_QUALITY_ROW row=53 kl=0.000572346 top1_equal=1
AFFINITY_QUALITY_ROW row=54 kl=0.0175063 top1_equal=1
AFFINITY_QUALITY_ROW row=55 kl=0.00235998 top1_equal=1
AFFINITY_QUALITY_ROW row=56 kl=3.70285 top1_equal=0
AFFINITY_QUALITY_ROW row=57 kl=0.00245525 top1_equal=1
AFFINITY_QUALITY_ROW row=58 kl=0.275408 top1_equal=1
AFFINITY_QUALITY_ROW row=59 kl=3.91873 top1_equal=1
AFFINITY_QUALITY_ROW row=60 kl=0.000653947 top1_equal=1
AFFINITY_QUALITY_ROW row=61 kl=0.369928 top1_equal=1
AFFINITY_QUALITY_ROW row=62 kl=0.0731293 top1_equal=1
AFFINITY_QUALITY_ROW row=63 kl=0.000105367 top1_equal=1
AFFINITY_QUALITY rows=64 affinity=0.12 mean_kl=0.626866 max_kl=6.36009 top1_equal=51 top1_share=0.796875 mean_relative_L2=0.313689 reference=unbiased_strict_same_prefill_fixed_tier
AFFINITY_QUALITY_ROW row=0 kl=0.159002 top1_equal=0
AFFINITY_QUALITY_ROW row=1 kl=0.115861 top1_equal=1
AFFINITY_QUALITY_ROW row=2 kl=0.0866438 top1_equal=1
AFFINITY_QUALITY_ROW row=3 kl=0.75169 top1_equal=0
AFFINITY_QUALITY_ROW row=4 kl=0.143674 top1_equal=1
AFFINITY_QUALITY_ROW row=5 kl=0.0452883 top1_equal=1
AFFINITY_QUALITY_ROW row=6 kl=0.0032236 top1_equal=1
AFFINITY_QUALITY_ROW row=7 kl=0.0291682 top1_equal=1
AFFINITY_QUALITY_ROW row=8 kl=0.0574907 top1_equal=1
AFFINITY_QUALITY_ROW row=9 kl=0.107193 top1_equal=1
AFFINITY_QUALITY_ROW row=10 kl=1.00517 top1_equal=1
AFFINITY_QUALITY_ROW row=11 kl=0.224921 top1_equal=1
AFFINITY_QUALITY_ROW row=12 kl=5.93151e-05 top1_equal=1
AFFINITY_QUALITY_ROW row=13 kl=1.33861 top1_equal=0
AFFINITY_QUALITY_ROW row=14 kl=0.102215 top1_equal=1
AFFINITY_QUALITY_ROW row=15 kl=0.587366 top1_equal=0
AFFINITY_QUALITY_ROW row=16 kl=0.00484389 top1_equal=1
AFFINITY_QUALITY_ROW row=17 kl=4.02927e-05 top1_equal=1
AFFINITY_QUALITY_ROW row=18 kl=1.43614 top1_equal=1
AFFINITY_QUALITY_ROW row=19 kl=0.0689529 top1_equal=1
AFFINITY_QUALITY_ROW row=20 kl=5.17805e-05 top1_equal=1
AFFINITY_QUALITY_ROW row=21 kl=1.17847 top1_equal=0
AFFINITY_QUALITY_ROW row=22 kl=0.00307107 top1_equal=1
AFFINITY_QUALITY_ROW row=23 kl=0.0410575 top1_equal=1
AFFINITY_QUALITY_ROW row=24 kl=0.854604 top1_equal=0
AFFINITY_QUALITY_ROW row=25 kl=0.41271 top1_equal=1
AFFINITY_QUALITY_ROW row=26 kl=0.003162 top1_equal=1
AFFINITY_QUALITY_ROW row=27 kl=0.396216 top1_equal=0
AFFINITY_QUALITY_ROW row=28 kl=0.263793 top1_equal=1
AFFINITY_QUALITY_ROW row=29 kl=0.0192201 top1_equal=1
AFFINITY_QUALITY_ROW row=30 kl=3.07967 top1_equal=0
AFFINITY_QUALITY_ROW row=31 kl=0.435136 top1_equal=0
AFFINITY_QUALITY_ROW row=32 kl=0.459192 top1_equal=1
AFFINITY_QUALITY_ROW row=33 kl=0.0513709 top1_equal=1
AFFINITY_QUALITY_ROW row=34 kl=0.0246653 top1_equal=1
AFFINITY_QUALITY_ROW row=35 kl=4.59464 top1_equal=0
AFFINITY_QUALITY_ROW row=36 kl=0.0792454 top1_equal=0
AFFINITY_QUALITY_ROW row=37 kl=0.0060675 top1_equal=1
AFFINITY_QUALITY_ROW row=38 kl=0.0241516 top1_equal=1
AFFINITY_QUALITY_ROW row=39 kl=0.0291924 top1_equal=1
AFFINITY_QUALITY_ROW row=40 kl=7.64118 top1_equal=0
AFFINITY_QUALITY_ROW row=41 kl=0.637974 top1_equal=1
AFFINITY_QUALITY_ROW row=42 kl=0.67151 top1_equal=1
AFFINITY_QUALITY_ROW row=43 kl=0.263744 top1_equal=1
AFFINITY_QUALITY_ROW row=44 kl=0.00366936 top1_equal=1
AFFINITY_QUALITY_ROW row=45 kl=0.000551509 top1_equal=1
AFFINITY_QUALITY_ROW row=46 kl=1.10534 top1_equal=1
AFFINITY_QUALITY_ROW row=47 kl=0.000975689 top1_equal=1
AFFINITY_QUALITY_ROW row=48 kl=0.0176222 top1_equal=1
AFFINITY_QUALITY_ROW row=49 kl=0.0214525 top1_equal=1
AFFINITY_QUALITY_ROW row=50 kl=0.168835 top1_equal=1
AFFINITY_QUALITY_ROW row=51 kl=0.108202 top1_equal=1
AFFINITY_QUALITY_ROW row=52 kl=0.000148333 top1_equal=1
AFFINITY_QUALITY_ROW row=53 kl=0.000841326 top1_equal=1
AFFINITY_QUALITY_ROW row=54 kl=0.0161003 top1_equal=1
AFFINITY_QUALITY_ROW row=55 kl=0.000794134 top1_equal=1
AFFINITY_QUALITY_ROW row=56 kl=4.00282 top1_equal=0
AFFINITY_QUALITY_ROW row=57 kl=0.00228689 top1_equal=1
AFFINITY_QUALITY_ROW row=58 kl=0.120741 top1_equal=1
AFFINITY_QUALITY_ROW row=59 kl=4.6665 top1_equal=1
AFFINITY_QUALITY_ROW row=60 kl=0.0014215 top1_equal=1
AFFINITY_QUALITY_ROW row=61 kl=0.0682298 top1_equal=1
AFFINITY_QUALITY_ROW row=62 kl=0.103874 top1_equal=1
AFFINITY_QUALITY_ROW row=63 kl=0.000125318 top1_equal=1
AFFINITY_QUALITY rows=64 affinity=0.15 mean_kl=0.591378 max_kl=7.64118 top1_equal=51 top1_share=0.796875 mean_relative_L2=0.327001 reference=unbiased_strict_same_prefill_fixed_tier
AFFINITY_QUALITY_ROW row=0 kl=0.207973 top1_equal=0
AFFINITY_QUALITY_ROW row=1 kl=0.0854745 top1_equal=1
AFFINITY_QUALITY_ROW row=2 kl=0.0959369 top1_equal=1
AFFINITY_QUALITY_ROW row=3 kl=0.275398 top1_equal=0
AFFINITY_QUALITY_ROW row=4 kl=0.118611 top1_equal=1
AFFINITY_QUALITY_ROW row=5 kl=0.0836529 top1_equal=1
AFFINITY_QUALITY_ROW row=6 kl=0.00426497 top1_equal=1
AFFINITY_QUALITY_ROW row=7 kl=0.00689185 top1_equal=1
AFFINITY_QUALITY_ROW row=8 kl=0.0917306 top1_equal=1
AFFINITY_QUALITY_ROW row=9 kl=0.119167 top1_equal=1
AFFINITY_QUALITY_ROW row=10 kl=2.42703 top1_equal=0
AFFINITY_QUALITY_ROW row=11 kl=0.0587467 top1_equal=1
AFFINITY_QUALITY_ROW row=12 kl=6.85965e-05 top1_equal=1
AFFINITY_QUALITY_ROW row=13 kl=2.39373 top1_equal=0
AFFINITY_QUALITY_ROW row=14 kl=0.167388 top1_equal=1
AFFINITY_QUALITY_ROW row=15 kl=0.509354 top1_equal=0
AFFINITY_QUALITY_ROW row=16 kl=0.00841565 top1_equal=1
AFFINITY_QUALITY_ROW row=17 kl=2.13397e-05 top1_equal=1
AFFINITY_QUALITY_ROW row=18 kl=1.7235 top1_equal=0
AFFINITY_QUALITY_ROW row=19 kl=0.00743691 top1_equal=1
AFFINITY_QUALITY_ROW row=20 kl=2.12341e-05 top1_equal=1
AFFINITY_QUALITY_ROW row=21 kl=2.16177 top1_equal=0
AFFINITY_QUALITY_ROW row=22 kl=0.00938769 top1_equal=1
AFFINITY_QUALITY_ROW row=23 kl=0.0456735 top1_equal=1
AFFINITY_QUALITY_ROW row=24 kl=1.00884 top1_equal=0
AFFINITY_QUALITY_ROW row=25 kl=0.580024 top1_equal=1
AFFINITY_QUALITY_ROW row=26 kl=0.00427718 top1_equal=1
AFFINITY_QUALITY_ROW row=27 kl=0.214948 top1_equal=0
AFFINITY_QUALITY_ROW row=28 kl=0.395076 top1_equal=1
AFFINITY_QUALITY_ROW row=29 kl=0.126377 top1_equal=1
AFFINITY_QUALITY_ROW row=30 kl=1.97016 top1_equal=0
AFFINITY_QUALITY_ROW row=31 kl=0.646015 top1_equal=0
AFFINITY_QUALITY_ROW row=32 kl=0.811022 top1_equal=1
AFFINITY_QUALITY_ROW row=33 kl=0.0448091 top1_equal=1
AFFINITY_QUALITY_ROW row=34 kl=0.0418025 top1_equal=1
AFFINITY_QUALITY_ROW row=35 kl=3.53154 top1_equal=0
AFFINITY_QUALITY_ROW row=36 kl=0.197021 top1_equal=0
AFFINITY_QUALITY_ROW row=37 kl=0.0211856 top1_equal=1
AFFINITY_QUALITY_ROW row=38 kl=0.0336079 top1_equal=1
AFFINITY_QUALITY_ROW row=39 kl=0.00418626 top1_equal=1
AFFINITY_QUALITY_ROW row=40 kl=5.80017 top1_equal=0
AFFINITY_QUALITY_ROW row=41 kl=1.01358 top1_equal=0
AFFINITY_QUALITY_ROW row=42 kl=0.894663 top1_equal=0
AFFINITY_QUALITY_ROW row=43 kl=0.649238 top1_equal=1
AFFINITY_QUALITY_ROW row=44 kl=0.000968989 top1_equal=1
AFFINITY_QUALITY_ROW row=45 kl=0.000599315 top1_equal=1
AFFINITY_QUALITY_ROW row=46 kl=2.77072 top1_equal=0
AFFINITY_QUALITY_ROW row=47 kl=0.00121945 top1_equal=1
AFFINITY_QUALITY_ROW row=48 kl=0.0434793 top1_equal=1
AFFINITY_QUALITY_ROW row=49 kl=0.0486318 top1_equal=1
AFFINITY_QUALITY_ROW row=50 kl=0.192109 top1_equal=1
AFFINITY_QUALITY_ROW row=51 kl=0.188315 top1_equal=1
AFFINITY_QUALITY_ROW row=52 kl=0.0007599 top1_equal=1
AFFINITY_QUALITY_ROW row=53 kl=0.00042561 top1_equal=1
AFFINITY_QUALITY_ROW row=54 kl=0.0221909 top1_equal=1
AFFINITY_QUALITY_ROW row=55 kl=0.00264902 top1_equal=1
AFFINITY_QUALITY_ROW row=56 kl=7.23608 top1_equal=0
AFFINITY_QUALITY_ROW row=57 kl=0.00301895 top1_equal=1
AFFINITY_QUALITY_ROW row=58 kl=1.50007 top1_equal=1
AFFINITY_QUALITY_ROW row=59 kl=5.81719 top1_equal=0
AFFINITY_QUALITY_ROW row=60 kl=0.00133881 top1_equal=1
AFFINITY_QUALITY_ROW row=61 kl=0.143837 top1_equal=1
AFFINITY_QUALITY_ROW row=62 kl=0.0447089 top1_equal=1
AFFINITY_QUALITY_ROW row=63 kl=0.000129714 top1_equal=1
AFFINITY_QUALITY rows=64 affinity=0.2 mean_kl=0.72826 max_kl=7.23608 top1_equal=45 top1_share=0.703125 mean_relative_L2=0.364169 reference=unbiased_strict_same_prefill_fixed_tier
RESPONSE_PREPARE kind=cpu ms=0.022883
DECODE_TRIAL index=0
DECODE_STEP index=1 ms=57.8113
DECODE_STEP index=2 ms=46.942
DECODE_STEP index=3 ms=54.8143
DECODE_STEP index=4 ms=53.0108
DECODE_STEP index=5 ms=55.136
DECODE_STEP index=6 ms=47.4376
DECODE_STEP index=7 ms=49.0668
DECODE_STEP index=8 ms=56.292
DECODE_STEP index=9 ms=55.2767
DECODE_STEP index=10 ms=57.5423
DECODE_STEP index=11 ms=58.3962
DECODE_STEP index=12 ms=57.0796
DECODE_STEP index=13 ms=53.5157
DECODE_STEP index=14 ms=58.2027
DECODE_STEP index=15 ms=50.0461
DECODE_STEP index=16 ms=50.1334
DECODE_STEP index=17 ms=52.8228
DECODE_STEP index=18 ms=51.8197
DECODE_STEP index=19 ms=47.0994
DECODE_STEP index=20 ms=52.0856
DECODE_STEP index=21 ms=45.8555
DECODE_STEP index=22 ms=52.3987
DECODE_STEP index=23 ms=50.37
DECODE_STEP index=24 ms=55.9431
DECODE_STEP index=25 ms=59.5124
DECODE_STEP index=26 ms=52.7251
DECODE_STEP index=27 ms=57.3255
DECODE_STEP index=28 ms=52.5918
DECODE_STEP index=29 ms=50.5961
DECODE_STEP index=30 ms=53.9417
DECODE_STEP index=31 ms=55.1406
DECODE steps=31 ms=1658.64 tok_s=18.6901
HOST_RSS peak_MiB=53849.8
CPU_EXPERT gu_ms=0 quant_ms=0 down_ms=0 layer_flow_ms=795.705 bytes=21543976960
GPU peak_allocated_MiB=13558 native_expert_bytes=0 expert_groups=0 staging_ms=0
PREFILL_SCRATCH device=0 peak_MiB=5.07568 capacity_MiB=32
GPU_LIVE device=0 dense_MiB=5029.21 other_MiB=8254.75 prefill_MiB=32 resident_exec_MiB=2.94288 state_MiB=239.105
GPU_DEVICE device=0 peak_allocated_MiB=13558 live_MiB=13558 native_expert_bytes=0 staging_ms=0 cache_hits=0 cache_hit_bytes=0 cuda_used_MiB=15546 free_MiB=758
resident expert entries=69725/117936
