10056
752
23578
1817
729
369
22492
382
16
13
1565
8559
9694
44364
1565
3176
488
3084
63
646
16469
320
2496
102636
568
1416
4347
28
17
61
103302
11
3084
28
17
61
103302
11
2629
39494
311
220
15
11
16197
1779
11
1221
19759
448
6765
3084
11392
9915
17507
4493
13
7281
1565
3176
488
3084
861
1946
2486
53896
1959
1265
387
1565
4129
861
1379
481
4347
63
1283
13287
4347
2651
1379
13
7281
1565
3006
63
845
448
3084
220
15
30
19759
448
845
323
220
15
374
31421
72497
714
31136
6915
26
6286
13
7281
1565
1355
2196
368
488
4347
63
1959
821
17121
3176
6915
421
4347
8202
2141
13
39752
291
510
73022
10816
198
333
320
3176
861
1946
2486
2140
470
895
280
2496
102636
528
37715
284
1946
2486
368
481
4347
280
333
320
4129
861
37715
8
470
895
280
333
320
4129
8
1460
486
80427
11052
11
1946
2196
368
488
4347
11
3084
317
13865
3989
13385
1565
1355
2486
53896
374
1379
528
320
102636
15245
389
14250
15397
8
1959
6311
6915
382
17
13
1565
5493
1269
44364
4675
914
7122
311
2205
914
11392
90855
13
19679
25
470
1460
486
917
11
476
4516
39840
1099
30
19149
2727
19827
646
990
3080
1790
28594
1959
13222
1099
817
60378
30
33601
5116
330
38522
279
1790
28594
1
23878
264
6094
4147
26
44290
4396
5046
25
470
1460
486
917
320
1694
897
568
1988
5116
2727
1651
2697
3080
1790
28594
1959
264
1099
4516
13555
1460
486
917
4147
4278
13
358
3278
3042
2176
26
44290
25
470
1460
486
917
323
5185
5116
2297
11
476
990
4516
13555
1099
13
16232
5116
11
4516
13555
1099
18275
25
1565
4528
13555
1099
1460
486
917
6607
26
6607
284
330
21412
27558
488
1460
486
983
3904
3724
1215
470
6607
26
63
2938
9068
330
38522
1790
28594
1
817
4516
13
358
3278
2968
429
382
18
13
1565
8232
486
455
63
3171
944
5296
30739
11392
6957
448
2182
25
55359
5376
33870
1349
63803
374
72497
26
1083
1231
1349
21097
897
13
