1654
1184
4226
311
1196
25
330
7984
264
11676
2390
1424
1975
21388
3118
1172
389
419
43333
52132
13
81247
11176
11
28020
11
15264
323
1790
6168
448
5904
28261
13
5005
2968
264
3405
9772
94972
8473
369
279
19357
2390
2990
1189
14646
990
1172
52132
13
14646
387
16569
25
1096
5868
1075
9929
448
8176
16963
30
14646
10537
7196
330
34
33055
67000
1
26085
18104
2711
17683
13
14646
537
57721
448
2860
10801
27589
1849
13
14646
2924
5904
28261
13
14646
28020
25
10768
25
7096
220
105818
74
488
63593
220
112098
74
488
81771
220
100067
74
284
220
119078
74
22115
13
2093
287
2251
650
93571
537
5107
7797
22115
13
20195
17174
1513
944
36635
81771
10159
13
21200
25
220
23
99698
81053
11
220
125255
23866
13
20783
681
12165
220
100809
13
22
4
32382
9125
13
4504
1172
23866
81053
438
4583
26
22792
31999
13
14646
11042
23866
21070
25
220
125255
14
23
99698
284
220
15
13
18
100899
284
220
101140
13
20
14350
2938
594
3685
220
100809
13
22
4
12165
13
14646
7196
330
70210
9125
1
374
220
101140
13
20
4
30
14646
16569
25
25427
12165
220
100809
13
22
4
32382
9125
13
4504
1172
23866
81053
438
4583
13
2055
1482
23866
4332
284
220
101140
13
20
13375
3685
12165
13
14646
1378
23854
7298
73937
3685
220
100809
13
22
4
30633
59993
13
14646
537
1977
8182
2669
2270
30
1205
614
825
15432
16281
30
82169
12
100590
18
15432
5610
220
23
99698
11
220
125255
5823
13
2160
429
264
7298
24206
30
1084
2727
18104
11900
15432
13
21586
12
100002
22
8182
374
28557
32382
9125
3685
220
100809
13
22
4
304
1378
23854
7298
73937
13
1205
614
1172
825
15432
16281
30
14646
537
3717
59993
8182
13886
13
14646
1977
421
419
16281
374
825
24206
11
432
374
3685
12165
11
714
8182
7460
1378
23854
7298
73937
26
902
5904
315
2086
23854
24206
13
14646
1790
1917
25
9696
14
28388
1790
7298
24206
323
8717
26
149740
11468
5652
3150
4756
59993
421
8182
2270
13
