25
1874
9
102636
10
15770
2878
1874
11
825
1874
817
198
2575
20455
17629
13
825
1874
817
20455
17629
13
54535
1467
6963
25
825
1874
817
7314
6453
594
198
2575
4247
3980
911
5515
13931
12519
11165
11
5515
220
98965
594
4247
3980
911
5515
2170
64
1112
320
376
37809
340
2575
8426
82
825
20455
17629
369
279
19827
26
5515
25
1874
9
3218
48
11
8333
51
11
274
17
14205
529
2273
7370
72
1889
11
274
17
14205
451
13407
9021
11
91321
58
17
60
825
1874
817
20455
17629
13
54535
1467
21204
25
54535
1467
21204
25
54535
1467
1367
1112
320
6005
85246
340
2575
3776
19781
17629
817
6961
6200
11
773
264
11858
374
1045
1112
3776
19781
6961
6200
11
1467
21204
25
54535
1467
21204
25
3347
5041
25
3347
5041
25
3347
5041
25
3347
220
99317
66163
7032
11
220
99317
66163
7032
11
220
1467
21204
34862
25
1467
21204
34862
25
15931
32
15614
15266
323
2802
26932
13
15931
32
15614
15266
323
2802
76288
11
76288
11
76288
11
21204
34862
25
1467
21204
21204
34862
25
8426
82
825
20455
17629
1112
8426
82
10521
356
1027
99419
11
10521
356
1027
49083
25
10521
356
1027
99419
11
10521
356
5085
2271
11
5085
2271
11
10521
356
1027
99419
5085
2271
16168
18173
15931
32
15614
15266
323
2802
26932
13
330
51393
356
1027
99419
11
10521
356
1027
99419
11
10521
356
1027
99419
11
21204
34862
25
1467
21204
34862
25
330
51393
356
8918
90826
2075
11
479
83
27223
8
2432
388
479
83
27223
2432
388
342
13721
1112
8918
90826
2075
11
479
83
27223
8
2432
388
479
83
27223
2432
388
342
13721
1112
8918
90826
2075
11
32013
12239
20317
486
4651
64
9021
5043
18098
71294
78432
27362
11
18098
71294
78432
2436
39840
19339
4279
12
1811
11
18098
71294
78432
2436
39840
7168
1112
8918
90826
2075
11
479
83
27223
8
2432
388
479
83
3421
18098
71294
78432
27362
11
18098
71294
84258
25
3421
18098
71294
78432
27362
12454
2090
43146
287
14
14145
1112
84258
25
3421
18098
71294
40257
525
3042
3786
11
678
2326
40257
3042
3786
11
678
2326
40257
3042
3786
11
11499
25
11499
25
11499
25
678
2326
40257
3042
3786
11
678
2326
40257
198
2575
3776
19781
17629
817
14301
25
3776
19781
17629
817
14301
25
3776
19781
13593
3268
11
902
11
902
11
13593
3268
11
902
11
5036
525
356
1027
46925
11
1273
5036
525
356
1027
46925
11
11499
25
11499
25
1273
5036
525
356
1027
5042
25
5042
25
5042
25
4240
25
4240
25
1887
368
39494
311
607
459
486
74
42087
486
29976
16255
1112
1887
368
39494
311
607
459
486
14434
2271
1887
368
39494
311
607
459
486
74
42087
486
29976
16255
1112
25
1874
9
102636
10
15770
2878
1874
11
825
1874
817
198
2575
20455
17629
13
825
1874
817
20455
17629
13
54535
1467
6963
25
825
1874
817
7314
6453
594
198
2575
4247
3980
911
5515
13931
12519
11165
11
5515
220
98965
594
4247
3980
911
5515
2170
64
1112
320
376
37809
340
2575
8426
82
825
20455
17629
369
279
19827
26
5515
25
1874
9
3218
48
11
8333
51
11
274
17
14205
529
2273
7370
72
1889
11
274
17
14205
451
13407
9021
11
91321
58
17
60
825
1874
817
20455
17629
13
54535
1467
21204
25
54535
1467
21204
25
54535
1467
1367
1112
320
6005
85246
340
2575
3776
19781
17629
817
6961
6200
11
773
264
11858
374
1045
1112
3776
19781
6961
6200
11
1467
21204
25
54535
1467
21204
25
3347
5041
25
3347
5041
25
3347
5041
25
3347
220
99317
66163
7032
11
220
99317
66163
7032
11
220
1467
21204
34862
25
1467
21204
34862
25
15931
32
15614
15266
323
2802
26932
13
15931
32
15614
15266
323
2802
76288
11
76288
11
76288
11
21204
34862
25
1467
21204
21204
34862
25
8426
82
825
20455
17629
1112
8426
82
10521
356
1027
99419
11
10521
356
1027
49083
25
10521
356
1027
99419
11
10521
356
5085
2271
11
5085
2271
11
10521
356
1027
99419
5085
2271
16168
18173
15931
32
15614
15266
323
2802
26932
13
330
51393
356
1027
99419
11
10521
356
1027
99419
11
10521
356
1027
99419
11
21204
34862
25
1467
21204
34862
25
330
51393
356
8918
90826
2075
11
479
83
27223
8
2432
388
479
83
27223
2432
388
342
13721
1112
8918
90826
2075
11
479
83
27223
8
2432
388
479
83
27223
2432
388
342
13721
1112
8918
90826
2075
11
32013
12239
20317
486
4651
64
9021
5043
18098
71294
78432
27362
11
18098
71294
78432
2436
39840
19339
4279
12
1811
11
18098
71294
78432
2436
39840
7168
1112
8918
90826
2075
11
479
83
27223
8
2432
388
479
83
3421
18098
71294
78432
27362
11
18098
71294
84258
25
3421
18098
71294
78432
27362
12454
2090
43146
287
14
14145
1112
84258
25
3421
18098
71294
40257
525
3042
3786
11
678
2326
40257
3042
3786
11
678
2326
40257
3042
3786
11
11499
25
11499
25
11499
25
678
2326
40257
3042
3786
11
678
2326
40257
198
2575
3776
19781
17629
817
14301
25
3776
19781
17629
817
14301
25
3776
19781
13593
3268
11
902
11
902
11
13593
3268
11
902
11
5036
525
356
1027
46925
11
1273
5036
525
356
1027
46925
11
11499
25
11499
25
1273
5036
525
356
1027
5042
25
5042
25
5042
25
4240
25
4240
25
1887
368
39494
311
607
459
486
74
42087
486
29976
16255
1112
1887
368
39494
311
607
459
486
14434
2271
1887
368
39494
311
607
459
486
74
42087
486
29976
16255
1112
25
1874
9
102636
10
15770
2878
1874
11
825
1874
817
198
2575
20455
17629
13
825
1874
817
20455
17629
13
54535
1467
6963
25
825
1874
817
7314
6453
594
198
2575
4247
3980
911
5515
13931
12519
11165
11
5515
220
98965
594
4247
3980
911
5515
2170
64
1112
320
376
37809
340
2575
8426
82
825
20455
17629
369
279
19827
26
5515
25
1874
9
3218
48
11
8333
51
11
274
17
14205
529
2273
7370
72
1889
11
274
17
14205
451
13407
9021
11
91321
58
17
60
825
1874
817
20455
17629
13
54535
1467
21204
25
54535
1467
21204
25
54535
1467
1367
1112
320
6005
85246
340
2575
3776
19781
17629
817
6961
6200
11
773
264
11858
374
1045
1112
3776
19781
6961
6200
11
1467
21204
25
54535
1467
21204
25
3347
5041
25
3347
5041
25
3347
5041
25
3347
220
99317
66163
7032
11
220
99317
66163
7032
11
220
1467
21204
34862
25
1467
21204
34862
25
15931
32
15614
15266
323
2802
26932
13
15931
32
15614
15266
323
2802
76288
11
76288
11
76288
11
21204
34862
25
1467
21204
21204
34862
25
8426
82
825
20455
17629
1112
8426
82
10521
356
1027
99419
11
10521
356
1027
49083
25
10521
356
1027
99419
11
10521
356
5085
2271
11
5085
2271
11
10521
356
1027
99419
5085
2271
16168
18173
15931
32
15614
15266
323
2802
26932
13
330
51393
356
1027
99419
11
10521
356
1027
99419
11
10521
356
1027
99419
11
21204
34862
25
1467
21204
34862
25
330
51393
356
8918
90826
2075
11
479
83
27223
8
2432
388
479
83
27223
2432
388
342
13721
1112
8918
90826
2075
11
479
83
27223
8
2432
388
479
83
27223
2432
388
342
13721
1112
8918
90826
2075
11
32013
12239
20317
486
4651
64
9021
5043
18098
71294
78432
27362
11
18098
71294
78432
2436
39840
19339
4279
12
1811
11
18098
71294
78432
2436
39840
7168
1112
8918
90826
2075
11
479
83
27223
8
2432
388
479
83
3421
18098
71294
78432
27362
11
18098
71294
84258
25
3421
18098
71294
78432
27362
12454
2090
43146
287
14
14145
1112
84258
25
3421
18098
71294
40257
525
3042
3786
11
678
2326
40257
3042
3786
11
678
2326
40257
3042
3786
11
11499
25
11499
25
11499
25
678
2326
40257
3042
3786
11
678
2326
40257
198
2575
3776
19781
17629
817
14301
25
3776
19781
17629
817
14301
25
3776
19781
13593
3268
11
902
11
902
11
13593
3268
11
902
11
5036
525
356
1027
46925
11
1273
5036
525
356
1027
46925
11
11499
25
11499
25
1273
5036
525
356
1027
5042
25
5042
25
5042
25
4240
25
4240
25
1887
368
39494
311
607
459
486
74
42087
486
29976
16255
1112
1887
368
39494
311
607
459
486
14434
2271
1887
368
39494
311
607
459
486
74
42087
486
29976
16255
1112
