25
825
20455
17629
817
1618
11
825
817
198
2575
8751
25760
13480
486
16461
21240
1140
13
220
8426
82
279
19781
17629
1565
2153
63
369
279
19827
11
79450
4566
198
2575
8751
25760
13480
486
16461
21240
4024
6589
1141
8
4566
14940
10809
48606
13480
624
2575
8426
82
19781
17629
1565
2153
63
3468
6337
8980
1229
11
79450
4566
14940
10809
48606
5785
2038
82700
510
322
2924
14
495
459
14100
42087
76699
4322
1749
6453
481
393
17
808
18
25
279
13931
6203
7314
624
2289
322
264
6193
8472
73686
11641
2348
23970
15087
11
5779
6845
288
817
6193
11
323
279
6203
9996
374
14299
1402
49543
198
322
320
101961
13
101130
18831
2687
389
220
21
35526
11
14838
6200
1760
4558
6896
8
773
279
7314
594
11419
374
537
311
387
264
27606
198
322
330
1023
12571
328
91745
10053
1
504
393
17
808
16168
25
518
3245
220
99317
66163
13593
5048
11
30070
11
91689
6042
13
3411
825
46536
2038
2504
13
13646
32559
9809
382
8855
2038
82700
510
322
2924
14
721
12
52751
14
495
459
14
1112
320
721
12
52751
14
495
459
14
1112
49148
25
2924
14
495
459
14100
42087
76699
4322
1749
6453
481
393
17
25
279
13931
6203
7314
624
322
2924
14
721
12
52751
14
2343
6453
481
393
17
808
18
25
279
13931
6203
13664
1455
754
9750
11502
448
7162
1786
11428
287
8185
320
11154
671
100104
5046
4292
322
2924
14
20157
91
77
30979
91
19339
4279
12
1811
26
678
2326
40257
525
3042
3786
624
322
2924
14
1983
374
825
220
102636
15245
3409
1565
20157
760
308
30979
760
1922
7808
264
3717
374
264
41554
1172
49759
369
279
16328
279
11858
38518
369
11
16328
1786
11428
287
8185
320
11154
671
14
100104
5046
4292
322
2924
14
495
459
14100
42087
76699
4322
1749
6453
481
393
17
808
18
9750
11502
25
1565
6108
53896
46648
369
2814
418
77
3567
678
7337
41994
26
264
11858
429
3937
311
6084
374
2058
29877
438
41994
979
432
61135
11
773
1449
3717
23313
1181
7162
25
1565
1983
63
374
825
220
102636
15245
3409
1565
49148
25
2924
14
45837
1455
754
9750
11502
448
7162
1786
3612
2249
8185
320
11154
671
100104
5046
4292
322
2924
14
1983
284
16328
760
308
30979
760
220
15
11
1968
284
16328
760
2699
220
100933
496
103302
284
1922
9468
220
15
496
99082
11
1922
304
9468
220
15
496
99082
11
1922
304
9468
220
15
496
4651
64
9021
25
18098
71294
78432
27362
11
18098
71294
78432
27362
11
18098
71294
78432
817
2436
11
18098
71294
71294
78432
817
2436
2436
39840
19339
4279
12
1811
26
678
2326
40257
18098
71294
78432
817
2436
11
18098
71294
78432
817
330
24526
71294
25
825
20455
17629
817
1618
11
825
817
198
2575
8751
25760
13480
486
16461
21240
1140
13
220
8426
82
279
19781
17629
1565
2153
63
369
279
19827
11
79450
4566
198
2575
8751
25760
13480
486
16461
21240
4024
6589
1141
8
4566
14940
10809
48606
13480
624
2575
8426
82
19781
17629
1565
2153
63
3468
6337
8980
1229
11
79450
4566
14940
10809
48606
5785
2038
82700
510
322
2924
14
495
459
14100
42087
76699
4322
1749
6453
481
393
17
808
18
25
279
13931
6203
7314
624
2289
322
264
6193
8472
73686
11641
2348
23970
15087
11
5779
6845
288
817
6193
11
323
279
6203
9996
374
14299
1402
49543
198
322
320
101961
13
101130
18831
2687
389
220
21
35526
11
14838
6200
1760
4558
6896
8
773
279
7314
594
11419
374
537
311
387
264
27606
198
322
330
1023
12571
328
91745
10053
1
504
393
17
808
16168
25
518
3245
220
99317
66163
13593
5048
11
30070
11
91689
6042
13
3411
825
46536
2038
2504
13
13646
32559
9809
382
8855
2038
82700
510
322
2924
14
721
12
52751
14
495
459
14
1112
320
721
12
52751
14
495
459
14
1112
49148
25
2924
14
495
459
14100
42087
76699
4322
1749
6453
481
393
17
25
279
13931
6203
7314
624
322
2924
14
721
12
52751
14
2343
6453
481
393
17
808
18
25
279
13931
6203
13664
1455
754
9750
11502
448
7162
1786
11428
287
8185
320
11154
671
100104
5046
4292
322
2924
14
20157
91
77
30979
91
19339
4279
12
1811
26
678
2326
40257
525
3042
3786
624
322
2924
14
1983
374
825
220
102636
15245
3409
1565
20157
760
308
30979
760
1922
7808
264
3717
374
264
41554
1172
49759
369
279
16328
279
11858
38518
369
11
16328
1786
11428
287
8185
320
11154
671
14
100104
5046
4292
322
2924
14
495
459
14100
42087
76699
4322
1749
6453
481
393
17
808
18
9750
11502
25
1565
6108
53896
46648
369
2814
418
77
3567
678
7337
41994
26
264
11858
429
3937
311
6084
374
2058
29877
438
41994
979
432
61135
11
773
1449
3717
23313
1181
7162
25
1565
1983
63
374
825
220
102636
15245
3409
1565
49148
25
2924
14
45837
1455
754
9750
11502
448
7162
1786
3612
2249
8185
320
11154
671
100104
5046
4292
322
2924
14
1983
284
16328
760
308
30979
760
220
15
11
1968
284
16328
760
2699
220
100933
496
103302
284
1922
9468
220
15
496
99082
11
1922
304
9468
220
15
496
99082
11
1922
304
9468
220
15
496
4651
64
9021
25
18098
71294
78432
27362
11
18098
71294
78432
27362
11
18098
71294
78432
817
2436
11
18098
71294
71294
78432
817
2436
2436
39840
19339
4279
12
1811
26
678
2326
40257
18098
71294
78432
817
2436
11
18098
71294
78432
817
330
24526
71294
25
825
20455
17629
817
1618
11
825
817
198
2575
8751
25760
13480
486
16461
21240
1140
13
220
8426
82
279
19781
17629
1565
2153
63
369
279
19827
11
79450
4566
198
2575
8751
25760
13480
486
16461
21240
4024
6589
1141
8
4566
14940
10809
48606
13480
624
2575
8426
82
19781
17629
1565
2153
63
3468
6337
8980
1229
11
79450
4566
14940
10809
48606
5785
2038
82700
510
322
2924
14
495
459
14100
42087
76699
4322
1749
6453
481
393
17
808
18
25
279
13931
6203
7314
624
2289
322
264
6193
8472
73686
11641
2348
23970
15087
11
5779
6845
288
817
6193
11
323
279
6203
9996
374
14299
1402
49543
198
322
320
101961
13
101130
18831
2687
389
220
21
35526
11
14838
6200
1760
4558
6896
8
773
279
7314
594
11419
374
537
311
387
264
27606
198
322
330
1023
12571
328
91745
10053
1
504
393
17
808
16168
25
518
3245
220
99317
66163
13593
5048
11
30070
11
91689
6042
13
3411
825
46536
2038
2504
13
13646
32559
9809
382
8855
2038
82700
510
322
2924
14
721
12
52751
14
495
459
14
1112
320
721
12
52751
14
495
459
14
1112
49148
25
2924
14
495
459
14100
42087
76699
4322
1749
6453
481
393
17
25
279
13931
6203
7314
624
322
2924
14
721
12
52751
14
2343
6453
481
393
17
808
18
25
279
13931
6203
13664
1455
754
9750
11502
448
7162
1786
11428
287
8185
320
11154
671
100104
5046
4292
322
2924
14
20157
91
77
30979
91
19339
4279
12
1811
26
678
2326
40257
525
3042
3786
624
322
2924
14
1983
374
825
220
102636
15245
3409
1565
20157
760
308
30979
760
1922
7808
264
3717
374
264
41554
1172
49759
369
279
16328
279
11858
38518
369
11
16328
1786
11428
287
8185
320
11154
671
14
100104
5046
4292
322
2924
14
495
459
14100
42087
76699
4322
1749
6453
481
393
17
808
18
9750
11502
25
1565
6108
53896
46648
369
2814
418
77
3567
678
7337
41994
26
264
11858
429
3937
311
6084
374
2058
29877
438
41994
979
432
61135
11
773
1449
3717
23313
1181
7162
25
1565
1983
63
374
825
220
102636
15245
3409
1565
49148
25
2924
14
45837
1455
754
9750
11502
448
7162
1786
3612
2249
8185
320
11154
671
100104
5046
4292
322
2924
14
1983
284
16328
760
308
30979
760
220
15
11
1968
284
16328
760
2699
220
100933
496
103302
284
1922
9468
220
15
496
99082
11
1922
304
9468
220
15
496
99082
11
1922
304
9468
220
15
496
4651
64
9021
25
18098
71294
78432
27362
11
18098
71294
78432
27362
11
18098
71294
78432
817
2436
11
18098
71294
71294
78432
817
2436
2436
39840
19339
4279
12
1811
26
678
2326
40257
18098
71294
78432
817
2436
11
18098
71294
78432
817
330
24526
71294
