25
1874
9
102636
10
15770
2878
1874
11
11165
1874
9
102636
10
15770
198
2575
825
5980
2878
1874
11
825
5980
2878
1874
11
825
5980
2878
1874
11
6042
1977
330
603
5980
2878
1874
198
2575
220
101961
13
101130
18831
2687
5515
13931
12519
25
1874
9
102636
10
603
5980
2878
1874
11
6042
1977
330
6005
6818
287
19781
17629
198
4074
9
102636
10
603
5980
2878
7364
198
4074
9
7364
198
4074
9
102636
10
7364
198
12158
198
4074
9
102636
10
603
5980
2878
1874
11
825
5980
220
101961
13
101130
18831
2687
49083
6042
1977
330
101961
13
49148
374
49083
448
49083
6042
1977
330
101961
13
101130
18831
220
101961
13
25
1874
9
102636
10
15770
11
1874
9
16
1112
19
11
1874
9
15770
198
2575
5515
13931
12519
25
1874
9
102636
10
15770
11
1874
9
16
1112
19
11
1874
9
20651
54
11165
25
1874
9
102636
10
15770
11
1874
9
16
1112
19
11
4778
5239
198
2575
20651
54
11165
25
1874
9
102636
10
2413
64
2436
220
15
594
393
12
7701
11
20651
54
25
1874
9
102636
10
2413
64
2436
220
20651
54
25
1874
9
9862
3769
594
198
2575
8426
82
825
20455
17629
369
279
19827
26
5515
13931
12519
25
1874
9
102636
10
15770
11
81028
362
12766
828
97953
3567
4183
362
198
2575
4629
3980
2727
330
25
1874
9
102636
488
17629
3419
4351
11
11165
198
13156
25
1874
9
102636
488
17629
3419
4351
11
11165
154842
785
3383
518
1424
25
279
1196
17045
369
264
356
1027
99419
5085
2271
16168
18173
15931
32
15614
15266
323
2802
26932
11
448
30070
11
518
3245
220
99317
66163
13593
5048
11
91689
6042
11
323
825
46536
2038
2504
13
576
5785
49148
374
279
13931
6203
7314
4247
11
892
33683
1565
73712
12239
20317
63
448
264
1565
4651
64
9021
63
2036
1959
330
1955
39840
19339
4279
12
1811
26
678
2326
40257
525
3042
3786
1
1959
323
1565
2413
64
58
17
60
28487
2938
374
279
15931
32
15614
15266
9207
25
264
