25
1874
9
102636
488
2699
2878
279
17629
1874
624
2575
1913
14330
11
5575
3062
16461
2649
13480
11253
25
5575
3062
16461
2649
13480
11253
25
5575
3062
16461
6203
9996
374
14299
1402
49543
320
10637
14
13630
8737
21274
444
24
25
220
7364
37463
11
476
279
9996
374
14299
1402
49543
25
220
7364
37463
11
6042
525
7364
37463
11
476
279
220
101961
13
13105
8737
21274
444
24
25
220
101961
13
101130
18831
2687
389
220
21
35526
11
14838
6200
1760
4558
6896
13
220
101961
13
101130
18831
2621
1112
220
101961
13
15931
32
2436
39840
19339
4279
12
19339
4279
12
1811
25
678
2326
40257
525
3042
3786
13
220
101961
13
25
1874
9
102636
10
15770
2878
1874
11
1874
9
102636
10
15770
198
3379
82
825
20455
17629
369
279
1196
26
5515
13931
12519
25
1874
9
102636
10
15770
2878
1874
11
1874
9
102636
10
198
3379
82
825
20455
17629
369
279
19827
26
4629
917
25
5515
13931
12519
25
1874
9
102636
10
15770
2878
1874
11
1874
9
102636
10
15770
2878
1874
11
1874
9
98886
10
15770
2878
1874
11
1874
9
98886
10
15770
11
1874
9
98886
10
15770
2878
1874
11
1874
9
98886
10
198
3379
82
825
20455
17629
6589
369
279
444
24
4629
917
25
5515
13931
444
24
4629
917
25
5515
13931
444
24
13841
14
13630
8737
25
1874
9
102636
10
15770
2878
1874
11
1874
9
102636
10
15770
198
2575
13665
11165
25
1874
9
102636
10
15770
11
1874
9
102636
3980
25
1874
9
102636
10
15770
11
1874
9
17
9
102636
10
15770
11
1874
9
17
9
102636
10
3218
48
374
264
19339
198
2575
3218
48
374
264
19339
220
17
15245
16999
53592
10267
1506
15087
320
17
15245
10267
2022
11
8333
51
11206
304
264
10141
3241
4292
2414
48
374
264
19339
220
17
15245
16999
53592
3218
48
374
264
19339
220
7364
79
1112
7364
79
1112
7364
79
1112
7364
79
1112
7364
79
1112
7364
79
1112
7314
6453
4247
3980
7364
79
1112
7364
79
1112
