25
825
20455
17629
817
1618
11
825
817
198
2575
5232
87
22885
1649
35
66
33
74375
198
2575
5232
87
22885
1649
35
66
33
74375
198
2575
4629
25
825
20455
17629
817
1618
11
659
71
602
25
825
20455
17629
1212
264
79450
13931
2573
6589
198
2575
5232
87
22885
2271
35
66
33
74375
198
2575
3168
13162
58918
3495
3424
362
50203
3580
6643
71488
480
198
2575
3168
13162
84407
198
2575
3168
13162
84407
198
3653
78
198
3653
78
198
3653
78
198
3653
5085
2271
198
3653
5085
2271
198
3653
5085
2271
198
3653
5085
2271
198
3653
5085
2271
198
3653
5085
14439
198
3653
5085
14439
198
3653
5085
14439
198
3653
25
79450
11
1874
9
102636
10
15770
2878
1874
624
4074
486
6855
25760
13480
3293
10809
48606
13480
17665
486
6855
25760
13480
486
34
5584
1649
11800
11
1807
79450
11260
11
1807
79450
11260
11
1807
79450
11260
11
1807
79450
11260
11
1807
79450
11260
11
1807
79450
11260
11
1807
308
15770
28
16
11
1807
308
15770
28
16
11
1807
308
15770
28
1112
317
4074
486
6855
25760
13480
3293
10809
48606
13480
18816
317
4074
486
6855
43678
20609
34
5584
1649
11800
11
1807
79450
11260
11
2503
317
4074
486
6855
25760
13480
3293
10809
48606
13480
41602
486
6855
25760
13480
486
34
5584
1649
11800
11
1807
32559
25
1807
32559
25
1807
32559
25
825
20455
17629
284
1874
9
102636
488
13665
624
2575
5515
220
98965
594
17967
678
4351
40410
25
5515
220
98965
594
17967
678
4351
40410
25
5515
220
98965
594
198
2575
3175
13931
2573
448
220
102636
462
4837
817
1874
11
220
102636
462
4837
11572
5203
11
11572
5203
11
11572
5203
11
11499
198
2575
5515
220
654
7082
101175
19363
25
5515
9320
7082
101175
861
220
102636
462
4837
13931
12519
16150
36400
438
1874
9
102636
10
15770
284
1874
9
102636
10
15
496
103302
198
2575
5515
220
5515
220
57627
266
198
2575
5515
220
57627
266
6673
4589
14
4872
4589
14
4872
4589
671
99951
17
24913
13931
25
393
12
7701
