25
825
20455
17629
817
1618
11
825
817
198
2575
8751
25760
13480
3255
13
220
5515
25
825
20455
17629
220
15
496
122300
320
15
496
122300
8
20455
17629
220
16
496
122300
320
15
496
10080
198
2575
17629
451
12
16
10080
17629
451
12
16
5737
9
102636
10
47
11
5737
9
49148
25
279
49148
374
59341
5099
1331
18351
304
279
5785
11
5099
1331
18351
304
279
5785
11
5099
1331
5085
2271
16168
18173
15931
32
15614
15266
323
2802
26932
13
17187
2038
82700
510
322
2924
14
495
459
14100
42087
76699
4322
1749
6453
481
393
17
808
18
25
279
13931
6203
7314
624
2289
322
362
6193
8472
73686
11641
2348
25
825
20455
17629
817
1618
11
825
817
198
2575
8751
25760
13480
3255
13
220
5515
25
825
20455
17629
220
15
496
122300
320
15
496
122300
8
20455
17629
220
16
496
122300
320
15
496
10080
198
2575
17629
451
12
16
10080
17629
451
12
16
5737
9
102636
10
47
11
5737
9
49148
25
279
49148
374
59341
5099
1331
18351
304
279
5785
11
5099
1331
18351
304
279
5785
11
5099
1331
5085
2271
16168
18173
15931
32
15614
15266
323
2802
26932
13
17187
2038
82700
510
322
2924
14
495
459
14100
42087
76699
4322
1749
6453
481
393
17
808
18
25
279
13931
6203
7314
624
2289
322
362
6193
8472
73686
11641
2348
25
825
20455
17629
817
1618
11
825
817
198
2575
8751
25760
13480
3255
13
220
5515
25
825
20455
17629
220
15
496
122300
320
15
496
122300
8
20455
17629
220
16
496
122300
320
15
496
10080
198
2575
17629
451
12
16
10080
17629
451
12
16
5737
9
102636
10
47
11
5737
9
49148
25
279
49148
374
59341
5099
1331
18351
304
279
5785
11
5099
1331
18351
304
279
5785
11
5099
1331
5085
2271
16168
18173
15931
32
15614
15266
323
2802
26932
13
17187
2038
82700
510
322
2924
14
495
459
14100
42087
76699
4322
1749
6453
481
393
17
808
18
25
279
13931
6203
7314
624
2289
322
362
6193
8472
73686
11641
2348
