25
825
20455
17629
284
1874
9
102636
10
15770
624
4074
842
528
1874
842
528
1112
320
376
37809
340
2575
8426
82
825
20455
17629
369
279
19827
26
5515
13931
12519
25
825
7314
11858
594
6200
374
1874
9
102636
10
15770
624
4074
842
528
1874
842
528
1112
320
376
37809
340
2575
8426
82
3239
480
17629
369
279
10080
594
1973
320
15
496
77
12
16
330
30139
17629
1
220
15
496
77
45466
220
15
496
77
45466
220
15
496
13156
25
1874
9
102636
10
15770
11
14330
25
2699
600
284
19781
17629
600
11
14330
25
2699
600
284
19781
17629
600
11
14330
25
13664
25
2699
600
284
1379
220
8333
45
40353
220
8333
45
40353
220
8333
45
2414
48
11
8333
45
2414
48
11
8333
45
1282
82
35
1112
320
376
19293
17629
369
279
5785
2038
49148
374
1874
9
102636
10
15770
11
14330
25
2699
600
284
1874
9
102636
10
15770
11
14330
25
2699
5085
2271
16168
18173
15931
32
15614
15266
323
2802
26932
13
17187
2038
82700
510
4074
842
528
1874
842
528
1112
320
376
37809
340
2575
8426
82
825
20455
17629
369
279
19827
26
5515
13931
12519
25
825
20455
17629
284
1874
9
73712
12239
20317
10517
64
16117
936
24526
71294
78432
525
2436
39840
19339
4279
12
1811
320
47
17
808
18
15931
32
946
21460
25
2436
435
594
4279
12
1811
525
279
2436
594
1828
5820
11
2436
435
594
4279
12
1811
525
279
2436
594
1828
5820
11
2436
435
594
3769
594
18098
71294
78432
525
279
2436
594
1828
5820
11
2436
435
594
3769
594
23966
1112
320
376
37809
340
73712
12239
20317
10517
64
16117
936
24526
71294
78432
27362
525
2436
39840
19339
4279
12
1811
320
47
17
808
18
15931
32
946
21460
25
2436
220
15
594
4279
12
1811
525
279
3769
594
18098
71294
78432
5820
11
2436
220
15
594
4279
12
1811
525
279
3769
594
24592
3553
11
2436
220
15
594
3769
594
18098
71294
78432
2176
1459
1119
279
3769
594
24592
3553
11
2436
220
15
594
3769
594
18098
71294
78432
2176
1459
1119
279
3769
594
24592
3553
11
2436
220
15
594
472
47601
525
279
3769
594
472
47601
525
279
3769
594
700
14184
60
47601
525
279
3769
594
700
14184
60
47601
525
279
57227
25
2436
220
15
594
3769
594
18098
71294
78432
2176
1459
1119
279
3769
594
19339
4279
12
1811
525
279
3769
594
24592
3553
11
2436
220
15
594
3769
594
18098
71294
647
9741
40
3769
594
18098
71294
78432
2176
1459
1119
279
3769
594
647
9741
40
3769
594
18098
71294
78432
2176
2266
25
32013
12239
20317
10517
64
16117
936
24526
71294
78432
27362
525
2436
39840
19339
4279
12
1811
320
25
1874
9
102636
10
15770
11
1874
9
16
1112
3783
11
1874
9
16
1112
86776
11
1052
374
198
2575
13665
284
877
1018
220
28261
3403
220
8426
82
825
20455
17629
369
279
19827
26
5515
13931
12519
25
1874
9
102636
10
15770
11
1874
9
16
1112
3783
11
32013
12239
20317
486
4651
64
9021
25
2436
39840
19339
4279
12
1811
26
678
2326
40257
3042
3786
624
2575
8426
82
825
20455
17629
369
264
19827
26
5515
13931
12519
25
1874
9
102636
10
15770
11
1045
28261
3403
220
103302
320
4074
9
102636
10
15770
11
1874
9
16
1112
3783
11
32013
12239
20317
486
4651
64
2436
39840
19339
389
264
220
17
38844
5662
25
2436
39840
19339
4279
12
1811
369
18098
71294
78432
11
678
2326
40257
3042
3786
624
2575
8426
82
825
7364
37463
49148
25
2436
39840
19339
4279
12
7364
37463
49148
25
2436
7364
37463
49148
25
7364
37463
1045
28261
3403
220
103302
320
4074
9
27362
11
389
264
220
17
38844
5662
25
2436
220
15
594
4279
12
1811
3887
389
2436
220
15
14299
1402
11
2436
220
16
594
389
2436
220
16
14299
1402
198
2575
8426
82
825
7364
37463
49148
25
389
264
220
17
2268
534
5662
25
2436
220
15
594
4279
12
13319
3887
389
220
15
14299
1402
91321
58
15
60
18098
71294
78432
4279
12
1811
389
2436
220
15
14299
1402
91321
58
16
60
389
2436
220
304
279
49148
25
389
264
220
17
38844
5662
25
2436
220
1156
9833
7606
4279
12
1811
389
2436
220
15
14299
1402
817
2436
25
2436
220
15
594
4279
12
14299
1402
91321
58
15
60
2436
220
16
594
4279
12
1811
389
2436
220
91689
6042
13
3411
825
46536
1273
1034
13
3411
825
46536
1273
1034
13
835
315
49148
25
389
264
220
7364
37463
49148
25
835
315
49148
25
220
82700
25
389
264
220
17
38844
5662
25
451
13407
9021
25
2436
39840
19339
4279
12
1811
26
678
2326
40257
32013
12239
20317
486
4651
64
9021
25
2436
39840
15931
32
2436
39840
19339
4279
12
8426
82
825
20455
17629
369
264
19827
26
3980
369
1565
2413
64
63
2070
315
32013
12239
20317
486
2413
64
2070
25
389
264
220
17
38844
5662
25
2436
220
15
594
4279
12
1811
3887
304
2436
220
15
14299
1402
11
2436
220
16
594
2618
594
16261
525
97142
5655
1751
311
279
3175
34668
2618
594
320
20442
348
15
13
18
393
21
25
825
6203
369
279
1565
406
63
11206
315
264
1638
481
279
1638
374
279
9270
4680
9248
553
279
9270
4680
26
279
9270
4680
374
9248
553
279
44320
11
3218
48
6094
10267
1506
15087
11
6434
32521
1349
15370
3941
279
6434
32521
1349
9442
369
25
1874
9
102636
10
15770
11
1874
9
220
102636
10
15770
10
16
369
328
8504
13521
198
2575
825
1874
817
328
8504
6716
11
825
1874
817
328
8504
6716
11
825
1874
13665
10
16
320
50
8504
43967
315
13665
8
438
16994
11
825
1874
817
328
14996
198
2575
8426
82
825
20455
17629
369
279
6042
25
5515
13931
12519
25
1874
9
1140
315
20455
36400
11
825
1874
817
328
8504
6716
5203
25
1874
9
102636
10
15770
11
1874
9
102636
10
15770
10
16
311
1281
279
328
8504
43967
16994
2238
320
704
279
9750
11502
594
3717
41554
389
1565
1983
63
374
198
2575
3259
279
328
8504
43967
16994
2238
320
704
279
9750
11502
594
296
7741
279
328
8504
6887
6
1565
10433
63
61168
4268
304
279
1852
6500
1555
438
1565
1983
63
895
1555
11
1852
6500
1555
438
1565
1742
21743
5478
10809
3715
8
3293
21743
5478
10809
3715
8
7364
198
2575
8426
82
825
20455
17629
40410
25
5515
13931
5746
25
1874
9
81028
25
279
3980
2504
2684
49083
553
264
49083
3980
2504
2684
49083
553
1045
3980
2504
2684
49083
553
656
45344
85246
553
656
45344
49083
553
330
1782
9750
11502
594
3717
41554
389
1565
2575
8426
82
825
49083
553
330
1782
21204
374
656
45344
6585
287
25
279
3980
2504
2684
49083
553
1045
3980
2504
2684
49083
553
425
1
279
9750
11502
738
12842
15455
7
9293
5386
486
5842
8
518
4343
14
13643
11
738
12842
15455
7
9293
5386
486
356
1
279
9750
11502
738
12842
5085
2271
16168
18173
15931
32
15614
15266
323
2802
26932
13
29620
30070
11
518
3245
220
99317
66163
13593
5048
11
91689
6042
13
3411
825
46536
2504
13
13646
32559
9809
382
2575
8426
82
825
20455
17629
369
279
9929
594
5785
49148
374
264
49083
3980
2504
25
279
21204
374
656
45344
6585
287
25
279
3980
2504
2684
49083
553
8817
279
49083
3980
3293
21743
5478
10809
3715
8
738
12842
15455
7
3379
82
825
20455
17629
369
279
9929
594
5785
49148
374
264
659
10816
1034
11
264
659
10816
1034
11
264
659
10816
1034
4588
311
3270
264
4583
356
1027
99419
5085
2271
16168
18173
15931
32
15614
15266
323
2802
26932
13
576
5785
49148
374
264
659
10816
1034
11
264
659
10816
1034
11
21204
374
656
45344
6585
287
25
279
16168
1969
387
656
94426
320
541
30070
304
825
1034
701
656
94426
320
541
30070
304
825
1034
701
656
94426
320
9239
504
279
5785
49148
1969
387
312
6810
85538
23425
320
9239
504
279
5785
5785
49148
1969
387
312
6810
85538
23425
320
9239
3218
48
11
8333
51
11
3218
48
11
8333
51
11
3218
48
11
9929
594
5785
49148
1969
387
312
6810
997
