25
825
20455
17629
284
1874
9
102636
10
15770
624
2575
14330
25
825
20455
17629
284
13931
3034
320
2152
1874
11165
389
14330
11
902
1874
9
102636
10
10280
6453
594
8751
25760
13480
11165
198
2575
6042
1977
330
603
20455
17629
284
1874
9
102636
10
15770
1
369
5515
13931
12519
11165
11
1874
9
5785
2038
49148
510
2575
8426
82
825
20455
17629
369
279
19827
26
5515
13931
12519
25
825
20455
17629
284
1874
9
102636
10
7102
11
1874
9
102636
10
15770
198
2575
14330
25
825
20455
17629
284
15931
32
2436
39840
19339
4279
12
1811
26
678
2326
40257
525
3042
3786
624
2575
8426
82
825
20455
17629
369
7364
65
25
825
20455
17629
284
15931
32
2436
39840
19339
4279
12
1811
26
330
603
20455
17629
284
1874
9
102636
10
15770
1
369
5515
13931
7364
65
25
825
2802
315
264
3769
594
6978
11
825
2802
315
264
3769
594
32013
12239
20317
486
4651
64
9021
198
2575
825
2802
315
264
4279
19508
3769
25
825
2802
315
264
3769
594
6978
11
825
2802
315
264
3769
594
6978
11
825
2802
315
9862
8236
74594
13989
30189
198
2575
825
2802
315
264
4279
19508
3769
25
825
2802
315
264
3769
817
2436
11
825
3769
817
2436
11
825
3769
817
1156
47044
3769
198
2575
825
2802
315
264
4279
19508
3644
25
825
3769
817
2436
11
825
3769
817
2436
11
825
3769
7364
65
25
825
2802
315
264
7364
65
25
825
2802
315
24592
5819
11
825
2802
315
14299
1402
198
2575
825
2802
315
7364
65
25
825
2802
315
19132
1402
14
78130
11
825
2802
315
19132
1402
14
13630
8737
21274
444
24
25
220
101961
13
14299
1402
49543
320
10637
14
13630
8737
21274
444
24
25
220
11499
25
330
603
2802
315
264
4279
19508
3769
25
825
2802
315
264
7364
65
25
825
2802
315
419
3769
594
6978
11
825
2802
315
279
3769
594
6978
11
1045
6978
4268
389
2436
220
15
11
1045
389
2436
220
16
11
1045
6978
4268
389
15087
11
1045
6978
4268
389
264
3769
594
6978
11
1045
6978
4268
389
2436
220
15
11
1045
2802
315
264
3769
594
45445
50
25
825
2802
315
264
3769
594
6978
11
825
71807
7798
11
71807
7798
11
71807
6978
4268
389
71807
7798
11
6978
4268
389
71807
7798
11
946
21460
25
6978
4268
389
1156
47044
3769
946
21460
25
6978
4268
389
71807
7798
11
946
21460
25
6978
19781
2802
435
11829
389
2436
320
81
1018
220
17
701
19781
2802
435
11829
389
2114
2436
284
435
1018
220
17
11
2114
2436
284
435
19781
2802
435
11829
389
2436
320
81
1018
220
5117
2436
284
435
572
20164
389
2436
220
15
476
220
1156
25
1874
9
102636
10
15770
11
1874
9
17629
2878
1874
198
2575
320
4074
9
102636
10
15770
11
1874
9
17629
2878
1874
8
481
279
20455
17629
374
1874
9
102636
10
15770
284
220
21
9
102636
10
18
284
220
100919
22
11
1874
9
15770
284
220
21
9
32013
12239
20317
486
4651
64
9021
198
1235
8751
25760
13480
3293
11661
49805
1548
13665
317
6855
25760
13480
3293
11661
49805
1548
13665
8
341
262
8751
25760
13480
7872
284
3239
10809
48606
13480
543
262
421
320
10280
6453
25
393
17
808
1742
11661
49805
61197
8
3796
10809
48606
13480
7
2649
13480
317
262
49148
3931
518
220
1045
1459
5099
33587
11
3931
518
1045
1459
5099
33587
11
1378
5746
3931
5099
33587
11
1378
5746
3931
5099
33587
11
330
1742
11661
10809
1112
788
330
1742
11661
10809
21167
3931
5099
33587
11
330
1742
11661
10809
1112
788
330
2304
1112
788
330
2304
21167
3931
5099
61714
795
11
330
1742
11661
10809
1112
788
330
7314
6453
25
393
17
808
18
3293
11661
49805
25
5515
13931
12519
25
1874
9
102636
10
17187
2038
82700
510
1235
8751
25760
13480
2036
8751
25760
8855
2038
82700
510
1235
8751
25760
13480
2036
8751
25760
8855
2038
7102
25
2038
7102
25
2036
8751
25760
13480
2036
8751
25760
8855
2038
7102
25
7364
37463
4846
277
37463
2038
7102
25
7364
37463
4846
7364
37463
4846
277
37463
7364
37463
4846
277
37463
2038
7102
25
7364
37463
4846
277
37463
2038
6042
10334
279
2038
11
91689
6042
10334
279
2038
11
91689
6042
3168
13162
58918
3495
3424
362
50203
3580
6643
5785
2038
82700
510
1235
8751
25760
30070
11
518
3245
220
99317
66163
13593
5048
11
30070
11
518
2802
26932
25
2802
26932
11
518
3245
220
1196
1681
25
9641
264
4583
356
1027
99419
5085
2271
16168
18173
15931
32
15614
15266
323
2802
26932
13
32755
25
15931
32
15614
15266
323
2802
26932
13
32755
25
7364
37463
4846
277
37463
2038
7102
25
7364
37463
4846
277
37463
2038
7102
25
7364
4494
25
7364
4494
25
7364
4494
25
7364
32013
12239
20317
486
4651
64
9021
11
8751
25760
13480
11
8751
25760
13480
11
8751
25760
8855
2038
7102
25
7364
37463
4846
1742
11661
49805
11
3293
11661
16657
25
7364
16657
25
607
459
486
74
84448
291
13338
25
84448
291
1565
73712
12239
20317
486
4651
64
9021
7808
1565
6855
25760
13480
63
4494
25
1565
73712
12239
20317
3769
594
91718
320
1782
6193
594
1565
4083
30815
1819
63
6018
39840
19339
4279
12
1811
26
678
2326
40257
525
4279
12
1811
26
678
2326
40257
525
3042
3786
13
6018
39840
4279
12
1811
525
19339
4279
12
1811
26
678
2326
40257
525
3042
3786
13
6018
39840
6203
23339
6789
25
825
220
16
25
1874
9
102636
10
15770
13
1874
9
102636
10
15770
11165
25
1874
9
102636
10
15770
198
2575
825
20455
17629
369
279
19827
26
5515
13931
12519
25
1874
9
6203
9996
374
14299
1402
49543
25
220
101961
13
101130
18831
2687
389
220
6042
198
2575
8426
82
825
20455
17629
369
7364
198
2575
8426
82
7314
7337
323
279
3468
6337
389
279
7314
594
5662
25
7337
389
19781
36400
220
15
496
20
320
603
817
198
2575
7337
323
279
7364
198
2575
8426
82
7314
14554
323
279
7364
198
2575
81028
4183
362
431
1718
11
1576
264
7314
5990
5780
4969
518
9750
25
264
11858
646
2058
387
4766
279
23661
6337
1283
1181
1034
198
2575
81028
4183
362
431
331
198
2575
81028
4183
12766
828
97953
11
1576
264
6193
374
264
22048
553
8085
481
279
7177
2581
9977
803
1091
825
7162
11
773
264
198
2575
2070
198
2575
81028
4183
362
431
1718
25
264
6193
374
264
6203
9996
374
14299
1402
5290
6203
5820
369
279
3155
198
2575
81028
4183
362
431
776
198
2575
81028
4183
3218
48
11
3218
48
374
279
10267
1506
15087
943
504
6203
6453
26
3218
48
374
279
472
1737
318
10267
1506
15087
11
472
1737
318
198
2575
81028
4183
3218
48
11
3218
48
374
279
17993
8333
51
11
472
11
8333
51
11
472
11
17993
8333
51
11
17993
8333
51
11
34333
198
2575
3218
48
374
279
10267
1506
526
23
91718
11
472
1737
318
198
2575
81028
4183
3218
48
11
3218
48
374
279
1931
943
504
6203
6453
11
279
10267
1506
526
23
526
23
91718
11
431
776
198
2575
3218
48
3218
48
198
2575
81028
4183
3218
48
18357
11
3218
48
374
279
10267
1506
1931
943
11
472
1737
318
5785
198
2575
451
13407
9021
25
6018
39840
19339
4279
12
1811
26
678
2326
40257
3786
624
2575
451
13407
2436
39840
19339
4279
12
1811
26
678
7364
198
2575
32013
12239
20317
1253
531
74594
8236
74594
13989
9862
3769
594
91718
11
825
817
32013
12239
20317
486
4651
64
9021
198
2575
32013
12239
2618
594
1922
369
49101
198
2575
8428
537
264
10053
25
6193
374
264
22048
553
8085
11
7177
9977
518
3245
220
99317
66163
13593
5048
518
3245
220
99317
66163
13593
13593
198
2575
8428
537
264
2802
26932
25
2802
26932
198
10229
537
264
2802
26932
25
2802
26932
198
10229
537
264
2802
472
14
17
6978
817
2436
11
472
14
17
6978
315
279
18098
71294
78432
40257
11
472
14
17
6978
315
279
18098
71294
78432
2436
39840
19339
4279
12
651
198
10229
537
264
472
14
17
6978
817
2436
11
472
14
17
26932
25
2802
26932
198
10229
537
264
15931
32
2802
26932
25
2802
26932
