25
1874
9
102636
10
15770
11
1874
9
16
1112
902
3783
11
1874
9
102636
10
15770
374
279
49148
594
11165
25
1874
9
102636
10
5333
25
1874
9
102636
10
15770
11165
25
1874
9
16
1112
1077
752
1349
279
49148
25
1874
9
102636
10
15770
11165
25
1874
9
102636
10
9001
1112
1077
752
1874
9
102636
10
2649
13480
1112
1874
9
15
1112
1874
9
1140
25
1874
9
102636
10
15770
11165
25
1874
9
15614
15266
323
2802
26932
13
29620
30070
11
518
15931
32
15614
15266
323
2802
26932
13
17187
2038
82700
510
322
2924
14
495
459
14100
42087
76699
4322
1749
6453
481
393
17
808
18
25
279
13931
25
1874
9
102636
10
15770
2878
1874
11
1874
9
102636
10
15770
10
102636
198
2575
19781
43967
2878
1874
13
3776
20455
17629
25
1874
9
102636
10
15770
11
1874
9
40857
2808
1695
608
220
102636
488
13665
488
1874
9
40857
2808
1695
608
220
6042
198
2575
3776
20455
17629
25
1874
9
102636
10
15770
11
1874
9
102636
10
25064
1112
320
1782
49148
594
3980
374
59341
304
279
59341
3980
198
2575
3776
20455
17629
25
2036
8751
25760
13480
2036
8751
25760
376
667
8751
25760
13480
2036
8751
659
220
320
1782
49148
594
1273
1034
5785
25
7032
14
495
459
14100
42087
76699
4322
1749
5958
7208
481
7032
14
495
1944
14
25
1874
9
102636
10
15770
11
1874
9
102636
10
15770
10
102636
320
50
8504
43967
340
48829
825
20455
17629
369
279
3980
198
2575
8426
82
825
20455
17629
369
279
19827
26
5515
13931
12519
25
1874
9
102636
9
102636
10
15770
320
50
8504
43967
8
48829
825
7364
37463
198
2575
8426
82
825
20455
17629
369
279
5785
198
2575
8426
82
825
20455
7314
369
279
7364
37463
5785
198
12158
37463
198
2575
8426
82
825
20455
17629
369
279
5785
198
2575
8426
82
825
20455
17629
369
97142
198
2575
8426
82
825
20455
17629
369
330
1782
5785
698
2575
8426
82
17712
369
279
5785
198
2575
8426
82
825
20455
17629
369
