25
1874
9
102636
10
15770
2878
1874
11
11165
198
2575
1874
9
102636
10
15770
11
1874
9
102636
10
15770
11
1874
29
16
11392
1874
9
102636
10
15770
488
220
16
2699
369
1874
29
16
4960
2699
13
5515
13931
12519
16150
1874
9
102636
10
15770
11
1874
29
16
11392
488
16
4960
2699
13
5515
13931
36400
3403
220
49148
25
154842
19397
32559
9809
13
5430
25
3270
264
4583
356
1027
99419
5085
2271
16168
18173
15931
32
15614
15266
323
2802
26932
11
448
30070
11
61711
99317
66163
13593
82
11
6042
11
825
46536
2504
382
25062
287
25
576
49148
4933
1565
73712
12239
20317
486
4651
64
9021
63
1959
2436
39840
25
825
20455
17629
284
1874
9
102636
488
13665
624
1874
9
102636
10
15770
11165
25
1874
9
102636
861
220
103302
3363
330
541
5203
1
678
4351
40410
11
1874
9
102636
10
15770
861
220
103302
3363
330
541
5203
1
678
4351
40410
198
2575
1874
9
102636
10
15770
861
220
103302
25
678
4351
40410
11
1874
9
98668
10
15770
11165
25
1874
9
98668
10
15770
861
220
24
3363
330
541
5203
1
10080
1973
198
2575
1874
9
98668
10
15770
17629
6589
25
1874
9
98668
10
49148
25
1874
9
98668
10
15770
861
220
24
861
220
24
3363
330
5785
25
1874
9
2414
48
11
8333
51
11
472
11
472
25
825
20455
17629
817
1618
11
825
817
198
2575
5232
7423
1649
22885
852
819
11
5232
7423
1649
22885
852
819
5333
13
5515
13931
12519
25
825
20455
17629
198
6042
25
6042
3909
271
322
2924
14
495
459
14100
42087
76699
4322
1749
6453
481
393
17
808
18
25
279
13931
6203
7314
624
2289
322
1034
6042
3909
198
322
1034
6042
3909
198
322
1034
6042
3909
198
322
1034
6042
481
279
5785
82700
6644
6042
911
15931
32
2802
26932
11
2802
26932
11
15931
32
2802
26932
11
2802
26932
11
279
5785
82700
6644
6042
911
15931
32
2802
26932
11
330
1782
5785
82700
6644
6042
911
15931
64
2802
26932
11
330
1782
