RMSNorm max scaled error=9.88845e-08
RMSNorm rows max scaled error=9.88845e-08
LayerNorm max scaled error=3.50993e-07
asymmetric SwiGLU clamp max scaled error=1.33551e-07
unbiased route weights max scaled error=3.84014e-08
routing boundary weights max scaled error=6.81196e-08
routing boundary weights max scaled error=0
routing boundary weights max scaled error=3.93597e-08
routing boundary weights max scaled error=0
routing boundary weights max scaled error=2.31499e-08
routing boundary weights max scaled error=0
routing boundary weights max scaled error=2.10144e-08
routing boundary weights max scaled error=0
routing boundary weights max scaled error=2.3657e-08
routing boundary weights max scaled error=0
routing boundary weights max scaled error=2.07978e-08
routing boundary weights max scaled error=0
routing boundary weights max scaled error=2.36578e-08
routing boundary weights max scaled error=0
routing boundary weights max scaled error=3.77533e-08
routing boundary weights max scaled error=0
routing boundary weights max scaled error=2.27026e-08
routing boundary weights max scaled error=0
routing boundary weights max scaled error=3.82617e-08
routing boundary weights max scaled error=0
routing boundary weights max scaled error=2.14155e-08
routing boundary weights max scaled error=0
mHC coefficients max scaled error=4.64277e-08
mHC collapse max scaled error=0
in-place mHC residual max scaled error=2.519e-07
hyper head max scaled error=1.34021e-07
KDA conv max scaled error=1.00795e-07
conv history max scaled error=0
KDA gate max scaled error=1.87289e-07
KDA output max scaled error=1.09901e-08
KDA state max scaled error=4.68645e-08
KDA conv max scaled error=7.94607e-08
conv history max scaled error=0
KDA gate max scaled error=1.54983e-07
KDA output max scaled error=1.01557e-08
KDA state max scaled error=8.631e-08
KDA conv max scaled error=1.20466e-07
conv history max scaled error=0
KDA gate max scaled error=1.6746e-07
KDA output max scaled error=7.37685e-09
KDA state max scaled error=9.48026e-08
KDA conv max scaled error=1.4538e-07
conv history max scaled error=0
KDA gate max scaled error=1.50902e-07
KDA output max scaled error=9.2716e-09
KDA state max scaled error=9.61049e-08
KDA conv max scaled error=1.20871e-07
conv history max scaled error=0
KDA gate max scaled error=1.69767e-07
KDA output max scaled error=1.09685e-08
KDA state max scaled error=6.89246e-08
KDA conv max scaled error=1.05563e-07
conv history max scaled error=0
KDA gate max scaled error=1.40772e-07
KDA output max scaled error=7.40633e-09
KDA state max scaled error=6.77082e-08
KDA conv max scaled error=1.14757e-07
conv history max scaled error=0
KDA gate max scaled error=1.48706e-07
KDA output max scaled error=1.08939e-08
KDA state max scaled error=7.87418e-08
KDA conv max scaled error=8.59301e-08
conv history max scaled error=0
KDA gate max scaled error=1.54044e-07
KDA output max scaled error=1.4424e-08
KDA state max scaled error=7.95115e-08
KDA sigmoid output gate max scaled error=1.92599e-07
learned per-channel pool max scaled error=4.06646e-08
IndexPool scores max scaled error=8.94901e-08
long-context IndexPool budget and ties passed
absorbed NoPE MLA max scaled error=2.8197e-07
GLM primitive parity passed
