STAGING compact=1 slot_MiB=140
FLOATING_Q8 tensor=blk.0.hc_attn_fn source_type=0 MiB=0.398438
FLOATING_Q8 tensor=blk.0.hc_ffn_fn source_type=0 MiB=0.398438
FLOATING_Q8 tensor=blk.1.hc_attn_fn source_type=0 MiB=0.398438
FLOATING_Q8 tensor=blk.1.hc_ffn_fn source_type=0 MiB=0.398438
FLOATING_Q8 tensor=blk.10.hc_attn_fn source_type=0 MiB=0.398438
FLOATING_Q8 tensor=blk.10.hc_ffn_fn source_type=0 MiB=0.398438
FLOATING_Q8 tensor=blk.11.attn_k_b.weight source_type=12 MiB=8.5
FLOATING_Q8 tensor=blk.11.attn_v_b.weight source_type=12 MiB=8.5
FLOATING_Q8 tensor=blk.11.hc_attn_fn source_type=0 MiB=0.398438
FLOATING_Q8 tensor=blk.11.hc_ffn_fn source_type=0 MiB=0.398438
FLOATING_Q8 tensor=blk.12.hc_attn_fn source_type=0 MiB=0.398438
FLOATING_Q8 tensor=blk.12.hc_ffn_fn source_type=0 MiB=0.398438
FLOATING_Q8 tensor=blk.13.hc_attn_fn source_type=0 MiB=0.398438
FLOATING_Q8 tensor=blk.13.hc_ffn_fn source_type=0 MiB=0.398438
FLOATING_Q8 tensor=blk.14.hc_attn_fn source_type=0 MiB=0.398438
FLOATING_Q8 tensor=blk.14.hc_ffn_fn source_type=0 MiB=0.398438
FLOATING_Q8 tensor=blk.15.attn_k_b.weight source_type=12 MiB=8.5
FLOATING_Q8 tensor=blk.15.attn_v_b.weight source_type=12 MiB=8.5
FLOATING_Q8 tensor=blk.15.hc_attn_fn source_type=0 MiB=0.398438
FLOATING_Q8 tensor=blk.15.hc_ffn_fn source_type=0 MiB=0.398438
FLOATING_Q8 tensor=blk.16.hc_attn_fn source_type=0 MiB=0.398438
FLOATING_Q8 tensor=blk.16.hc_ffn_fn source_type=0 MiB=0.398438
FLOATING_Q8 tensor=blk.17.hc_attn_fn source_type=0 MiB=0.398438
FLOATING_Q8 tensor=blk.17.hc_ffn_fn source_type=0 MiB=0.398438
FLOATING_Q8 tensor=blk.18.hc_attn_fn source_type=0 MiB=0.398438
FLOATING_Q8 tensor=blk.18.hc_ffn_fn source_type=0 MiB=0.398438
FLOATING_Q8 tensor=blk.19.attn_k_b.weight source_type=12 MiB=8.5
FLOATING_Q8 tensor=blk.19.attn_v_b.weight source_type=12 MiB=8.5
FLOATING_Q8 tensor=blk.19.hc_attn_fn source_type=0 MiB=0.398438
FLOATING_Q8 tensor=blk.19.hc_ffn_fn source_type=0 MiB=0.398438
FLOATING_Q8 tensor=blk.2.hc_attn_fn source_type=0 MiB=0.398438
FLOATING_Q8 tensor=blk.2.hc_ffn_fn source_type=0 MiB=0.398438
FLOATING_Q8 tensor=blk.20.hc_attn_fn source_type=0 MiB=0.398438
FLOATING_Q8 tensor=blk.20.hc_ffn_fn source_type=0 MiB=0.398438
FLOATING_Q8 tensor=blk.21.hc_attn_fn source_type=0 MiB=0.398438
FLOATING_Q8 tensor=blk.21.hc_ffn_fn source_type=0 MiB=0.398438
FLOATING_Q8 tensor=blk.22.hc_attn_fn source_type=0 MiB=0.398438
FLOATING_Q8 tensor=blk.22.hc_ffn_fn source_type=0 MiB=0.398438
FLOATING_Q8 tensor=blk.23.attn_k_b.weight source_type=12 MiB=8.5
FLOATING_Q8 tensor=blk.23.attn_v_b.weight source_type=12 MiB=8.5
FLOATING_Q8 tensor=blk.23.hc_attn_fn source_type=0 MiB=0.398438
FLOATING_Q8 tensor=blk.23.hc_ffn_fn source_type=0 MiB=0.398438
FLOATING_Q8 tensor=blk.24.hc_attn_fn source_type=0 MiB=0.398438
FLOATING_Q8 tensor=blk.24.hc_ffn_fn source_type=0 MiB=0.398438
FLOATING_Q8 tensor=blk.25.hc_attn_fn source_type=0 MiB=0.398438
FLOATING_Q8 tensor=blk.25.hc_ffn_fn source_type=0 MiB=0.398438
FLOATING_Q8 tensor=blk.26.hc_attn_fn source_type=0 MiB=0.398438
FLOATING_Q8 tensor=blk.26.hc_ffn_fn source_type=0 MiB=0.398438
FLOATING_Q8 tensor=blk.27.attn_k_b.weight source_type=12 MiB=8.5
FLOATING_Q8 tensor=blk.27.attn_v_b.weight source_type=12 MiB=8.5
FLOATING_Q8 tensor=blk.27.hc_attn_fn source_type=0 MiB=0.398438
FLOATING_Q8 tensor=blk.27.hc_ffn_fn source_type=0 MiB=0.398438
FLOATING_Q8 tensor=blk.28.hc_attn_fn source_type=0 MiB=0.398438
FLOATING_Q8 tensor=blk.28.hc_ffn_fn source_type=0 MiB=0.398438
FLOATING_Q8 tensor=blk.29.hc_attn_fn source_type=0 MiB=0.398438
FLOATING_Q8 tensor=blk.29.hc_ffn_fn source_type=0 MiB=0.398438
FLOATING_Q8 tensor=blk.3.attn_k_b.weight source_type=12 MiB=8.5
FLOATING_Q8 tensor=blk.3.attn_v_b.weight source_type=12 MiB=8.5
FLOATING_Q8 tensor=blk.3.hc_attn_fn source_type=0 MiB=0.398438
FLOATING_Q8 tensor=blk.3.hc_ffn_fn source_type=0 MiB=0.398438
FLOATING_Q8 tensor=blk.30.hc_attn_fn source_type=0 MiB=0.398438
FLOATING_Q8 tensor=blk.30.hc_ffn_fn source_type=0 MiB=0.398438
FLOATING_Q8 tensor=blk.31.attn_k_b.weight source_type=12 MiB=8.5
FLOATING_Q8 tensor=blk.31.attn_v_b.weight source_type=12 MiB=8.5
FLOATING_Q8 tensor=blk.31.hc_attn_fn source_type=0 MiB=0.398438
FLOATING_Q8 tensor=blk.31.hc_ffn_fn source_type=0 MiB=0.398438
FLOATING_Q8 tensor=blk.32.hc_attn_fn source_type=0 MiB=0.398438
FLOATING_Q8 tensor=blk.32.hc_ffn_fn source_type=0 MiB=0.398438
FLOATING_Q8 tensor=blk.33.hc_attn_fn source_type=0 MiB=0.398438
FLOATING_Q8 tensor=blk.33.hc_ffn_fn source_type=0 MiB=0.398438
FLOATING_Q8 tensor=blk.34.hc_attn_fn source_type=0 MiB=0.398438
FLOATING_Q8 tensor=blk.34.hc_ffn_fn source_type=0 MiB=0.398438
FLOATING_Q8 tensor=blk.35.attn_k_b.weight source_type=12 MiB=8.5
FLOATING_Q8 tensor=blk.35.attn_v_b.weight source_type=12 MiB=8.5
FLOATING_Q8 tensor=blk.35.hc_attn_fn source_type=0 MiB=0.398438
FLOATING_Q8 tensor=blk.35.hc_ffn_fn source_type=0 MiB=0.398438
FLOATING_Q8 tensor=blk.36.hc_attn_fn source_type=0 MiB=0.398438
FLOATING_Q8 tensor=blk.36.hc_ffn_fn source_type=0 MiB=0.398438
FLOATING_Q8 tensor=blk.37.hc_attn_fn source_type=0 MiB=0.398438
FLOATING_Q8 tensor=blk.37.hc_ffn_fn source_type=0 MiB=0.398438
FLOATING_Q8 tensor=blk.38.hc_attn_fn source_type=0 MiB=0.398438
FLOATING_Q8 tensor=blk.38.hc_ffn_fn source_type=0 MiB=0.398438
FLOATING_Q8 tensor=blk.39.attn_k_b.weight source_type=12 MiB=8.5
FLOATING_Q8 tensor=blk.39.attn_v_b.weight source_type=12 MiB=8.5
FLOATING_Q8 tensor=blk.39.hc_attn_fn source_type=0 MiB=0.398438
FLOATING_Q8 tensor=blk.39.hc_ffn_fn source_type=0 MiB=0.398438
FLOATING_Q8 tensor=blk.4.hc_attn_fn source_type=0 MiB=0.398438
FLOATING_Q8 tensor=blk.4.hc_ffn_fn source_type=0 MiB=0.398438
FLOATING_Q8 tensor=blk.40.hc_attn_fn source_type=0 MiB=0.398438
FLOATING_Q8 tensor=blk.40.hc_ffn_fn source_type=0 MiB=0.398438
FLOATING_Q8 tensor=blk.41.hc_attn_fn source_type=0 MiB=0.398438
FLOATING_Q8 tensor=blk.41.hc_ffn_fn source_type=0 MiB=0.398438
FLOATING_Q8 tensor=blk.42.hc_attn_fn source_type=0 MiB=0.398438
FLOATING_Q8 tensor=blk.42.hc_ffn_fn source_type=0 MiB=0.398438
FLOATING_Q8 tensor=blk.43.attn_k_b.weight source_type=12 MiB=8.5
FLOATING_Q8 tensor=blk.43.attn_v_b.weight source_type=12 MiB=8.5
FLOATING_Q8 tensor=blk.43.hc_attn_fn source_type=0 MiB=0.398438
FLOATING_Q8 tensor=blk.43.hc_ffn_fn source_type=0 MiB=0.398438
FLOATING_Q8 tensor=blk.44.hc_attn_fn source_type=0 MiB=0.398438
FLOATING_Q8 tensor=blk.44.hc_ffn_fn source_type=0 MiB=0.398438
FLOATING_Q8 tensor=blk.5.hc_attn_fn source_type=0 MiB=0.398438
FLOATING_Q8 tensor=blk.5.hc_ffn_fn source_type=0 MiB=0.398438
FLOATING_Q8 tensor=blk.6.hc_attn_fn source_type=0 MiB=0.398438
FLOATING_Q8 tensor=blk.6.hc_ffn_fn source_type=0 MiB=0.398438
FLOATING_Q8 tensor=blk.7.attn_k_b.weight source_type=12 MiB=8.5
FLOATING_Q8 tensor=blk.7.attn_v_b.weight source_type=12 MiB=8.5
FLOATING_Q8 tensor=blk.7.hc_attn_fn source_type=0 MiB=0.398438
FLOATING_Q8 tensor=blk.7.hc_ffn_fn source_type=0 MiB=0.398438
FLOATING_Q8 tensor=blk.8.hc_attn_fn source_type=0 MiB=0.398438
FLOATING_Q8 tensor=blk.8.hc_ffn_fn source_type=0 MiB=0.398438
FLOATING_Q8 tensor=blk.9.hc_attn_fn source_type=0 MiB=0.398438
FLOATING_Q8 tensor=blk.9.hc_ffn_fn source_type=0 MiB=0.398438
GPU prefill chunk=2048 staging_workers=4 numa_cpus=0,1,2,3
GPU allocated_MiB=7154.73 reserved_runtime_MiB=1024 budget_MiB=15792
GPU_DENSE_HOST_RELEASE phase=main tensors=1256 source_MiB_advised=5040.35 ms=124.365
PREFILL_PARTITION primary_groups=9 secondary_groups=0
PREFILL_CACHE device=0 budget_MiB=0 reserve_MiB=768
PREFILL_CACHE_PLAN device=0 base_groups=0 unused_MiB=0
MAPPED_EXPERTS numa_rows=0 lazy=1 bytes=55094280192
PREFILL trial=0 tokens=2048 batch=2048 ms=70624 tok_s=28.9986
FAULTS trial=0 major=175995 minor=1083740
HOST_RSS peak_MiB=53797.8
CPU_EXPERT gu_ms=0 quant_ms=0 down_ms=0 layer_flow_ms=0 bytes=0
GPU peak_allocated_MiB=7538.73 native_expert_bytes=55101150720 expert_groups=378 staging_ms=63500
PREFILL_SCRATCH device=0 peak_MiB=696.564 capacity_MiB=1024
GPU_LIVE device=0 dense_MiB=5029.21 other_MiB=806.414 prefill_MiB=1464 state_MiB=239.105
GPU_DEVICE device=0 peak_allocated_MiB=7538.73 live_MiB=7538.73 native_expert_bytes=55101150720 staging_ms=63500 cache_hits=0 cache_hit_bytes=0 cuda_used_MiB=8312 free_MiB=7992
MAPPED_EXPERTS numa_rows=0 lazy=1 bytes=55094280192
PREFILL_WORK device=0 transferred_bytes=55101150720 staging_ms=63500 actual_rows=688128 padded_rows=2237040 dequant_values=299573968896
DECODE_RUNTIME override_reserve_MiB=256
DECODE_CACHE prefix_trained=1 slots=942 MiB=8183.62 fingerprint=6346416673789906660
RESPONSE_PREPARE kind=decode_cache ms=1392.89
AFFINITY_QUALITY_ROW row=0 kl=0 top1_equal=1
AFFINITY_QUALITY_ROW row=1 kl=0 top1_equal=1
AFFINITY_QUALITY_ROW row=2 kl=0 top1_equal=1
AFFINITY_QUALITY_ROW row=3 kl=0 top1_equal=1
AFFINITY_QUALITY_ROW row=4 kl=0 top1_equal=1
AFFINITY_QUALITY_ROW row=5 kl=0 top1_equal=1
AFFINITY_QUALITY_ROW row=6 kl=0 top1_equal=1
AFFINITY_QUALITY_ROW row=7 kl=0 top1_equal=1
AFFINITY_QUALITY_ROW row=8 kl=0 top1_equal=1
AFFINITY_QUALITY_ROW row=9 kl=0 top1_equal=1
AFFINITY_QUALITY_ROW row=10 kl=0 top1_equal=1
AFFINITY_QUALITY_ROW row=11 kl=0 top1_equal=1
AFFINITY_QUALITY_ROW row=12 kl=0 top1_equal=1
AFFINITY_QUALITY_ROW row=13 kl=0 top1_equal=1
AFFINITY_QUALITY_ROW row=14 kl=0 top1_equal=1
AFFINITY_QUALITY_ROW row=15 kl=0 top1_equal=1
AFFINITY_QUALITY_ROW row=16 kl=0 top1_equal=1
AFFINITY_QUALITY_ROW row=17 kl=0 top1_equal=1
AFFINITY_QUALITY_ROW row=18 kl=0 top1_equal=1
AFFINITY_QUALITY_ROW row=19 kl=0 top1_equal=1
AFFINITY_QUALITY_ROW row=20 kl=0 top1_equal=1
AFFINITY_QUALITY_ROW row=21 kl=0 top1_equal=1
AFFINITY_QUALITY_ROW row=22 kl=0 top1_equal=1
AFFINITY_QUALITY_ROW row=23 kl=0 top1_equal=1
AFFINITY_QUALITY_ROW row=24 kl=5.99113e-26 top1_equal=1
AFFINITY_QUALITY_ROW row=25 kl=0 top1_equal=1
AFFINITY_QUALITY_ROW row=26 kl=0 top1_equal=1
AFFINITY_QUALITY_ROW row=27 kl=0 top1_equal=1
AFFINITY_QUALITY_ROW row=28 kl=0 top1_equal=1
AFFINITY_QUALITY_ROW row=29 kl=0 top1_equal=1
AFFINITY_QUALITY_ROW row=30 kl=0 top1_equal=1
AFFINITY_QUALITY_ROW row=31 kl=0 top1_equal=1
AFFINITY_QUALITY_ROW row=32 kl=0 top1_equal=1
AFFINITY_QUALITY_ROW row=33 kl=0 top1_equal=1
AFFINITY_QUALITY_ROW row=34 kl=0 top1_equal=1
AFFINITY_QUALITY_ROW row=35 kl=0 top1_equal=1
AFFINITY_QUALITY_ROW row=36 kl=0 top1_equal=1
AFFINITY_QUALITY_ROW row=37 kl=0 top1_equal=1
AFFINITY_QUALITY_ROW row=38 kl=0 top1_equal=1
AFFINITY_QUALITY_ROW row=39 kl=0 top1_equal=1
AFFINITY_QUALITY_ROW row=40 kl=0 top1_equal=1
AFFINITY_QUALITY_ROW row=41 kl=0 top1_equal=1
AFFINITY_QUALITY_ROW row=42 kl=0 top1_equal=1
AFFINITY_QUALITY_ROW row=43 kl=0 top1_equal=1
AFFINITY_QUALITY_ROW row=44 kl=0 top1_equal=1
AFFINITY_QUALITY_ROW row=45 kl=0 top1_equal=1
AFFINITY_QUALITY_ROW row=46 kl=0 top1_equal=1
AFFINITY_QUALITY_ROW row=47 kl=0 top1_equal=1
AFFINITY_QUALITY_ROW row=48 kl=0 top1_equal=1
AFFINITY_QUALITY_ROW row=49 kl=0 top1_equal=1
AFFINITY_QUALITY_ROW row=50 kl=0 top1_equal=1
AFFINITY_QUALITY_ROW row=51 kl=6.12735e-18 top1_equal=1
AFFINITY_QUALITY_ROW row=52 kl=0 top1_equal=1
AFFINITY_QUALITY_ROW row=53 kl=0 top1_equal=1
AFFINITY_QUALITY_ROW row=54 kl=6.17378e-18 top1_equal=1
AFFINITY_QUALITY_ROW row=55 kl=0 top1_equal=1
AFFINITY_QUALITY_ROW row=56 kl=0 top1_equal=1
AFFINITY_QUALITY_ROW row=57 kl=0 top1_equal=1
AFFINITY_QUALITY_ROW row=58 kl=0 top1_equal=1
AFFINITY_QUALITY_ROW row=59 kl=0 top1_equal=1
AFFINITY_QUALITY_ROW row=60 kl=0 top1_equal=1
AFFINITY_QUALITY_ROW row=61 kl=0 top1_equal=1
AFFINITY_QUALITY_ROW row=62 kl=0 top1_equal=1
AFFINITY_QUALITY_ROW row=63 kl=0 top1_equal=1
AFFINITY_QUALITY rows=64 affinity=0 mean_kl=1.92205e-19 max_kl=6.17378e-18 top1_equal=64 top1_share=1 mean_relative_L2=0 reference=unbiased_strict_same_prefill_fixed_tier
AFFINITY_QUALITY_ROW row=0 kl=0.0141553 top1_equal=1
AFFINITY_QUALITY_ROW row=1 kl=0.0252582 top1_equal=1
AFFINITY_QUALITY_ROW row=2 kl=3.23851e-06 top1_equal=1
AFFINITY_QUALITY_ROW row=3 kl=0.00835493 top1_equal=1
AFFINITY_QUALITY_ROW row=4 kl=0.0211516 top1_equal=1
AFFINITY_QUALITY_ROW row=5 kl=0.12436 top1_equal=0
AFFINITY_QUALITY_ROW row=6 kl=0.0017688 top1_equal=1
AFFINITY_QUALITY_ROW row=7 kl=0.00578656 top1_equal=1
AFFINITY_QUALITY_ROW row=8 kl=0.367468 top1_equal=0
AFFINITY_QUALITY_ROW row=9 kl=0.416349 top1_equal=1
AFFINITY_QUALITY_ROW row=10 kl=0.00138278 top1_equal=1
AFFINITY_QUALITY_ROW row=11 kl=0.110149 top1_equal=1
AFFINITY_QUALITY_ROW row=12 kl=0.0615172 top1_equal=0
AFFINITY_QUALITY_ROW row=13 kl=0.00474179 top1_equal=1
AFFINITY_QUALITY_ROW row=14 kl=0.0100176 top1_equal=1
AFFINITY_QUALITY_ROW row=15 kl=0.00338738 top1_equal=1
AFFINITY_QUALITY_ROW row=16 kl=0.00709947 top1_equal=1
AFFINITY_QUALITY_ROW row=17 kl=0.0455197 top1_equal=1
AFFINITY_QUALITY_ROW row=18 kl=0.00638899 top1_equal=1
AFFINITY_QUALITY_ROW row=19 kl=0.0965349 top1_equal=1
AFFINITY_QUALITY_ROW row=20 kl=0.0331147 top1_equal=1
AFFINITY_QUALITY_ROW row=21 kl=0.0085118 top1_equal=1
AFFINITY_QUALITY_ROW row=22 kl=0.165586 top1_equal=1
AFFINITY_QUALITY_ROW row=23 kl=0.0474768 top1_equal=1
AFFINITY_QUALITY_ROW row=24 kl=3.77651e-06 top1_equal=1
AFFINITY_QUALITY_ROW row=25 kl=0.0277999 top1_equal=1
AFFINITY_QUALITY_ROW row=26 kl=0.0225177 top1_equal=1
AFFINITY_QUALITY_ROW row=27 kl=0.153579 top1_equal=0
AFFINITY_QUALITY_ROW row=28 kl=0.00682944 top1_equal=1
AFFINITY_QUALITY_ROW row=29 kl=0.255944 top1_equal=1
AFFINITY_QUALITY_ROW row=30 kl=0.177324 top1_equal=1
AFFINITY_QUALITY_ROW row=31 kl=0.000708741 top1_equal=1
AFFINITY_QUALITY_ROW row=32 kl=0.0919125 top1_equal=1
AFFINITY_QUALITY_ROW row=33 kl=0.176234 top1_equal=1
AFFINITY_QUALITY_ROW row=34 kl=0.0198771 top1_equal=1
AFFINITY_QUALITY_ROW row=35 kl=0.385837 top1_equal=1
AFFINITY_QUALITY_ROW row=36 kl=0.0701017 top1_equal=1
AFFINITY_QUALITY_ROW row=37 kl=0.0631818 top1_equal=1
AFFINITY_QUALITY_ROW row=38 kl=0.379168 top1_equal=1
AFFINITY_QUALITY_ROW row=39 kl=0.0149172 top1_equal=1
AFFINITY_QUALITY_ROW row=40 kl=0.0483179 top1_equal=1
AFFINITY_QUALITY_ROW row=41 kl=0.0700116 top1_equal=0
AFFINITY_QUALITY_ROW row=42 kl=7.44194e-05 top1_equal=1
AFFINITY_QUALITY_ROW row=43 kl=0.257063 top1_equal=0
AFFINITY_QUALITY_ROW row=44 kl=0.0291741 top1_equal=1
AFFINITY_QUALITY_ROW row=45 kl=0.00299872 top1_equal=1
AFFINITY_QUALITY_ROW row=46 kl=0.136241 top1_equal=1
AFFINITY_QUALITY_ROW row=47 kl=0.0979035 top1_equal=1
AFFINITY_QUALITY_ROW row=48 kl=0.00120843 top1_equal=1
AFFINITY_QUALITY_ROW row=49 kl=0.0236309 top1_equal=1
AFFINITY_QUALITY_ROW row=50 kl=0.0149062 top1_equal=1
AFFINITY_QUALITY_ROW row=51 kl=1.13355 top1_equal=0
AFFINITY_QUALITY_ROW row=52 kl=0.222236 top1_equal=0
AFFINITY_QUALITY_ROW row=53 kl=0.0796494 top1_equal=1
AFFINITY_QUALITY_ROW row=54 kl=2.53446 top1_equal=0
AFFINITY_QUALITY_ROW row=55 kl=0.0931936 top1_equal=1
AFFINITY_QUALITY_ROW row=56 kl=0.00408788 top1_equal=1
AFFINITY_QUALITY_ROW row=57 kl=8.48336 top1_equal=0
AFFINITY_QUALITY_ROW row=58 kl=0.0512637 top1_equal=1
AFFINITY_QUALITY_ROW row=59 kl=0.00130995 top1_equal=1
AFFINITY_QUALITY_ROW row=60 kl=0.0932706 top1_equal=1
AFFINITY_QUALITY_ROW row=61 kl=0.0357571 top1_equal=1
AFFINITY_QUALITY_ROW row=62 kl=0.156258 top1_equal=1
AFFINITY_QUALITY_ROW row=63 kl=0.00419909 top1_equal=1
AFFINITY_QUALITY rows=64 affinity=0.02 mean_kl=0.265721 max_kl=8.48336 top1_equal=54 top1_share=0.84375 mean_relative_L2=0.166612 reference=unbiased_strict_same_prefill_fixed_tier
AFFINITY_QUALITY_ROW row=0 kl=0.0388619 top1_equal=0
AFFINITY_QUALITY_ROW row=1 kl=0.0625409 top1_equal=1
AFFINITY_QUALITY_ROW row=2 kl=2.2927e-05 top1_equal=1
AFFINITY_QUALITY_ROW row=3 kl=0.0232647 top1_equal=1
AFFINITY_QUALITY_ROW row=4 kl=0.128883 top1_equal=0
AFFINITY_QUALITY_ROW row=5 kl=0.0179089 top1_equal=1
AFFINITY_QUALITY_ROW row=6 kl=0.000807502 top1_equal=1
AFFINITY_QUALITY_ROW row=7 kl=0.0182183 top1_equal=1
AFFINITY_QUALITY_ROW row=8 kl=0.083417 top1_equal=1
AFFINITY_QUALITY_ROW row=9 kl=0.038911 top1_equal=1
AFFINITY_QUALITY_ROW row=10 kl=0.00259546 top1_equal=1
AFFINITY_QUALITY_ROW row=11 kl=0.406801 top1_equal=1
AFFINITY_QUALITY_ROW row=12 kl=0.0657768 top1_equal=0
AFFINITY_QUALITY_ROW row=13 kl=0.00481537 top1_equal=1
AFFINITY_QUALITY_ROW row=14 kl=0.0809517 top1_equal=1
AFFINITY_QUALITY_ROW row=15 kl=0.00683887 top1_equal=1
AFFINITY_QUALITY_ROW row=16 kl=0.00882824 top1_equal=1
AFFINITY_QUALITY_ROW row=17 kl=0.0644233 top1_equal=1
AFFINITY_QUALITY_ROW row=18 kl=0.0128113 top1_equal=1
AFFINITY_QUALITY_ROW row=19 kl=0.210164 top1_equal=1
AFFINITY_QUALITY_ROW row=20 kl=0.380759 top1_equal=0
AFFINITY_QUALITY_ROW row=21 kl=0.00949697 top1_equal=1
AFFINITY_QUALITY_ROW row=22 kl=0.0537535 top1_equal=1
AFFINITY_QUALITY_ROW row=23 kl=0.0739218 top1_equal=1
AFFINITY_QUALITY_ROW row=24 kl=7.52979e-06 top1_equal=1
AFFINITY_QUALITY_ROW row=25 kl=0.0777349 top1_equal=1
AFFINITY_QUALITY_ROW row=26 kl=0.0572763 top1_equal=1
AFFINITY_QUALITY_ROW row=27 kl=0.270225 top1_equal=0
AFFINITY_QUALITY_ROW row=28 kl=0.00394943 top1_equal=1
AFFINITY_QUALITY_ROW row=29 kl=0.171505 top1_equal=1
AFFINITY_QUALITY_ROW row=30 kl=0.734421 top1_equal=0
AFFINITY_QUALITY_ROW row=31 kl=0.0251034 top1_equal=1
AFFINITY_QUALITY_ROW row=32 kl=0.00958828 top1_equal=1
AFFINITY_QUALITY_ROW row=33 kl=0.238564 top1_equal=1
AFFINITY_QUALITY_ROW row=34 kl=0.0335387 top1_equal=1
AFFINITY_QUALITY_ROW row=35 kl=0.188262 top1_equal=1
AFFINITY_QUALITY_ROW row=36 kl=0.015126 top1_equal=1
AFFINITY_QUALITY_ROW row=37 kl=0.282716 top1_equal=0
AFFINITY_QUALITY_ROW row=38 kl=0.0883933 top1_equal=1
AFFINITY_QUALITY_ROW row=39 kl=0.0725166 top1_equal=1
AFFINITY_QUALITY_ROW row=40 kl=0.0947213 top1_equal=1
AFFINITY_QUALITY_ROW row=41 kl=0.00820923 top1_equal=1
AFFINITY_QUALITY_ROW row=42 kl=0.00034163 top1_equal=1
AFFINITY_QUALITY_ROW row=43 kl=0.529434 top1_equal=0
AFFINITY_QUALITY_ROW row=44 kl=0.01186 top1_equal=1
AFFINITY_QUALITY_ROW row=45 kl=0.00472964 top1_equal=1
AFFINITY_QUALITY_ROW row=46 kl=0.133728 top1_equal=1
AFFINITY_QUALITY_ROW row=47 kl=0.408184 top1_equal=1
AFFINITY_QUALITY_ROW row=48 kl=0.000978885 top1_equal=1
AFFINITY_QUALITY_ROW row=49 kl=0.10452 top1_equal=1
AFFINITY_QUALITY_ROW row=50 kl=0.135627 top1_equal=1
AFFINITY_QUALITY_ROW row=51 kl=0.949245 top1_equal=0
AFFINITY_QUALITY_ROW row=52 kl=0.561363 top1_equal=0
AFFINITY_QUALITY_ROW row=53 kl=0.201565 top1_equal=0
AFFINITY_QUALITY_ROW row=54 kl=0.168279 top1_equal=1
AFFINITY_QUALITY_ROW row=55 kl=0.174533 top1_equal=1
AFFINITY_QUALITY_ROW row=56 kl=0.0111225 top1_equal=1
AFFINITY_QUALITY_ROW row=57 kl=5.94778 top1_equal=0
AFFINITY_QUALITY_ROW row=58 kl=1.88271 top1_equal=0
AFFINITY_QUALITY_ROW row=59 kl=0.000834544 top1_equal=1
AFFINITY_QUALITY_ROW row=60 kl=0.0962853 top1_equal=1
AFFINITY_QUALITY_ROW row=61 kl=0.0868721 top1_equal=1
AFFINITY_QUALITY_ROW row=62 kl=0.0555594 top1_equal=1
AFFINITY_QUALITY_ROW row=63 kl=0.00574224 top1_equal=1
AFFINITY_QUALITY rows=64 affinity=0.04 mean_kl=0.244343 max_kl=5.94778 top1_equal=51 top1_share=0.796875 mean_relative_L2=0.182734 reference=unbiased_strict_same_prefill_fixed_tier
AFFINITY_QUALITY_ROW row=0 kl=0.293145 top1_equal=0
AFFINITY_QUALITY_ROW row=1 kl=0.0800069 top1_equal=1
AFFINITY_QUALITY_ROW row=2 kl=2.39234e-05 top1_equal=1
AFFINITY_QUALITY_ROW row=3 kl=0.0418121 top1_equal=1
AFFINITY_QUALITY_ROW row=4 kl=0.0402175 top1_equal=1
AFFINITY_QUALITY_ROW row=5 kl=0.0410447 top1_equal=0
AFFINITY_QUALITY_ROW row=6 kl=0.0017235 top1_equal=1
AFFINITY_QUALITY_ROW row=7 kl=0.0312531 top1_equal=1
AFFINITY_QUALITY_ROW row=8 kl=0.0209402 top1_equal=1
AFFINITY_QUALITY_ROW row=9 kl=0.0605551 top1_equal=0
AFFINITY_QUALITY_ROW row=10 kl=0.00260549 top1_equal=1
AFFINITY_QUALITY_ROW row=11 kl=0.64781 top1_equal=1
AFFINITY_QUALITY_ROW row=12 kl=0.0574146 top1_equal=0
AFFINITY_QUALITY_ROW row=13 kl=0.00413724 top1_equal=1
AFFINITY_QUALITY_ROW row=14 kl=0.120244 top1_equal=1
AFFINITY_QUALITY_ROW row=15 kl=0.0128733 top1_equal=1
AFFINITY_QUALITY_ROW row=16 kl=0.00445807 top1_equal=1
AFFINITY_QUALITY_ROW row=17 kl=0.0605455 top1_equal=1
AFFINITY_QUALITY_ROW row=18 kl=0.0351522 top1_equal=1
AFFINITY_QUALITY_ROW row=19 kl=0.0949305 top1_equal=1
AFFINITY_QUALITY_ROW row=20 kl=0.125376 top1_equal=0
AFFINITY_QUALITY_ROW row=21 kl=0.0493261 top1_equal=1
AFFINITY_QUALITY_ROW row=22 kl=0.0540354 top1_equal=1
AFFINITY_QUALITY_ROW row=23 kl=0.223041 top1_equal=1
AFFINITY_QUALITY_ROW row=24 kl=8.96085e-06 top1_equal=1
AFFINITY_QUALITY_ROW row=25 kl=0.0290134 top1_equal=1
AFFINITY_QUALITY_ROW row=26 kl=0.0441186 top1_equal=1
AFFINITY_QUALITY_ROW row=27 kl=0.250576 top1_equal=1
AFFINITY_QUALITY_ROW row=28 kl=0.00847299 top1_equal=1
AFFINITY_QUALITY_ROW row=29 kl=0.0574584 top1_equal=1
AFFINITY_QUALITY_ROW row=30 kl=0.874921 top1_equal=0
AFFINITY_QUALITY_ROW row=31 kl=0.00728122 top1_equal=1
AFFINITY_QUALITY_ROW row=32 kl=0.060582 top1_equal=1
AFFINITY_QUALITY_ROW row=33 kl=0.231743 top1_equal=1
AFFINITY_QUALITY_ROW row=34 kl=0.0272166 top1_equal=1
AFFINITY_QUALITY_ROW row=35 kl=0.382869 top1_equal=1
AFFINITY_QUALITY_ROW row=36 kl=0.0288917 top1_equal=1
AFFINITY_QUALITY_ROW row=37 kl=0.191414 top1_equal=0
AFFINITY_QUALITY_ROW row=38 kl=0.127281 top1_equal=0
AFFINITY_QUALITY_ROW row=39 kl=0.0896682 top1_equal=1
AFFINITY_QUALITY_ROW row=40 kl=0.182112 top1_equal=0
AFFINITY_QUALITY_ROW row=41 kl=0.0314086 top1_equal=1
AFFINITY_QUALITY_ROW row=42 kl=0.000108929 top1_equal=1
AFFINITY_QUALITY_ROW row=43 kl=0.839231 top1_equal=0
AFFINITY_QUALITY_ROW row=44 kl=0.00525303 top1_equal=1
AFFINITY_QUALITY_ROW row=45 kl=0.00322086 top1_equal=1
AFFINITY_QUALITY_ROW row=46 kl=0.052112 top1_equal=1
AFFINITY_QUALITY_ROW row=47 kl=0.303715 top1_equal=1
AFFINITY_QUALITY_ROW row=48 kl=0.00376769 top1_equal=1
AFFINITY_QUALITY_ROW row=49 kl=0.0408574 top1_equal=1
AFFINITY_QUALITY_ROW row=50 kl=0.108583 top1_equal=1
AFFINITY_QUALITY_ROW row=51 kl=0.451517 top1_equal=1
AFFINITY_QUALITY_ROW row=52 kl=0.668142 top1_equal=0
AFFINITY_QUALITY_ROW row=53 kl=0.465673 top1_equal=0
AFFINITY_QUALITY_ROW row=54 kl=2.43984 top1_equal=0
AFFINITY_QUALITY_ROW row=55 kl=0.306304 top1_equal=1
AFFINITY_QUALITY_ROW row=56 kl=0.0150953 top1_equal=1
AFFINITY_QUALITY_ROW row=57 kl=6.04912 top1_equal=0
AFFINITY_QUALITY_ROW row=58 kl=0.518793 top1_equal=1
AFFINITY_QUALITY_ROW row=59 kl=0.00152831 top1_equal=1
AFFINITY_QUALITY_ROW row=60 kl=1.99645 top1_equal=0
AFFINITY_QUALITY_ROW row=61 kl=0.158103 top1_equal=1
AFFINITY_QUALITY_ROW row=62 kl=0.12882 top1_equal=1
AFFINITY_QUALITY_ROW row=63 kl=0.00980217 top1_equal=1
AFFINITY_QUALITY rows=64 affinity=0.06 mean_kl=0.301465 max_kl=6.04912 top1_equal=49 top1_share=0.765625 mean_relative_L2=0.204478 reference=unbiased_strict_same_prefill_fixed_tier
AFFINITY_QUALITY_ROW row=0 kl=0.108711 top1_equal=0
AFFINITY_QUALITY_ROW row=1 kl=0.0859319 top1_equal=1
AFFINITY_QUALITY_ROW row=2 kl=2.5918e-05 top1_equal=1
AFFINITY_QUALITY_ROW row=3 kl=0.0322226 top1_equal=1
AFFINITY_QUALITY_ROW row=4 kl=0.0384449 top1_equal=1
AFFINITY_QUALITY_ROW row=5 kl=0.0276481 top1_equal=0
AFFINITY_QUALITY_ROW row=6 kl=0.00281777 top1_equal=1
AFFINITY_QUALITY_ROW row=7 kl=0.0174563 top1_equal=1
AFFINITY_QUALITY_ROW row=8 kl=0.410943 top1_equal=1
AFFINITY_QUALITY_ROW row=9 kl=0.100295 top1_equal=0
AFFINITY_QUALITY_ROW row=10 kl=0.00231635 top1_equal=1
AFFINITY_QUALITY_ROW row=11 kl=0.818847 top1_equal=0
AFFINITY_QUALITY_ROW row=12 kl=0.117966 top1_equal=0
AFFINITY_QUALITY_ROW row=13 kl=0.00885804 top1_equal=1
AFFINITY_QUALITY_ROW row=14 kl=0.0901523 top1_equal=1
AFFINITY_QUALITY_ROW row=15 kl=0.0173773 top1_equal=1
AFFINITY_QUALITY_ROW row=16 kl=0.00728097 top1_equal=1
AFFINITY_QUALITY_ROW row=17 kl=0.257096 top1_equal=1
AFFINITY_QUALITY_ROW row=18 kl=0.0984155 top1_equal=1
AFFINITY_QUALITY_ROW row=19 kl=0.0162227 top1_equal=1
AFFINITY_QUALITY_ROW row=20 kl=0.230429 top1_equal=0
AFFINITY_QUALITY_ROW row=21 kl=0.0685005 top1_equal=1
AFFINITY_QUALITY_ROW row=22 kl=0.0897102 top1_equal=1
AFFINITY_QUALITY_ROW row=23 kl=0.16339 top1_equal=1
AFFINITY_QUALITY_ROW row=24 kl=9.44497e-06 top1_equal=1
AFFINITY_QUALITY_ROW row=25 kl=0.0582211 top1_equal=1
AFFINITY_QUALITY_ROW row=26 kl=0.0241794 top1_equal=1
AFFINITY_QUALITY_ROW row=27 kl=0.166704 top1_equal=1
AFFINITY_QUALITY_ROW row=28 kl=0.01435 top1_equal=1
AFFINITY_QUALITY_ROW row=29 kl=0.201903 top1_equal=1
AFFINITY_QUALITY_ROW row=30 kl=0.729836 top1_equal=0
AFFINITY_QUALITY_ROW row=31 kl=0.0337451 top1_equal=1
AFFINITY_QUALITY_ROW row=32 kl=0.470339 top1_equal=1
AFFINITY_QUALITY_ROW row=33 kl=0.0997197 top1_equal=1
AFFINITY_QUALITY_ROW row=34 kl=0.0812439 top1_equal=1
AFFINITY_QUALITY_ROW row=35 kl=0.238297 top1_equal=1
AFFINITY_QUALITY_ROW row=36 kl=0.0151248 top1_equal=1
AFFINITY_QUALITY_ROW row=37 kl=0.341418 top1_equal=0
AFFINITY_QUALITY_ROW row=38 kl=0.174555 top1_equal=1
AFFINITY_QUALITY_ROW row=39 kl=0.055008 top1_equal=1
AFFINITY_QUALITY_ROW row=40 kl=0.155236 top1_equal=1
AFFINITY_QUALITY_ROW row=41 kl=0.0276054 top1_equal=1
AFFINITY_QUALITY_ROW row=42 kl=0.000141421 top1_equal=1
AFFINITY_QUALITY_ROW row=43 kl=0.564918 top1_equal=0
AFFINITY_QUALITY_ROW row=44 kl=0.040776 top1_equal=1
AFFINITY_QUALITY_ROW row=45 kl=0.0100972 top1_equal=1
AFFINITY_QUALITY_ROW row=46 kl=0.177616 top1_equal=1
AFFINITY_QUALITY_ROW row=47 kl=0.653475 top1_equal=1
AFFINITY_QUALITY_ROW row=48 kl=0.0106515 top1_equal=1
AFFINITY_QUALITY_ROW row=49 kl=0.020444 top1_equal=1
AFFINITY_QUALITY_ROW row=50 kl=0.142261 top1_equal=1
AFFINITY_QUALITY_ROW row=51 kl=4.53976 top1_equal=0
AFFINITY_QUALITY_ROW row=52 kl=1.59412 top1_equal=0
AFFINITY_QUALITY_ROW row=53 kl=0.674096 top1_equal=0
AFFINITY_QUALITY_ROW row=54 kl=1.81856 top1_equal=0
AFFINITY_QUALITY_ROW row=55 kl=0.273636 top1_equal=1
AFFINITY_QUALITY_ROW row=56 kl=0.0133746 top1_equal=1
AFFINITY_QUALITY_ROW row=57 kl=5.52346 top1_equal=0
AFFINITY_QUALITY_ROW row=58 kl=0.251385 top1_equal=1
AFFINITY_QUALITY_ROW row=59 kl=0.00101145 top1_equal=1
AFFINITY_QUALITY_ROW row=60 kl=0.253807 top1_equal=1
AFFINITY_QUALITY_ROW row=61 kl=0.0505689 top1_equal=1
AFFINITY_QUALITY_ROW row=62 kl=0.110691 top1_equal=1
AFFINITY_QUALITY_ROW row=63 kl=0.00153488 top1_equal=1
AFFINITY_QUALITY rows=64 affinity=0.08 mean_kl=0.35039 max_kl=5.52346 top1_equal=50 top1_share=0.78125 mean_relative_L2=0.223253 reference=unbiased_strict_same_prefill_fixed_tier
AFFINITY_QUALITY_ROW row=0 kl=0.0503164 top1_equal=1
AFFINITY_QUALITY_ROW row=1 kl=0.147597 top1_equal=1
AFFINITY_QUALITY_ROW row=2 kl=3.20717e-05 top1_equal=1
AFFINITY_QUALITY_ROW row=3 kl=0.0804658 top1_equal=1
AFFINITY_QUALITY_ROW row=4 kl=0.0991929 top1_equal=1
AFFINITY_QUALITY_ROW row=5 kl=0.0911444 top1_equal=0
AFFINITY_QUALITY_ROW row=6 kl=0.00791089 top1_equal=1
AFFINITY_QUALITY_ROW row=7 kl=0.049364 top1_equal=1
AFFINITY_QUALITY_ROW row=8 kl=0.144659 top1_equal=1
AFFINITY_QUALITY_ROW row=9 kl=0.15607 top1_equal=0
AFFINITY_QUALITY_ROW row=10 kl=0.00994181 top1_equal=1
AFFINITY_QUALITY_ROW row=11 kl=1.42007 top1_equal=0
AFFINITY_QUALITY_ROW row=12 kl=0.182023 top1_equal=0
AFFINITY_QUALITY_ROW row=13 kl=0.0307411 top1_equal=1
AFFINITY_QUALITY_ROW row=14 kl=0.618217 top1_equal=1
AFFINITY_QUALITY_ROW row=15 kl=0.00469765 top1_equal=1
AFFINITY_QUALITY_ROW row=16 kl=0.00941258 top1_equal=1
AFFINITY_QUALITY_ROW row=17 kl=0.308963 top1_equal=0
AFFINITY_QUALITY_ROW row=18 kl=0.0978362 top1_equal=1
AFFINITY_QUALITY_ROW row=19 kl=0.0355613 top1_equal=1
AFFINITY_QUALITY_ROW row=20 kl=0.701992 top1_equal=0
AFFINITY_QUALITY_ROW row=21 kl=0.099119 top1_equal=1
AFFINITY_QUALITY_ROW row=22 kl=0.253567 top1_equal=1
AFFINITY_QUALITY_ROW row=23 kl=0.267727 top1_equal=1
AFFINITY_QUALITY_ROW row=24 kl=6.54078e-06 top1_equal=1
AFFINITY_QUALITY_ROW row=25 kl=0.123583 top1_equal=1
AFFINITY_QUALITY_ROW row=26 kl=0.0545015 top1_equal=1
AFFINITY_QUALITY_ROW row=27 kl=0.112463 top1_equal=1
AFFINITY_QUALITY_ROW row=28 kl=0.0367527 top1_equal=1
AFFINITY_QUALITY_ROW row=29 kl=0.134815 top1_equal=0
AFFINITY_QUALITY_ROW row=30 kl=0.386138 top1_equal=0
AFFINITY_QUALITY_ROW row=31 kl=0.0431073 top1_equal=1
AFFINITY_QUALITY_ROW row=32 kl=0.57813 top1_equal=1
AFFINITY_QUALITY_ROW row=33 kl=0.215121 top1_equal=1
AFFINITY_QUALITY_ROW row=34 kl=0.106038 top1_equal=1
AFFINITY_QUALITY_ROW row=35 kl=0.270561 top1_equal=0
AFFINITY_QUALITY_ROW row=36 kl=0.00631292 top1_equal=1
AFFINITY_QUALITY_ROW row=37 kl=0.0568935 top1_equal=1
AFFINITY_QUALITY_ROW row=38 kl=0.0299327 top1_equal=1
AFFINITY_QUALITY_ROW row=39 kl=0.0220787 top1_equal=1
AFFINITY_QUALITY_ROW row=40 kl=0.041489 top1_equal=1
AFFINITY_QUALITY_ROW row=41 kl=0.0262393 top1_equal=0
AFFINITY_QUALITY_ROW row=42 kl=0.000514094 top1_equal=1
AFFINITY_QUALITY_ROW row=43 kl=0.431096 top1_equal=0
AFFINITY_QUALITY_ROW row=44 kl=0.0250931 top1_equal=1
AFFINITY_QUALITY_ROW row=45 kl=0.020685 top1_equal=1
AFFINITY_QUALITY_ROW row=46 kl=0.212891 top1_equal=1
AFFINITY_QUALITY_ROW row=47 kl=0.521635 top1_equal=1
AFFINITY_QUALITY_ROW row=48 kl=0.00286107 top1_equal=1
AFFINITY_QUALITY_ROW row=49 kl=0.0385217 top1_equal=1
AFFINITY_QUALITY_ROW row=50 kl=0.283244 top1_equal=1
AFFINITY_QUALITY_ROW row=51 kl=4.88636 top1_equal=0
AFFINITY_QUALITY_ROW row=52 kl=0.549978 top1_equal=0
AFFINITY_QUALITY_ROW row=53 kl=0.59172 top1_equal=0
AFFINITY_QUALITY_ROW row=54 kl=1.56744 top1_equal=0
AFFINITY_QUALITY_ROW row=55 kl=0.438595 top1_equal=1
AFFINITY_QUALITY_ROW row=56 kl=0.00518446 top1_equal=1
AFFINITY_QUALITY_ROW row=57 kl=6.31593 top1_equal=0
AFFINITY_QUALITY_ROW row=58 kl=0.28194 top1_equal=1
AFFINITY_QUALITY_ROW row=59 kl=0.00482588 top1_equal=1
AFFINITY_QUALITY_ROW row=60 kl=1.54516 top1_equal=0
AFFINITY_QUALITY_ROW row=61 kl=0.0696499 top1_equal=1
AFFINITY_QUALITY_ROW row=62 kl=0.0330352 top1_equal=1
AFFINITY_QUALITY_ROW row=63 kl=0.00195069 top1_equal=1
AFFINITY_QUALITY rows=64 affinity=0.1 mean_kl=0.389673 max_kl=6.31593 top1_equal=47 top1_share=0.734375 mean_relative_L2=0.23673 reference=unbiased_strict_same_prefill_fixed_tier
AFFINITY_QUALITY_ROW row=0 kl=0.115372 top1_equal=1
AFFINITY_QUALITY_ROW row=1 kl=0.0906541 top1_equal=1
AFFINITY_QUALITY_ROW row=2 kl=6.8259e-05 top1_equal=1
AFFINITY_QUALITY_ROW row=3 kl=0.0282122 top1_equal=1
AFFINITY_QUALITY_ROW row=4 kl=0.202787 top1_equal=1
AFFINITY_QUALITY_ROW row=5 kl=0.0824318 top1_equal=0
AFFINITY_QUALITY_ROW row=6 kl=0.0095483 top1_equal=1
AFFINITY_QUALITY_ROW row=7 kl=0.014933 top1_equal=1
AFFINITY_QUALITY_ROW row=8 kl=0.967129 top1_equal=0
AFFINITY_QUALITY_ROW row=9 kl=0.23005 top1_equal=1
AFFINITY_QUALITY_ROW row=10 kl=0.00621823 top1_equal=1
AFFINITY_QUALITY_ROW row=11 kl=1.17693 top1_equal=0
AFFINITY_QUALITY_ROW row=12 kl=0.200097 top1_equal=0
AFFINITY_QUALITY_ROW row=13 kl=0.00934708 top1_equal=1
AFFINITY_QUALITY_ROW row=14 kl=1.27752 top1_equal=0
AFFINITY_QUALITY_ROW row=15 kl=0.00698952 top1_equal=1
AFFINITY_QUALITY_ROW row=16 kl=0.00982938 top1_equal=1
AFFINITY_QUALITY_ROW row=17 kl=0.306062 top1_equal=0
AFFINITY_QUALITY_ROW row=18 kl=0.0848172 top1_equal=1
AFFINITY_QUALITY_ROW row=19 kl=0.151658 top1_equal=0
AFFINITY_QUALITY_ROW row=20 kl=0.160535 top1_equal=1
AFFINITY_QUALITY_ROW row=21 kl=0.11353 top1_equal=1
AFFINITY_QUALITY_ROW row=22 kl=0.174624 top1_equal=1
AFFINITY_QUALITY_ROW row=23 kl=0.206195 top1_equal=1
AFFINITY_QUALITY_ROW row=24 kl=6.53796e-06 top1_equal=1
AFFINITY_QUALITY_ROW row=25 kl=0.063982 top1_equal=1
AFFINITY_QUALITY_ROW row=26 kl=0.0512009 top1_equal=1
AFFINITY_QUALITY_ROW row=27 kl=0.16845 top1_equal=1
AFFINITY_QUALITY_ROW row=28 kl=0.0516142 top1_equal=1
AFFINITY_QUALITY_ROW row=29 kl=0.320002 top1_equal=0
AFFINITY_QUALITY_ROW row=30 kl=0.211953 top1_equal=0
AFFINITY_QUALITY_ROW row=31 kl=0.0838285 top1_equal=1
AFFINITY_QUALITY_ROW row=32 kl=0.477464 top1_equal=1
AFFINITY_QUALITY_ROW row=33 kl=0.148179 top1_equal=1
AFFINITY_QUALITY_ROW row=34 kl=0.132289 top1_equal=1
AFFINITY_QUALITY_ROW row=35 kl=0.116831 top1_equal=0
AFFINITY_QUALITY_ROW row=36 kl=0.0237249 top1_equal=1
AFFINITY_QUALITY_ROW row=37 kl=0.130148 top1_equal=1
AFFINITY_QUALITY_ROW row=38 kl=0.144433 top1_equal=1
AFFINITY_QUALITY_ROW row=39 kl=0.039985 top1_equal=1
AFFINITY_QUALITY_ROW row=40 kl=0.125399 top1_equal=1
AFFINITY_QUALITY_ROW row=41 kl=0.0186473 top1_equal=1
AFFINITY_QUALITY_ROW row=42 kl=0.0010929 top1_equal=1
AFFINITY_QUALITY_ROW row=43 kl=0.490186 top1_equal=0
AFFINITY_QUALITY_ROW row=44 kl=0.0118854 top1_equal=1
AFFINITY_QUALITY_ROW row=45 kl=0.0164002 top1_equal=1
AFFINITY_QUALITY_ROW row=46 kl=0.245777 top1_equal=1
AFFINITY_QUALITY_ROW row=47 kl=0.715311 top1_equal=1
AFFINITY_QUALITY_ROW row=48 kl=0.00447608 top1_equal=1
AFFINITY_QUALITY_ROW row=49 kl=0.0239887 top1_equal=1
AFFINITY_QUALITY_ROW row=50 kl=0.163457 top1_equal=1
AFFINITY_QUALITY_ROW row=51 kl=4.81591 top1_equal=0
AFFINITY_QUALITY_ROW row=52 kl=0.552104 top1_equal=1
AFFINITY_QUALITY_ROW row=53 kl=0.36595 top1_equal=0
AFFINITY_QUALITY_ROW row=54 kl=1.03567 top1_equal=1
AFFINITY_QUALITY_ROW row=55 kl=0.489466 top1_equal=1
AFFINITY_QUALITY_ROW row=56 kl=0.0186152 top1_equal=1
AFFINITY_QUALITY_ROW row=57 kl=7.51319 top1_equal=0
AFFINITY_QUALITY_ROW row=58 kl=3.13707 top1_equal=0
AFFINITY_QUALITY_ROW row=59 kl=0.00369124 top1_equal=1
AFFINITY_QUALITY_ROW row=60 kl=1.84526 top1_equal=1
AFFINITY_QUALITY_ROW row=61 kl=0.0297275 top1_equal=1
AFFINITY_QUALITY_ROW row=62 kl=0.0997512 top1_equal=1
AFFINITY_QUALITY_ROW row=63 kl=0.00982038 top1_equal=1
AFFINITY_QUALITY rows=64 affinity=0.12 mean_kl=0.461288 max_kl=7.51319 top1_equal=49 top1_share=0.765625 mean_relative_L2=0.254543 reference=unbiased_strict_same_prefill_fixed_tier
RESPONSE_PREPARE kind=cpu ms=0.023264
DECODE_TRIAL index=0
DECODE_STEP index=1 ms=56.4786
DECODE_STEP index=2 ms=41.2676
DECODE_STEP index=3 ms=52.2183
DECODE_STEP index=4 ms=50.5503
DECODE_STEP index=5 ms=62.0253
DECODE_STEP index=6 ms=43.6139
DECODE_STEP index=7 ms=48.9072
DECODE_STEP index=8 ms=51.2287
DECODE_STEP index=9 ms=57.9142
DECODE_STEP index=10 ms=55.0412
DECODE_STEP index=11 ms=55.092
DECODE_STEP index=12 ms=52.1239
DECODE_STEP index=13 ms=51.2031
DECODE_STEP index=14 ms=49.4473
DECODE_STEP index=15 ms=42.3521
DECODE_STEP index=16 ms=52.7898
DECODE_STEP index=17 ms=47.3176
DECODE_STEP index=18 ms=56.1307
DECODE_STEP index=19 ms=49.2877
DECODE_STEP index=20 ms=52.9105
DECODE_STEP index=21 ms=50.7768
DECODE_STEP index=22 ms=54.1645
DECODE_STEP index=23 ms=45.0023
DECODE_STEP index=24 ms=58.4117
DECODE_STEP index=25 ms=48.3023
DECODE_STEP index=26 ms=50.7039
DECODE_STEP index=27 ms=41.3796
DECODE_STEP index=28 ms=51.918
DECODE_STEP index=29 ms=46.62
DECODE_STEP index=30 ms=46.2221
DECODE_STEP index=31 ms=48.6072
DECODE steps=31 ms=1581.7 tok_s=19.5992
HOST_RSS peak_MiB=53797.8
CPU_EXPERT gu_ms=0 quant_ms=0 down_ms=0 layer_flow_ms=758.647 bytes=20514603008
GPU peak_allocated_MiB=13558 native_expert_bytes=0 expert_groups=0 staging_ms=0
PREFILL_SCRATCH device=0 peak_MiB=5.07568 capacity_MiB=32
GPU_LIVE device=0 dense_MiB=5029.21 other_MiB=8254.75 prefill_MiB=32 resident_exec_MiB=2.94288 state_MiB=239.105
GPU_DEVICE device=0 peak_allocated_MiB=13558 live_MiB=13558 native_expert_bytes=0 staging_ms=0 cache_hits=0 cache_hit_bytes=0 cuda_used_MiB=15546 free_MiB=758
resident expert entries=114117/182448
