25
1874
9
102636
10
15770
3419
4351
11165
11
1874
9
102636
10
15770
198
2575
825
20455
17629
369
279
1618
11
825
20455
17629
369
279
19827
13
5515
13931
12519
25
1874
9
49148
198
2575
49148
198
2575
49148
198
2575
49148
198
2575
356
5584
60526
486
21412
92658
374
11452
13931
28261
320
13156
25
1874
9
102636
10
15770
3419
4351
11165
11
1874
9
102636
10
15770
198
2575
356
5584
60526
486
21412
92658
374
11452
13931
28261
320
13156
25
32013
12239
20317
486
2413
64
58
17
60
356
5584
60526
486
21412
92658
374
7364
198
2575
356
5584
3980
198
2575
356
5584
3980
198
2575
6042
198
2575
6042
198
2575
4629
3980
25
1874
9
102636
10
15770
11
1874
9
16
1112
77
12
16
1112
77
12
16
1112
77
12
49148
198
2575
8426
82
825
20455
17629
369
279
19827
26
5515
13931
12519
25
1874
9
102636
10
15770
11
1874
9
16
1112
77
12
16
1112
77
12
16
1112
77
12
49148
198
2575
4629
3980
59341
198
2575
8426
82
825
7314
11858
320
269
279
3468
8
8629
264
19781
17629
13
220
5515
13931
12519
25
1874
9
102636
10
15770
11
1874
9
16
1112
77
12
102636
77
12
16
1112
77
12
16
1112
77
12
4629
3980
59341
198
2575
8426
82
825
7314
11858
320
1742
82
825
7314
11858
320
269
279
3468
25
1874
9
102636
10
15770
11
1874
9
102636
10
15770
10
102636
320
50
8504
43967
340
2575
1874
9
11165
25
1874
9
102636
10
15770
11
1874
9
102636
10
15770
10
102636
320
50
8504
43967
340
2575
5515
13931
2573
11165
25
1874
9
102636
10
4244
817
1874
11
825
3409
817
19781
17629
11
825
3409
817
1874
198
2575
1874
9
102636
10
15770
11
1874
26584
8275
11
825
3409
817
50122
6911
3409
11
825
3409
41774
29178
11
41774
29178
198
2575
5515
13931
13129
25
825
3409
817
19781
308
15770
11
825
3409
817
1874
198
2575
3070
3976
1565
28633
291
63
3424
4183
5190
3976
320
11154
671
100104
8
1019
2575
