25
1874
9
102636
488
17629
2878
1874
624
2575
1913
14330
11
9862
13931
28261
320
16155
861
103302
8
646
387
5575
643
1915
542
13480
1023
13931
28261
3403
220
14330
5575
643
1915
2649
13480
1023
13931
28261
3403
220
4629
198
2575
1913
14330
11
7364
6066
41466
18715
746
48606
13480
1023
13931
28261
3403
220
4629
198
2575
49148
25
1913
14330
11
5575
643
1915
542
13480
1023
13931
28261
3403
220
4629
198
2575
4629
25
1913
14330
11
10080
18872
25
5575
643
1915
6887
198
2575
4629
25
1913
14330
11
1380
279
5785
2038
49148
374
504
2924
14
495
459
14100
42087
76699
4322
1749
6453
198
2575
4629
25
1913
14330
11
5575
643
25
1874
9
102636
488
17629
3419
4351
11
11165
198
2575
1874
9
102636
488
13665
3419
4351
26
14330
25
9862
13931
28261
11
2670
28261
3403
220
103302
861
103302
13931
28261
861
103302
13931
28261
861
103302
13931
28261
861
6042
198
2575
8426
82
825
20455
17629
369
279
2390
594
1828
11165
25
5515
13931
12519
25
1874
9
13624
82
198
2575
8426
82
825
20455
17629
50122
6589
323
11165
13624
82
198
2575
17656
25
5515
13931
12519
25
1874
9
102636
488
13665
3419
4351
26
14330
25
9862
13931
14299
1402
49543
6203
9996
374
14299
1402
49543
320
10637
14
13630
8737
21274
444
24
25
220
13624
82
198
2575
8426
82
825
20455
17629
25
1874
9
102636
10
4489
2878
1874
11
11165
1874
9
102636
10
4489
198
2575
20455
17629
284
1874
9
102636
10
4489
11
20455
17629
284
1874
29
102636
5203
11
1874
29
102636
5203
11
20455
17629
284
5515
13931
2573
198
2575
3980
25
20455
17629
284
1874
9
102636
220
102636
15245
4244
817
1874
11
220
102636
15245
4244
817
1874
11
220
102636
41774
29178
4244
817
1874
198
2575
3980
25
5515
13931
2573
6589
374
79450
25
264
6589
374
91689
25
264
6589
374
79450
25
264
6589
374
43139
25
264
1034
594
1828
198
2575
3980
25
5515
13931
81028
362
12766
828
97953
3567
4183
362
431
1718
13
220
393
17
808
18
