STAGING compact=1 slot_MiB=140
FLOATING_Q8 tensor=blk.0.hc_attn_fn source_type=0 MiB=0.398438
FLOATING_Q8 tensor=blk.0.hc_ffn_fn source_type=0 MiB=0.398438
FLOATING_Q8 tensor=blk.1.hc_attn_fn source_type=0 MiB=0.398438
FLOATING_Q8 tensor=blk.1.hc_ffn_fn source_type=0 MiB=0.398438
FLOATING_Q8 tensor=blk.10.hc_attn_fn source_type=0 MiB=0.398438
FLOATING_Q8 tensor=blk.10.hc_ffn_fn source_type=0 MiB=0.398438
FLOATING_Q8 tensor=blk.11.attn_k_b.weight source_type=12 MiB=8.5
FLOATING_Q8 tensor=blk.11.attn_v_b.weight source_type=12 MiB=8.5
FLOATING_Q8 tensor=blk.11.hc_attn_fn source_type=0 MiB=0.398438
FLOATING_Q8 tensor=blk.11.hc_ffn_fn source_type=0 MiB=0.398438
FLOATING_Q8 tensor=blk.12.hc_attn_fn source_type=0 MiB=0.398438
FLOATING_Q8 tensor=blk.12.hc_ffn_fn source_type=0 MiB=0.398438
FLOATING_Q8 tensor=blk.13.hc_attn_fn source_type=0 MiB=0.398438
FLOATING_Q8 tensor=blk.13.hc_ffn_fn source_type=0 MiB=0.398438
FLOATING_Q8 tensor=blk.14.hc_attn_fn source_type=0 MiB=0.398438
FLOATING_Q8 tensor=blk.14.hc_ffn_fn source_type=0 MiB=0.398438
FLOATING_Q8 tensor=blk.15.attn_k_b.weight source_type=12 MiB=8.5
FLOATING_Q8 tensor=blk.15.attn_v_b.weight source_type=12 MiB=8.5
FLOATING_Q8 tensor=blk.15.hc_attn_fn source_type=0 MiB=0.398438
FLOATING_Q8 tensor=blk.15.hc_ffn_fn source_type=0 MiB=0.398438
FLOATING_Q8 tensor=blk.16.hc_attn_fn source_type=0 MiB=0.398438
FLOATING_Q8 tensor=blk.16.hc_ffn_fn source_type=0 MiB=0.398438
FLOATING_Q8 tensor=blk.17.hc_attn_fn source_type=0 MiB=0.398438
FLOATING_Q8 tensor=blk.17.hc_ffn_fn source_type=0 MiB=0.398438
FLOATING_Q8 tensor=blk.18.hc_attn_fn source_type=0 MiB=0.398438
FLOATING_Q8 tensor=blk.18.hc_ffn_fn source_type=0 MiB=0.398438
FLOATING_Q8 tensor=blk.19.attn_k_b.weight source_type=12 MiB=8.5
FLOATING_Q8 tensor=blk.19.attn_v_b.weight source_type=12 MiB=8.5
FLOATING_Q8 tensor=blk.19.hc_attn_fn source_type=0 MiB=0.398438
FLOATING_Q8 tensor=blk.19.hc_ffn_fn source_type=0 MiB=0.398438
FLOATING_Q8 tensor=blk.2.hc_attn_fn source_type=0 MiB=0.398438
FLOATING_Q8 tensor=blk.2.hc_ffn_fn source_type=0 MiB=0.398438
FLOATING_Q8 tensor=blk.20.hc_attn_fn source_type=0 MiB=0.398438
FLOATING_Q8 tensor=blk.20.hc_ffn_fn source_type=0 MiB=0.398438
FLOATING_Q8 tensor=blk.21.hc_attn_fn source_type=0 MiB=0.398438
FLOATING_Q8 tensor=blk.21.hc_ffn_fn source_type=0 MiB=0.398438
FLOATING_Q8 tensor=blk.22.hc_attn_fn source_type=0 MiB=0.398438
FLOATING_Q8 tensor=blk.22.hc_ffn_fn source_type=0 MiB=0.398438
FLOATING_Q8 tensor=blk.23.attn_k_b.weight source_type=12 MiB=8.5
FLOATING_Q8 tensor=blk.23.attn_v_b.weight source_type=12 MiB=8.5
FLOATING_Q8 tensor=blk.23.hc_attn_fn source_type=0 MiB=0.398438
FLOATING_Q8 tensor=blk.23.hc_ffn_fn source_type=0 MiB=0.398438
FLOATING_Q8 tensor=blk.24.hc_attn_fn source_type=0 MiB=0.398438
FLOATING_Q8 tensor=blk.24.hc_ffn_fn source_type=0 MiB=0.398438
FLOATING_Q8 tensor=blk.25.hc_attn_fn source_type=0 MiB=0.398438
FLOATING_Q8 tensor=blk.25.hc_ffn_fn source_type=0 MiB=0.398438
FLOATING_Q8 tensor=blk.26.hc_attn_fn source_type=0 MiB=0.398438
FLOATING_Q8 tensor=blk.26.hc_ffn_fn source_type=0 MiB=0.398438
FLOATING_Q8 tensor=blk.27.attn_k_b.weight source_type=12 MiB=8.5
FLOATING_Q8 tensor=blk.27.attn_v_b.weight source_type=12 MiB=8.5
FLOATING_Q8 tensor=blk.27.hc_attn_fn source_type=0 MiB=0.398438
FLOATING_Q8 tensor=blk.27.hc_ffn_fn source_type=0 MiB=0.398438
FLOATING_Q8 tensor=blk.28.hc_attn_fn source_type=0 MiB=0.398438
FLOATING_Q8 tensor=blk.28.hc_ffn_fn source_type=0 MiB=0.398438
FLOATING_Q8 tensor=blk.29.hc_attn_fn source_type=0 MiB=0.398438
FLOATING_Q8 tensor=blk.29.hc_ffn_fn source_type=0 MiB=0.398438
FLOATING_Q8 tensor=blk.3.attn_k_b.weight source_type=12 MiB=8.5
FLOATING_Q8 tensor=blk.3.attn_v_b.weight source_type=12 MiB=8.5
FLOATING_Q8 tensor=blk.3.hc_attn_fn source_type=0 MiB=0.398438
FLOATING_Q8 tensor=blk.3.hc_ffn_fn source_type=0 MiB=0.398438
FLOATING_Q8 tensor=blk.30.hc_attn_fn source_type=0 MiB=0.398438
FLOATING_Q8 tensor=blk.30.hc_ffn_fn source_type=0 MiB=0.398438
FLOATING_Q8 tensor=blk.31.attn_k_b.weight source_type=12 MiB=8.5
FLOATING_Q8 tensor=blk.31.attn_v_b.weight source_type=12 MiB=8.5
FLOATING_Q8 tensor=blk.31.hc_attn_fn source_type=0 MiB=0.398438
FLOATING_Q8 tensor=blk.31.hc_ffn_fn source_type=0 MiB=0.398438
FLOATING_Q8 tensor=blk.32.hc_attn_fn source_type=0 MiB=0.398438
FLOATING_Q8 tensor=blk.32.hc_ffn_fn source_type=0 MiB=0.398438
FLOATING_Q8 tensor=blk.33.hc_attn_fn source_type=0 MiB=0.398438
FLOATING_Q8 tensor=blk.33.hc_ffn_fn source_type=0 MiB=0.398438
FLOATING_Q8 tensor=blk.34.hc_attn_fn source_type=0 MiB=0.398438
FLOATING_Q8 tensor=blk.34.hc_ffn_fn source_type=0 MiB=0.398438
FLOATING_Q8 tensor=blk.35.attn_k_b.weight source_type=12 MiB=8.5
FLOATING_Q8 tensor=blk.35.attn_v_b.weight source_type=12 MiB=8.5
FLOATING_Q8 tensor=blk.35.hc_attn_fn source_type=0 MiB=0.398438
FLOATING_Q8 tensor=blk.35.hc_ffn_fn source_type=0 MiB=0.398438
FLOATING_Q8 tensor=blk.36.hc_attn_fn source_type=0 MiB=0.398438
FLOATING_Q8 tensor=blk.36.hc_ffn_fn source_type=0 MiB=0.398438
FLOATING_Q8 tensor=blk.37.hc_attn_fn source_type=0 MiB=0.398438
FLOATING_Q8 tensor=blk.37.hc_ffn_fn source_type=0 MiB=0.398438
FLOATING_Q8 tensor=blk.38.hc_attn_fn source_type=0 MiB=0.398438
FLOATING_Q8 tensor=blk.38.hc_ffn_fn source_type=0 MiB=0.398438
FLOATING_Q8 tensor=blk.39.attn_k_b.weight source_type=12 MiB=8.5
FLOATING_Q8 tensor=blk.39.attn_v_b.weight source_type=12 MiB=8.5
FLOATING_Q8 tensor=blk.39.hc_attn_fn source_type=0 MiB=0.398438
FLOATING_Q8 tensor=blk.39.hc_ffn_fn source_type=0 MiB=0.398438
FLOATING_Q8 tensor=blk.4.hc_attn_fn source_type=0 MiB=0.398438
FLOATING_Q8 tensor=blk.4.hc_ffn_fn source_type=0 MiB=0.398438
FLOATING_Q8 tensor=blk.40.hc_attn_fn source_type=0 MiB=0.398438
FLOATING_Q8 tensor=blk.40.hc_ffn_fn source_type=0 MiB=0.398438
FLOATING_Q8 tensor=blk.41.hc_attn_fn source_type=0 MiB=0.398438
FLOATING_Q8 tensor=blk.41.hc_ffn_fn source_type=0 MiB=0.398438
FLOATING_Q8 tensor=blk.42.hc_attn_fn source_type=0 MiB=0.398438
FLOATING_Q8 tensor=blk.42.hc_ffn_fn source_type=0 MiB=0.398438
FLOATING_Q8 tensor=blk.43.attn_k_b.weight source_type=12 MiB=8.5
FLOATING_Q8 tensor=blk.43.attn_v_b.weight source_type=12 MiB=8.5
FLOATING_Q8 tensor=blk.43.hc_attn_fn source_type=0 MiB=0.398438
FLOATING_Q8 tensor=blk.43.hc_ffn_fn source_type=0 MiB=0.398438
FLOATING_Q8 tensor=blk.44.hc_attn_fn source_type=0 MiB=0.398438
FLOATING_Q8 tensor=blk.44.hc_ffn_fn source_type=0 MiB=0.398438
FLOATING_Q8 tensor=blk.5.hc_attn_fn source_type=0 MiB=0.398438
FLOATING_Q8 tensor=blk.5.hc_ffn_fn source_type=0 MiB=0.398438
FLOATING_Q8 tensor=blk.6.hc_attn_fn source_type=0 MiB=0.398438
FLOATING_Q8 tensor=blk.6.hc_ffn_fn source_type=0 MiB=0.398438
FLOATING_Q8 tensor=blk.7.attn_k_b.weight source_type=12 MiB=8.5
FLOATING_Q8 tensor=blk.7.attn_v_b.weight source_type=12 MiB=8.5
FLOATING_Q8 tensor=blk.7.hc_attn_fn source_type=0 MiB=0.398438
FLOATING_Q8 tensor=blk.7.hc_ffn_fn source_type=0 MiB=0.398438
FLOATING_Q8 tensor=blk.8.hc_attn_fn source_type=0 MiB=0.398438
FLOATING_Q8 tensor=blk.8.hc_ffn_fn source_type=0 MiB=0.398438
FLOATING_Q8 tensor=blk.9.hc_attn_fn source_type=0 MiB=0.398438
FLOATING_Q8 tensor=blk.9.hc_ffn_fn source_type=0 MiB=0.398438
GPU prefill chunk=2048 staging_workers=4 numa_cpus=0,1,2,3
GPU allocated_MiB=7154.73 reserved_runtime_MiB=1024 budget_MiB=15792
GPU_DENSE_HOST_RELEASE phase=main tensors=1256 source_MiB_advised=5040.35 ms=118.61
PREFILL_PARTITION primary_groups=9 secondary_groups=0
PREFILL_CACHE device=0 budget_MiB=0 reserve_MiB=768
PREFILL_CACHE_PLAN device=0 base_groups=0 unused_MiB=0
MAPPED_EXPERTS numa_rows=0 lazy=1 bytes=55094280192
PREFILL trial=0 tokens=2048 batch=2048 ms=8866.45 tok_s=230.983
FAULTS trial=0 major=8 minor=33006
HOST_RSS peak_MiB=53968.5
CPU_EXPERT gu_ms=0 quant_ms=0 down_ms=0 layer_flow_ms=0 bytes=0
GPU peak_allocated_MiB=7538.73 native_expert_bytes=55101150720 expert_groups=378 staging_ms=5233.69
PREFILL_SCRATCH device=0 peak_MiB=696.564 capacity_MiB=1024
GPU_LIVE device=0 dense_MiB=5029.21 other_MiB=806.414 prefill_MiB=1464 state_MiB=239.105
GPU_DEVICE device=0 peak_allocated_MiB=7538.73 live_MiB=7538.73 native_expert_bytes=55101150720 staging_ms=5233.69 cache_hits=0 cache_hit_bytes=0 cuda_used_MiB=8312 free_MiB=7992
PREFILL trial=1 tokens=2048 batch=2048 ms=8875.53 tok_s=230.747
FAULTS trial=1 major=11 minor=33085
HOST_RSS peak_MiB=53993.8
CPU_EXPERT gu_ms=0 quant_ms=0 down_ms=0 layer_flow_ms=0 bytes=0
GPU peak_allocated_MiB=7538.73 native_expert_bytes=55101150720 expert_groups=378 staging_ms=5255.02
PREFILL_SCRATCH device=0 peak_MiB=696.564 capacity_MiB=1024
GPU_LIVE device=0 dense_MiB=5029.21 other_MiB=806.414 prefill_MiB=1464 state_MiB=239.105
GPU_DEVICE device=0 peak_allocated_MiB=7538.73 live_MiB=7538.73 native_expert_bytes=55101150720 staging_ms=5255.02 cache_hits=0 cache_hit_bytes=0 cuda_used_MiB=8312 free_MiB=7992
PREFILL trial=2 tokens=2048 batch=2048 ms=8854.47 tok_s=231.296
FAULTS trial=2 major=0 minor=32769
HOST_RSS peak_MiB=54027.9
CPU_EXPERT gu_ms=0 quant_ms=0 down_ms=0 layer_flow_ms=0 bytes=0
GPU peak_allocated_MiB=7538.73 native_expert_bytes=55101150720 expert_groups=378 staging_ms=5230.31
PREFILL_SCRATCH device=0 peak_MiB=696.564 capacity_MiB=1024
GPU_LIVE device=0 dense_MiB=5029.21 other_MiB=806.414 prefill_MiB=1464 state_MiB=239.105
GPU_DEVICE device=0 peak_allocated_MiB=7538.73 live_MiB=7538.73 native_expert_bytes=55101150720 staging_ms=5230.31 cache_hits=0 cache_hit_bytes=0 cuda_used_MiB=8312 free_MiB=7992
MAPPED_EXPERTS numa_rows=0 lazy=1 bytes=55094280192
PREFILL_WORK device=0 transferred_bytes=55101150720 staging_ms=5230.31 actual_rows=688128 padded_rows=2233520 dequant_values=297158049792
DECODE_RUNTIME override_reserve_MiB=256
DECODE_CACHE prefix_trained=1 slots=942 MiB=8183.62 fingerprint=5842516063691235716
RESPONSE_PREPARE kind=decode_cache ms=1378.41
RESPONSE_PREPARE kind=cpu ms=0.001373
DECODE_TRIAL index=0
DECODE_STEP index=1 ms=58.5774
DECODE_STEP index=2 ms=39.8185
DECODE_STEP index=3 ms=48.3165
DECODE_STEP index=4 ms=46.491
DECODE_STEP index=5 ms=52.1003
DECODE_STEP index=6 ms=41.6452
DECODE_STEP index=7 ms=46.0391
DECODE_STEP index=8 ms=41.2891
DECODE_STEP index=9 ms=43.5609
DECODE_STEP index=10 ms=49.4244
DECODE_STEP index=11 ms=46.6043
DECODE_STEP index=12 ms=47.2359
DECODE_STEP index=13 ms=48.5852
DECODE_STEP index=14 ms=36.795
DECODE_STEP index=15 ms=40.0183
DECODE_STEP index=16 ms=52.6552
DECODE_STEP index=17 ms=59.7009
DECODE_STEP index=18 ms=53.7605
DECODE_STEP index=19 ms=53.6244
DECODE_STEP index=20 ms=53.7941
DECODE_STEP index=21 ms=51.4548
DECODE_STEP index=22 ms=54.9762
DECODE_STEP index=23 ms=47.1648
DECODE_STEP index=24 ms=42.7477
DECODE_STEP index=25 ms=42.5962
DECODE_STEP index=26 ms=43.8538
DECODE_STEP index=27 ms=45.2322
DECODE_STEP index=28 ms=46.4902
DECODE_STEP index=29 ms=46.4769
DECODE_STEP index=30 ms=38.4469
DECODE_STEP index=31 ms=44.2327
DECODE_STEP index=32 ms=46.69
DECODE_STEP index=33 ms=40.7094
DECODE_STEP index=34 ms=44.4685
DECODE_STEP index=35 ms=41.0333
DECODE_STEP index=36 ms=41.1974
DECODE_STEP index=37 ms=42.1913
DECODE_STEP index=38 ms=40.3385
DECODE_STEP index=39 ms=38.572
DECODE_STEP index=40 ms=44.3157
DECODE_STEP index=41 ms=46.7303
DECODE_STEP index=42 ms=40.1928
DECODE_STEP index=43 ms=46.1214
DECODE_STEP index=44 ms=50.9986
DECODE_STEP index=45 ms=45.0067
DECODE_STEP index=46 ms=49.6347
DECODE_STEP index=47 ms=52.9516
DECODE_STEP index=48 ms=47.2733
DECODE_STEP index=49 ms=48.3849
DECODE_STEP index=50 ms=52.4718
DECODE_STEP index=51 ms=35.3989
DECODE_STEP index=52 ms=38.7237
DECODE_STEP index=53 ms=41.8446
DECODE_STEP index=54 ms=41.7151
DECODE_STEP index=55 ms=42.6952
DECODE_STEP index=56 ms=37.3966
DECODE_STEP index=57 ms=35.9453
DECODE_STEP index=58 ms=36.9293
DECODE_STEP index=59 ms=39.7036
DECODE_STEP index=60 ms=40.4116
DECODE_STEP index=61 ms=43.9014
DECODE_STEP index=62 ms=47.7649
DECODE_STEP index=63 ms=39.7468
DECODE_STEP index=64 ms=45.7875
DECODE_STEP index=65 ms=49.615
DECODE_STEP index=66 ms=48.9425
DECODE_STEP index=67 ms=61.0683
DECODE_STEP index=68 ms=52.4172
DECODE_STEP index=69 ms=47.5781
DECODE_STEP index=70 ms=46.804
DECODE_STEP index=71 ms=39.3443
DECODE_STEP index=72 ms=39.738
DECODE_STEP index=73 ms=36.9463
DECODE_STEP index=74 ms=40.8067
DECODE_STEP index=75 ms=37.7377
DECODE_STEP index=76 ms=35.2512
DECODE_STEP index=77 ms=40.2756
DECODE_STEP index=78 ms=41.1369
DECODE_STEP index=79 ms=45.0852
DECODE_STEP index=80 ms=49.316
DECODE_STEP index=81 ms=49.2841
DECODE_STEP index=82 ms=54.5014
DECODE_STEP index=83 ms=46.8236
DECODE_STEP index=84 ms=41.5743
DECODE_STEP index=85 ms=60.0628
DECODE_STEP index=86 ms=47.6104
DECODE_STEP index=87 ms=45.3678
DECODE_STEP index=88 ms=43.9429
DECODE_STEP index=89 ms=39.2528
DECODE_STEP index=90 ms=41.9074
DECODE_STEP index=91 ms=50.2893
DECODE_STEP index=92 ms=45.0289
DECODE_STEP index=93 ms=44.3671
DECODE_STEP index=94 ms=41.1609
DECODE_STEP index=95 ms=38.3253
DECODE_STEP index=96 ms=43.7131
DECODE_STEP index=97 ms=49.1207
DECODE_STEP index=98 ms=52.4203
DECODE_STEP index=99 ms=51.121
DECODE_STEP index=100 ms=54.0889
DECODE_STEP index=101 ms=50.2512
DECODE_STEP index=102 ms=43.0453
DECODE_STEP index=103 ms=47.0036
DECODE_STEP index=104 ms=54.5644
DECODE_STEP index=105 ms=44.3325
DECODE_STEP index=106 ms=45.9196
DECODE_STEP index=107 ms=45.0852
DECODE_STEP index=108 ms=48.7709
DECODE_STEP index=109 ms=47.9842
DECODE_STEP index=110 ms=51.65
DECODE_STEP index=111 ms=52.3335
DECODE_STEP index=112 ms=52.8407
DECODE_STEP index=113 ms=46.3552
DECODE_STEP index=114 ms=50.2367
DECODE_STEP index=115 ms=52.2278
DECODE_STEP index=116 ms=49.8169
DECODE_STEP index=117 ms=47.6877
DECODE_STEP index=118 ms=44.5925
DECODE_STEP index=119 ms=48.6674
DECODE_STEP index=120 ms=47.8935
DECODE_STEP index=121 ms=44.6662
DECODE_STEP index=122 ms=40.5575
DECODE_STEP index=123 ms=48.7182
DECODE_STEP index=124 ms=48.6262
DECODE_STEP index=125 ms=43.3703
DECODE_STEP index=126 ms=45.2169
DECODE_STEP index=127 ms=38.3676
DECODE steps=127 ms=5863.75 tok_s=21.6585
HOST_RSS peak_MiB=54027.9
CPU_EXPERT gu_ms=0 quant_ms=0 down_ms=0 layer_flow_ms=2398.47 bytes=66535817216
GPU peak_allocated_MiB=13558 native_expert_bytes=0 expert_groups=0 staging_ms=0
PREFILL_SCRATCH device=0 peak_MiB=5.07568 capacity_MiB=32
GPU_LIVE device=0 dense_MiB=5029.21 other_MiB=8254.75 prefill_MiB=32 resident_exec_MiB=2.94288 state_MiB=239.105
GPU_DEVICE device=0 peak_allocated_MiB=13558 live_MiB=13558 native_expert_bytes=0 staging_ms=0 cache_hits=0 cache_hit_bytes=0 cuda_used_MiB=15546 free_MiB=758
DECODE_TRIAL index=1
DECODE_STEP index=1 ms=43.6747
DECODE_STEP index=2 ms=39.9615
DECODE_STEP index=3 ms=49.3716
DECODE_STEP index=4 ms=51.4043
DECODE_STEP index=5 ms=51.723
DECODE_STEP index=6 ms=48.6293
DECODE_STEP index=7 ms=46.6726
DECODE_STEP index=8 ms=41.7815
DECODE_STEP index=9 ms=47.5164
DECODE_STEP index=10 ms=45.5289
DECODE_STEP index=11 ms=42.8729
DECODE_STEP index=12 ms=40.6288
DECODE_STEP index=13 ms=43.9812
DECODE_STEP index=14 ms=44.6326
DECODE_STEP index=15 ms=50.7511
DECODE_STEP index=16 ms=50.6345
DECODE_STEP index=17 ms=40.9831
DECODE_STEP index=18 ms=45.6023
DECODE_STEP index=19 ms=43.5936
DECODE_STEP index=20 ms=41.239
DECODE_STEP index=21 ms=43.5331
DECODE_STEP index=22 ms=44.2256
DECODE_STEP index=23 ms=38.3098
DECODE_STEP index=24 ms=40.2413
DECODE_STEP index=25 ms=44.1007
DECODE_STEP index=26 ms=50.9894
DECODE_STEP index=27 ms=47.1816
DECODE_STEP index=28 ms=48.3078
DECODE_STEP index=29 ms=47.8233
DECODE_STEP index=30 ms=49.1325
DECODE_STEP index=31 ms=48.3086
DECODE_STEP index=32 ms=45.1731
DECODE_STEP index=33 ms=51.3631
DECODE_STEP index=34 ms=40.0343
DECODE_STEP index=35 ms=43.7056
DECODE_STEP index=36 ms=44.354
DECODE_STEP index=37 ms=43.0637
DECODE_STEP index=38 ms=37.7261
DECODE_STEP index=39 ms=38.9743
DECODE_STEP index=40 ms=43.8948
DECODE_STEP index=41 ms=45.0115
DECODE_STEP index=42 ms=38.5468
DECODE_STEP index=43 ms=39.8534
DECODE_STEP index=44 ms=47.7324
DECODE_STEP index=45 ms=41.874
DECODE_STEP index=46 ms=44.6993
DECODE_STEP index=47 ms=44.5209
DECODE_STEP index=48 ms=40.2417
DECODE_STEP index=49 ms=45.9225
DECODE_STEP index=50 ms=45.654
DECODE_STEP index=51 ms=38.001
DECODE_STEP index=52 ms=37.5207
DECODE_STEP index=53 ms=43.6041
DECODE_STEP index=54 ms=51.4567
DECODE_STEP index=55 ms=43.2
DECODE_STEP index=56 ms=43.345
DECODE_STEP index=57 ms=42.715
DECODE_STEP index=58 ms=39.9739
DECODE_STEP index=59 ms=41.0208
DECODE_STEP index=60 ms=38.4087
DECODE_STEP index=61 ms=39.4159
DECODE_STEP index=62 ms=40.8209
DECODE_STEP index=63 ms=41.8217
DECODE_STEP index=64 ms=37.1854
DECODE_STEP index=65 ms=50.3644
DECODE_STEP index=66 ms=35.6385
DECODE_STEP index=67 ms=40.1259
DECODE_STEP index=68 ms=45.4938
DECODE_STEP index=69 ms=44.7256
DECODE_STEP index=70 ms=39.3869
DECODE_STEP index=71 ms=42.9294
DECODE_STEP index=72 ms=44.1122
DECODE_STEP index=73 ms=37.0907
DECODE_STEP index=74 ms=36.8344
DECODE_STEP index=75 ms=36.8048
DECODE_STEP index=76 ms=39.4483
DECODE_STEP index=77 ms=47.2159
DECODE_STEP index=78 ms=39.43
DECODE_STEP index=79 ms=40.3545
DECODE_STEP index=80 ms=42.7926
DECODE_STEP index=81 ms=43.8393
DECODE_STEP index=82 ms=44.1663
DECODE_STEP index=83 ms=52.8698
DECODE_STEP index=84 ms=43.8652
DECODE_STEP index=85 ms=36.0294
DECODE_STEP index=86 ms=41.6218
DECODE_STEP index=87 ms=39.2133
DECODE_STEP index=88 ms=42.4197
DECODE_STEP index=89 ms=38.4038
DECODE_STEP index=90 ms=42.0218
DECODE_STEP index=91 ms=42.573
DECODE_STEP index=92 ms=42.4473
DECODE_STEP index=93 ms=38.4317
DECODE_STEP index=94 ms=41.8999
DECODE_STEP index=95 ms=38.0296
DECODE_STEP index=96 ms=51.8399
DECODE_STEP index=97 ms=41.2039
DECODE_STEP index=98 ms=44.267
DECODE_STEP index=99 ms=37.1075
DECODE_STEP index=100 ms=38.2899
DECODE_STEP index=101 ms=37.2664
DECODE_STEP index=102 ms=38.2022
DECODE_STEP index=103 ms=37.1074
DECODE_STEP index=104 ms=42.3086
DECODE_STEP index=105 ms=41.3601
DECODE_STEP index=106 ms=43.9925
DECODE_STEP index=107 ms=44.9676
DECODE_STEP index=108 ms=44.8725
DECODE_STEP index=109 ms=36.8596
DECODE_STEP index=110 ms=47.9603
DECODE_STEP index=111 ms=42.2344
DECODE_STEP index=112 ms=49.4875
DECODE_STEP index=113 ms=42.7917
DECODE_STEP index=114 ms=42.3067
DECODE_STEP index=115 ms=44.0173
DECODE_STEP index=116 ms=45.3428
DECODE_STEP index=117 ms=48.9429
DECODE_STEP index=118 ms=46.5993
DECODE_STEP index=119 ms=51.0575
DECODE_STEP index=120 ms=40.6848
DECODE_STEP index=121 ms=38.1024
DECODE_STEP index=122 ms=44.0241
DECODE_STEP index=123 ms=47.2557
DECODE_STEP index=124 ms=43.9072
DECODE_STEP index=125 ms=41.7542
DECODE_STEP index=126 ms=40.1652
DECODE_STEP index=127 ms=34.8237
DECODE steps=127 ms=5503.79 tok_s=23.075
HOST_RSS peak_MiB=54027.9
CPU_EXPERT gu_ms=0 quant_ms=0 down_ms=0 layer_flow_ms=2110.98 bytes=58528563200
GPU peak_allocated_MiB=13558 native_expert_bytes=0 expert_groups=0 staging_ms=0
PREFILL_SCRATCH device=0 peak_MiB=5.07568 capacity_MiB=32
GPU_LIVE device=0 dense_MiB=5029.21 other_MiB=8254.75 prefill_MiB=32 resident_exec_MiB=2.94288 state_MiB=239.105
GPU_DEVICE device=0 peak_allocated_MiB=13558 live_MiB=13558 native_expert_bytes=0 staging_ms=0 cache_hits=0 cache_hit_bytes=0 cuda_used_MiB=15546 free_MiB=758
DECODE_TRIAL index=2
DECODE_STEP index=1 ms=42.6213
DECODE_STEP index=2 ms=38.1552
DECODE_STEP index=3 ms=44.4408
DECODE_STEP index=4 ms=44.6486
DECODE_STEP index=5 ms=46.1569
DECODE_STEP index=6 ms=40.0898
DECODE_STEP index=7 ms=46.201
DECODE_STEP index=8 ms=42.0622
DECODE_STEP index=9 ms=43.0192
DECODE_STEP index=10 ms=40.4172
DECODE_STEP index=11 ms=39.8337
DECODE_STEP index=12 ms=48.6235
DECODE_STEP index=13 ms=43.1487
DECODE_STEP index=14 ms=42.7414
DECODE_STEP index=15 ms=37.9017
DECODE_STEP index=16 ms=41.2793
DECODE_STEP index=17 ms=44.3204
DECODE_STEP index=18 ms=39.8887
DECODE_STEP index=19 ms=35.8339
DECODE_STEP index=20 ms=46.4116
DECODE_STEP index=21 ms=39.8039
DECODE_STEP index=22 ms=52.5535
DECODE_STEP index=23 ms=39.556
DECODE_STEP index=24 ms=43.5237
DECODE_STEP index=25 ms=40.9956
DECODE_STEP index=26 ms=44.1383
DECODE_STEP index=27 ms=37.9361
DECODE_STEP index=28 ms=37.5481
DECODE_STEP index=29 ms=44.0379
DECODE_STEP index=30 ms=40.8348
DECODE_STEP index=31 ms=43.9972
DECODE_STEP index=32 ms=45.9927
DECODE_STEP index=33 ms=40.2414
DECODE_STEP index=34 ms=47.0719
DECODE_STEP index=35 ms=36.409
DECODE_STEP index=36 ms=44.7412
DECODE_STEP index=37 ms=40.1863
DECODE_STEP index=38 ms=40.8482
DECODE_STEP index=39 ms=50.1139
DECODE_STEP index=40 ms=42.3473
DECODE_STEP index=41 ms=37.2681
DECODE_STEP index=42 ms=40.6797
DECODE_STEP index=43 ms=40.0563
DECODE_STEP index=44 ms=36.2235
DECODE_STEP index=45 ms=41.7191
DECODE_STEP index=46 ms=44.9344
DECODE_STEP index=47 ms=44.9043
DECODE_STEP index=48 ms=41.1422
DECODE_STEP index=49 ms=42.8229
DECODE_STEP index=50 ms=36.4517
DECODE_STEP index=51 ms=37.8908
DECODE_STEP index=52 ms=39.0542
DECODE_STEP index=53 ms=34.4679
DECODE_STEP index=54 ms=39.2312
DECODE_STEP index=55 ms=39.0177
DECODE_STEP index=56 ms=45.6239
DECODE_STEP index=57 ms=43.2021
DECODE_STEP index=58 ms=42.6513
DECODE_STEP index=59 ms=45.1227
DECODE_STEP index=60 ms=42.2529
DECODE_STEP index=61 ms=38.4052
DECODE_STEP index=62 ms=46.0637
DECODE_STEP index=63 ms=40.735
DECODE_STEP index=64 ms=47.0416
DECODE_STEP index=65 ms=44.6626
DECODE_STEP index=66 ms=39.9891
DECODE_STEP index=67 ms=44.1268
DECODE_STEP index=68 ms=42.5713
DECODE_STEP index=69 ms=95.7363
DECODE_STEP index=70 ms=46.7569
DECODE_STEP index=71 ms=43.6363
DECODE_STEP index=72 ms=43.6709
DECODE_STEP index=73 ms=39.685
DECODE_STEP index=74 ms=39.8386
DECODE_STEP index=75 ms=38.0533
DECODE_STEP index=76 ms=36.8402
DECODE_STEP index=77 ms=46.4484
DECODE_STEP index=78 ms=43.1238
DECODE_STEP index=79 ms=40.2909
DECODE_STEP index=80 ms=44.8732
DECODE_STEP index=81 ms=39.6219
DECODE_STEP index=82 ms=46.9548
DECODE_STEP index=83 ms=37.1771
DECODE_STEP index=84 ms=42.0138
DECODE_STEP index=85 ms=46.3505
DECODE_STEP index=86 ms=44.386
DECODE_STEP index=87 ms=47.7404
DECODE_STEP index=88 ms=46.8557
DECODE_STEP index=89 ms=50.9324
DECODE_STEP index=90 ms=49.7877
DECODE_STEP index=91 ms=40.2041
DECODE_STEP index=92 ms=45.7113
DECODE_STEP index=93 ms=47.1194
DECODE_STEP index=94 ms=43.579
DECODE_STEP index=95 ms=46.3272
DECODE_STEP index=96 ms=42.6542
DECODE_STEP index=97 ms=43.0434
DECODE_STEP index=98 ms=52.8812
DECODE_STEP index=99 ms=48.0143
DECODE_STEP index=100 ms=55.8324
DECODE_STEP index=101 ms=41.5328
DECODE_STEP index=102 ms=45.909
DECODE_STEP index=103 ms=50.4827
DECODE_STEP index=104 ms=39.6348
DECODE_STEP index=105 ms=43.6085
DECODE_STEP index=106 ms=37.8885
DECODE_STEP index=107 ms=47.0897
DECODE_STEP index=108 ms=40.3635
DECODE_STEP index=109 ms=42.7598
DECODE_STEP index=110 ms=41.808
DECODE_STEP index=111 ms=44.6646
DECODE_STEP index=112 ms=51.649
DECODE_STEP index=113 ms=46.7732
DECODE_STEP index=114 ms=45.4386
DECODE_STEP index=115 ms=44.2452
DECODE_STEP index=116 ms=44.5576
DECODE_STEP index=117 ms=43.1078
DECODE_STEP index=118 ms=49.1885
DECODE_STEP index=119 ms=50.822
DECODE_STEP index=120 ms=41.5139
DECODE_STEP index=121 ms=44.8458
DECODE_STEP index=122 ms=41.4608
DECODE_STEP index=123 ms=47.3321
DECODE_STEP index=124 ms=41.8104
DECODE_STEP index=125 ms=48.5978
DECODE_STEP index=126 ms=49.1864
DECODE_STEP index=127 ms=45.6904
DECODE steps=127 ms=5581.69 tok_s=22.753
HOST_RSS peak_MiB=54027.9
CPU_EXPERT gu_ms=0 quant_ms=0 down_ms=0 layer_flow_ms=2177.6 bytes=59876769792
GPU peak_allocated_MiB=13558 native_expert_bytes=0 expert_groups=0 staging_ms=0
PREFILL_SCRATCH device=0 peak_MiB=5.07568 capacity_MiB=32
GPU_LIVE device=0 dense_MiB=5029.21 other_MiB=8254.75 prefill_MiB=32 resident_exec_MiB=2.94288 state_MiB=239.105
GPU_DEVICE device=0 peak_allocated_MiB=13558 live_MiB=13558 native_expert_bytes=0 staging_ms=0 cache_hits=0 cache_hit_bytes=0 cuda_used_MiB=15546 free_MiB=758
resident expert entries=107714/128016
