25
825
20455
17629
284
1874
9
102636
488
13665
624
2575
14330
25
825
20455
17629
284
13931
3034
320
2152
1874
11165
389
14330
11
902
1874
9
102636
10
15770
11165
11
902
1874
9
27298
198
2575
311
14940
504
458
4287
6589
11
902
1874
9
27298
311
14940
504
20651
54
915
32700
38048
915
14
11232
54
915
32700
38048
915
4778
10183
573
198
2575
320
11232
54
915
32700
38048
16
35
1112
568
20651
54
915
32700
38048
16
35
1112
902
1874
9
27298
311
14940
504
20651
54
915
14
11232
54
915
304
54247
320
11232
7364
1112
902
1874
9
7314
6453
49148
25
20651
54
915
32700
38048
16
35
1112
902
1874
9
27298
311
49148
25
20651
49083
1112
902
1874
9
27298
311
3270
264
1273
1034
11
264
1273
1034
11
311
3270
264
1273
1034
11
49083
49148
25
20651
54
915
3218
48
11
8333
51
11
274
17
14205
529
2273
7370
72
8973
11
3218
48
11
3218
48
1112
49083
49148
25
20651
54
915
3218
48
11
3218
48
32013
12239
20317
1253
531
11
32013
12239
12239
20317
1253
531
11
32013
62404
11
32013
12239
20317
1253
531
8751
25760
13480
11
356
5584
60526
11
32013
12239
11
32013
12239
20317
11
4494
25
3218
48
11
8333
51
11
274
17
14205
5085
2271
16168
18173
15931
32
15614
15266
323
2802
26932
13
5085
2271
20482
288
25
716
10028
11
716
10028
1400
11
716
10028
1400
11
716
10028
1400
11
20482
288
25
716
10028
11
716
10028
11
716
10028
1400
11
330
14434
2271
16168
18173
15931
32
15614
821
323
2802
26932
13
5085
2271
20482
288
25
330
14434
2271
8918
9165
11
8918
14030
11
8918
65437
11
8918
65437
11
8918
65437
11
8918
65437
11
5085
2271
8918
65437
11
8918
4279
25607
508
385
11
6023
8
4279
25607
508
385
11
6023
8
4279
25607
12454
2090
488
8918
65437
7
8918
65437
7
8918
4279
25607
12454
2090
488
8918
65437
7
8918
4279
25607
12454
2090
716
10028
1400
11
716
10028
11
716
10028
5785
2038
49148
374
49083
25
5785
2038
7314
6453
49148
374
49083
25
5785
2038
8817
279
21204
11
8817
279
21204
11
8817
279
21204
9750
11502
25
9750
11502
25
9750
11502
91689
6042
13
220
5799
5972
279
21204
11
39713
25
8817
279
39713
25
8817
279
21204
11
39713
25
8817
279
21204
11
17355
25
8817
279
9750
11502
9750
11502
9750
11502
39713
25
8817
279
21204
11
70187
25
70187
25
22667
25760
13480
11
16088
5386
11
22667
25760
13480
11
16088
5386
7102
25
2924
14
495
70187
25
22667
25760
34269
25
34269
25
2924
14
34269
25
5479
25
2924
14
495
459
14100
42087
76699
4322
1749
6453
393
17
808
18
9750
11502
25
9750
11502
34269
25
25
825
20455
17629
320
4074
9
102636
10
15770
8
1874
9
102636
10
15770
198
2575
5515
13931
12519
25
825
20455
17629
320
4074
9
27298
11
825
817
4279
19508
11
1378
817
2802
11
323
279
3468
15792
279
59341
198
2575
5515
13931
12519
25
1874
9
102636
10
15770
11
14330
25
9862
6911
11
14330
25
825
17629
817
11858
11
825
17629
817
49148
198
2575
5515
13931
74156
25
1874
9
102636
10
10280
6453
481
393
17
808
18
25
279
13931
6203
7314
624
2289
322
362
6193
8472
73686
11641
2348
23970
15087
11
5779
6887
817
6193
11
5779
6887
817
6193
11
5779
6887
817
7364
198
322
279
6203
9996
374
14299
1402
49543
320
43
24
25
220
101961
13
101130
18831
2687
389
220
21
35526
11
22115
220
101723
13
6203
9996
374
14299
1402
49543
320
376
37809
198
322
362
6193
8472
73686
11641
2348
23970
15087
11
279
6203
9996
374
14299
10298
198
322
362
6193
308
198
322
362
6193
8472
73686
11641
2348
296
198
322
825
220
16
11
100919
17
11
102259
53592
6203
198
2575
5515
13931
12519
25
1874
9
102636
10
15770
11
14330
25
9862
6911
11
14330
25
35107
198
2575
5515
13931
12519
25
1687
198
2575
5515
14330
25
9862
6911
11
330
1782
13931
1815
374
28294
1091
279
1614
2727
1
448
264
29873
3170
624
2575
4629
3980
369
451
13407
9021
25
6018
39840
19339
4279
12
1811
26
678
2326
40257
525
3042
3786
624
2575
4629
3980
369
451
13407
9021
58
17
60
1565
2413
64
58
17
60
220
1565
2413
64
58
17
60
62409
367
198
2575
4629
3980
1565
2413
64
15931
32
2436
220
15
14
16
4279
19508
30189
11
825
4147
817
4279
19508
11
1378
817
2802
11
825
4147
817
4279
19508
11
1378
817
2802
198
2575
4629
3980
1565
2413
64
58
17
60
63
4629
3980
1565
2413
5333
25
825
4147
817
4279
19508
11
4279
19508
305
315
2802
435
389
2436
308
374
4147
91321
7669
1457
71
60
1112
330
2413
64
7669
1457
71
19141
26932
25
4279
19508
305
315
2802
435
389
2436
308
374
4147
91321
7669
1457
651
14
17
60
1112
330
2413
64
7669
1457
71
19141
26932
25
4279
19508
1495
9833
7606
4279
12
1811
25
1495
9833
7606
4279
12
1811
25
1495
9833
7606
4279
12
26932
25
4279
19508
305
315
2802
435
389
2436
1378
27298
817
2802
25
1378
27298
817
2802
25
1378
1495
9833
7606
6978
525
6718
3941
1378
27298
817
2802
25
1495
9833
24526
71294
78432
40257
315
264
2802
525
6718
3941
279
1378
7798
25
18098
71294
4279
12
1811
389
2436
220
15
11
1495
4279
12
1811
389
2436
220
16
25
18098
71294
4279
12
1811
389
2436
220
15
11
25
825
20455
17629
817
1618
11
825
817
198
2575
8751
25760
13480
486
16461
21240
11
825
817
8751
25760
13480
486
49148
198
2575
8426
82
825
20455
17629
369
279
19827
26
5515
13931
12519
25
825
20455
220
102636
15245
3409
817
13931
2573
198
2575
320
603
20455
17629
817
3409
11
825
817
8751
25760
1910
198
2575
8426
82
825
54535
17629
369
54535
17629
369
54535
17629
198
2575
2409
3980
2504
198
2575
3776
20455
17629
817
13931
2573
3409
198
2575
3776
20455
17629
369
279
19827
26
5515
13931
7364
198
2575
3776
20455
17629
369
279
19827
26
279
49148
198
2575
3776
20455
17629
369
472
98886
25
825
20455
17629
369
279
19827
26
472
98886
25
825
20455
198
2575
7364
198
2575
7364
198
2575
1565
6855
25760
13480
63
49148
198
2575
3776
20455
17629
369
279
7314
594
7337
11
825
817
8751
25760
13480
486
16461
21240
198
2575
3776
20455
17629
817
13931
2573
3409
198
2575
1931
2038
198
2575
3776
20455
17629
369
279
49148
198
2575
13129
25
16150
825
17629
320
4074
9
102636
10
15770
8
1119
264
13931
2573
3409
198
2575
13129
25
16150
825
17629
320
4074
9
21
198
2575
13129
25
13665
284
1874
9
102636
10
15770
198
2575
3776
20455
17629
369
5515
13931
12519
25
825
20455
17629
198
2575
3776
20455
220
102636
15245
1968
3409
25
1565
20157
760
308
30979
760
1922
63
35535
198
2575
3776
20455
220
102636
15245
1968
3409
25
1565
20157
760
308
30979
760
7314
860
198
2575
3776
20455
220
32013
12239
20317
486
4651
64
9021
198
2575
3776
20455
220
32013
12239
20317
486
4651
64
9021
198
2575
3776
20455
220
32013
12239
53851
198
73712
12239
20317
486
4651
64
9021
198
73712
12239
20317
486
23966
2036
451
13407
9021
314
24526
11
454
11
2923
92
817
2436
220
15
14
16
198
73712
12239
20317
486
4651
64
12282
198
73712
12239
20317
486
4651
64
9021
817
2436
220
15
14
32013
12239
20317
486
3218
48
11
2224
9
700
11
2622
23
528
23339
11
2224
4680
11
32013
12239
320
531
6094
1349
15370
3941
7162
340
73712
12239
20317
486
4651
64
9021
314
24526
11
454
4279
12
1811
817
2436
220
15
14
16
11
678
2326
40257
3786
198
1955
39840
19339
4279
12
1811
26
678
2326
40257
525
3042
3786
624
322
6018
39840
19339
4279
12
1811
26
678
66163
7032
25
518
3245
220
99317
66163
13593
5048
25
518
678
2326
40257
18098
71294
78432
4279
12
1811
817
2436
220
15
14
16
11
678
2326
40257
3042
3786
198
322
6018
39840
19339
4279
12
1811
26
678
2326
40257
18098
71294
78432
18098
71294
78432
4279
12
1811
11499
198
322
6018
39840
1378
38844
6789
25
2436
220
15
14
16
4279
12
1811
