25
825
20455
17629
284
1874
9
102636
488
13665
624
1874
9
102636
10
15770
26
14330
25
825
20455
17629
284
13931
3034
320
2152
1874
11165
11
902
6911
62556
504
13931
28261
861
103302
4292
2575
8426
82
825
20455
17629
369
279
19827
26
5515
25
1874
9
102636
4244
11
1874
9
102636
10
15770
26
14330
25
20455
284
13931
3034
624
2575
8426
82
11767
3382
15960
368
4244
369
5515
13931
12519
11
11767
3382
52710
368
4244
315
9862
6911
198
2575
4244
369
14330
9862
6911
62556
504
11767
3382
52710
368
4244
315
9862
6911
4244
369
7364
198
2575
8426
82
11767
3382
15960
368
4244
369
5515
5515
13931
12519
5515
13931
12519
198
2575
4629
917
7364
37463
4629
917
7364
37463
4629
5236
917
7364
37463
4629
917
7364
37463
4629
5236
917
8333
51
6783
198
2575
4629
917
7364
37463
4629
917
7364
37463
5670
2038
4629
917
7364
37463
4629
5085
2271
16168
1034
198
2575
4629
917
7364
37463
4629
917
7364
37463
5670
2038
4629
917
7364
37463
4629
5085
2271
1273
1034
198
2575
4629
917
7364
37463
4629
13624
82
11
13624
82
11
13624
82
11
13624
82
11
13624
82
11
3175
14194
5085
2271
16168
11
3175
14194
5085
198
2575
4629
917
7364
37463
4629
917
7364
13624
82
11
13624
82
11
13624
82
11
7314
6453
13624
82
11
13624
82
11
13624
82
659
10816
5085
2271
16168
198
2575
4629
3383
13624
82
11
518
3245
220
99317
66163
7032
11
518
3245
220
99317
66163
7032
11
518
13593
50
14
1112
10816
5085
2271
16168
198
2575
4629
917
7364
37463
4629
917
7364
37463
5670
2038
4629
917
504
279
5785
49148
25
451
13407
9021
25
2436
39840
19339
4279
12
1811
26
678
2326
40257
525
3042
3786
624
2575
4629
917
7364
37463
4629
1056
25
451
13407
9021
25
2436
39840
19339
526
23
6978
315
279
18098
71294
78432
40257
11
19339
526
23
6978
315
279
18098
71294
78432
32013
12239
20317
486
4651
64
9021
25
2436
39840
19339
526
23
19339
526
23
6978
315
1378
7798
6
4279
12
1811
11
1378
7798
6
4279
12
1811
91321
58
17
60
1334
315
1378
7798
6
4279
12
53888
25
1378
7798
6
4279
12
1811
3421
279
6203
594
18098
71294
78432
6978
220
15
496
49
14
17
12
16
320
3509
220
15
8
323
431
14
17
496
49
12
16
320
3509
220
17
8
91321
58
15
60
14511
6978
220
15
496
49
14
17
12
16
18098
71294
78432
19339
526
23
6978
315
1378
7798
6
91321
58
15
60
14511
6978
220
15
2802
2088
220
15
496
49
14
17
12
16
11
220
651
26932
25
91321
58
15
60
14220
6978
220
15
496
49
14
17
12
16
11
91321
58
16
60
14220
6978
25
1874
9
102636
488
17629
3419
4351
11
11165
198
2575
1874
9
102636
488
13665
3419
4351
11
1874
9
102636
488
220
103302
320
541
462
4837
304
1874
220
15
594
220
21
462
4837
304
1874
220
15
594
220
21
462
4837
647
6610
82
1112
11165
1874
9
5515
13931
12519
16150
1874
9
102636
488
13665
3419
4351
11
7364
198
2575
8426
82
825
20455
17629
40410
369
279
3209
57937
25
5515
13931
12519
25
1874
9
102636
462
4837
304
1874
220
7364
198
2575
1034
25
2924
14
495
459
14100
7102
25
2924
14
495
459
14100
42087
76699
4322
1749
6453
198
322
1034
25
2924
14
82
1112
11165
1874
9
7364
198
322
1034
25
2487
25
2924
14
659
90090
198
322
442
1034
25
5785
82700
1112
11165
1874
9
7314
6453
198
322
1034
25
1196
25
330
7984
264
4583
356
1027
99419
5085
2271
16168
18173
15931
32
15614
15266
323
2802
26932
13
330
7984
264
2036
17449
11
2036
17449
11
7364
198
322
1034
25
330
7984
264
17355
13624
82
369
24708
17712
320
2414
48
11
8333
51
11
2613
13624
82
369
24708
17712
320
2414
48
11
1196
25
330
7984
264
4583
356
13593
1112
30070
11
518
3245
220
99317
66163
13593
5048
11
91689
6042
13
3411
825
46536
2504
13
576
5785
82700
525
504
264
2390
448
264
32262
320
14434
2271
1887
8
32262
320
14434
2271
1887
8
32262
320
14434
51
1112
30070
11
518
8918
1112
8918
1112
8918
9165
11
8918
9165
11
8918
9165
11
8918
11905
1112
8918
71332
11
8918
71332
11
15266
25
15931
32
15614
15266
323
2802
26932
13
30070
11
518
220
99317
66163
13593
25
15931
32
32013
12239
20317
10517
64
58
17
60
1334
315
451
13407
9021
314
24526
11
454
11
2923
92
817
2436
11
32013
12239
20317
10517
64
58
17
60
1334
315
451
64
1112
30070
11
1565
2413
64
58
17
60
7168
54407
25
32013
12239
20317
1638
56073
96624
91321
58
17
60
284
4687
304
279
49148
25
1565
2413
64
27362
7168
54407
25
32013
12239
73712
12239
20317
1638
56073
304
279
49148
25
1565
2413
64
27362
7168
54407
25
32013
12239
20317
1638
56073
32013
12239
840
1112
30070
11
1565
2413
64
58
17
60
7168
54407
25
32013
12239
20317
1638
56073
96624
91321
23966
2036
451
13407
9021
314
24526
11
872
25
330
7984
264
4583
356
1027
99419
356
1027
99419
5085
2271
5085
2271
1112
30070
11
1565
2413
64
58
15
936
24526
71294
78432
323
91321
58
16
936
24526
71294
78432
678
4743
27362
845
1283
1638
8085
11
678
4743
27362
845
1283
1638
8085
11
678
4743
526
6203
842
10824
16
11
31281
28
15
11
502
531
27362
7168
54407
25
32013
12239
20317
1638
56073
502
25
825
20455
17629
817
1618
11
825
817
198
2575
2588
50122
11
825
817
2588
50122
488
328
8504
36492
11
476
825
817
2588
50122
488
328
8504
36492
488
468
12
3481
2449
198
2575
13931
28261
13
220
14330
25
8980
311
264
9862
13931
3034
320
4814
387
3403
220
15931
32
2436
39840
19339
4279
12
1811
25
678
2326
40257
525
59341
198
2575
3786
11
773
264
59341
1565
24526
63
14
63
4748
63
4279
19508
374
279
1852
5820
438
264
59341
1565
454
63
21563
594
4279
19508
198
2575
320
1782
3769
374
279
705
21563
594
3769
11
773
279
3769
4279
19508
374
279
49148
594
1565
4651
64
9021
63
2036
25
2436
39840
19339
4279
12
376
37809
6978
11
678
2326
40257
3042
3786
624
2575
6018
39840
19339
4279
12
1811
25
678
2326
40257
525
59341
3786
11
2086
49148
510
2575
6018
39840
19339
4279
12
1811
25
2441
49148
25
2436
39840
19339
7364
37463
6978
11
678
2326
40257
3042
3786
624
2575
8600
25
2436
39840
19339
7364
37463
6978
11
59341
3786
11
678
2326
40257
17355
25
2436
39840
19339
7364
37463
6978
11
59341
3786
11
678
2326
32013
12239
20317
486
4651
64
9021
198
2575
8600
25
2436
39840
32013
12239
20317
486
4651
64
9021
198
2575
8600
25
23966
2036
451
13407
9021
314
24526
11
705
11
27362
11
59341
3786
11
23966
2036
451
651
64
25
2436
39840
19339
7364
37463
6978
11
59341
3786
11
678
2326
40257
3042
3786
624
2575
8600
25
32013
12239
20317
486
91321
58
17
60
481
2436
39840
19339
7364
37463
6978
11
59341
3786
11
678
2326
12454
25
2436
39840
12931
553
2436
220
15
6165
2436
220
16
11
91321
58
15
60
6165
91321
58
17464
32
7798
220
15
323
220
16
11
91321
58
15
60
1156
38718
1638
287
198
3896
38718
1638
287
11
1156
38718
1638
287
11
1156
38718
1638
287
11
1156
38718
1638
198
3896
38718
1638
287
11
1156
47044
11
1156
47044
11
1565
2413
64
58
15
60
63
6165
1565
2413
64
58
16
60
15792
2436
220
15
594
4279
12
1811
11
15792
2436
7337
389
2436
220
15
1349
91321
58
15
1125
2436
220
16
7337
1349
91321
58
15
1125
2436
220
15
7337
1349
91321
58
15
1125
2436
220
15
7337
1349
3059
304
16727
220
19
42
2150
56308
389
279
1156
5796
315
1817
2150
11
16727
220
19
42
6203
5820
11
16727
220
19
42
1817
2150
374
1156
2385
32913
553
264
2436
12
15
11858
11
1817
2150
374
1156
2385
1349
553
2436
220
16
7337
389
2436
220
16
1349
91321
58
16
1125
2436
220
19083
1349
553
2436
220
16
7337
389
2436
220
9809
25
2436
220
16
7337
389
2436
220
16
1349
91321
58
