25
1874
9
102636
10
15770
13
1874
9
102636
10
15770
11165
25
1874
9
102636
10
15770
198
2575
825
20455
17629
369
279
19827
26
5515
1874
9
7314
6453
49148
10330
518
393
17
808
18
1555
3968
19
99618
198
322
2924
14
495
459
14100
42087
76699
4322
1749
6453
481
393
17
808
18
25
279
13931
6203
7314
624
2289
322
362
6193
8472
73686
11641
2348
23970
15087
11
5779
6887
817
7162
11
5779
8185
11
5779
2814
61168
11
5779
2814
198
322
5779
2814
61168
11
5779
8185
11
5779
2814
61168
11
5779
2814
61168
11
11499
1467
198
322
5779
8185
11
5779
2814
61168
11
11499
1467
198
322
5779
8185
11
5779
71794
16261
11
5779
71794
16261
11
5779
71794
16261
11
5779
71794
16261
198
322
5779
8185
11
5779
71794
16261
11
5779
71794
16261
11
17355
1467
198
322
5779
8185
11
5779
71794
16261
11
1378
8185
11
1378
8185
11
1378
8185
11
1378
8185
11
1378
8185
11
2409
1467
198
322
5779
8185
11
5779
71794
16261
11
1378
8185
11
1378
7337
11
1378
7337
11
1378
7337
11
1378
7337
11
9750
11502
198
322
5779
8185
11
5779
71794
16261
11
1378
8185
11
1378
7337
11
9750
11502
11
9750
11502
11
9750
11502
198
322
5779
2086
7162
11
5779
2086
7162
11
5779
2086
44532
11
5779
2086
7162
11
5779
2086
7162
11
3347
1467
198
322
5779
2086
7162
11
5779
2086
44532
11
9750
11502
11
9750
19339
6978
11
9750
19339
6978
11
9750
19339
6978
198
322
5779
2086
7162
11
5779
2086
44532
11
9750
11502
11
9750
19339
6978
11
9750
19339
6978
11
2409
1467
198
322
5146
711
43
25
5146
711
43
25
5146
711
43
5146
711
43
5146
711
43
5146
711
43
25
5146
711
34
25
5146
711
34
25
5146
711
34
25
5146
711
34
25
451
2034
25
451
2034
25
451
2034
25
451
13664
198
322
5146
711
43
14
5207
711
34
20249
2034
13664
11
5146
711
43
14
5207
3175
11
5146
711
34
14
5207
3175
11
451
2034
14
5207
3175
11
451
2034
14
5207
3175
11
451
2034
14
17464
32
15614
15266
198
322
5146
711
43
14
5207
711
34
20249
2034
13664
11
5146
711
43
14
5207
3175
11
5146
845
11
5146
845
11
5146
845
11
5146
845
11
5146
845
11
15931
32
15614
15266
198
322
5146
711
43
14
5207
711
32013
12239
20317
1253
531
11
32013
12239
20317
1253
531
11
32013
12239
27362
11
32013
12239
27362
11
13664
198
322
5146
711
43
14
5207
711
34
20249
2034
13664
11
5146
711
43
14
24592
3553
11
24592
3553
11
24592
3553
11
24592
3553
11
24592
3553
11
13664
198
322
5146
711
43
14
5207
25
5146
711
43
14
25
1874
9
102636
10
15770
13
1874
9
102636
10
15770
11165
25
1874
9
102636
10
15770
198
2575
825
20455
17629
369
279
19827
26
5515
1874
9
7314
6453
49148
10330
518
393
17
808
18
1555
3968
19
99618
198
322
2924
14
495
459
14100
42087
76699
4322
1749
6453
481
393
17
808
18
25
279
13931
6203
7314
624
2289
322
362
6193
8472
73686
11641
2348
23970
15087
11
5779
6887
817
7162
11
5779
8185
11
5779
2814
61168
11
5779
2814
198
322
5779
2814
61168
11
5779
8185
11
5779
2814
61168
11
5779
2814
61168
11
11499
1467
198
322
5779
8185
11
5779
2814
61168
11
11499
1467
198
322
5779
8185
11
5779
71794
16261
11
5779
71794
16261
11
5779
71794
16261
11
5779
71794
16261
198
322
5779
8185
11
5779
71794
16261
11
5779
71794
16261
11
17355
1467
198
322
5779
8185
11
5779
71794
16261
11
1378
8185
11
1378
8185
11
1378
8185
11
1378
8185
11
1378
8185
11
2409
1467
198
322
5779
8185
11
5779
71794
16261
11
1378
8185
11
1378
7337
11
1378
7337
11
1378
7337
11
1378
7337
11
9750
11502
198
322
5779
8185
11
5779
71794
16261
11
1378
8185
11
1378
7337
11
9750
11502
11
9750
11502
11
9750
11502
198
322
5779
2086
7162
11
5779
2086
7162
11
5779
2086
44532
11
5779
2086
7162
11
5779
2086
7162
11
3347
1467
198
322
5779
2086
7162
11
5779
2086
44532
11
9750
11502
11
9750
19339
6978
11
9750
19339
6978
11
9750
19339
6978
198
322
5779
2086
7162
11
5779
2086
44532
11
9750
11502
11
9750
19339
6978
11
9750
19339
6978
11
2409
1467
198
322
5146
711
43
25
5146
711
43
25
5146
711
43
5146
711
43
5146
711
43
5146
711
43
25
5146
711
34
25
5146
711
34
25
5146
711
34
25
5146
711
34
25
451
2034
25
451
2034
25
451
2034
25
451
13664
198
322
5146
711
43
14
5207
711
34
20249
2034
13664
11
5146
711
43
14
5207
3175
11
5146
711
34
14
5207
3175
11
451
2034
14
5207
3175
11
451
2034
14
5207
3175
11
451
2034
14
17464
32
15614
15266
198
322
5146
711
43
14
5207
711
34
20249
2034
13664
11
5146
711
43
14
5207
3175
11
5146
845
11
5146
845
11
5146
845
11
5146
845
11
5146
845
11
15931
32
15614
15266
198
322
5146
711
43
14
5207
711
32013
12239
20317
1253
531
11
32013
12239
20317
1253
531
11
32013
12239
27362
11
32013
12239
27362
11
13664
198
322
5146
711
43
14
5207
711
34
20249
2034
13664
11
5146
711
43
14
24592
3553
11
24592
3553
11
24592
3553
11
24592
3553
11
24592
3553
11
13664
198
322
5146
711
43
14
5207
25
5146
711
43
14
25
1874
9
102636
10
15770
13
1874
9
102636
10
15770
11165
25
1874
9
102636
10
15770
198
2575
825
20455
17629
369
279
19827
26
5515
1874
9
7314
6453
49148
10330
518
393
17
808
18
1555
3968
19
99618
198
322
2924
14
495
459
14100
42087
76699
4322
1749
6453
481
393
17
808
18
25
279
13931
6203
7314
624
2289
322
362
6193
8472
73686
11641
2348
23970
15087
11
5779
6887
817
7162
11
5779
8185
11
5779
2814
61168
11
5779
2814
198
322
5779
2814
61168
11
5779
8185
11
5779
2814
61168
11
5779
2814
61168
11
11499
1467
198
322
5779
8185
11
5779
2814
61168
11
11499
1467
198
322
5779
8185
11
5779
71794
16261
11
5779
71794
16261
11
5779
71794
16261
11
5779
71794
16261
198
322
5779
8185
11
5779
71794
16261
11
5779
71794
16261
11
17355
1467
198
322
5779
8185
11
5779
71794
16261
11
1378
8185
11
1378
8185
11
1378
8185
11
1378
8185
11
1378
8185
11
2409
1467
198
322
5779
8185
11
5779
71794
16261
11
1378
8185
11
1378
7337
11
1378
7337
11
1378
7337
11
1378
7337
11
9750
11502
198
322
5779
8185
11
5779
71794
16261
11
1378
8185
11
1378
7337
11
9750
11502
11
9750
11502
11
9750
11502
198
322
5779
2086
7162
11
5779
2086
7162
11
5779
2086
44532
11
5779
2086
7162
11
5779
2086
7162
11
3347
1467
198
322
5779
2086
7162
11
5779
2086
44532
11
9750
11502
11
9750
19339
6978
11
9750
19339
6978
11
9750
19339
6978
198
322
5779
2086
7162
11
5779
2086
44532
11
9750
11502
11
9750
19339
6978
11
9750
19339
6978
11
2409
1467
198
322
5146
711
43
25
5146
711
43
25
5146
711
43
5146
711
43
5146
711
43
5146
711
43
25
5146
711
34
25
5146
711
34
25
5146
711
34
25
5146
711
34
25
451
2034
25
451
2034
25
451
2034
25
451
13664
198
322
5146
711
43
14
5207
711
34
20249
2034
13664
11
5146
711
43
14
5207
3175
11
5146
711
34
14
5207
3175
11
451
2034
14
5207
3175
11
451
2034
14
5207
3175
11
451
2034
14
17464
32
15614
15266
198
322
5146
711
43
14
5207
711
34
20249
2034
13664
11
5146
711
43
14
5207
3175
11
5146
845
11
5146
845
11
5146
845
11
5146
845
11
5146
845
11
15931
32
15614
15266
198
322
5146
711
43
14
5207
711
32013
12239
20317
1253
531
11
32013
12239
20317
1253
531
11
32013
12239
27362
11
32013
12239
27362
11
13664
198
322
5146
711
43
14
5207
711
34
20249
2034
13664
11
5146
711
43
14
24592
3553
11
24592
3553
11
24592
3553
11
24592
3553
11
24592
3553
11
13664
198
322
5146
711
43
14
5207
25
5146
711
43
14
