25
825
20455
17629
817
1618
11
825
817
198
2575
8751
25760
13480
486
16461
21240
11
825
817
8751
25760
13480
486
7314
6453
25
825
20455
17629
817
1618
11
825
817
198
2575
8751
25760
13480
8751
25760
13480
7314
6453
25
825
20455
17629
9862
13931
6911
9468
11
2670
13931
28261
3403
220
13841
14
13630
8737
21274
444
24
25
220
101961
13
101130
18831
2687
5109
25
220
3379
82
825
20455
17629
369
279
220
8426
82
825
20455
17629
369
279
220
8426
82
6050
36
6193
25
5779
6845
288
817
6193
11
825
817
6203
11
274
17
14205
529
2273
7370
72
8973
25
274
17
14205
4509
459
25
6050
36
8667
18347
15534
6193
25
5779
6845
288
6050
36
6193
25
11499
6845
288
817
6193
11
825
817
6203
11
274
17
7102
25
8426
82
825
20455
17629
369
279
8426
82
825
49148
25
8426
82
825
20455
17629
2661
264
13931
2573
6589
25
825
20455
17629
3293
49805
18816
1648
3293
49805
18816
1648
3293
49805
18816
1648
11499
6845
288
3980
1467
25
11499
6845
288
3980
1467
25
330
3379
82
825
20455
17629
369
279
19827
26
5515
13931
12519
25
825
20455
17629
817
1618
11
825
817
8751
25760
13480
30070
25
8426
82
825
3293
49805
13129
25
8426
82
13624
82
25
8426
82
13624
82
25
8426
1565
1742
49805
63
13129
25
8426
1565
1742
49805
63
5085
2271
16168
18173
15931
32
15614
15266
323
2802
26932
13
15931
32
15614
15266
323
2802
26932
13
15931
32
15614
1273
16168
369
15931
32
15614
15266
323
49083
2802
26932
13
5085
2271
7497
15931
32
15614
15266
323
49083
2802
26932
25
5085
2271
350
5085
2271
350
1112
30070
25
8426
82
825
20455
17629
3293
49805
13129
25
8426
82
825
20455
17629
5085
2271
7032
6941
25
2503
30070
25
8426
220
99317
66163
7032
25
518
3245
220
99317
66163
13593
5048
25
518
1681
25
330
7984
264
4583
356
1027
99419
5085
2271
16168
18173
15931
32
15614
15266
323
2802
26932
13
29620
30070
11
61711
99317
66163
13593
5048
323
91689
6042
13
3411
825
46536
2038
2504
13
13646
32559
9809
382
8855
2038
82700
510
73022
10816
198
322
2924
14
495
459
14100
42087
76699
4322
1749
6453
481
393
17
808
18
25
279
13931
6203
7314
624
2289
322
362
6193
8472
73686
11641
2348
23970
15087
11
5779
6845
288
817
6193
11
323
279
6203
9996
374
14299
1402
49543
320
10637
14
13630
8737
21274
444
24
25
220
101961
13
101130
18831
2687
389
220
21
35526
11
14838
6200
1760
4558
6896
568
220
2055
279
7314
594
2618
374
537
311
9270
4680
26
9248
553
279
9270
4680
26
9248
553
279
9270
4680
26
49083
9270
4680
26
49083
9270
4680
26
9270
4680
26
9248
553
279
9270
25
825
20455
17629
817
1618
11
825
817
198
2575
8751
25760
13480
486
16461
21240
11
825
817
8751
25760
13480
486
7314
6453
25
825
20455
17629
817
1618
11
825
817
198
2575
8751
25760
13480
8751
25760
13480
7314
6453
25
825
20455
17629
9862
13931
6911
9468
11
2670
13931
28261
3403
220
13841
14
13630
8737
21274
444
24
25
220
101961
13
101130
18831
2687
5109
25
220
3379
82
825
20455
17629
369
279
220
8426
82
825
20455
17629
369
279
220
8426
82
6050
36
6193
25
5779
6845
288
817
6193
11
825
817
6203
11
274
17
14205
529
2273
7370
72
8973
25
274
17
14205
4509
459
25
6050
36
8667
18347
15534
6193
25
5779
6845
288
6050
36
6193
25
11499
6845
288
817
6193
11
825
817
6203
11
274
17
7102
25
8426
82
825
20455
17629
369
279
8426
82
825
49148
25
8426
82
825
20455
17629
2661
264
13931
2573
6589
25
825
20455
17629
3293
49805
18816
1648
3293
49805
18816
1648
3293
49805
18816
1648
11499
6845
288
3980
1467
25
11499
6845
288
3980
1467
25
330
3379
82
825
20455
17629
369
279
19827
26
5515
13931
12519
25
825
20455
17629
817
1618
11
825
817
8751
25760
13480
30070
25
8426
82
825
3293
49805
13129
25
8426
82
13624
82
25
8426
82
13624
82
25
8426
1565
1742
49805
63
13129
25
8426
1565
1742
49805
63
5085
2271
16168
18173
15931
32
15614
15266
323
2802
26932
13
15931
32
15614
15266
323
2802
26932
13
15931
32
15614
1273
16168
369
15931
32
15614
15266
323
49083
2802
26932
13
5085
2271
7497
15931
32
15614
15266
323
49083
2802
26932
25
5085
2271
350
5085
2271
350
1112
30070
25
8426
82
825
20455
17629
3293
49805
13129
25
8426
82
825
20455
17629
5085
2271
7032
6941
25
2503
30070
25
8426
220
99317
66163
7032
25
518
3245
220
99317
66163
13593
5048
25
518
1681
25
330
7984
264
4583
356
1027
99419
5085
2271
16168
18173
15931
32
15614
15266
323
2802
26932
13
29620
30070
11
61711
99317
66163
13593
5048
323
91689
6042
13
3411
825
46536
2038
2504
13
13646
32559
9809
382
8855
2038
82700
510
73022
10816
198
322
2924
14
495
459
14100
42087
76699
4322
1749
6453
481
393
17
808
18
25
279
13931
6203
7314
624
2289
322
362
6193
8472
73686
11641
2348
23970
15087
11
5779
6845
288
817
6193
11
323
279
6203
9996
374
14299
1402
49543
320
10637
14
13630
8737
21274
444
24
25
220
101961
13
101130
18831
2687
389
220
21
35526
11
14838
6200
1760
4558
6896
568
220
2055
279
7314
594
2618
374
537
311
9270
4680
26
9248
553
279
9270
4680
26
9248
553
279
9270
4680
26
49083
9270
4680
26
49083
9270
4680
26
9270
4680
26
9248
553
279
9270
25
825
20455
17629
817
1618
11
825
817
198
2575
8751
25760
13480
486
16461
21240
11
825
817
8751
25760
13480
486
7314
6453
25
825
20455
17629
817
1618
11
825
817
198
2575
8751
25760
13480
8751
25760
13480
7314
6453
25
825
20455
17629
9862
13931
6911
9468
11
2670
13931
28261
3403
220
13841
14
13630
8737
21274
444
24
25
220
101961
13
101130
18831
2687
5109
25
220
3379
82
825
20455
17629
369
279
220
8426
82
825
20455
17629
369
279
220
8426
82
6050
36
6193
25
5779
6845
288
817
6193
11
825
817
6203
11
274
17
14205
529
2273
7370
72
8973
25
274
17
14205
4509
459
25
6050
36
8667
18347
15534
6193
25
5779
6845
288
6050
36
6193
25
11499
6845
288
817
6193
11
825
817
6203
11
274
17
7102
25
8426
82
825
20455
17629
369
279
8426
82
825
49148
25
8426
82
825
20455
17629
2661
264
13931
2573
6589
25
825
20455
17629
3293
49805
18816
1648
3293
49805
18816
1648
3293
49805
18816
1648
11499
6845
288
3980
1467
25
11499
6845
288
3980
1467
25
330
3379
82
825
20455
17629
369
279
19827
26
5515
13931
12519
25
825
20455
17629
817
1618
11
825
817
8751
25760
13480
30070
25
8426
82
825
3293
49805
13129
25
8426
82
13624
82
25
8426
82
13624
82
25
8426
1565
1742
49805
63
13129
25
8426
1565
1742
49805
63
5085
2271
16168
18173
15931
32
15614
15266
323
2802
26932
13
15931
32
15614
15266
323
2802
26932
13
15931
32
15614
1273
16168
369
15931
32
15614
15266
323
49083
2802
26932
13
5085
2271
7497
15931
32
15614
15266
323
49083
2802
26932
25
5085
2271
350
5085
2271
350
1112
30070
25
8426
82
825
20455
17629
3293
49805
13129
25
8426
82
825
20455
17629
5085
2271
7032
6941
25
2503
30070
25
8426
220
99317
66163
7032
25
518
3245
220
99317
66163
13593
5048
25
518
1681
25
330
7984
264
4583
356
1027
99419
5085
2271
16168
18173
15931
32
15614
15266
323
2802
26932
13
29620
30070
11
61711
99317
66163
13593
5048
323
91689
6042
13
3411
825
46536
2038
2504
13
13646
32559
9809
382
8855
2038
82700
510
73022
10816
198
322
2924
14
495
459
14100
42087
76699
4322
1749
6453
481
393
17
808
18
25
279
13931
6203
7314
624
2289
322
362
6193
8472
73686
11641
2348
23970
15087
11
5779
6845
288
817
6193
11
323
279
6203
9996
374
14299
1402
49543
320
10637
14
13630
8737
21274
444
24
25
220
101961
13
101130
18831
2687
389
220
21
35526
11
14838
6200
1760
4558
6896
568
220
2055
279
7314
594
2618
374
537
311
9270
4680
26
9248
553
279
9270
4680
26
9248
553
279
9270
4680
26
49083
9270
4680
26
49083
9270
4680
26
9270
4680
26
9248
553
279
9270
