25
1874
9
102636
10
15770
3419
4351
11
1874
220
15
284
1882
1638
1874
220
15
624
13156
13931
12519
5333
11
1874
220
13931
2573
6589
374
79450
11
9376
2588
50122
67030
624
13156
13931
12519
5333
11
1874
220
8426
82
825
20455
17629
369
279
19827
26
5515
13931
12519
25
1874
9
7314
6453
49148
14511
7314
9750
11502
11
32013
12239
20317
448
451
13407
9021
320
24526
71294
78432
8
323
91321
58
17
60
1334
11
22667
25760
13480
7618
11
356
5584
60526
11
16088
5386
11
738
12842
15455
11
3468
15455
20272
11
11135
21743
89489
11
12902
12842
15455
11
7314
6453
49148
14511
9750
11502
11
32013
12239
20317
5043
11
451
13407
9021
2036
11
91321
58
17
1125
22667
25760
13480
11
356
17712
11
356
17712
11
356
17712
11
49148
14511
9750
11502
11
32013
12239
5043
11
32013
12239
5043
11
49148
14511
220
99951
17
11858
23691
3941
6961
19376
938
5043
11
356
5584
60526
5043
11
6961
92658
11
8751
25760
13480
11
6961
92658
11
8751
25760
13480
2409
3980
2504
911
27574
282
2479
7241
3468
3520
2182
1052
11
27574
282
2479
7241
3468
3520
7907
11
27574
282
5109
11
282
5109
11
282
5109
11
49148
14511
9750
11502
11
32013
12239
20317
5043
11
451
3902
64
9021
320
24526
71294
78432
8
451
3902
64
9021
320
24526
41191
11
518
3245
220
99317
66163
13593
5048
18173
15931
32
15614
15266
323
2802
26932
13
29620
30070
11
518
31705
11
15266
11
15266
11
15266
11
220
99317
66163
13593
5048
11
220
99317
66163
5785
2038
82700
510
322
2924
14
495
1073
1915
14100
42087
76699
4322
1749
6453
481
393
17
808
18
25
279
13931
6203
7314
624
2289
322
362
6193
8472
73686
11641
2348
23970
15087
11
5779
6845
288
817
6193
2783
2686
1091
825
6203
624
2289
322
81028
362
12766
828
97953
3567
4183
362
431
1718
13
220
393
17
808
18
16539
264
330
1023
12571
328
91745
10053
497
4362
979
6887
17310
1393
3800
525
2058
1660
24113
13
220
5692
807
4157
25
279
3468
1969
30614
678
5779
16261
1573
279
13473
398
198
322
311
2506
1449
6961
6200
5290
6203
5820
2687
198
322
311
2506
1449
6961
6200
2802
26932
13
29620
30070
11
518
3245
220
99317
66163
13593
16168
18173
15931
32
15614
15266
323
2802
26932
13
29620
30070
11
825
46536
2038
2504
13
13646
32559
9809
382
8855
2038
49148
510
322
2924
14
495
459
14100
42087
76699
4322
7364
20609
1283
2038
2504
481
25797
1283
2038
2504
481
25797
1283
5785
49148
374
25797
1283
2038
2504
481
25797
1283
2038
2504
481
9929
374
25797
1283
2038
2504
481
9929
374
25797
1283
2038
5085
2271
16168
18173
15931
32
15614
15266
323
2802
26932
13
9641
264
4583
356
1027
99419
5085
25
1874
9
102636
10
15770
3419
4351
11
1874
220
15
284
1882
1638
1874
220
15
624
13156
13931
12519
5333
11
1874
220
13931
2573
6589
374
79450
11
9376
2588
50122
67030
624
13156
13931
12519
5333
11
1874
220
8426
82
825
20455
17629
369
279
19827
26
5515
13931
12519
25
1874
9
7314
6453
49148
14511
7314
9750
11502
11
32013
12239
20317
448
451
13407
9021
320
24526
71294
78432
8
323
91321
58
17
60
1334
11
22667
25760
13480
7618
11
356
5584
60526
11
16088
5386
11
738
12842
15455
11
3468
15455
20272
11
11135
21743
89489
11
12902
12842
15455
11
7314
6453
49148
14511
9750
11502
11
32013
12239
20317
5043
11
451
13407
9021
2036
11
91321
58
17
1125
22667
25760
13480
11
356
17712
11
356
17712
11
356
17712
11
49148
14511
9750
11502
11
32013
12239
5043
11
32013
12239
5043
11
49148
14511
220
99951
17
11858
23691
3941
6961
19376
938
5043
11
356
5584
60526
5043
11
6961
92658
11
8751
25760
13480
11
6961
92658
11
8751
25760
13480
2409
3980
2504
911
27574
282
2479
7241
3468
3520
2182
1052
11
27574
282
2479
7241
3468
3520
7907
11
27574
282
5109
11
282
5109
11
282
5109
11
49148
14511
9750
11502
11
32013
12239
20317
5043
11
451
3902
64
9021
320
24526
71294
78432
8
451
3902
64
9021
320
24526
41191
11
518
3245
220
99317
66163
13593
5048
18173
15931
32
15614
15266
323
2802
26932
13
29620
30070
11
518
31705
11
15266
11
15266
11
15266
11
220
99317
66163
13593
5048
11
220
99317
66163
5785
2038
82700
510
322
2924
14
495
1073
1915
14100
42087
76699
4322
1749
6453
481
393
17
808
18
25
279
13931
6203
7314
624
2289
322
362
6193
8472
73686
11641
2348
23970
15087
11
5779
6845
288
817
6193
2783
2686
1091
825
6203
624
2289
322
81028
362
12766
828
97953
3567
4183
362
431
1718
13
220
393
17
808
18
16539
264
330
1023
12571
328
91745
10053
497
4362
979
6887
17310
1393
3800
525
2058
1660
24113
13
220
5692
807
4157
25
279
3468
1969
30614
678
5779
16261
1573
279
13473
398
198
322
311
2506
1449
6961
6200
5290
6203
5820
2687
198
322
311
2506
1449
6961
6200
2802
26932
13
29620
30070
11
518
3245
220
99317
66163
13593
16168
18173
15931
32
15614
15266
323
2802
26932
13
29620
30070
11
825
46536
2038
2504
13
13646
32559
9809
382
8855
2038
49148
510
322
2924
14
495
459
14100
42087
76699
4322
7364
20609
1283
2038
2504
481
25797
1283
2038
2504
481
25797
1283
5785
49148
374
25797
1283
2038
2504
481
25797
1283
2038
2504
481
9929
374
25797
1283
2038
2504
481
9929
374
25797
1283
2038
5085
2271
16168
18173
15931
32
15614
15266
323
2802
26932
13
9641
264
4583
356
1027
99419
5085
25
1874
9
102636
10
15770
3419
4351
11
1874
220
15
284
1882
1638
1874
220
15
624
13156
13931
12519
5333
11
1874
220
13931
2573
6589
374
79450
11
9376
2588
50122
67030
624
13156
13931
12519
5333
11
1874
220
8426
82
825
20455
17629
369
279
19827
26
5515
13931
12519
25
1874
9
7314
6453
49148
14511
7314
9750
11502
11
32013
12239
20317
448
451
13407
9021
320
24526
71294
78432
8
323
91321
58
17
60
1334
11
22667
25760
13480
7618
11
356
5584
60526
11
16088
5386
11
738
12842
15455
11
3468
15455
20272
11
11135
21743
89489
11
12902
12842
15455
11
7314
6453
49148
14511
9750
11502
11
32013
12239
20317
5043
11
451
13407
9021
2036
11
91321
58
17
1125
22667
25760
13480
11
356
17712
11
356
17712
11
356
17712
11
49148
14511
9750
11502
11
32013
12239
5043
11
32013
12239
5043
11
49148
14511
220
99951
17
11858
23691
3941
6961
19376
938
5043
11
356
5584
60526
5043
11
6961
92658
11
8751
25760
13480
11
6961
92658
11
8751
25760
13480
2409
3980
2504
911
27574
282
2479
7241
3468
3520
2182
1052
11
27574
282
2479
7241
3468
3520
7907
11
27574
282
5109
11
282
5109
11
282
5109
11
49148
14511
9750
11502
11
32013
12239
20317
5043
11
451
3902
64
9021
320
24526
71294
78432
8
451
3902
64
9021
320
24526
41191
11
518
3245
220
99317
66163
13593
5048
18173
15931
32
15614
15266
323
2802
26932
13
29620
30070
11
518
31705
11
15266
11
15266
11
15266
11
220
99317
66163
13593
5048
11
220
99317
66163
5785
2038
82700
510
322
2924
14
495
1073
1915
14100
42087
76699
4322
1749
6453
481
393
17
808
18
25
279
13931
6203
7314
624
2289
322
362
6193
8472
73686
11641
2348
23970
15087
11
5779
6845
288
817
6193
2783
2686
1091
825
6203
624
2289
322
81028
362
12766
828
97953
3567
4183
362
431
1718
13
220
393
17
808
18
16539
264
330
1023
12571
328
91745
10053
497
4362
979
6887
17310
1393
3800
525
2058
1660
24113
13
220
5692
807
4157
25
279
3468
1969
30614
678
5779
16261
1573
279
13473
398
198
322
311
2506
1449
6961
6200
5290
6203
5820
2687
198
322
311
2506
1449
6961
6200
2802
26932
13
29620
30070
11
518
3245
220
99317
66163
13593
16168
18173
15931
32
15614
15266
323
2802
26932
13
29620
30070
11
825
46536
2038
2504
13
13646
32559
9809
382
8855
2038
49148
510
322
2924
14
495
459
14100
42087
76699
4322
7364
20609
1283
2038
2504
481
25797
1283
2038
2504
481
25797
1283
5785
49148
374
25797
1283
2038
2504
481
25797
1283
2038
2504
481
9929
374
25797
1283
2038
2504
481
9929
374
25797
1283
2038
5085
2271
16168
18173
15931
32
15614
15266
323
2802
26932
13
9641
264
4583
356
1027
99419
5085
