25
825
20455
17629
284
1874
9
102636
10
15770
624
2575
14330
25
825
17629
3034
504
279
13931
6911
11
2670
28261
3403
220
20651
198
2575
8426
82
825
20455
17629
369
279
49148
2727
825
20455
17629
284
1874
9
102636
10
8333
51
11
8333
51
374
279
49148
594
198
2575
4629
2727
825
20455
17629
13665
2878
1874
220
7364
37463
25
330
603
20455
17629
284
1874
9
3218
48
11
8333
51
11206
304
264
5515
13931
2573
198
2414
48
374
279
49148
594
4629
2727
825
20455
17629
284
1874
9
102636
10
15770
2878
1874
220
7364
37463
25
330
603
37468
25
330
603
20455
17629
284
1874
9
8333
51
11206
304
264
5515
13931
2150
198
2414
48
374
279
6203
9996
594
4629
2727
825
20455
17629
284
4629
2727
825
7364
37463
25
330
603
20455
17629
284
1874
9
32013
12239
20317
2067
13407
9021
25
6018
39840
19339
4279
12
1811
26
678
2326
40257
525
3042
3786
624
73712
12239
20317
2067
13407
9021
25
6018
7798
11
220
17
7798
11
220
17
7798
11
220
17
7798
11
7032
220
17
7798
11
220
17
27362
369
18098
71294
78432
11
23659
315
27362
817
2436
11
23659
315
817
2436
11
23659
315
32013
12239
73712
12239
20317
10517
64
58
17
60
91321
58
17
60
23659
315
27362
817
2436
11
220
17
7798
11
220
17
7798
11
825
20455
17629
284
1874
9
102636
10
15770
2878
1874
220
7364
37463
25
1508
79601
25
330
603
20455
17629
284
5333
25
1565
1742
21743
63
5333
25
1565
1742
21743
63
5333
25
4240
25
330
603
20455
17629
284
1874
9
5085
2271
16168
18173
15931
32
15614
15266
323
2802
26932
13
5085
2271
16168
18173
15931
12158
37463
25
330
603
20455
17629
284
1874
9
220
6005
85246
25
330
603
20455
17629
284
7314
6453
393
17
808
18
25
279
13931
6203
7314
9750
11502
25
7314
9750
11502
25
7314
9750
11502
25
7364
37463
25
330
603
20455
5785
2038
82700
25
5785
2038
82700
25
5785
2038
82700
7314
6453
393
17
808
7314
6453
393
8751
25760
13480
11
8751
25760
13480
11
8751
25760
13480
11
8751
356
5584
60526
11
356
5584
44621
11
356
16168
18173
15931
32
15614
15266
323
7364
37463
25
330
603
20455
17629
284
1874
9
102636
10
258
1874
220
7364
37463
220
99317
66163
7032
25
518
3245
220
99317
66163
2060
14
17100
13521
11
518
3245
220
99317
66163
7032
448
2060
14
17100
13521
11
518
350
10028
25
350
10028
25
350
10028
25
350
10028
25
350
10028
25
350
32013
12239
20317
2067
13407
9021
25
6018
39840
19339
4279
12
1811
26
49148
594
4629
2727
825
20455
17629
284
1874
9
102636
10
356
5584
60526
11858
92658
11452
13931
28261
26
11858
92658
11452
13931
25
825
20455
17629
11
825
1874
11
17629
198
3379
2077
3293
11661
49805
18816
1215
442
655
4490
198
2575
8426
82
825
20455
17629
369
279
3209
6737
17629
11
825
1874
11
17629
198
3379
2077
3293
11661
49805
12260
1293
1874
11
526
13665
11
1807
14940
12213
317
2575
8426
82
19827
594
21398
25
5515
13931
12519
320
265
63836
11
2588
50122
67030
701
14330
9862
6911
198
6855
25760
13480
3293
10809
48606
13480
9759
10701
12971
11
1807
14940
12213
11
356
5584
60526
9
71963
18877
3505
317
6855
25760
655
4490
1112
442
655
4490
198
2575
4629
25
655
4490
198
2575
4629
25
5785
49148
374
504
2924
14
495
459
14100
42087
76699
4322
1749
6453
198
2575
4629
25
5785
49148
374
504
2924
14
495
5244
389
15931
32
15614
15266
323
2802
26932
13
5244
389
15931
32
15614
15266
323
2802
26932
13
330
17391
389
15931
64
15614
15266
323
2802
26932
13
330
17391
389
56316
2668
49
57
40
12
99082
13
20
33
1638
25
56316
2668
49
57
40
12
99082
13
20
33
1638
25
56316
2668
49
48
12
99082
13
20
33
1638
25
7364
884
75
198
2575
4629
25
5785
49148
374
5244
389
15931
32
2436
39840
19339
4279
12
1811
26
678
2326
40257
525
3042
3786
624
2575
4629
25
892
19781
17629
279
3468
4516
374
47414
311
481
16
25
902
44621
198
500
7295
12842
15455
5304
1749
25760
13480
5244
389
15931
32
15614
15266
323
7364
884
75
198
2575
4629
25
2924
14
495
459
14100
91828
43918
2861
6453
198
997
14
495
459
14100
91828
43918
2861
6453
198
997
14
495
4494
304
279
49148
25
3218
48
11
2622
23
528
11
2224
11
2622
7364
884
75
198
9239
304
279
49148
25
3218
48
11
3218
48
11
3218
48
274
17
14205
529
2273
7370
72
8973
11
274
17
14205
529
2273
7370
72
16446
198
82
17
14205
17355
6453
198
82
17
14205
529
2273
7370
72
8973
11
274
32013
12239
20317
486
4651
64
9021
11
32013
12239
20317
486
4651
64
9021
11
32013
22995
4494
25
3218
48
3218
48
11
3218
48
22995
4494
25
6912
25
15931
32
15614
15266
323
2802
26932
198
9044
25
15931
32
18357
25
32013
12239
20317
486
4651
64
9021
314
24526
11
454
11
24526
11
454
11
2436
39840
19339
4279
12
66405
25
32013
12239
20317
32013
12239
12588
25
15931
32
32013
12239
20317
486
4651
64
9021
369
2176
7798
220
91321
58
17
60
817
2436
220
91321
58
17
60
18357
25
32013
2618
594
624
2575
3776
6203
16446
13
220
1565
531
63
374
6434
32521
1349
15370
3941
279
7162
481
429
11555
374
817
2436
11
678
2326
40257
3042
3786
624
2575
3776
6203
16446
13
220
659
10816
25
1874
9
102636
10
15770
11
1874
9
16
1112
1874
9
102636
10
15770
198
2575
5515
13931
12519
25
1874
9
102636
10
15770
11
1874
9
16
1112
1874
6887
1112
1874
9
102636
10
21572
1112
40187
36400
320
4074
9
16
1112
1874
9
102636
10
359
79
1112
40187
36400
320
4074
9
16
1112
2661
1874
6887
1112
1874
9
2699
746
4244
369
40187
36400
11
11165
1874
9
102636
10
15770
284
1874
9
36400
11
1874
9
13841
14
13630
8737
21274
444
24
25
220
7364
1103
198
2575
5515
13931
12519
25
1874
9
102636
10
15770
284
1874
9
19781
36400
11
1874
9
7364
1103
198
2575
8426
82
825
20455
17629
369
279
19827
26
5515
13931
12519
25
6042
198
2575
8426
82
825
5785
2038
49148
25
825
20455
17629
198
2575
4629
6042
198
2575
4629
6042
198
7364
1103
198
7364
1103
198
7364
1103
198
7364
5085
2271
16168
18173
15931
32
15614
15266
323
2802
26932
13
330
22226
30070
11
518
3245
220
99317
66163
13593
5048
11
91689
6042
13
3411
825
46536
2038
2504
13
13646
32559
9809
382
8855
2038
82700
510
73022
10816
198
322
2924
14
495
459
14100
42087
76699
4322
1749
6453
198
6490
3055
198
6490
3055
198
6490
3055
198
6490
2924
330
495
459
14100
14516
14
495
459
14100
42087
76699
64982
529
6453
698
1067
330
495
459
7102
330
495
459
14100
42087
76699
64982
529
3218
48
11
8333
51
11
274
17
14205
529
2273
7370
72
8973
11
3218
48
11
8333
51
11
274
17
14205
529
1379
220
16
11
100919
17
11
2414
48
11
296
2954
51
11
274
17
14205
529
2273
7370
72
32013
12239
11
32013
12239
20317
11
32013
12239
20317
11
32013
12239
20317
11
32013
12239
20317
11
1565
531
63
374
6434
32521
1349
15370
3941
279
4361
7162
481
429
11555
374
24592
279
1459
198
2575
315
1565
82
17
14205
529
2273
7370
72
647
9741
40
320
23
19781
330
1966
2852
14645
1
315
220
23
5820
1817
11
220
102636
53592
2802
315
220
23
1186
2852
14645
315
220
23
5820
1817
11
220
23
1186
2852
14645
220
102636
53592
2802
315
220
23
1186
2852
2436
39840
19339
4279
12
1811
26
678
2326
40257
525
647
9741
40
320
23
19781
330
1966
2852
42
14
23
28
23
1186
2852
14645
315
220
23
5820
1817
11
220
102636
53592
2802
315
220
23
1186
2852
14645
315
220
5085
2271
16168
18173
15931
32
15614
15266
323
10796
26932
13
330
22226
30070
11
4509
459
2271
16168
18173
15931
32
27179
1112
330
22226
30070
11
518
3245
220
7364
1103
198
2575
6018
39840
19339
4279
12
4651
64
9021
314
24526
11
705
11
1495
92
481
2436
39840
19339
4279
12
1811
11
678
2326
40257
