25
1874
9
102636
488
17629
2878
1874
624
4074
9
102636
488
17629
2878
1874
198
4074
9
102636
488
220
103302
488
220
17629
2878
1874
198
4074
9
50122
30070
198
4074
9
102636
488
5515
13931
12519
25
1874
9
102636
488
17629
2878
1874
198
12158
20609
198
12158
20609
198
71026
10330
448
9782
25797
26
2697
9782
25
2697
25
30070
25
30070
25
2697
25
2697
25
17187
2038
82700
510
322
2924
14
495
459
14100
42087
76699
4322
1749
6453
481
393
17
808
18
25
279
13931
6203
7314
624
2289
322
7314
6453
49148
10330
448
9782
25797
26
2697
9782
25
2697
25
30070
25
2697
25
2697
25
25797
26
2697
25
30070
25
2697
25
342
1891
25
2697
25
330
1891
1
2697
25
2697
25
7032
25
7032
25
7032
25
2697
25
330
1891
1
1184
25
1184
25
7032
25
451
13407
9021
25
451
13407
9021
25
451
13407
9021
25
49148
10330
448
451
13407
9021
25
49148
10330
448
2802
26932
25
2802
26932
25
2802
26932
25
2697
25
30070
25
23966
25
23966
25
23966
25
11499
25
11499
25
2697
25
2697
25
2697
25
358
25
358
25
2441
25
2441
25
2441
25
358
25
2441
25
12454
25
12454
25
9442
25
9442
25
220
99317
7032
25
220
99317
7032
25
220
16168
25
16168
25
5085
2271
16168
18173
15931
32
15614
15266
323
2802
26932
13
5085
2271
5085
2271
13593
5048
323
91689
6042
13
5085
2271
1887
368
311
1598
678
7032
13
1887
368
311
9929
609
1895
1817
1034
13
1887
368
311
9929
609
1895
1817
1034
13
1887
368
311
9929
609
1895
1817
1034
13
264
1887
368
311
9929
609
8918
9165
389
1817
1034
13
1887
368
311
9929
609
8918
9165
389
817
14194
8918
9165
817
14194
8918
9165
817
14194
264
1887
368
13593
2487
3787
389
7901
13
13593
2487
3787
389
7901
13
13593
2487
3787
1817
13593
2487
3787
389
7901
13
13593
2487
3787
389
7901
13
8884
13593
2487
3787
389
7901
13
8884
13593
2487
3787
389
7901
13
8884
13593
32013
12239
20317
2067
13407
9021
25
32013
12239
20317
2067
13407
2436
39840
19339
4279
12
1811
26
678
2326
40257
525
3042
3786
624
322
6018
39840
19339
4279
12
1811
26
678
2326
40257
434
6754
2324
11
434
6754
4454
11
434
6754
4454
49969
1670
17
3212
11
434
6754
2324
11
434
6754
40257
525
3042
3786
624
322
6018
39840
19339
4279
12
1811
315
434
6754
2324
11
434
6754
4454
11
18357
315
434
6754
2324
11
18357
315
434
25797
198
12158
20609
198
12158
20609
198
45575
25
45575
25
45575
25
25797
198
12158
20609
198
12158
20609
198
25797
198
12158
48936
25
7364
48936
25
7364
48936
25
7364
48936
25
17355
25
17355
25
1212
25
1212
25
1874
9
102636
10
15770
11
1874
9
16
1112
45
12
16
5203
220
16
496
45
12
16
198
2575
1931
5203
220
15
496
45
12
16
220
15
496
45
12
16
25
1874
9
102636
10
15770
11
1874
9
16
496
45
12
16
220
15
496
102636
74
12
16
25
1874
9
102636
10
6042
198
2575
8426
82
825
20455
17629
369
279
6042
198
2575
4629
3980
25
4629
3980
198
2575
4629
3980
25
4629
6042
198
2575
4629
3980
25
1034
198
2575
25797
4629
3980
25
25797
4629
3980
198
2575
25797
4629
3980
25
220
4588
311
738
23239
50122
315
279
10080
594
13931
2573
15859
11
537
2588
8980
1229
13
4588
311
738
23239
50122
315
279
10080
594
32013
12239
20317
10517
64
58
17
60
32013
12239
20317
10517
64
58
5236
3980
60
32013
12239
73712
12239
20317
10517
64
58
17
60
32013
12239
20317
10517
49148
25
3776
19781
17629
817
83295
15559
6200
11
3776
19781
17629
817
83295
15559
198
2575
4629
3980
25
4629
3980
198
2575
5785
49148
25
3776
19781
17629
25
3776
19781
198
2575
5785
49148
25
4494
25
4494
198
2575
25797
4629
3980
25
330
3966
19781
17629
817
83295
15559
6200
11
773
264
11858
374
2581
13528
8629
458
328
8504
43967
315
84088
198
2575
25797
4629
84088
198
2575
11974
4629
3980
25
11974
4629
11974
198
2575
330
3966
19781
220
21
23395
14
98886
60378
5662
419
2390
10948
389
11
1565
67719
3382
15960
368
608
220
8333
51
11
8333
51
11
8333
51
330
3966
19781
220
11206
315
264
3776
19781
17629
817
83295
15559
472
47601
11
2036
8751
25760
13480
314
2
333
716
23241
101175
17298
21240
26
671
333
716
49148
25
3776
19781
6961
35526
11
6961
35526
198
2575
3776
19781
17629
817
83295
15559
2036
8751
25760
2036
451
13407
9021
314
1024
2622
23
528
9
3218
48
11
3218
48
91718
320
1782
6193
594
1565
4083
30815
1819
63
9676
348
15
13
17712
25
451
13407
9021
11
3218
48
3218
48
198
2575
17712
25
451
7102
25
607
459
14100
42087
76699
4322
1749
6453
49148
25
330
3966
19781
17629
8751
25760
13480
11
8751
25760
607
459
14100
13593
50
25
13593
50
25
13593
50
198
2575
11974
4629
6042
25
11974
4629
6042
198
2575
11974
4629
81028
362
12766
828
97953
3567
4183
362
10053
11
81028
362
10058
7162
25
81028
362
9750
11502
25
3168
7682
14376
11502
25
3168
7682
14376
11502
25
11974
4629
6042
25
220
99317
10
7032
11
220
9929
25
330
7984
264
4583
356
1027
99419
5085
2271
16168
18173
15931
32
15614
15266
323
2802
26932
13
330
330
22226
30070
11
61711
99317
66163
13593
5048
11
91689
6042
13
3411
825
46536
2038
2504
13
9929
17045
369
264
4583
25
1874
9
102636
10
15770
11
1874
9
16
1112
902
3783
11
1874
9
102636
10
15770
30
6771
752
6042
198
2575
8426
82
825
20455
17629
308
369
279
1931
2038
25
5515
13931
12519
25
1874
9
102636
10
15770
11
1874
9
16
1112
902
7364
37463
25
5515
13931
43678
37463
25
5515
13931
7364
37463
198
2575
8426
82
825
20455
17629
308
369
5785
6042
2684
7364
37463
4846
277
37463
4846
277
37463
4846
277
7032
25
5515
13931
12519
25
30070
11
518
3245
220
99317
66163
13593
5048
323
91689
6042
13
3411
825
46536
2504
13
13646
32559
9809
382
2575
8426
82
825
20455
17629
308
369
7364
37463
4846
277
37463
4846
277
7032
25
5515
13931
12519
25
1874
9
102636
10
102636
1112
902
25
5515
13931
12519
25
10058
7162
11
9750
11502
11
6118
2687
3499
11
3717
11502
11
6118
2687
3499
11
3717
11502
11
7364
37463
4846
277
37463
4846
64
198
2575
8426
82
825
7364
37463
1467
25
5515
13931
15931
32
15614
15266
323
2802
26932
13
29620
30070
11
518
6203
2618
11
6203
2618
7299
11
9750
11502
11
6118
2687
3499
11
3717
11502
11
7364
37463
4846
277
8543
25
15931
32
15614
15266
323
2802
26932
13
29620
30070
11
13593
5048
11
91689
6042
13
1913
264
3701
448
1429
11641
304
19132
1402
11
7337
6084
5099
44547
11
13664
44532
6248
1573
264
81868
61135
11
3309
11858
3717
14515
11
2814
5824
77
2581
10330
11
22611
46648
15671
13
2055
1449
3717
23313
1181
7162
25
1968
374
825
220
102636
15245
3409
16328
91
77
30979
91
1252
11
3717
41554
1172
49759
369
279
16328
279
11858
38518
369
11
3309
11858
3717
14515
11
2814
5824
77
1598
368
46648
2814
418
77
3567
41994
11
8579
1172
369
2814
374
537
9750
11
9750
3880
41994
2238
11
9750
3880
41994
2238
11
9750
3880
9750
3880
41994
2238
11
11499
34333
11
11499
34333
11
5254
336
25
5254
336
25
5254
336
25
5254
336
25
5254
336
25
5254
336
25
17355
11
17355
11
17355
11
17355
11
17355
11
17355
11
7299
34668
2618
11
7299
34668
2618
11
7299
34668
2618
11
5254
336
11
5254
336
11
5254
336
11
5254
32
11
5254
32
11
5254
32
11
5254
32
11
5254
2414
48
11
5254
2414
48
11
5254
2414
73712
12239
11
5254
2414
73712
12239
11
5254
73712
12239
20317
11
5254
73712
12239
20317
11
2414
48
11
2414
48
2414
48
11
2414
48
11
2414
39
11
2414
39
11
2414
39
11
5254
336
11
5254
336
11
5254
336
11
1045
6042
2684
7364
37463
448
11499
34333
320
16493
336
14
16493
32
14
16493
2414
48
14
16493
73712
12239
49148
2684
7364
37463
448
11499
34333
320
16493
336
14
16493
32
14
16493
