STAGING compact=1 slot_MiB=140
FLOATING_Q8 tensor=blk.0.hc_attn_fn source_type=0 MiB=0.398438
FLOATING_Q8 tensor=blk.0.hc_ffn_fn source_type=0 MiB=0.398438
FLOATING_Q8 tensor=blk.1.hc_attn_fn source_type=0 MiB=0.398438
FLOATING_Q8 tensor=blk.1.hc_ffn_fn source_type=0 MiB=0.398438
FLOATING_Q8 tensor=blk.10.hc_attn_fn source_type=0 MiB=0.398438
FLOATING_Q8 tensor=blk.10.hc_ffn_fn source_type=0 MiB=0.398438
FLOATING_Q8 tensor=blk.11.attn_k_b.weight source_type=12 MiB=8.5
FLOATING_Q8 tensor=blk.11.attn_v_b.weight source_type=12 MiB=8.5
FLOATING_Q8 tensor=blk.11.hc_attn_fn source_type=0 MiB=0.398438
FLOATING_Q8 tensor=blk.11.hc_ffn_fn source_type=0 MiB=0.398438
FLOATING_Q8 tensor=blk.12.hc_attn_fn source_type=0 MiB=0.398438
FLOATING_Q8 tensor=blk.12.hc_ffn_fn source_type=0 MiB=0.398438
FLOATING_Q8 tensor=blk.13.hc_attn_fn source_type=0 MiB=0.398438
FLOATING_Q8 tensor=blk.13.hc_ffn_fn source_type=0 MiB=0.398438
FLOATING_Q8 tensor=blk.14.hc_attn_fn source_type=0 MiB=0.398438
FLOATING_Q8 tensor=blk.14.hc_ffn_fn source_type=0 MiB=0.398438
FLOATING_Q8 tensor=blk.15.attn_k_b.weight source_type=12 MiB=8.5
FLOATING_Q8 tensor=blk.15.attn_v_b.weight source_type=12 MiB=8.5
FLOATING_Q8 tensor=blk.15.hc_attn_fn source_type=0 MiB=0.398438
FLOATING_Q8 tensor=blk.15.hc_ffn_fn source_type=0 MiB=0.398438
FLOATING_Q8 tensor=blk.16.hc_attn_fn source_type=0 MiB=0.398438
FLOATING_Q8 tensor=blk.16.hc_ffn_fn source_type=0 MiB=0.398438
FLOATING_Q8 tensor=blk.17.hc_attn_fn source_type=0 MiB=0.398438
FLOATING_Q8 tensor=blk.17.hc_ffn_fn source_type=0 MiB=0.398438
FLOATING_Q8 tensor=blk.18.hc_attn_fn source_type=0 MiB=0.398438
FLOATING_Q8 tensor=blk.18.hc_ffn_fn source_type=0 MiB=0.398438
FLOATING_Q8 tensor=blk.19.attn_k_b.weight source_type=12 MiB=8.5
FLOATING_Q8 tensor=blk.19.attn_v_b.weight source_type=12 MiB=8.5
FLOATING_Q8 tensor=blk.19.hc_attn_fn source_type=0 MiB=0.398438
FLOATING_Q8 tensor=blk.19.hc_ffn_fn source_type=0 MiB=0.398438
FLOATING_Q8 tensor=blk.2.hc_attn_fn source_type=0 MiB=0.398438
FLOATING_Q8 tensor=blk.2.hc_ffn_fn source_type=0 MiB=0.398438
FLOATING_Q8 tensor=blk.20.hc_attn_fn source_type=0 MiB=0.398438
FLOATING_Q8 tensor=blk.20.hc_ffn_fn source_type=0 MiB=0.398438
FLOATING_Q8 tensor=blk.21.hc_attn_fn source_type=0 MiB=0.398438
FLOATING_Q8 tensor=blk.21.hc_ffn_fn source_type=0 MiB=0.398438
FLOATING_Q8 tensor=blk.22.hc_attn_fn source_type=0 MiB=0.398438
FLOATING_Q8 tensor=blk.22.hc_ffn_fn source_type=0 MiB=0.398438
FLOATING_Q8 tensor=blk.23.attn_k_b.weight source_type=12 MiB=8.5
FLOATING_Q8 tensor=blk.23.attn_v_b.weight source_type=12 MiB=8.5
FLOATING_Q8 tensor=blk.23.hc_attn_fn source_type=0 MiB=0.398438
FLOATING_Q8 tensor=blk.23.hc_ffn_fn source_type=0 MiB=0.398438
FLOATING_Q8 tensor=blk.24.hc_attn_fn source_type=0 MiB=0.398438
FLOATING_Q8 tensor=blk.24.hc_ffn_fn source_type=0 MiB=0.398438
FLOATING_Q8 tensor=blk.25.hc_attn_fn source_type=0 MiB=0.398438
FLOATING_Q8 tensor=blk.25.hc_ffn_fn source_type=0 MiB=0.398438
FLOATING_Q8 tensor=blk.26.hc_attn_fn source_type=0 MiB=0.398438
FLOATING_Q8 tensor=blk.26.hc_ffn_fn source_type=0 MiB=0.398438
FLOATING_Q8 tensor=blk.27.attn_k_b.weight source_type=12 MiB=8.5
FLOATING_Q8 tensor=blk.27.attn_v_b.weight source_type=12 MiB=8.5
FLOATING_Q8 tensor=blk.27.hc_attn_fn source_type=0 MiB=0.398438
FLOATING_Q8 tensor=blk.27.hc_ffn_fn source_type=0 MiB=0.398438
FLOATING_Q8 tensor=blk.28.hc_attn_fn source_type=0 MiB=0.398438
FLOATING_Q8 tensor=blk.28.hc_ffn_fn source_type=0 MiB=0.398438
FLOATING_Q8 tensor=blk.29.hc_attn_fn source_type=0 MiB=0.398438
FLOATING_Q8 tensor=blk.29.hc_ffn_fn source_type=0 MiB=0.398438
FLOATING_Q8 tensor=blk.3.attn_k_b.weight source_type=12 MiB=8.5
FLOATING_Q8 tensor=blk.3.attn_v_b.weight source_type=12 MiB=8.5
FLOATING_Q8 tensor=blk.3.hc_attn_fn source_type=0 MiB=0.398438
FLOATING_Q8 tensor=blk.3.hc_ffn_fn source_type=0 MiB=0.398438
FLOATING_Q8 tensor=blk.30.hc_attn_fn source_type=0 MiB=0.398438
FLOATING_Q8 tensor=blk.30.hc_ffn_fn source_type=0 MiB=0.398438
FLOATING_Q8 tensor=blk.31.attn_k_b.weight source_type=12 MiB=8.5
FLOATING_Q8 tensor=blk.31.attn_v_b.weight source_type=12 MiB=8.5
FLOATING_Q8 tensor=blk.31.hc_attn_fn source_type=0 MiB=0.398438
FLOATING_Q8 tensor=blk.31.hc_ffn_fn source_type=0 MiB=0.398438
FLOATING_Q8 tensor=blk.32.hc_attn_fn source_type=0 MiB=0.398438
FLOATING_Q8 tensor=blk.32.hc_ffn_fn source_type=0 MiB=0.398438
FLOATING_Q8 tensor=blk.33.hc_attn_fn source_type=0 MiB=0.398438
FLOATING_Q8 tensor=blk.33.hc_ffn_fn source_type=0 MiB=0.398438
FLOATING_Q8 tensor=blk.34.hc_attn_fn source_type=0 MiB=0.398438
FLOATING_Q8 tensor=blk.34.hc_ffn_fn source_type=0 MiB=0.398438
FLOATING_Q8 tensor=blk.35.attn_k_b.weight source_type=12 MiB=8.5
FLOATING_Q8 tensor=blk.35.attn_v_b.weight source_type=12 MiB=8.5
FLOATING_Q8 tensor=blk.35.hc_attn_fn source_type=0 MiB=0.398438
FLOATING_Q8 tensor=blk.35.hc_ffn_fn source_type=0 MiB=0.398438
FLOATING_Q8 tensor=blk.36.hc_attn_fn source_type=0 MiB=0.398438
FLOATING_Q8 tensor=blk.36.hc_ffn_fn source_type=0 MiB=0.398438
FLOATING_Q8 tensor=blk.37.hc_attn_fn source_type=0 MiB=0.398438
FLOATING_Q8 tensor=blk.37.hc_ffn_fn source_type=0 MiB=0.398438
FLOATING_Q8 tensor=blk.38.hc_attn_fn source_type=0 MiB=0.398438
FLOATING_Q8 tensor=blk.38.hc_ffn_fn source_type=0 MiB=0.398438
FLOATING_Q8 tensor=blk.39.attn_k_b.weight source_type=12 MiB=8.5
FLOATING_Q8 tensor=blk.39.attn_v_b.weight source_type=12 MiB=8.5
FLOATING_Q8 tensor=blk.39.hc_attn_fn source_type=0 MiB=0.398438
FLOATING_Q8 tensor=blk.39.hc_ffn_fn source_type=0 MiB=0.398438
FLOATING_Q8 tensor=blk.4.hc_attn_fn source_type=0 MiB=0.398438
FLOATING_Q8 tensor=blk.4.hc_ffn_fn source_type=0 MiB=0.398438
FLOATING_Q8 tensor=blk.40.hc_attn_fn source_type=0 MiB=0.398438
FLOATING_Q8 tensor=blk.40.hc_ffn_fn source_type=0 MiB=0.398438
FLOATING_Q8 tensor=blk.41.hc_attn_fn source_type=0 MiB=0.398438
FLOATING_Q8 tensor=blk.41.hc_ffn_fn source_type=0 MiB=0.398438
FLOATING_Q8 tensor=blk.42.hc_attn_fn source_type=0 MiB=0.398438
FLOATING_Q8 tensor=blk.42.hc_ffn_fn source_type=0 MiB=0.398438
FLOATING_Q8 tensor=blk.43.attn_k_b.weight source_type=12 MiB=8.5
FLOATING_Q8 tensor=blk.43.attn_v_b.weight source_type=12 MiB=8.5
FLOATING_Q8 tensor=blk.43.hc_attn_fn source_type=0 MiB=0.398438
FLOATING_Q8 tensor=blk.43.hc_ffn_fn source_type=0 MiB=0.398438
FLOATING_Q8 tensor=blk.44.hc_attn_fn source_type=0 MiB=0.398438
FLOATING_Q8 tensor=blk.44.hc_ffn_fn source_type=0 MiB=0.398438
FLOATING_Q8 tensor=blk.5.hc_attn_fn source_type=0 MiB=0.398438
FLOATING_Q8 tensor=blk.5.hc_ffn_fn source_type=0 MiB=0.398438
FLOATING_Q8 tensor=blk.6.hc_attn_fn source_type=0 MiB=0.398438
FLOATING_Q8 tensor=blk.6.hc_ffn_fn source_type=0 MiB=0.398438
FLOATING_Q8 tensor=blk.7.attn_k_b.weight source_type=12 MiB=8.5
FLOATING_Q8 tensor=blk.7.attn_v_b.weight source_type=12 MiB=8.5
FLOATING_Q8 tensor=blk.7.hc_attn_fn source_type=0 MiB=0.398438
FLOATING_Q8 tensor=blk.7.hc_ffn_fn source_type=0 MiB=0.398438
FLOATING_Q8 tensor=blk.8.hc_attn_fn source_type=0 MiB=0.398438
FLOATING_Q8 tensor=blk.8.hc_ffn_fn source_type=0 MiB=0.398438
FLOATING_Q8 tensor=blk.9.hc_attn_fn source_type=0 MiB=0.398438
FLOATING_Q8 tensor=blk.9.hc_ffn_fn source_type=0 MiB=0.398438
GPU prefill chunk=2048 staging_workers=4 numa_cpus=0,1,2,3
GPU allocated_MiB=7154.73 reserved_runtime_MiB=1024 budget_MiB=15792
GPU_DENSE_HOST_RELEASE phase=main tensors=1256 source_MiB_advised=5040.35 ms=124.317
PREFILL_PARTITION primary_groups=9 secondary_groups=0
PREFILL_CACHE device=0 budget_MiB=0 reserve_MiB=768
PREFILL_CACHE_PLAN device=0 base_groups=0 unused_MiB=0
MAPPED_EXPERTS numa_rows=0 lazy=1 bytes=55094280192
PREFILL trial=0 tokens=2048 batch=2048 ms=8862.65 tok_s=231.082
FAULTS trial=0 major=3 minor=32925
HOST_RSS peak_MiB=53984.2
CPU_EXPERT gu_ms=0 quant_ms=0 down_ms=0 layer_flow_ms=0 bytes=0
GPU peak_allocated_MiB=7538.73 native_expert_bytes=55101150720 expert_groups=378 staging_ms=5234.95
PREFILL_SCRATCH device=0 peak_MiB=696.564 capacity_MiB=1024
GPU_LIVE device=0 dense_MiB=5029.21 other_MiB=806.414 prefill_MiB=1464 state_MiB=239.105
GPU_DEVICE device=0 peak_allocated_MiB=7538.73 live_MiB=7538.73 native_expert_bytes=55101150720 staging_ms=5234.95 cache_hits=0 cache_hit_bytes=0 cuda_used_MiB=8312 free_MiB=7992
PREFILL trial=1 tokens=2048 batch=2048 ms=8852.86 tok_s=231.338
FAULTS trial=1 major=2 minor=32847
HOST_RSS peak_MiB=54001.4
CPU_EXPERT gu_ms=0 quant_ms=0 down_ms=0 layer_flow_ms=0 bytes=0
GPU peak_allocated_MiB=7538.73 native_expert_bytes=55101150720 expert_groups=378 staging_ms=5233.29
PREFILL_SCRATCH device=0 peak_MiB=696.564 capacity_MiB=1024
GPU_LIVE device=0 dense_MiB=5029.21 other_MiB=806.414 prefill_MiB=1464 state_MiB=239.105
GPU_DEVICE device=0 peak_allocated_MiB=7538.73 live_MiB=7538.73 native_expert_bytes=55101150720 staging_ms=5233.29 cache_hits=0 cache_hit_bytes=0 cuda_used_MiB=8312 free_MiB=7992
PREFILL trial=2 tokens=2048 batch=2048 ms=8874.81 tok_s=230.766
FAULTS trial=2 major=4 minor=32926
HOST_RSS peak_MiB=54009.9
CPU_EXPERT gu_ms=0 quant_ms=0 down_ms=0 layer_flow_ms=0 bytes=0
GPU peak_allocated_MiB=7538.73 native_expert_bytes=55101150720 expert_groups=378 staging_ms=5248.04
PREFILL_SCRATCH device=0 peak_MiB=696.564 capacity_MiB=1024
GPU_LIVE device=0 dense_MiB=5029.21 other_MiB=806.414 prefill_MiB=1464 state_MiB=239.105
GPU_DEVICE device=0 peak_allocated_MiB=7538.73 live_MiB=7538.73 native_expert_bytes=55101150720 staging_ms=5248.04 cache_hits=0 cache_hit_bytes=0 cuda_used_MiB=8312 free_MiB=7992
MAPPED_EXPERTS numa_rows=0 lazy=1 bytes=55094280192
PREFILL_WORK device=0 transferred_bytes=55101150720 staging_ms=5248.04 actual_rows=688128 padded_rows=2235584 dequant_values=297560702976
DECODE_RUNTIME override_reserve_MiB=256
DECODE_CACHE prefix_trained=1 slots=942 MiB=8183.62 fingerprint=11917583021996835766
RESPONSE_PREPARE kind=decode_cache ms=1250.87
RESPONSE_PREPARE kind=cpu ms=0.005982
DECODE_TRIAL index=0
DECODE_STEP index=1 ms=59.532
DECODE_STEP index=2 ms=45.2715
DECODE_STEP index=3 ms=37.387
DECODE_STEP index=4 ms=41.6185
DECODE_STEP index=5 ms=47.711
DECODE_STEP index=6 ms=39.2147
DECODE_STEP index=7 ms=52.4648
DECODE_STEP index=8 ms=51.857
DECODE_STEP index=9 ms=54.4376
DECODE_STEP index=10 ms=45.2277
DECODE_STEP index=11 ms=44.2184
DECODE_STEP index=12 ms=54.1293
DECODE_STEP index=13 ms=46.6558
DECODE_STEP index=14 ms=49.784
DECODE_STEP index=15 ms=45.0422
DECODE_STEP index=16 ms=44.0527
DECODE_STEP index=17 ms=46.0288
DECODE_STEP index=18 ms=51.4242
DECODE_STEP index=19 ms=43.0624
DECODE_STEP index=20 ms=41.0704
DECODE_STEP index=21 ms=38.5678
DECODE_STEP index=22 ms=57.2642
DECODE_STEP index=23 ms=50.5082
DECODE_STEP index=24 ms=47.6843
DECODE_STEP index=25 ms=51.1976
DECODE_STEP index=26 ms=53.7029
DECODE_STEP index=27 ms=42.7399
DECODE_STEP index=28 ms=45.2855
DECODE_STEP index=29 ms=53.0432
DECODE_STEP index=30 ms=49.4934
DECODE_STEP index=31 ms=54.2192
DECODE_STEP index=32 ms=44.7576
DECODE_STEP index=33 ms=40.641
DECODE_STEP index=34 ms=39.4809
DECODE_STEP index=35 ms=52.35
DECODE_STEP index=36 ms=52.0259
DECODE_STEP index=37 ms=48.8214
DECODE_STEP index=38 ms=52.4768
DECODE_STEP index=39 ms=52.0538
DECODE_STEP index=40 ms=43.7421
DECODE_STEP index=41 ms=41.406
DECODE_STEP index=42 ms=51.7505
DECODE_STEP index=43 ms=41.4023
DECODE_STEP index=44 ms=54.7389
DECODE_STEP index=45 ms=45.2505
DECODE_STEP index=46 ms=48.5
DECODE_STEP index=47 ms=45.0776
DECODE_STEP index=48 ms=43.3758
DECODE_STEP index=49 ms=43.0647
DECODE_STEP index=50 ms=46.8548
DECODE_STEP index=51 ms=45.7919
DECODE_STEP index=52 ms=51.2983
DECODE_STEP index=53 ms=47.7718
DECODE_STEP index=54 ms=45.7987
DECODE_STEP index=55 ms=49.412
DECODE_STEP index=56 ms=46.2593
DECODE_STEP index=57 ms=48.2726
DECODE_STEP index=58 ms=45.9389
DECODE_STEP index=59 ms=46.6934
DECODE_STEP index=60 ms=43.3574
DECODE_STEP index=61 ms=39.2708
DECODE_STEP index=62 ms=39.2289
DECODE_STEP index=63 ms=37.6003
DECODE_STEP index=64 ms=45.3104
DECODE_STEP index=65 ms=38.2333
DECODE_STEP index=66 ms=52.3177
DECODE_STEP index=67 ms=38.8269
DECODE_STEP index=68 ms=40.8452
DECODE_STEP index=69 ms=50.7494
DECODE_STEP index=70 ms=51.8888
DECODE_STEP index=71 ms=50.043
DECODE_STEP index=72 ms=38.3093
DECODE_STEP index=73 ms=41.0792
DECODE_STEP index=74 ms=45.8195
DECODE_STEP index=75 ms=41.8704
DECODE_STEP index=76 ms=51.2711
DECODE_STEP index=77 ms=40.682
DECODE_STEP index=78 ms=40.4794
DECODE_STEP index=79 ms=49.1227
DECODE_STEP index=80 ms=42.9137
DECODE_STEP index=81 ms=43.8906
DECODE_STEP index=82 ms=40.067
DECODE_STEP index=83 ms=42.4573
DECODE_STEP index=84 ms=45.2783
DECODE_STEP index=85 ms=39.1424
DECODE_STEP index=86 ms=38.3052
DECODE_STEP index=87 ms=38.22
DECODE_STEP index=88 ms=40.5247
DECODE_STEP index=89 ms=47.1221
DECODE_STEP index=90 ms=40.5866
DECODE_STEP index=91 ms=46.3884
DECODE_STEP index=92 ms=46.4536
DECODE_STEP index=93 ms=42.3564
DECODE_STEP index=94 ms=44.7617
DECODE_STEP index=95 ms=43.9855
DECODE_STEP index=96 ms=44.5941
DECODE_STEP index=97 ms=57.6324
DECODE_STEP index=98 ms=38.6449
DECODE_STEP index=99 ms=35.5674
DECODE_STEP index=100 ms=43.5028
DECODE_STEP index=101 ms=39.3372
DECODE_STEP index=102 ms=45.5481
DECODE_STEP index=103 ms=42.6961
DECODE_STEP index=104 ms=43.9531
DECODE_STEP index=105 ms=39.5836
DECODE_STEP index=106 ms=40.5072
DECODE_STEP index=107 ms=35.7279
DECODE_STEP index=108 ms=48.1872
DECODE_STEP index=109 ms=46.6032
DECODE_STEP index=110 ms=56.6453
DECODE_STEP index=111 ms=45.2317
DECODE_STEP index=112 ms=61.0101
DECODE_STEP index=113 ms=51.6478
DECODE_STEP index=114 ms=41.9924
DECODE_STEP index=115 ms=51.3099
DECODE_STEP index=116 ms=60.2797
DECODE_STEP index=117 ms=58.838
DECODE_STEP index=118 ms=42.9593
DECODE_STEP index=119 ms=44.4705
DECODE_STEP index=120 ms=41.3468
DECODE_STEP index=121 ms=41.1416
DECODE_STEP index=122 ms=41.3927
DECODE_STEP index=123 ms=49.5733
DECODE_STEP index=124 ms=37.7479
DECODE_STEP index=125 ms=38.0276
DECODE_STEP index=126 ms=45.2079
DECODE_STEP index=127 ms=46.8561
DECODE_STEP index=128 ms=37.341
DECODE_STEP index=129 ms=37.2566
DECODE_STEP index=130 ms=37.3364
DECODE_STEP index=131 ms=49.6978
DECODE_STEP index=132 ms=44.2238
DECODE_STEP index=133 ms=39.8827
DECODE_STEP index=134 ms=43.9794
DECODE_STEP index=135 ms=48.0402
DECODE_STEP index=136 ms=39.4832
DECODE_STEP index=137 ms=42.5995
DECODE_STEP index=138 ms=41.1669
DECODE_STEP index=139 ms=43.5658
DECODE_STEP index=140 ms=44.9946
DECODE_STEP index=141 ms=39.5891
DECODE_STEP index=142 ms=43.0564
DECODE_STEP index=143 ms=34.0825
DECODE_STEP index=144 ms=55.7135
DECODE_STEP index=145 ms=46.1294
DECODE_STEP index=146 ms=46.7455
DECODE_STEP index=147 ms=49.5047
DECODE_STEP index=148 ms=39.5007
DECODE_STEP index=149 ms=46.3344
DECODE_STEP index=150 ms=47.4729
DECODE_STEP index=151 ms=49.6017
DECODE_STEP index=152 ms=49.7823
DECODE_STEP index=153 ms=62.0307
DECODE_STEP index=154 ms=52.2684
DECODE_STEP index=155 ms=47.0804
DECODE_STEP index=156 ms=40.9393
DECODE_STEP index=157 ms=39.9999
DECODE_STEP index=158 ms=39.9805
DECODE_STEP index=159 ms=43.2385
DECODE_STEP index=160 ms=44.7553
DECODE_STEP index=161 ms=46.4638
DECODE_STEP index=162 ms=47.6743
DECODE_STEP index=163 ms=47.2172
DECODE_STEP index=164 ms=45.0459
DECODE_STEP index=165 ms=38.6119
DECODE_STEP index=166 ms=39.2248
DECODE_STEP index=167 ms=40.4938
DECODE_STEP index=168 ms=43.1248
DECODE_STEP index=169 ms=42.9705
DECODE_STEP index=170 ms=46.1759
DECODE_STEP index=171 ms=43.8758
DECODE_STEP index=172 ms=43.2952
DECODE_STEP index=173 ms=48.5519
DECODE_STEP index=174 ms=50.7946
DECODE_STEP index=175 ms=52.2118
DECODE_STEP index=176 ms=44.0459
DECODE_STEP index=177 ms=43.2253
DECODE_STEP index=178 ms=46.5572
DECODE_STEP index=179 ms=43.9903
DECODE_STEP index=180 ms=39.2279
DECODE_STEP index=181 ms=41.8358
DECODE_STEP index=182 ms=45.6326
DECODE_STEP index=183 ms=42.9541
DECODE_STEP index=184 ms=46.3222
DECODE_STEP index=185 ms=48.9952
DECODE_STEP index=186 ms=42.1176
DECODE_STEP index=187 ms=42.3791
DECODE_STEP index=188 ms=48.8175
DECODE_STEP index=189 ms=44.9837
DECODE_STEP index=190 ms=52.8441
DECODE_STEP index=191 ms=44.5711
DECODE_STEP index=192 ms=48.7936
DECODE_STEP index=193 ms=47.2151
DECODE_STEP index=194 ms=47.8532
DECODE_STEP index=195 ms=42.747
DECODE_STEP index=196 ms=44.0969
DECODE_STEP index=197 ms=53.2807
DECODE_STEP index=198 ms=49.5068
DECODE_STEP index=199 ms=45.9241
DECODE_STEP index=200 ms=50.0133
DECODE_STEP index=201 ms=51.5374
DECODE_STEP index=202 ms=47.1405
DECODE_STEP index=203 ms=45.9461
DECODE_STEP index=204 ms=44.2202
DECODE_STEP index=205 ms=43.9912
DECODE_STEP index=206 ms=42.9593
DECODE_STEP index=207 ms=53.6402
DECODE_STEP index=208 ms=54.8585
DECODE_STEP index=209 ms=45.345
DECODE_STEP index=210 ms=47.0601
DECODE_STEP index=211 ms=52.1711
DECODE_STEP index=212 ms=47.0913
DECODE_STEP index=213 ms=49.1801
DECODE_STEP index=214 ms=44.8189
DECODE_STEP index=215 ms=48.3521
DECODE_STEP index=216 ms=45.4307
DECODE_STEP index=217 ms=39.8974
DECODE_STEP index=218 ms=40.6729
DECODE_STEP index=219 ms=48.4573
DECODE_STEP index=220 ms=38.2468
DECODE_STEP index=221 ms=45.4747
DECODE_STEP index=222 ms=38.837
DECODE_STEP index=223 ms=35.8177
DECODE_STEP index=224 ms=41.4083
DECODE_STEP index=225 ms=40.3337
DECODE_STEP index=226 ms=42.9724
DECODE_STEP index=227 ms=42.3341
DECODE_STEP index=228 ms=40.575
DECODE_STEP index=229 ms=40.85
DECODE_STEP index=230 ms=41.4633
DECODE_STEP index=231 ms=42.8204
DECODE_STEP index=232 ms=48.071
DECODE_STEP index=233 ms=47.0857
DECODE_STEP index=234 ms=49.7676
DECODE_STEP index=235 ms=47.7862
DECODE_STEP index=236 ms=43.2499
DECODE_STEP index=237 ms=41.7133
DECODE_STEP index=238 ms=46.4305
DECODE_STEP index=239 ms=47.1666
DECODE_STEP index=240 ms=40.6912
DECODE_STEP index=241 ms=36.4469
DECODE_STEP index=242 ms=40.8916
DECODE_STEP index=243 ms=41.1084
DECODE_STEP index=244 ms=37.8639
DECODE_STEP index=245 ms=39.9106
DECODE_STEP index=246 ms=42.0608
DECODE_STEP index=247 ms=48.6924
DECODE_STEP index=248 ms=43.9501
DECODE_STEP index=249 ms=38.0177
DECODE_STEP index=250 ms=44.5503
DECODE_STEP index=251 ms=43.8811
DECODE_STEP index=252 ms=42.6768
DECODE_STEP index=253 ms=49.6982
DECODE_STEP index=254 ms=47.6855
DECODE_STEP index=255 ms=39.7996
DECODE_STEP index=256 ms=40.2454
DECODE_STEP index=257 ms=35.2195
DECODE_STEP index=258 ms=42.8915
DECODE_STEP index=259 ms=38.3285
DECODE_STEP index=260 ms=45.5132
DECODE_STEP index=261 ms=42.7843
DECODE_STEP index=262 ms=43.7893
DECODE_STEP index=263 ms=37.4045
DECODE_STEP index=264 ms=39.9583
DECODE_STEP index=265 ms=38.7917
DECODE_STEP index=266 ms=44.5707
DECODE_STEP index=267 ms=47.4535
DECODE_STEP index=268 ms=51.9364
DECODE_STEP index=269 ms=47.9496
DECODE_STEP index=270 ms=39.7843
DECODE_STEP index=271 ms=48.6544
DECODE_STEP index=272 ms=48.8747
DECODE_STEP index=273 ms=47.4424
DECODE_STEP index=274 ms=40.7924
DECODE_STEP index=275 ms=39.0344
DECODE_STEP index=276 ms=37.8547
DECODE_STEP index=277 ms=55.6619
DECODE_STEP index=278 ms=43.8777
DECODE_STEP index=279 ms=45.3047
DECODE_STEP index=280 ms=48.7356
DECODE_STEP index=281 ms=48.1007
DECODE_STEP index=282 ms=45.9922
DECODE_STEP index=283 ms=48.6471
DECODE_STEP index=284 ms=46.1752
DECODE_STEP index=285 ms=43.4645
DECODE_STEP index=286 ms=46.2581
DECODE_STEP index=287 ms=43.0242
DECODE_STEP index=288 ms=42.9258
DECODE_STEP index=289 ms=46.5249
DECODE_STEP index=290 ms=42.9133
DECODE_STEP index=291 ms=53.1395
DECODE_STEP index=292 ms=39.5634
DECODE_STEP index=293 ms=42.4688
DECODE_STEP index=294 ms=51.185
DECODE_STEP index=295 ms=38.9053
DECODE_STEP index=296 ms=35.7486
DECODE_STEP index=297 ms=35.2082
DECODE_STEP index=298 ms=40.73
DECODE_STEP index=299 ms=36.4535
DECODE_STEP index=300 ms=46.8681
DECODE_STEP index=301 ms=42.9578
DECODE_STEP index=302 ms=45.9588
DECODE_STEP index=303 ms=47.8803
DECODE_STEP index=304 ms=41.4
DECODE_STEP index=305 ms=43.6054
DECODE_STEP index=306 ms=41.3715
DECODE_STEP index=307 ms=37.6866
DECODE_STEP index=308 ms=42.9634
DECODE_STEP index=309 ms=51.7423
DECODE_STEP index=310 ms=41.6686
DECODE_STEP index=311 ms=42.8711
DECODE_STEP index=312 ms=42.4939
DECODE_STEP index=313 ms=37.9793
DECODE_STEP index=314 ms=39.4996
DECODE_STEP index=315 ms=48.8613
DECODE_STEP index=316 ms=39.6372
DECODE_STEP index=317 ms=52.3576
DECODE_STEP index=318 ms=38.7165
DECODE_STEP index=319 ms=39.2113
DECODE_STEP index=320 ms=48.4078
DECODE_STEP index=321 ms=44.0552
DECODE_STEP index=322 ms=38.3725
DECODE_STEP index=323 ms=36.4804
DECODE_STEP index=324 ms=37.1582
DECODE_STEP index=325 ms=39.5752
DECODE_STEP index=326 ms=38.5197
DECODE_STEP index=327 ms=40.763
DECODE_STEP index=328 ms=51.5613
DECODE_STEP index=329 ms=41.5935
DECODE_STEP index=330 ms=45.1829
DECODE_STEP index=331 ms=42.2347
DECODE_STEP index=332 ms=54.1552
DECODE_STEP index=333 ms=42.7908
DECODE_STEP index=334 ms=43.1301
DECODE_STEP index=335 ms=37.6463
DECODE_STEP index=336 ms=47.0805
DECODE_STEP index=337 ms=40.6952
DECODE_STEP index=338 ms=45.7604
DECODE_STEP index=339 ms=42.8343
DECODE_STEP index=340 ms=47.2971
DECODE_STEP index=341 ms=49.5337
DECODE_STEP index=342 ms=44.4036
DECODE_STEP index=343 ms=41.6538
DECODE_STEP index=344 ms=44.8091
DECODE_STEP index=345 ms=39.3234
DECODE_STEP index=346 ms=36.2315
DECODE_STEP index=347 ms=41.2632
DECODE_STEP index=348 ms=42.244
DECODE_STEP index=349 ms=47.1225
DECODE_STEP index=350 ms=42.9853
DECODE_STEP index=351 ms=37.0522
DECODE_STEP index=352 ms=44.125
DECODE_STEP index=353 ms=37.3414
DECODE_STEP index=354 ms=38.7544
DECODE_STEP index=355 ms=40.4188
DECODE_STEP index=356 ms=40.1276
DECODE_STEP index=357 ms=40.485
DECODE_STEP index=358 ms=43.7094
DECODE_STEP index=359 ms=39.3986
DECODE_STEP index=360 ms=46.093
DECODE_STEP index=361 ms=36.6391
DECODE_STEP index=362 ms=39.8652
DECODE_STEP index=363 ms=50.6791
DECODE_STEP index=364 ms=52.1485
DECODE_STEP index=365 ms=39.0278
DECODE_STEP index=366 ms=42.1191
DECODE_STEP index=367 ms=47.4418
DECODE_STEP index=368 ms=40.6367
DECODE_STEP index=369 ms=37.957
DECODE_STEP index=370 ms=55.3603
DECODE_STEP index=371 ms=39.2744
DECODE_STEP index=372 ms=36.3898
DECODE_STEP index=373 ms=34.8757
DECODE_STEP index=374 ms=43.5212
DECODE_STEP index=375 ms=43.425
DECODE_STEP index=376 ms=38.5348
DECODE_STEP index=377 ms=42.0738
DECODE_STEP index=378 ms=45.9853
DECODE_STEP index=379 ms=52.0765
DECODE_STEP index=380 ms=42.7401
DECODE_STEP index=381 ms=39.0449
DECODE_STEP index=382 ms=39.8919
DECODE_STEP index=383 ms=37.4613
DECODE_STEP index=384 ms=45.3249
DECODE_STEP index=385 ms=44.1813
DECODE_STEP index=386 ms=38.7124
DECODE_STEP index=387 ms=50.1122
DECODE_STEP index=388 ms=40.9921
DECODE_STEP index=389 ms=39.9904
DECODE_STEP index=390 ms=35.3428
DECODE_STEP index=391 ms=43.1914
DECODE_STEP index=392 ms=38.7048
DECODE_STEP index=393 ms=45.9686
DECODE_STEP index=394 ms=38.9865
DECODE_STEP index=395 ms=45.8883
DECODE_STEP index=396 ms=46.8195
DECODE_STEP index=397 ms=39.7818
DECODE_STEP index=398 ms=41.8526
DECODE_STEP index=399 ms=41.2427
DECODE_STEP index=400 ms=49.6455
DECODE_STEP index=401 ms=44.0783
DECODE_STEP index=402 ms=46.5171
DECODE_STEP index=403 ms=34.8679
DECODE_STEP index=404 ms=41.5821
DECODE_STEP index=405 ms=42.7194
DECODE_STEP index=406 ms=39.7515
DECODE_STEP index=407 ms=38.0282
DECODE_STEP index=408 ms=38.7243
DECODE_STEP index=409 ms=39.3011
DECODE_STEP index=410 ms=40.8676
DECODE_STEP index=411 ms=37.0564
DECODE_STEP index=412 ms=44.8716
DECODE_STEP index=413 ms=42.2406
DECODE_STEP index=414 ms=38.9717
DECODE_STEP index=415 ms=35.8163
DECODE_STEP index=416 ms=39.472
DECODE_STEP index=417 ms=43.5701
DECODE_STEP index=418 ms=36.1473
DECODE_STEP index=419 ms=36.5166
DECODE_STEP index=420 ms=40.276
DECODE_STEP index=421 ms=37.5333
DECODE_STEP index=422 ms=42.5837
DECODE_STEP index=423 ms=41.2784
DECODE_STEP index=424 ms=51.0942
DECODE_STEP index=425 ms=42.2503
DECODE_STEP index=426 ms=38.206
DECODE_STEP index=427 ms=41.6339
DECODE_STEP index=428 ms=42.0059
DECODE_STEP index=429 ms=49.2018
DECODE_STEP index=430 ms=42.8893
DECODE_STEP index=431 ms=54.5414
DECODE_STEP index=432 ms=41.4758
DECODE_STEP index=433 ms=48.2294
DECODE_STEP index=434 ms=41.2448
DECODE_STEP index=435 ms=44.7654
DECODE_STEP index=436 ms=50.3777
DECODE_STEP index=437 ms=46.5291
DECODE_STEP index=438 ms=53.3855
DECODE_STEP index=439 ms=44.8588
DECODE_STEP index=440 ms=45.9923
DECODE_STEP index=441 ms=49.7738
DECODE_STEP index=442 ms=48.1594
DECODE_STEP index=443 ms=44.163
DECODE_STEP index=444 ms=49.7527
DECODE_STEP index=445 ms=41.924
DECODE_STEP index=446 ms=50.9127
DECODE_STEP index=447 ms=46.7836
DECODE_STEP index=448 ms=46.781
DECODE_STEP index=449 ms=36.0006
DECODE_STEP index=450 ms=37.5311
DECODE_STEP index=451 ms=46.3145
DECODE_STEP index=452 ms=43.9868
DECODE_STEP index=453 ms=46.617
DECODE_STEP index=454 ms=43.0195
DECODE_STEP index=455 ms=38.5057
DECODE_STEP index=456 ms=45.4323
DECODE_STEP index=457 ms=41.7304
DECODE_STEP index=458 ms=40.1083
DECODE_STEP index=459 ms=39.1575
DECODE_STEP index=460 ms=37.9163
DECODE_STEP index=461 ms=38.7312
DECODE_STEP index=462 ms=40.1193
DECODE_STEP index=463 ms=37.9023
DECODE_STEP index=464 ms=41.4394
DECODE_STEP index=465 ms=39.8258
DECODE_STEP index=466 ms=34.5355
DECODE_STEP index=467 ms=42.0973
DECODE_STEP index=468 ms=43.9061
DECODE_STEP index=469 ms=39.6189
DECODE_STEP index=470 ms=39.7594
DECODE_STEP index=471 ms=44.4207
DECODE_STEP index=472 ms=37.5179
DECODE_STEP index=473 ms=46.2205
DECODE_STEP index=474 ms=39.6577
DECODE_STEP index=475 ms=39.632
DECODE_STEP index=476 ms=40.9359
DECODE_STEP index=477 ms=39.664
DECODE_STEP index=478 ms=44.101
DECODE_STEP index=479 ms=47.1087
DECODE_STEP index=480 ms=36.7738
DECODE_STEP index=481 ms=37.8355
DECODE_STEP index=482 ms=37.7464
DECODE_STEP index=483 ms=41.9108
DECODE_STEP index=484 ms=44.5195
DECODE_STEP index=485 ms=42.5098
DECODE_STEP index=486 ms=39.2653
DECODE_STEP index=487 ms=42.179
DECODE_STEP index=488 ms=38.6605
DECODE_STEP index=489 ms=38.8704
DECODE_STEP index=490 ms=40.022
DECODE_STEP index=491 ms=40.0782
DECODE_STEP index=492 ms=37.6963
DECODE_STEP index=493 ms=37.3739
DECODE_STEP index=494 ms=46.9899
DECODE_STEP index=495 ms=41.3219
DECODE_STEP index=496 ms=39.3479
DECODE_STEP index=497 ms=54.5846
DECODE_STEP index=498 ms=42.6095
DECODE_STEP index=499 ms=45.2286
DECODE_STEP index=500 ms=40.2682
DECODE_STEP index=501 ms=40.2142
DECODE_STEP index=502 ms=41.0607
DECODE_STEP index=503 ms=38.9452
DECODE_STEP index=504 ms=45.1987
DECODE_STEP index=505 ms=43.0948
DECODE_STEP index=506 ms=38.5567
DECODE_STEP index=507 ms=44.4655
DECODE_STEP index=508 ms=37.7051
DECODE_STEP index=509 ms=36.3063
DECODE_STEP index=510 ms=44.8033
DECODE_STEP index=511 ms=36.6339
DECODE steps=511 ms=22571.1 tok_s=22.6396
HOST_RSS peak_MiB=54009.9
CPU_EXPERT gu_ms=0 quant_ms=0 down_ms=0 layer_flow_ms=9229.44 bytes=255184535552
GPU peak_allocated_MiB=13558 native_expert_bytes=0 expert_groups=0 staging_ms=0
PREFILL_SCRATCH device=0 peak_MiB=5.07568 capacity_MiB=32
GPU_LIVE device=0 dense_MiB=5029.21 other_MiB=8254.75 prefill_MiB=32 resident_exec_MiB=2.94288 state_MiB=239.105
GPU_DEVICE device=0 peak_allocated_MiB=13558 live_MiB=13558 native_expert_bytes=0 staging_ms=0 cache_hits=0 cache_hit_bytes=0 cuda_used_MiB=15546 free_MiB=758
DECODE_TRIAL index=1
DECODE_STEP index=1 ms=43.8741
DECODE_STEP index=2 ms=45.8087
DECODE_STEP index=3 ms=43.8158
DECODE_STEP index=4 ms=42.1176
DECODE_STEP index=5 ms=47.5971
DECODE_STEP index=6 ms=47.8372
DECODE_STEP index=7 ms=44.945
DECODE_STEP index=8 ms=48.4945
DECODE_STEP index=9 ms=46.4768
DECODE_STEP index=10 ms=44.6454
DECODE_STEP index=11 ms=51.3799
DECODE_STEP index=12 ms=47.4081
DECODE_STEP index=13 ms=52.7643
DECODE_STEP index=14 ms=55.4099
DECODE_STEP index=15 ms=49.2637
DECODE_STEP index=16 ms=51.2671
DECODE_STEP index=17 ms=55.8021
DECODE_STEP index=18 ms=54.9979
DECODE_STEP index=19 ms=39.3267
DECODE_STEP index=20 ms=39.495
DECODE_STEP index=21 ms=44.9099
DECODE_STEP index=22 ms=47.8381
DECODE_STEP index=23 ms=44.9199
DECODE_STEP index=24 ms=46.243
DECODE_STEP index=25 ms=43.5981
DECODE_STEP index=26 ms=44.3201
DECODE_STEP index=27 ms=42.8206
DECODE_STEP index=28 ms=44.3959
DECODE_STEP index=29 ms=45.5271
DECODE_STEP index=30 ms=40.3001
DECODE_STEP index=31 ms=41.2174
DECODE_STEP index=32 ms=38.6441
DECODE_STEP index=33 ms=41.8755
DECODE_STEP index=34 ms=40.8254
DECODE_STEP index=35 ms=41.852
DECODE_STEP index=36 ms=48.149
DECODE_STEP index=37 ms=40.0777
DECODE_STEP index=38 ms=46.5899
DECODE_STEP index=39 ms=44.7213
DECODE_STEP index=40 ms=41.7233
DECODE_STEP index=41 ms=44.2222
DECODE_STEP index=42 ms=49.345
DECODE_STEP index=43 ms=43.7187
DECODE_STEP index=44 ms=48.7536
DECODE_STEP index=45 ms=43.6604
DECODE_STEP index=46 ms=46.2838
DECODE_STEP index=47 ms=50.2707
DECODE_STEP index=48 ms=46.8396
DECODE_STEP index=49 ms=47.6279
DECODE_STEP index=50 ms=49.8506
DECODE_STEP index=51 ms=49.2241
DECODE_STEP index=52 ms=49.0305
DECODE_STEP index=53 ms=53.7574
DECODE_STEP index=54 ms=49.5504
DECODE_STEP index=55 ms=49.9082
DECODE_STEP index=56 ms=42.1319
DECODE_STEP index=57 ms=42.7738
DECODE_STEP index=58 ms=45.4077
DECODE_STEP index=59 ms=41.9598
DECODE_STEP index=60 ms=42.8767
DECODE_STEP index=61 ms=41.97
DECODE_STEP index=62 ms=45.6202
DECODE_STEP index=63 ms=36.896
DECODE_STEP index=64 ms=41.4487
DECODE_STEP index=65 ms=52.7516
DECODE_STEP index=66 ms=46.2754
DECODE_STEP index=67 ms=47.5857
DECODE_STEP index=68 ms=55.9101
DECODE_STEP index=69 ms=43.6731
DECODE_STEP index=70 ms=51.4363
DECODE_STEP index=71 ms=45.4086
DECODE_STEP index=72 ms=52.1059
DECODE_STEP index=73 ms=48.487
DECODE_STEP index=74 ms=40.0716
DECODE_STEP index=75 ms=44.088
DECODE_STEP index=76 ms=50.4854
DECODE_STEP index=77 ms=42.4722
DECODE_STEP index=78 ms=41.3161
DECODE_STEP index=79 ms=43.2599
DECODE_STEP index=80 ms=42.6567
DECODE_STEP index=81 ms=40.408
DECODE_STEP index=82 ms=40.6955
DECODE_STEP index=83 ms=39.0432
DECODE_STEP index=84 ms=46.5337
DECODE_STEP index=85 ms=44.9443
DECODE_STEP index=86 ms=41.8325
DECODE_STEP index=87 ms=46.235
DECODE_STEP index=88 ms=47.8234
DECODE_STEP index=89 ms=48.1837
DECODE_STEP index=90 ms=44.8373
DECODE_STEP index=91 ms=44.2072
DECODE_STEP index=92 ms=47.76
DECODE_STEP index=93 ms=38.7203
DECODE_STEP index=94 ms=41.7597
DECODE_STEP index=95 ms=47.6574
DECODE_STEP index=96 ms=41.2915
DECODE_STEP index=97 ms=45.6515
DECODE_STEP index=98 ms=39.038
DECODE_STEP index=99 ms=45.9241
DECODE_STEP index=100 ms=41.5596
DECODE_STEP index=101 ms=50.9903
DECODE_STEP index=102 ms=37.2997
DECODE_STEP index=103 ms=38.4452
DECODE_STEP index=104 ms=47.1447
DECODE_STEP index=105 ms=49.5555
DECODE_STEP index=106 ms=40.3939
DECODE_STEP index=107 ms=56.4751
DECODE_STEP index=108 ms=54.198
DECODE_STEP index=109 ms=56.5761
DECODE_STEP index=110 ms=46.0746
DECODE_STEP index=111 ms=43.2267
DECODE_STEP index=112 ms=38.9614
DECODE_STEP index=113 ms=51.0851
DECODE_STEP index=114 ms=45.5775
DECODE_STEP index=115 ms=45.9758
DECODE_STEP index=116 ms=42.7615
DECODE_STEP index=117 ms=47.4256
DECODE_STEP index=118 ms=41.7109
DECODE_STEP index=119 ms=45.9525
DECODE_STEP index=120 ms=58.5041
DECODE_STEP index=121 ms=57.075
DECODE_STEP index=122 ms=52.7952
DECODE_STEP index=123 ms=45.7672
DECODE_STEP index=124 ms=46.4105
DECODE_STEP index=125 ms=45.8817
DECODE_STEP index=126 ms=52.207
DECODE_STEP index=127 ms=43.7569
DECODE_STEP index=128 ms=46.7737
DECODE_STEP index=129 ms=50.4648
DECODE_STEP index=130 ms=44.2488
DECODE_STEP index=131 ms=48.649
DECODE_STEP index=132 ms=47.1309
DECODE_STEP index=133 ms=45.9259
DECODE_STEP index=134 ms=40.782
DECODE_STEP index=135 ms=44.0637
DECODE_STEP index=136 ms=39.8144
DECODE_STEP index=137 ms=47.8989
DECODE_STEP index=138 ms=46.8622
DECODE_STEP index=139 ms=43.9952
DECODE_STEP index=140 ms=46.4797
DECODE_STEP index=141 ms=51.2272
DECODE_STEP index=142 ms=57.8406
DECODE_STEP index=143 ms=38.0029
DECODE_STEP index=144 ms=45.8049
DECODE_STEP index=145 ms=41.523
DECODE_STEP index=146 ms=45.0099
DECODE_STEP index=147 ms=39.7518
DECODE_STEP index=148 ms=44.8087
DECODE_STEP index=149 ms=48.22
DECODE_STEP index=150 ms=46.137
DECODE_STEP index=151 ms=45.4946
DECODE_STEP index=152 ms=49.7681
DECODE_STEP index=153 ms=39.3412
DECODE_STEP index=154 ms=50.8998
DECODE_STEP index=155 ms=41.3803
DECODE_STEP index=156 ms=46.3262
DECODE_STEP index=157 ms=43.3866
DECODE_STEP index=158 ms=47.5051
DECODE_STEP index=159 ms=44.7917
DECODE_STEP index=160 ms=40.4591
DECODE_STEP index=161 ms=39.223
DECODE_STEP index=162 ms=39.6643
DECODE_STEP index=163 ms=48.3075
DECODE_STEP index=164 ms=40.6582
DECODE_STEP index=165 ms=48.1853
DECODE_STEP index=166 ms=54.6363
DECODE_STEP index=167 ms=38.2913
DECODE_STEP index=168 ms=36.3394
DECODE_STEP index=169 ms=35.5918
DECODE_STEP index=170 ms=44.4402
DECODE_STEP index=171 ms=43.3254
DECODE_STEP index=172 ms=41.3888
DECODE_STEP index=173 ms=45.1667
DECODE_STEP index=174 ms=46.7096
DECODE_STEP index=175 ms=40.3712
DECODE_STEP index=176 ms=45.2336
DECODE_STEP index=177 ms=47.0344
DECODE_STEP index=178 ms=40.6237
DECODE_STEP index=179 ms=42.8137
DECODE_STEP index=180 ms=43.3851
DECODE_STEP index=181 ms=45.6212
DECODE_STEP index=182 ms=50.1228
DECODE_STEP index=183 ms=53.1888
DECODE_STEP index=184 ms=53.15
DECODE_STEP index=185 ms=52.8717
DECODE_STEP index=186 ms=50.1167
DECODE_STEP index=187 ms=41.1947
DECODE_STEP index=188 ms=39.939
DECODE_STEP index=189 ms=36.5802
DECODE_STEP index=190 ms=35.0847
DECODE_STEP index=191 ms=39.1897
DECODE_STEP index=192 ms=39.3631
DECODE_STEP index=193 ms=39.4454
DECODE_STEP index=194 ms=41.7826
DECODE_STEP index=195 ms=49.0267
DECODE_STEP index=196 ms=46.147
DECODE_STEP index=197 ms=41.3344
DECODE_STEP index=198 ms=42.1707
DECODE_STEP index=199 ms=40.5043
DECODE_STEP index=200 ms=37.2213
DECODE_STEP index=201 ms=39.373
DECODE_STEP index=202 ms=40.7812
DECODE_STEP index=203 ms=50.4688
DECODE_STEP index=204 ms=35.801
DECODE_STEP index=205 ms=46.0687
DECODE_STEP index=206 ms=45.4038
DECODE_STEP index=207 ms=39.6384
DECODE_STEP index=208 ms=47.9003
DECODE_STEP index=209 ms=40.278
DECODE_STEP index=210 ms=37.9852
DECODE_STEP index=211 ms=42.834
DECODE_STEP index=212 ms=33.5446
DECODE_STEP index=213 ms=35.3851
DECODE_STEP index=214 ms=35.5064
DECODE_STEP index=215 ms=44.749
DECODE_STEP index=216 ms=43.6604
DECODE_STEP index=217 ms=41.2439
DECODE_STEP index=218 ms=38.3076
DECODE_STEP index=219 ms=38.7213
DECODE_STEP index=220 ms=48.0105
DECODE_STEP index=221 ms=41.2531
DECODE_STEP index=222 ms=37.4273
DECODE_STEP index=223 ms=37.9824
DECODE_STEP index=224 ms=36.3044
DECODE_STEP index=225 ms=42.2111
DECODE_STEP index=226 ms=42.7732
DECODE_STEP index=227 ms=42.4207
DECODE_STEP index=228 ms=40.4842
DECODE_STEP index=229 ms=43.9285
DECODE_STEP index=230 ms=39.958
DECODE_STEP index=231 ms=42.0219
DECODE_STEP index=232 ms=42.9287
DECODE_STEP index=233 ms=45.7417
DECODE_STEP index=234 ms=50.2626
DECODE_STEP index=235 ms=49.3019
DECODE_STEP index=236 ms=48.3585
DECODE_STEP index=237 ms=46.1138
DECODE_STEP index=238 ms=39.5179
DECODE_STEP index=239 ms=43.4557
DECODE_STEP index=240 ms=43.65
DECODE_STEP index=241 ms=39.5121
DECODE_STEP index=242 ms=48.0837
DECODE_STEP index=243 ms=48.7915
DECODE_STEP index=244 ms=41.1323
DECODE_STEP index=245 ms=44.2628
DECODE_STEP index=246 ms=47.966
DECODE_STEP index=247 ms=43.111
DECODE_STEP index=248 ms=46.9541
DECODE_STEP index=249 ms=49.1892
DECODE_STEP index=250 ms=47.0214
DECODE_STEP index=251 ms=49.1081
DECODE_STEP index=252 ms=49.3289
DECODE_STEP index=253 ms=51.4713
DECODE_STEP index=254 ms=42.7158
DECODE_STEP index=255 ms=44.4302
DECODE_STEP index=256 ms=43.866
DECODE_STEP index=257 ms=41.9309
DECODE_STEP index=258 ms=37.7891
DECODE_STEP index=259 ms=43.9409
DECODE_STEP index=260 ms=40.7678
DECODE_STEP index=261 ms=45.298
DECODE_STEP index=262 ms=43.4187
DECODE_STEP index=263 ms=39.4751
DECODE_STEP index=264 ms=42.6723
DECODE_STEP index=265 ms=50.0555
DECODE_STEP index=266 ms=37.5471
DECODE_STEP index=267 ms=37.3114
DECODE_STEP index=268 ms=34.8878
DECODE_STEP index=269 ms=37.5777
DECODE_STEP index=270 ms=34.7043
DECODE_STEP index=271 ms=41.3542
DECODE_STEP index=272 ms=44.2004
DECODE_STEP index=273 ms=35.5403
DECODE_STEP index=274 ms=34.3124
DECODE_STEP index=275 ms=34.0351
DECODE_STEP index=276 ms=42.0185
DECODE_STEP index=277 ms=41.7042
DECODE_STEP index=278 ms=42.4498
DECODE_STEP index=279 ms=38.1971
DECODE_STEP index=280 ms=42.3139
DECODE_STEP index=281 ms=43.1575
DECODE_STEP index=282 ms=39.7198
DECODE_STEP index=283 ms=42.0242
DECODE_STEP index=284 ms=51.3828
DECODE_STEP index=285 ms=37.6649
DECODE_STEP index=286 ms=42.578
DECODE_STEP index=287 ms=42.5262
DECODE_STEP index=288 ms=43.0088
DECODE_STEP index=289 ms=42.0089
DECODE_STEP index=290 ms=41.2494
DECODE_STEP index=291 ms=44.3499
DECODE_STEP index=292 ms=40.121
DECODE_STEP index=293 ms=41.637
DECODE_STEP index=294 ms=38.9059
DECODE_STEP index=295 ms=41.0959
DECODE_STEP index=296 ms=41.0674
DECODE_STEP index=297 ms=38.4767
DECODE_STEP index=298 ms=38.7196
DECODE_STEP index=299 ms=44.8439
DECODE_STEP index=300 ms=45.743
DECODE_STEP index=301 ms=43.4199
DECODE_STEP index=302 ms=51.8576
DECODE_STEP index=303 ms=39.9093
DECODE_STEP index=304 ms=45.6461
DECODE_STEP index=305 ms=45.5149
DECODE_STEP index=306 ms=45.537
DECODE_STEP index=307 ms=46.8039
DECODE_STEP index=308 ms=44.3108
DECODE_STEP index=309 ms=44.6761
DECODE_STEP index=310 ms=55.5089
DECODE_STEP index=311 ms=44.1497
DECODE_STEP index=312 ms=53.84
DECODE_STEP index=313 ms=48.911
DECODE_STEP index=314 ms=52.61
DECODE_STEP index=315 ms=49.6247
DECODE_STEP index=316 ms=57.2923
DECODE_STEP index=317 ms=50.7296
DECODE_STEP index=318 ms=35.5244
DECODE_STEP index=319 ms=39.0377
DECODE_STEP index=320 ms=41.82
DECODE_STEP index=321 ms=45.1529
DECODE_STEP index=322 ms=48.642
DECODE_STEP index=323 ms=44.0978
DECODE_STEP index=324 ms=44.2513
DECODE_STEP index=325 ms=42.497
DECODE_STEP index=326 ms=37.882
DECODE_STEP index=327 ms=42.099
DECODE_STEP index=328 ms=44.4057
DECODE_STEP index=329 ms=47.4613
DECODE_STEP index=330 ms=39.7937
DECODE_STEP index=331 ms=37.8773
DECODE_STEP index=332 ms=41.4304
DECODE_STEP index=333 ms=47.5555
DECODE_STEP index=334 ms=38.217
DECODE_STEP index=335 ms=37.5309
DECODE_STEP index=336 ms=39.452
DECODE_STEP index=337 ms=38.279
DECODE_STEP index=338 ms=41.8199
DECODE_STEP index=339 ms=41.5817
DECODE_STEP index=340 ms=36.1541
DECODE_STEP index=341 ms=42.3308
DECODE_STEP index=342 ms=41.7799
DECODE_STEP index=343 ms=40.5474
DECODE_STEP index=344 ms=41.3595
DECODE_STEP index=345 ms=38.9175
DECODE_STEP index=346 ms=49.2791
DECODE_STEP index=347 ms=40.419
DECODE_STEP index=348 ms=42.5284
DECODE_STEP index=349 ms=35.3029
DECODE_STEP index=350 ms=48.049
DECODE_STEP index=351 ms=37.8742
DECODE_STEP index=352 ms=41.4451
DECODE_STEP index=353 ms=43.7616
DECODE_STEP index=354 ms=41.7106
DECODE_STEP index=355 ms=52.8482
DECODE_STEP index=356 ms=35.063
DECODE_STEP index=357 ms=36.6896
DECODE_STEP index=358 ms=47.7146
DECODE_STEP index=359 ms=37.3146
DECODE_STEP index=360 ms=39.7821
DECODE_STEP index=361 ms=36.2226
DECODE_STEP index=362 ms=39.3063
DECODE_STEP index=363 ms=36.934
DECODE_STEP index=364 ms=41.1914
DECODE_STEP index=365 ms=38.9392
DECODE_STEP index=366 ms=38.9114
DECODE_STEP index=367 ms=47.4521
DECODE_STEP index=368 ms=40.146
DECODE_STEP index=369 ms=37.9792
DECODE_STEP index=370 ms=39.7872
DECODE_STEP index=371 ms=40.0889
DECODE_STEP index=372 ms=44.7533
DECODE_STEP index=373 ms=39.7861
DECODE_STEP index=374 ms=41.7048
DECODE_STEP index=375 ms=38.457
DECODE_STEP index=376 ms=45.9243
DECODE_STEP index=377 ms=37.8838
DECODE_STEP index=378 ms=42.1086
DECODE_STEP index=379 ms=38.5752
DECODE_STEP index=380 ms=40.3748
DECODE_STEP index=381 ms=40.707
DECODE_STEP index=382 ms=45.1499
DECODE_STEP index=383 ms=39.1044
DECODE_STEP index=384 ms=41.1552
DECODE_STEP index=385 ms=41.0974
DECODE_STEP index=386 ms=42.9241
DECODE_STEP index=387 ms=45.5355
DECODE_STEP index=388 ms=38.5895
DECODE_STEP index=389 ms=36.1231
DECODE_STEP index=390 ms=37.0387
DECODE_STEP index=391 ms=73.4696
DECODE_STEP index=392 ms=36.7636
DECODE_STEP index=393 ms=57.8432
DECODE_STEP index=394 ms=35.9031
DECODE_STEP index=395 ms=41.8985
DECODE_STEP index=396 ms=41.4928
DECODE_STEP index=397 ms=45.4192
DECODE_STEP index=398 ms=38.6172
DECODE_STEP index=399 ms=37.817
DECODE_STEP index=400 ms=42.8081
DECODE_STEP index=401 ms=36.3623
DECODE_STEP index=402 ms=41.8637
DECODE_STEP index=403 ms=36.7109
DECODE_STEP index=404 ms=38.0677
DECODE_STEP index=405 ms=40.8976
DECODE_STEP index=406 ms=43.7615
DECODE_STEP index=407 ms=40.2635
DECODE_STEP index=408 ms=38.9416
DECODE_STEP index=409 ms=41.942
DECODE_STEP index=410 ms=38.5841
DECODE_STEP index=411 ms=43.1756
DECODE_STEP index=412 ms=49.394
DECODE_STEP index=413 ms=44.3407
DECODE_STEP index=414 ms=39.0445
DECODE_STEP index=415 ms=37.2465
DECODE_STEP index=416 ms=39.8665
DECODE_STEP index=417 ms=39.9892
DECODE_STEP index=418 ms=40.5321
DECODE_STEP index=419 ms=36.9656
DECODE_STEP index=420 ms=49.6515
DECODE_STEP index=421 ms=46.374
DECODE_STEP index=422 ms=47.8955
DECODE_STEP index=423 ms=45.687
DECODE_STEP index=424 ms=51.2304
DECODE_STEP index=425 ms=48.2994
DECODE_STEP index=426 ms=53.3275
DECODE_STEP index=427 ms=41.0065
DECODE_STEP index=428 ms=46.9279
DECODE_STEP index=429 ms=48.0963
DECODE_STEP index=430 ms=52.2529
DECODE_STEP index=431 ms=39.8064
DECODE_STEP index=432 ms=39.7345
DECODE_STEP index=433 ms=39.0186
DECODE_STEP index=434 ms=49.1419
DECODE_STEP index=435 ms=39.4874
DECODE_STEP index=436 ms=42.9718
DECODE_STEP index=437 ms=36.6547
DECODE_STEP index=438 ms=34.091
DECODE_STEP index=439 ms=43.4864
DECODE_STEP index=440 ms=41.9743
DECODE_STEP index=441 ms=39.2894
DECODE_STEP index=442 ms=45.3073
DECODE_STEP index=443 ms=35.4529
DECODE_STEP index=444 ms=43.8653
DECODE_STEP index=445 ms=37.3366
DECODE_STEP index=446 ms=39.6815
DECODE_STEP index=447 ms=40.3464
DECODE_STEP index=448 ms=35.0535
DECODE_STEP index=449 ms=35.6452
DECODE_STEP index=450 ms=38.5059
DECODE_STEP index=451 ms=39.7832
DECODE_STEP index=452 ms=35.6048
DECODE_STEP index=453 ms=50.5026
DECODE_STEP index=454 ms=45.618
DECODE_STEP index=455 ms=45.5548
DECODE_STEP index=456 ms=49.4476
DECODE_STEP index=457 ms=50.7815
DECODE_STEP index=458 ms=42.291
DECODE_STEP index=459 ms=53.2595
DECODE_STEP index=460 ms=55.5615
DECODE_STEP index=461 ms=45.678
DECODE_STEP index=462 ms=42.6625
DECODE_STEP index=463 ms=45.8588
DECODE_STEP index=464 ms=40.7772
DECODE_STEP index=465 ms=41.4415
DECODE_STEP index=466 ms=45.4342
DECODE_STEP index=467 ms=45.8201
DECODE_STEP index=468 ms=35.4304
DECODE_STEP index=469 ms=41.0012
DECODE_STEP index=470 ms=38.3837
DECODE_STEP index=471 ms=39.8849
DECODE_STEP index=472 ms=37.6471
DECODE_STEP index=473 ms=42.6974
DECODE_STEP index=474 ms=46.4883
DECODE_STEP index=475 ms=49.7376
DECODE_STEP index=476 ms=47.294
DECODE_STEP index=477 ms=43.7598
DECODE_STEP index=478 ms=44.6333
DECODE_STEP index=479 ms=42.7175
DECODE_STEP index=480 ms=42.0701
DECODE_STEP index=481 ms=46.3708
DECODE_STEP index=482 ms=43.8965
DECODE_STEP index=483 ms=50.9061
DECODE_STEP index=484 ms=52.7693
DECODE_STEP index=485 ms=44.4078
DECODE_STEP index=486 ms=50.1269
DECODE_STEP index=487 ms=42.6425
DECODE_STEP index=488 ms=48.2191
DECODE_STEP index=489 ms=51.4947
DECODE_STEP index=490 ms=44.3377
DECODE_STEP index=491 ms=44.0384
DECODE_STEP index=492 ms=50.1322
DECODE_STEP index=493 ms=54.7008
DECODE_STEP index=494 ms=55.49
DECODE_STEP index=495 ms=66.1809
DECODE_STEP index=496 ms=41.9906
DECODE_STEP index=497 ms=42.1303
DECODE_STEP index=498 ms=46.5111
DECODE_STEP index=499 ms=43.9561
DECODE_STEP index=500 ms=56.2505
DECODE_STEP index=501 ms=52.0846
DECODE_STEP index=502 ms=44.2751
DECODE_STEP index=503 ms=45.1485
DECODE_STEP index=504 ms=44.4895
DECODE_STEP index=505 ms=47.5714
DECODE_STEP index=506 ms=43.6039
DECODE_STEP index=507 ms=45.6718
DECODE_STEP index=508 ms=41.5658
DECODE_STEP index=509 ms=43.7413
DECODE_STEP index=510 ms=48.1436
DECODE_STEP index=511 ms=45.367
DECODE steps=511 ms=22576.4 tok_s=22.6343
HOST_RSS peak_MiB=54009.9
CPU_EXPERT gu_ms=0 quant_ms=0 down_ms=0 layer_flow_ms=9285.75 bytes=258828337152
GPU peak_allocated_MiB=13558 native_expert_bytes=0 expert_groups=0 staging_ms=0
PREFILL_SCRATCH device=0 peak_MiB=5.07568 capacity_MiB=32
GPU_LIVE device=0 dense_MiB=5029.21 other_MiB=8254.75 prefill_MiB=32 resident_exec_MiB=2.94288 state_MiB=239.105
GPU_DEVICE device=0 peak_allocated_MiB=13558 live_MiB=13558 native_expert_bytes=0 staging_ms=0 cache_hits=0 cache_hit_bytes=0 cuda_used_MiB=15546 free_MiB=758
DECODE_TRIAL index=2
DECODE_STEP index=1 ms=44.6691
DECODE_STEP index=2 ms=41.4134
DECODE_STEP index=3 ms=49.4523
DECODE_STEP index=4 ms=50.3104
DECODE_STEP index=5 ms=50.4791
DECODE_STEP index=6 ms=39.8992
DECODE_STEP index=7 ms=48.973
DECODE_STEP index=8 ms=44.5757
DECODE_STEP index=9 ms=42.7417
DECODE_STEP index=10 ms=53.6864
DECODE_STEP index=11 ms=50.9083
DECODE_STEP index=12 ms=47.907
DECODE_STEP index=13 ms=44.4089
DECODE_STEP index=14 ms=53.9563
DECODE_STEP index=15 ms=56.6561
DECODE_STEP index=16 ms=45.3224
DECODE_STEP index=17 ms=42.4455
DECODE_STEP index=18 ms=41.3076
DECODE_STEP index=19 ms=44.8993
DECODE_STEP index=20 ms=41.8314
DECODE_STEP index=21 ms=42.4573
DECODE_STEP index=22 ms=38.8704
DECODE_STEP index=23 ms=38.4608
DECODE_STEP index=24 ms=50.6341
DECODE_STEP index=25 ms=46.997
DECODE_STEP index=26 ms=49.1492
DECODE_STEP index=27 ms=40.1787
DECODE_STEP index=28 ms=43.8375
DECODE_STEP index=29 ms=41.8707
DECODE_STEP index=30 ms=43.4522
DECODE_STEP index=31 ms=48.5669
DECODE_STEP index=32 ms=44.9269
DECODE_STEP index=33 ms=40.4847
DECODE_STEP index=34 ms=39.9129
DECODE_STEP index=35 ms=40.3909
DECODE_STEP index=36 ms=41.386
DECODE_STEP index=37 ms=52.9676
DECODE_STEP index=38 ms=46.3717
DECODE_STEP index=39 ms=55.1486
DECODE_STEP index=40 ms=37.5065
DECODE_STEP index=41 ms=46.4293
DECODE_STEP index=42 ms=48.1269
DECODE_STEP index=43 ms=44.6718
DECODE_STEP index=44 ms=48.5565
DECODE_STEP index=45 ms=38.5296
DECODE_STEP index=46 ms=41.0375
DECODE_STEP index=47 ms=45.8661
DECODE_STEP index=48 ms=41.0505
DECODE_STEP index=49 ms=37.7245
DECODE_STEP index=50 ms=44.2933
DECODE_STEP index=51 ms=42.5586
DECODE_STEP index=52 ms=38.558
DECODE_STEP index=53 ms=38.3153
DECODE_STEP index=54 ms=41.8734
DECODE_STEP index=55 ms=47.5441
DECODE_STEP index=56 ms=41.1095
DECODE_STEP index=57 ms=40.7597
DECODE_STEP index=58 ms=43.6869
DECODE_STEP index=59 ms=42.6834
DECODE_STEP index=60 ms=41.9082
DECODE_STEP index=61 ms=55.4783
DECODE_STEP index=62 ms=46.2373
DECODE_STEP index=63 ms=46.3753
DECODE_STEP index=64 ms=39.1388
DECODE_STEP index=65 ms=38.2554
DECODE_STEP index=66 ms=51.8493
DECODE_STEP index=67 ms=43.772
DECODE_STEP index=68 ms=42.288
DECODE_STEP index=69 ms=40.1578
DECODE_STEP index=70 ms=40.345
DECODE_STEP index=71 ms=39.2631
DECODE_STEP index=72 ms=42.6073
DECODE_STEP index=73 ms=44.6732
DECODE_STEP index=74 ms=35.4369
DECODE_STEP index=75 ms=43.5222
DECODE_STEP index=76 ms=45.3695
DECODE_STEP index=77 ms=38.1149
DECODE_STEP index=78 ms=38.1421
DECODE_STEP index=79 ms=40.3494
DECODE_STEP index=80 ms=39.0827
DECODE_STEP index=81 ms=38.9155
DECODE_STEP index=82 ms=45.0742
DECODE_STEP index=83 ms=37.2022
DECODE_STEP index=84 ms=43.7779
DECODE_STEP index=85 ms=41.6059
DECODE_STEP index=86 ms=43.5898
DECODE_STEP index=87 ms=44.3298
DECODE_STEP index=88 ms=43.2541
DECODE_STEP index=89 ms=40.694
DECODE_STEP index=90 ms=46.099
DECODE_STEP index=91 ms=42.1194
DECODE_STEP index=92 ms=45.3394
DECODE_STEP index=93 ms=46.8502
DECODE_STEP index=94 ms=47.2716
DECODE_STEP index=95 ms=50.9126
DECODE_STEP index=96 ms=37.7047
DECODE_STEP index=97 ms=48.8245
DECODE_STEP index=98 ms=37.9112
DECODE_STEP index=99 ms=35.8951
DECODE_STEP index=100 ms=42.7142
DECODE_STEP index=101 ms=46.7348
DECODE_STEP index=102 ms=39.4698
DECODE_STEP index=103 ms=37.6669
DECODE_STEP index=104 ms=41.5113
DECODE_STEP index=105 ms=40.9351
DECODE_STEP index=106 ms=34.9851
DECODE_STEP index=107 ms=35.5524
DECODE_STEP index=108 ms=37.6061
DECODE_STEP index=109 ms=44.582
DECODE_STEP index=110 ms=35.1891
DECODE_STEP index=111 ms=42.0645
DECODE_STEP index=112 ms=36.3682
DECODE_STEP index=113 ms=40.5627
DECODE_STEP index=114 ms=41.4218
DECODE_STEP index=115 ms=40.157
DECODE_STEP index=116 ms=44.3529
DECODE_STEP index=117 ms=36.0421
DECODE_STEP index=118 ms=38.6988
DECODE_STEP index=119 ms=34.0227
DECODE_STEP index=120 ms=38.2427
DECODE_STEP index=121 ms=44.956
DECODE_STEP index=122 ms=47.1355
DECODE_STEP index=123 ms=43.6477
DECODE_STEP index=124 ms=46.3056
DECODE_STEP index=125 ms=44.0777
DECODE_STEP index=126 ms=38.8102
DECODE_STEP index=127 ms=41.823
DECODE_STEP index=128 ms=48.3866
DECODE_STEP index=129 ms=44.9254
DECODE_STEP index=130 ms=44.7526
DECODE_STEP index=131 ms=43.9257
DECODE_STEP index=132 ms=46.7322
DECODE_STEP index=133 ms=38.2709
DECODE_STEP index=134 ms=42.5001
DECODE_STEP index=135 ms=52.2673
DECODE_STEP index=136 ms=40.9898
DECODE_STEP index=137 ms=46.1124
DECODE_STEP index=138 ms=45.8254
DECODE_STEP index=139 ms=49.9584
DECODE_STEP index=140 ms=48.6599
DECODE_STEP index=141 ms=48.4261
DECODE_STEP index=142 ms=40.9126
DECODE_STEP index=143 ms=38.8177
DECODE_STEP index=144 ms=44.8598
DECODE_STEP index=145 ms=37.8326
DECODE_STEP index=146 ms=47.2007
DECODE_STEP index=147 ms=41.5529
DECODE_STEP index=148 ms=37.9336
DECODE_STEP index=149 ms=43.4863
DECODE_STEP index=150 ms=46.3758
DECODE_STEP index=151 ms=41.8217
DECODE_STEP index=152 ms=46.9687
DECODE_STEP index=153 ms=42.5899
DECODE_STEP index=154 ms=47.4707
DECODE_STEP index=155 ms=43.611
DECODE_STEP index=156 ms=37.3995
DECODE_STEP index=157 ms=46.6333
DECODE_STEP index=158 ms=42.4258
DECODE_STEP index=159 ms=36.1457
DECODE_STEP index=160 ms=45.1883
DECODE_STEP index=161 ms=42.3237
DECODE_STEP index=162 ms=43.0342
DECODE_STEP index=163 ms=44.9544
DECODE_STEP index=164 ms=52.9627
DECODE_STEP index=165 ms=41.9477
DECODE_STEP index=166 ms=49.5603
DECODE_STEP index=167 ms=53.0526
DECODE_STEP index=168 ms=38.5941
DECODE_STEP index=169 ms=44.227
DECODE_STEP index=170 ms=46.5065
DECODE_STEP index=171 ms=43.2268
DECODE_STEP index=172 ms=42.9068
DECODE_STEP index=173 ms=43.9006
DECODE_STEP index=174 ms=42.9216
DECODE_STEP index=175 ms=46.0101
DECODE_STEP index=176 ms=48.0786
DECODE_STEP index=177 ms=40.3618
DECODE_STEP index=178 ms=43.0427
DECODE_STEP index=179 ms=42.426
DECODE_STEP index=180 ms=43.5775
DECODE_STEP index=181 ms=41.2687
DECODE_STEP index=182 ms=46.1052
DECODE_STEP index=183 ms=54.2543
DECODE_STEP index=184 ms=52.4243
DECODE_STEP index=185 ms=54.5755
DECODE_STEP index=186 ms=48.6963
DECODE_STEP index=187 ms=57.2218
DECODE_STEP index=188 ms=41.3497
DECODE_STEP index=189 ms=47.0766
DECODE_STEP index=190 ms=44.7756
DECODE_STEP index=191 ms=48.3802
DECODE_STEP index=192 ms=42.1965
DECODE_STEP index=193 ms=47.7787
DECODE_STEP index=194 ms=50.5474
DECODE_STEP index=195 ms=45.8334
DECODE_STEP index=196 ms=44.5191
DECODE_STEP index=197 ms=47.9371
DECODE_STEP index=198 ms=46.8677
DECODE_STEP index=199 ms=44.4711
DECODE_STEP index=200 ms=45.9837
DECODE_STEP index=201 ms=44.9296
DECODE_STEP index=202 ms=50.1643
DECODE_STEP index=203 ms=45.2549
DECODE_STEP index=204 ms=45.5209
DECODE_STEP index=205 ms=38.9039
DECODE_STEP index=206 ms=42.5641
DECODE_STEP index=207 ms=46.1564
DECODE_STEP index=208 ms=44.8366
DECODE_STEP index=209 ms=50.8921
DECODE_STEP index=210 ms=49.9867
DECODE_STEP index=211 ms=45.3736
DECODE_STEP index=212 ms=51.2509
DECODE_STEP index=213 ms=53.7187
DECODE_STEP index=214 ms=51.2232
DECODE_STEP index=215 ms=45.9347
DECODE_STEP index=216 ms=44.1516
DECODE_STEP index=217 ms=48.0015
DECODE_STEP index=218 ms=47.4996
DECODE_STEP index=219 ms=48.7355
DECODE_STEP index=220 ms=48.9673
DECODE_STEP index=221 ms=45.9626
DECODE_STEP index=222 ms=42.0761
DECODE_STEP index=223 ms=42.0942
DECODE_STEP index=224 ms=41.7921
DECODE_STEP index=225 ms=42.8787
DECODE_STEP index=226 ms=42.7986
DECODE_STEP index=227 ms=43.6163
DECODE_STEP index=228 ms=39.9806
DECODE_STEP index=229 ms=40.7276
DECODE_STEP index=230 ms=38.2389
DECODE_STEP index=231 ms=36.9123
DECODE_STEP index=232 ms=40.834
DECODE_STEP index=233 ms=39.6992
DECODE_STEP index=234 ms=39.3208
DECODE_STEP index=235 ms=42.9829
DECODE_STEP index=236 ms=43.7329
DECODE_STEP index=237 ms=41.8035
DECODE_STEP index=238 ms=44.0253
DECODE_STEP index=239 ms=34.6542
DECODE_STEP index=240 ms=38.0171
DECODE_STEP index=241 ms=36.8682
DECODE_STEP index=242 ms=43.6425
DECODE_STEP index=243 ms=40.4075
DECODE_STEP index=244 ms=39.867
DECODE_STEP index=245 ms=40.8533
DECODE_STEP index=246 ms=38.6018
DECODE_STEP index=247 ms=41.139
DECODE_STEP index=248 ms=38.5749
DECODE_STEP index=249 ms=40.8404
DECODE_STEP index=250 ms=37.7361
DECODE_STEP index=251 ms=38.2345
DECODE_STEP index=252 ms=43.2043
DECODE_STEP index=253 ms=38.5918
DECODE_STEP index=254 ms=41.4848
DECODE_STEP index=255 ms=40.0128
DECODE_STEP index=256 ms=38.722
DECODE_STEP index=257 ms=34.7796
DECODE_STEP index=258 ms=39.4648
DECODE_STEP index=259 ms=48.5007
DECODE_STEP index=260 ms=43.1501
DECODE_STEP index=261 ms=40.3534
DECODE_STEP index=262 ms=40.3637
DECODE_STEP index=263 ms=42.0055
DECODE_STEP index=264 ms=40.4018
DECODE_STEP index=265 ms=49.0412
DECODE_STEP index=266 ms=51.9207
DECODE_STEP index=267 ms=47.9645
DECODE_STEP index=268 ms=48.5646
DECODE_STEP index=269 ms=39.1599
DECODE_STEP index=270 ms=41.8779
DECODE_STEP index=271 ms=42.7872
DECODE_STEP index=272 ms=43.7247
DECODE_STEP index=273 ms=40.7718
DECODE_STEP index=274 ms=42.0077
DECODE_STEP index=275 ms=43.9366
DECODE_STEP index=276 ms=41.001
DECODE_STEP index=277 ms=47.6051
DECODE_STEP index=278 ms=42.2043
DECODE_STEP index=279 ms=45.8521
DECODE_STEP index=280 ms=42.1438
DECODE_STEP index=281 ms=41.1515
DECODE_STEP index=282 ms=39.8621
DECODE_STEP index=283 ms=39.4618
DECODE_STEP index=284 ms=43.2666
DECODE_STEP index=285 ms=41.593
DECODE_STEP index=286 ms=43.5993
DECODE_STEP index=287 ms=46.6477
DECODE_STEP index=288 ms=41.2802
DECODE_STEP index=289 ms=50.3653
DECODE_STEP index=290 ms=55.9195
DECODE_STEP index=291 ms=53.0592
DECODE_STEP index=292 ms=55.6311
DECODE_STEP index=293 ms=61.2889
DECODE_STEP index=294 ms=41.7618
DECODE_STEP index=295 ms=40.0745
DECODE_STEP index=296 ms=39.5054
DECODE_STEP index=297 ms=43.2123
DECODE_STEP index=298 ms=39.1215
DECODE_STEP index=299 ms=44.9621
DECODE_STEP index=300 ms=38.1665
DECODE_STEP index=301 ms=42.8955
DECODE_STEP index=302 ms=47.2135
DECODE_STEP index=303 ms=47.6298
DECODE_STEP index=304 ms=37.6862
DECODE_STEP index=305 ms=35.9586
DECODE_STEP index=306 ms=41.1977
DECODE_STEP index=307 ms=45.1096
DECODE_STEP index=308 ms=38.8858
DECODE_STEP index=309 ms=37.8729
DECODE_STEP index=310 ms=42.4266
DECODE_STEP index=311 ms=39.4907
DECODE_STEP index=312 ms=40.6974
DECODE_STEP index=313 ms=44.4438
DECODE_STEP index=314 ms=44.2297
DECODE_STEP index=315 ms=41.1513
DECODE_STEP index=316 ms=42.0167
DECODE_STEP index=317 ms=44.4445
DECODE_STEP index=318 ms=37.3651
DECODE_STEP index=319 ms=41.2581
DECODE_STEP index=320 ms=35.2848
DECODE_STEP index=321 ms=36.5348
DECODE_STEP index=322 ms=49.8041
DECODE_STEP index=323 ms=46.9755
DECODE_STEP index=324 ms=53.4773
DECODE_STEP index=325 ms=41.3581
DECODE_STEP index=326 ms=43.7379
DECODE_STEP index=327 ms=35.3093
DECODE_STEP index=328 ms=42.1433
DECODE_STEP index=329 ms=41.2394
DECODE_STEP index=330 ms=48.2116
DECODE_STEP index=331 ms=49.6402
DECODE_STEP index=332 ms=40.2788
DECODE_STEP index=333 ms=53.0077
DECODE_STEP index=334 ms=42.0951
DECODE_STEP index=335 ms=48.7387
DECODE_STEP index=336 ms=47.3531
DECODE_STEP index=337 ms=44.3742
DECODE_STEP index=338 ms=43.3234
DECODE_STEP index=339 ms=45.2607
DECODE_STEP index=340 ms=47.6895
DECODE_STEP index=341 ms=51.0955
DECODE_STEP index=342 ms=59.4777
DECODE_STEP index=343 ms=55.0584
DECODE_STEP index=344 ms=42.6242
DECODE_STEP index=345 ms=48.9566
DECODE_STEP index=346 ms=45.2545
DECODE_STEP index=347 ms=44.6565
DECODE_STEP index=348 ms=46.7279
DECODE_STEP index=349 ms=50.0773
DECODE_STEP index=350 ms=45.2389
DECODE_STEP index=351 ms=36.8985
DECODE_STEP index=352 ms=39.1692
DECODE_STEP index=353 ms=40.2932
DECODE_STEP index=354 ms=40.787
DECODE_STEP index=355 ms=36.6899
DECODE_STEP index=356 ms=51.869
DECODE_STEP index=357 ms=49.0769
DECODE_STEP index=358 ms=40.539
DECODE_STEP index=359 ms=38.5007
DECODE_STEP index=360 ms=44.0098
DECODE_STEP index=361 ms=54.3388
DECODE_STEP index=362 ms=57.9793
DECODE_STEP index=363 ms=49.6245
DECODE_STEP index=364 ms=50.6516
DECODE_STEP index=365 ms=43.0252
DECODE_STEP index=366 ms=45.6707
DECODE_STEP index=367 ms=46.4976
DECODE_STEP index=368 ms=48.4255
DECODE_STEP index=369 ms=49.4284
DECODE_STEP index=370 ms=55.7716
DECODE_STEP index=371 ms=55.1576
DECODE_STEP index=372 ms=53.768
DECODE_STEP index=373 ms=50.8942
DECODE_STEP index=374 ms=45.503
DECODE_STEP index=375 ms=54.818
DECODE_STEP index=376 ms=52.2455
DECODE_STEP index=377 ms=50.8935
DECODE_STEP index=378 ms=45.6613
DECODE_STEP index=379 ms=48.2465
DECODE_STEP index=380 ms=48.2824
DECODE_STEP index=381 ms=52.6123
DECODE_STEP index=382 ms=42.6508
DECODE_STEP index=383 ms=40.8732
DECODE_STEP index=384 ms=39.366
DECODE_STEP index=385 ms=42.4281
DECODE_STEP index=386 ms=39.7695
DECODE_STEP index=387 ms=44.9084
DECODE_STEP index=388 ms=47.2606
DECODE_STEP index=389 ms=40.4193
DECODE_STEP index=390 ms=40.8079
DECODE_STEP index=391 ms=40.9596
DECODE_STEP index=392 ms=46.2105
DECODE_STEP index=393 ms=39.9779
DECODE_STEP index=394 ms=41.8627
DECODE_STEP index=395 ms=44.7653
DECODE_STEP index=396 ms=46.6834
DECODE_STEP index=397 ms=40.9885
DECODE_STEP index=398 ms=45.571
DECODE_STEP index=399 ms=48.6591
DECODE_STEP index=400 ms=44.1559
DECODE_STEP index=401 ms=39.2418
DECODE_STEP index=402 ms=43.1388
DECODE_STEP index=403 ms=48.8195
DECODE_STEP index=404 ms=41.7589
DECODE_STEP index=405 ms=38.4566
DECODE_STEP index=406 ms=43.4979
DECODE_STEP index=407 ms=40.9162
DECODE_STEP index=408 ms=37.5191
DECODE_STEP index=409 ms=36.5925
DECODE_STEP index=410 ms=40.9885
DECODE_STEP index=411 ms=40.0746
DECODE_STEP index=412 ms=43.4878
DECODE_STEP index=413 ms=44.7527
DECODE_STEP index=414 ms=51.6465
DECODE_STEP index=415 ms=44.1774
DECODE_STEP index=416 ms=41.9207
DECODE_STEP index=417 ms=37.4503
DECODE_STEP index=418 ms=38.9209
DECODE_STEP index=419 ms=47.2857
DECODE_STEP index=420 ms=44.3466
DECODE_STEP index=421 ms=36.4755
DECODE_STEP index=422 ms=43.974
DECODE_STEP index=423 ms=34.3259
DECODE_STEP index=424 ms=42.9894
DECODE_STEP index=425 ms=39.6262
DECODE_STEP index=426 ms=43.1947
DECODE_STEP index=427 ms=42.0313
DECODE_STEP index=428 ms=56.1623
DECODE_STEP index=429 ms=43.5183
DECODE_STEP index=430 ms=35.4675
DECODE_STEP index=431 ms=34.8957
DECODE_STEP index=432 ms=35.5542
DECODE_STEP index=433 ms=42.4925
DECODE_STEP index=434 ms=44.8581
DECODE_STEP index=435 ms=40.1683
DECODE_STEP index=436 ms=39.9922
DECODE_STEP index=437 ms=37.9696
DECODE_STEP index=438 ms=40.2014
DECODE_STEP index=439 ms=41.6953
DECODE_STEP index=440 ms=38.7188
DECODE_STEP index=441 ms=38.3003
DECODE_STEP index=442 ms=46.9577
DECODE_STEP index=443 ms=40.4654
DECODE_STEP index=444 ms=38.8497
DECODE_STEP index=445 ms=37.1681
DECODE_STEP index=446 ms=37.7453
DECODE_STEP index=447 ms=35.8359
DECODE_STEP index=448 ms=36.3264
DECODE_STEP index=449 ms=47.2368
DECODE_STEP index=450 ms=45.211
DECODE_STEP index=451 ms=42.1037
DECODE_STEP index=452 ms=41.194
DECODE_STEP index=453 ms=38.6977
DECODE_STEP index=454 ms=42.4482
DECODE_STEP index=455 ms=42.0103
DECODE_STEP index=456 ms=46.4916
DECODE_STEP index=457 ms=42.3282
DECODE_STEP index=458 ms=42.6565
DECODE_STEP index=459 ms=50.53
DECODE_STEP index=460 ms=40.7805
DECODE_STEP index=461 ms=38.5091
DECODE_STEP index=462 ms=42.1337
DECODE_STEP index=463 ms=45.8788
DECODE_STEP index=464 ms=43.2596
DECODE_STEP index=465 ms=48.874
DECODE_STEP index=466 ms=49.1086
DECODE_STEP index=467 ms=37.6225
DECODE_STEP index=468 ms=43.8555
DECODE_STEP index=469 ms=41.8396
DECODE_STEP index=470 ms=45.2206
DECODE_STEP index=471 ms=45.5114
DECODE_STEP index=472 ms=36.9168
DECODE_STEP index=473 ms=46.8357
DECODE_STEP index=474 ms=39.0188
DECODE_STEP index=475 ms=40.2311
DECODE_STEP index=476 ms=48.7849
DECODE_STEP index=477 ms=48.7751
DECODE_STEP index=478 ms=48.8607
DECODE_STEP index=479 ms=38.5027
DECODE_STEP index=480 ms=48.443
DECODE_STEP index=481 ms=53.688
DECODE_STEP index=482 ms=47.5837
DECODE_STEP index=483 ms=35.2938
DECODE_STEP index=484 ms=38.6942
DECODE_STEP index=485 ms=44.128
DECODE_STEP index=486 ms=46.0839
DECODE_STEP index=487 ms=35.8599
DECODE_STEP index=488 ms=40.1309
DECODE_STEP index=489 ms=39.0409
DECODE_STEP index=490 ms=38.8077
DECODE_STEP index=491 ms=37.745
DECODE_STEP index=492 ms=36.298
DECODE_STEP index=493 ms=40.2019
DECODE_STEP index=494 ms=44.3318
DECODE_STEP index=495 ms=45.8324
DECODE_STEP index=496 ms=46.537
DECODE_STEP index=497 ms=47.0412
DECODE_STEP index=498 ms=47.3947
DECODE_STEP index=499 ms=48.5877
DECODE_STEP index=500 ms=46.048
DECODE_STEP index=501 ms=47.6157
DECODE_STEP index=502 ms=47.3229
DECODE_STEP index=503 ms=41.6641
DECODE_STEP index=504 ms=40.9002
DECODE_STEP index=505 ms=40.9723
DECODE_STEP index=506 ms=33.6852
DECODE_STEP index=507 ms=37.4816
DECODE_STEP index=508 ms=42.2664
DECODE_STEP index=509 ms=47.4327
DECODE_STEP index=510 ms=43.4919
DECODE_STEP index=511 ms=48.2819
DECODE steps=511 ms=22462.2 tok_s=22.7493
HOST_RSS peak_MiB=54009.9
CPU_EXPERT gu_ms=0 quant_ms=0 down_ms=0 layer_flow_ms=9092.95 bytes=253827219456
GPU peak_allocated_MiB=13558 native_expert_bytes=0 expert_groups=0 staging_ms=0
PREFILL_SCRATCH device=0 peak_MiB=5.07568 capacity_MiB=32
GPU_LIVE device=0 dense_MiB=5029.21 other_MiB=8254.75 prefill_MiB=32 resident_exec_MiB=2.94288 state_MiB=239.105
GPU_DEVICE device=0 peak_allocated_MiB=13558 live_MiB=13558 native_expert_bytes=0 staging_ms=0 cache_hits=0 cache_hit_bytes=0 cuda_used_MiB=15546 free_MiB=758
resident expert entries=430798/515088
