STAGING compact=1 slot_MiB=140
FLOATING_Q8 tensor=blk.0.hc_attn_fn source_type=0 MiB=0.398438
FLOATING_Q8 tensor=blk.0.hc_ffn_fn source_type=0 MiB=0.398438
FLOATING_Q8 tensor=blk.1.hc_attn_fn source_type=0 MiB=0.398438
FLOATING_Q8 tensor=blk.1.hc_ffn_fn source_type=0 MiB=0.398438
FLOATING_Q8 tensor=blk.10.hc_attn_fn source_type=0 MiB=0.398438
FLOATING_Q8 tensor=blk.10.hc_ffn_fn source_type=0 MiB=0.398438
FLOATING_Q8 tensor=blk.11.attn_k_b.weight source_type=12 MiB=8.5
FLOATING_Q8 tensor=blk.11.attn_v_b.weight source_type=12 MiB=8.5
FLOATING_Q8 tensor=blk.11.hc_attn_fn source_type=0 MiB=0.398438
FLOATING_Q8 tensor=blk.11.hc_ffn_fn source_type=0 MiB=0.398438
FLOATING_Q8 tensor=blk.12.hc_attn_fn source_type=0 MiB=0.398438
FLOATING_Q8 tensor=blk.12.hc_ffn_fn source_type=0 MiB=0.398438
FLOATING_Q8 tensor=blk.13.hc_attn_fn source_type=0 MiB=0.398438
FLOATING_Q8 tensor=blk.13.hc_ffn_fn source_type=0 MiB=0.398438
FLOATING_Q8 tensor=blk.14.hc_attn_fn source_type=0 MiB=0.398438
FLOATING_Q8 tensor=blk.14.hc_ffn_fn source_type=0 MiB=0.398438
FLOATING_Q8 tensor=blk.15.attn_k_b.weight source_type=12 MiB=8.5
FLOATING_Q8 tensor=blk.15.attn_v_b.weight source_type=12 MiB=8.5
FLOATING_Q8 tensor=blk.15.hc_attn_fn source_type=0 MiB=0.398438
FLOATING_Q8 tensor=blk.15.hc_ffn_fn source_type=0 MiB=0.398438
FLOATING_Q8 tensor=blk.16.hc_attn_fn source_type=0 MiB=0.398438
FLOATING_Q8 tensor=blk.16.hc_ffn_fn source_type=0 MiB=0.398438
FLOATING_Q8 tensor=blk.17.hc_attn_fn source_type=0 MiB=0.398438
FLOATING_Q8 tensor=blk.17.hc_ffn_fn source_type=0 MiB=0.398438
FLOATING_Q8 tensor=blk.18.hc_attn_fn source_type=0 MiB=0.398438
FLOATING_Q8 tensor=blk.18.hc_ffn_fn source_type=0 MiB=0.398438
FLOATING_Q8 tensor=blk.19.attn_k_b.weight source_type=12 MiB=8.5
FLOATING_Q8 tensor=blk.19.attn_v_b.weight source_type=12 MiB=8.5
FLOATING_Q8 tensor=blk.19.hc_attn_fn source_type=0 MiB=0.398438
FLOATING_Q8 tensor=blk.19.hc_ffn_fn source_type=0 MiB=0.398438
FLOATING_Q8 tensor=blk.2.hc_attn_fn source_type=0 MiB=0.398438
FLOATING_Q8 tensor=blk.2.hc_ffn_fn source_type=0 MiB=0.398438
FLOATING_Q8 tensor=blk.20.hc_attn_fn source_type=0 MiB=0.398438
FLOATING_Q8 tensor=blk.20.hc_ffn_fn source_type=0 MiB=0.398438
FLOATING_Q8 tensor=blk.21.hc_attn_fn source_type=0 MiB=0.398438
FLOATING_Q8 tensor=blk.21.hc_ffn_fn source_type=0 MiB=0.398438
FLOATING_Q8 tensor=blk.22.hc_attn_fn source_type=0 MiB=0.398438
FLOATING_Q8 tensor=blk.22.hc_ffn_fn source_type=0 MiB=0.398438
FLOATING_Q8 tensor=blk.23.attn_k_b.weight source_type=12 MiB=8.5
FLOATING_Q8 tensor=blk.23.attn_v_b.weight source_type=12 MiB=8.5
FLOATING_Q8 tensor=blk.23.hc_attn_fn source_type=0 MiB=0.398438
FLOATING_Q8 tensor=blk.23.hc_ffn_fn source_type=0 MiB=0.398438
FLOATING_Q8 tensor=blk.24.hc_attn_fn source_type=0 MiB=0.398438
FLOATING_Q8 tensor=blk.24.hc_ffn_fn source_type=0 MiB=0.398438
FLOATING_Q8 tensor=blk.25.hc_attn_fn source_type=0 MiB=0.398438
FLOATING_Q8 tensor=blk.25.hc_ffn_fn source_type=0 MiB=0.398438
FLOATING_Q8 tensor=blk.26.hc_attn_fn source_type=0 MiB=0.398438
FLOATING_Q8 tensor=blk.26.hc_ffn_fn source_type=0 MiB=0.398438
FLOATING_Q8 tensor=blk.27.attn_k_b.weight source_type=12 MiB=8.5
FLOATING_Q8 tensor=blk.27.attn_v_b.weight source_type=12 MiB=8.5
FLOATING_Q8 tensor=blk.27.hc_attn_fn source_type=0 MiB=0.398438
FLOATING_Q8 tensor=blk.27.hc_ffn_fn source_type=0 MiB=0.398438
FLOATING_Q8 tensor=blk.28.hc_attn_fn source_type=0 MiB=0.398438
FLOATING_Q8 tensor=blk.28.hc_ffn_fn source_type=0 MiB=0.398438
FLOATING_Q8 tensor=blk.29.hc_attn_fn source_type=0 MiB=0.398438
FLOATING_Q8 tensor=blk.29.hc_ffn_fn source_type=0 MiB=0.398438
FLOATING_Q8 tensor=blk.3.attn_k_b.weight source_type=12 MiB=8.5
FLOATING_Q8 tensor=blk.3.attn_v_b.weight source_type=12 MiB=8.5
FLOATING_Q8 tensor=blk.3.hc_attn_fn source_type=0 MiB=0.398438
FLOATING_Q8 tensor=blk.3.hc_ffn_fn source_type=0 MiB=0.398438
FLOATING_Q8 tensor=blk.30.hc_attn_fn source_type=0 MiB=0.398438
FLOATING_Q8 tensor=blk.30.hc_ffn_fn source_type=0 MiB=0.398438
FLOATING_Q8 tensor=blk.31.attn_k_b.weight source_type=12 MiB=8.5
FLOATING_Q8 tensor=blk.31.attn_v_b.weight source_type=12 MiB=8.5
FLOATING_Q8 tensor=blk.31.hc_attn_fn source_type=0 MiB=0.398438
FLOATING_Q8 tensor=blk.31.hc_ffn_fn source_type=0 MiB=0.398438
FLOATING_Q8 tensor=blk.32.hc_attn_fn source_type=0 MiB=0.398438
FLOATING_Q8 tensor=blk.32.hc_ffn_fn source_type=0 MiB=0.398438
FLOATING_Q8 tensor=blk.33.hc_attn_fn source_type=0 MiB=0.398438
FLOATING_Q8 tensor=blk.33.hc_ffn_fn source_type=0 MiB=0.398438
FLOATING_Q8 tensor=blk.34.hc_attn_fn source_type=0 MiB=0.398438
FLOATING_Q8 tensor=blk.34.hc_ffn_fn source_type=0 MiB=0.398438
FLOATING_Q8 tensor=blk.35.attn_k_b.weight source_type=12 MiB=8.5
FLOATING_Q8 tensor=blk.35.attn_v_b.weight source_type=12 MiB=8.5
FLOATING_Q8 tensor=blk.35.hc_attn_fn source_type=0 MiB=0.398438
FLOATING_Q8 tensor=blk.35.hc_ffn_fn source_type=0 MiB=0.398438
FLOATING_Q8 tensor=blk.36.hc_attn_fn source_type=0 MiB=0.398438
FLOATING_Q8 tensor=blk.36.hc_ffn_fn source_type=0 MiB=0.398438
FLOATING_Q8 tensor=blk.37.hc_attn_fn source_type=0 MiB=0.398438
FLOATING_Q8 tensor=blk.37.hc_ffn_fn source_type=0 MiB=0.398438
FLOATING_Q8 tensor=blk.38.hc_attn_fn source_type=0 MiB=0.398438
FLOATING_Q8 tensor=blk.38.hc_ffn_fn source_type=0 MiB=0.398438
FLOATING_Q8 tensor=blk.39.attn_k_b.weight source_type=12 MiB=8.5
FLOATING_Q8 tensor=blk.39.attn_v_b.weight source_type=12 MiB=8.5
FLOATING_Q8 tensor=blk.39.hc_attn_fn source_type=0 MiB=0.398438
FLOATING_Q8 tensor=blk.39.hc_ffn_fn source_type=0 MiB=0.398438
FLOATING_Q8 tensor=blk.4.hc_attn_fn source_type=0 MiB=0.398438
FLOATING_Q8 tensor=blk.4.hc_ffn_fn source_type=0 MiB=0.398438
FLOATING_Q8 tensor=blk.40.hc_attn_fn source_type=0 MiB=0.398438
FLOATING_Q8 tensor=blk.40.hc_ffn_fn source_type=0 MiB=0.398438
FLOATING_Q8 tensor=blk.41.hc_attn_fn source_type=0 MiB=0.398438
FLOATING_Q8 tensor=blk.41.hc_ffn_fn source_type=0 MiB=0.398438
FLOATING_Q8 tensor=blk.42.hc_attn_fn source_type=0 MiB=0.398438
FLOATING_Q8 tensor=blk.42.hc_ffn_fn source_type=0 MiB=0.398438
FLOATING_Q8 tensor=blk.43.attn_k_b.weight source_type=12 MiB=8.5
FLOATING_Q8 tensor=blk.43.attn_v_b.weight source_type=12 MiB=8.5
FLOATING_Q8 tensor=blk.43.hc_attn_fn source_type=0 MiB=0.398438
FLOATING_Q8 tensor=blk.43.hc_ffn_fn source_type=0 MiB=0.398438
FLOATING_Q8 tensor=blk.44.hc_attn_fn source_type=0 MiB=0.398438
FLOATING_Q8 tensor=blk.44.hc_ffn_fn source_type=0 MiB=0.398438
FLOATING_Q8 tensor=blk.5.hc_attn_fn source_type=0 MiB=0.398438
FLOATING_Q8 tensor=blk.5.hc_ffn_fn source_type=0 MiB=0.398438
FLOATING_Q8 tensor=blk.6.hc_attn_fn source_type=0 MiB=0.398438
FLOATING_Q8 tensor=blk.6.hc_ffn_fn source_type=0 MiB=0.398438
FLOATING_Q8 tensor=blk.7.attn_k_b.weight source_type=12 MiB=8.5
FLOATING_Q8 tensor=blk.7.attn_v_b.weight source_type=12 MiB=8.5
FLOATING_Q8 tensor=blk.7.hc_attn_fn source_type=0 MiB=0.398438
FLOATING_Q8 tensor=blk.7.hc_ffn_fn source_type=0 MiB=0.398438
FLOATING_Q8 tensor=blk.8.hc_attn_fn source_type=0 MiB=0.398438
FLOATING_Q8 tensor=blk.8.hc_ffn_fn source_type=0 MiB=0.398438
FLOATING_Q8 tensor=blk.9.hc_attn_fn source_type=0 MiB=0.398438
FLOATING_Q8 tensor=blk.9.hc_ffn_fn source_type=0 MiB=0.398438
GPU prefill chunk=2048 staging_workers=4 numa_cpus=0,1,2,3
GPU allocated_MiB=7154.73 reserved_runtime_MiB=1024 budget_MiB=15792
GPU_DENSE_HOST_RELEASE phase=main tensors=1256 source_MiB_advised=5040.35 ms=124.615
PREFILL_PARTITION primary_groups=9 secondary_groups=0
PREFILL_CACHE device=0 budget_MiB=0 reserve_MiB=768
PREFILL_CACHE_PLAN device=0 base_groups=0 unused_MiB=0
MAPPED_EXPERTS numa_rows=0 lazy=1 bytes=55094280192
PREFILL trial=0 tokens=2048 batch=2048 ms=8907.14 tok_s=229.928
FAULTS trial=0 major=5 minor=32928
HOST_RSS peak_MiB=54002.2
CPU_EXPERT gu_ms=0 quant_ms=0 down_ms=0 layer_flow_ms=0 bytes=0
GPU peak_allocated_MiB=7538.73 native_expert_bytes=55101150720 expert_groups=378 staging_ms=5243.85
PREFILL_SCRATCH device=0 peak_MiB=696.564 capacity_MiB=1024
GPU_LIVE device=0 dense_MiB=5029.21 other_MiB=806.414 prefill_MiB=1464 state_MiB=239.105
GPU_DEVICE device=0 peak_allocated_MiB=7538.73 live_MiB=7538.73 native_expert_bytes=55101150720 staging_ms=5243.85 cache_hits=0 cache_hit_bytes=0 cuda_used_MiB=8312 free_MiB=7992
PREFILL trial=1 tokens=2048 batch=2048 ms=8906.98 tok_s=229.932
FAULTS trial=1 major=6 minor=32927
HOST_RSS peak_MiB=54019
CPU_EXPERT gu_ms=0 quant_ms=0 down_ms=0 layer_flow_ms=0 bytes=0
GPU peak_allocated_MiB=7538.73 native_expert_bytes=55101150720 expert_groups=378 staging_ms=5255.38
PREFILL_SCRATCH device=0 peak_MiB=696.564 capacity_MiB=1024
GPU_LIVE device=0 dense_MiB=5029.21 other_MiB=806.414 prefill_MiB=1464 state_MiB=239.105
GPU_DEVICE device=0 peak_allocated_MiB=7538.73 live_MiB=7538.73 native_expert_bytes=55101150720 staging_ms=5255.38 cache_hits=0 cache_hit_bytes=0 cuda_used_MiB=8312 free_MiB=7992
PREFILL trial=2 tokens=2048 batch=2048 ms=8908.4 tok_s=229.895
FAULTS trial=2 major=6 minor=33004
HOST_RSS peak_MiB=54036
CPU_EXPERT gu_ms=0 quant_ms=0 down_ms=0 layer_flow_ms=0 bytes=0
GPU peak_allocated_MiB=7538.73 native_expert_bytes=55101150720 expert_groups=378 staging_ms=5256
PREFILL_SCRATCH device=0 peak_MiB=696.564 capacity_MiB=1024
GPU_LIVE device=0 dense_MiB=5029.21 other_MiB=806.414 prefill_MiB=1464 state_MiB=239.105
GPU_DEVICE device=0 peak_allocated_MiB=7538.73 live_MiB=7538.73 native_expert_bytes=55101150720 staging_ms=5256 cache_hits=0 cache_hit_bytes=0 cuda_used_MiB=8312 free_MiB=7992
MAPPED_EXPERTS numa_rows=0 lazy=1 bytes=55094280192
PREFILL_WORK device=0 transferred_bytes=55101150720 staging_ms=5256 actual_rows=688128 padded_rows=2234416 dequant_values=296755396608
DECODE_CACHE prefix_trained=1 slots=891 MiB=7740.56 fingerprint=3453439639437993701
RESPONSE_PREPARE kind=decode_cache ms=1170.53
RESPONSE_PREPARE kind=cpu ms=0.001343
DECODE_TRIAL index=0
DECODE_STEP index=1 ms=102.284
DECODE_STEP index=2 ms=85.584
DECODE_STEP index=3 ms=92.5142
DECODE_STEP index=4 ms=99.0322
DECODE_STEP index=5 ms=99.439
DECODE_STEP index=6 ms=91.1619
DECODE_STEP index=7 ms=94.2616
DECODE_STEP index=8 ms=96.4186
DECODE_STEP index=9 ms=92.4874
DECODE_STEP index=10 ms=93.6116
DECODE_STEP index=11 ms=90.3591
DECODE_STEP index=12 ms=99.8642
DECODE_STEP index=13 ms=100.823
DECODE_STEP index=14 ms=92.5827
DECODE_STEP index=15 ms=105.107
DECODE_STEP index=16 ms=96.978
DECODE_STEP index=17 ms=83.9049
DECODE_STEP index=18 ms=97.7585
DECODE_STEP index=19 ms=90.479
DECODE_STEP index=20 ms=79.8597
DECODE_STEP index=21 ms=136.983
DECODE_STEP index=22 ms=95.6043
DECODE_STEP index=23 ms=91.2641
DECODE_STEP index=24 ms=104.815
DECODE_STEP index=25 ms=97.7052
DECODE_STEP index=26 ms=89.7692
DECODE_STEP index=27 ms=97.1035
DECODE_STEP index=28 ms=94.3906
DECODE_STEP index=29 ms=81.0913
DECODE_STEP index=30 ms=98.8952
DECODE_STEP index=31 ms=95.5901
DECODE_STEP index=32 ms=90.2088
DECODE_STEP index=33 ms=83.178
DECODE_STEP index=34 ms=94.9115
DECODE_STEP index=35 ms=100.43
DECODE_STEP index=36 ms=94.7194
DECODE_STEP index=37 ms=89.0006
DECODE_STEP index=38 ms=73.4645
DECODE_STEP index=39 ms=87.0332
DECODE_STEP index=40 ms=90.9203
DECODE_STEP index=41 ms=85.539
DECODE_STEP index=42 ms=88.1055
DECODE_STEP index=43 ms=81.4371
DECODE_STEP index=44 ms=80.0895
DECODE_STEP index=45 ms=92.9743
DECODE_STEP index=46 ms=89.5534
DECODE_STEP index=47 ms=91.1159
DECODE_STEP index=48 ms=100.798
DECODE_STEP index=49 ms=92.4978
DECODE_STEP index=50 ms=89.8289
DECODE_STEP index=51 ms=87.4529
DECODE_STEP index=52 ms=88.6174
DECODE_STEP index=53 ms=103.127
DECODE_STEP index=54 ms=86.8105
DECODE_STEP index=55 ms=82.8541
DECODE_STEP index=56 ms=85.8805
DECODE_STEP index=57 ms=81.8762
DECODE_STEP index=58 ms=95.0548
DECODE_STEP index=59 ms=96.9639
DECODE_STEP index=60 ms=81.5426
DECODE_STEP index=61 ms=95.2789
DECODE_STEP index=62 ms=75.5619
DECODE_STEP index=63 ms=87.4199
DECODE_STEP index=64 ms=84.4821
DECODE_STEP index=65 ms=74.3066
DECODE_STEP index=66 ms=111.398
DECODE_STEP index=67 ms=95.8858
DECODE_STEP index=68 ms=98.3082
DECODE_STEP index=69 ms=107.674
DECODE_STEP index=70 ms=95.3894
DECODE_STEP index=71 ms=87.6213
DECODE_STEP index=72 ms=103.102
DECODE_STEP index=73 ms=97.1906
DECODE_STEP index=74 ms=80.8076
DECODE_STEP index=75 ms=100.239
DECODE_STEP index=76 ms=92.7431
DECODE_STEP index=77 ms=93.0043
DECODE_STEP index=78 ms=90.2848
DECODE_STEP index=79 ms=75.8591
DECODE_STEP index=80 ms=90.4467
DECODE_STEP index=81 ms=91.5796
DECODE_STEP index=82 ms=101.265
DECODE_STEP index=83 ms=99.4656
DECODE_STEP index=84 ms=91.1775
DECODE_STEP index=85 ms=103.715
DECODE_STEP index=86 ms=86.1353
DECODE_STEP index=87 ms=92.2554
DECODE_STEP index=88 ms=85.433
DECODE_STEP index=89 ms=95.3027
DECODE_STEP index=90 ms=103.692
DECODE_STEP index=91 ms=96.1399
DECODE_STEP index=92 ms=83.4639
DECODE_STEP index=93 ms=83.8921
DECODE_STEP index=94 ms=95.6779
DECODE_STEP index=95 ms=86.1164
DECODE_STEP index=96 ms=101.843
DECODE_STEP index=97 ms=95.0189
DECODE_STEP index=98 ms=85.1316
DECODE_STEP index=99 ms=102.533
DECODE_STEP index=100 ms=94.2838
DECODE_STEP index=101 ms=87.7451
DECODE_STEP index=102 ms=90.1446
DECODE_STEP index=103 ms=96.8872
DECODE_STEP index=104 ms=86.6554
DECODE_STEP index=105 ms=93.6918
DECODE_STEP index=106 ms=93.8488
DECODE_STEP index=107 ms=100.93
DECODE_STEP index=108 ms=95.0077
DECODE_STEP index=109 ms=92.0554
DECODE_STEP index=110 ms=89.5758
DECODE_STEP index=111 ms=91.8093
DECODE_STEP index=112 ms=84.9787
DECODE_STEP index=113 ms=93.1195
DECODE_STEP index=114 ms=92.7965
DECODE_STEP index=115 ms=87.4168
DECODE_STEP index=116 ms=89.5195
DECODE_STEP index=117 ms=88.7774
DECODE_STEP index=118 ms=86.5321
DECODE_STEP index=119 ms=102.377
DECODE_STEP index=120 ms=88.6204
DECODE_STEP index=121 ms=84.5139
DECODE_STEP index=122 ms=85.9562
DECODE_STEP index=123 ms=93.2075
DECODE_STEP index=124 ms=98.5717
DECODE_STEP index=125 ms=94.1912
DECODE_STEP index=126 ms=100.703
DECODE_STEP index=127 ms=94.1698
DECODE_STEP index=128 ms=93.7126
DECODE_STEP index=129 ms=91.2296
DECODE_STEP index=130 ms=83.0092
DECODE_STEP index=131 ms=82.9667
DECODE_STEP index=132 ms=90.6635
DECODE_STEP index=133 ms=105.465
DECODE_STEP index=134 ms=92.142
DECODE_STEP index=135 ms=95.6418
DECODE_STEP index=136 ms=94.1088
DECODE_STEP index=137 ms=98.276
DECODE_STEP index=138 ms=104.732
DECODE_STEP index=139 ms=116.778
DECODE_STEP index=140 ms=96.5719
DECODE_STEP index=141 ms=98.0394
DECODE_STEP index=142 ms=102.805
DECODE_STEP index=143 ms=96.8429
DECODE_STEP index=144 ms=98.5316
DECODE_STEP index=145 ms=97.7188
DECODE_STEP index=146 ms=101.059
DECODE_STEP index=147 ms=89.026
DECODE_STEP index=148 ms=93.9974
DECODE_STEP index=149 ms=104.576
DECODE_STEP index=150 ms=114.25
DECODE_STEP index=151 ms=92.1674
DECODE_STEP index=152 ms=84.0719
DECODE_STEP index=153 ms=90.8837
DECODE_STEP index=154 ms=75.5223
DECODE_STEP index=155 ms=77.1455
DECODE_STEP index=156 ms=89.9493
DECODE_STEP index=157 ms=87.9485
DECODE_STEP index=158 ms=85.9237
DECODE_STEP index=159 ms=87.0289
DECODE_STEP index=160 ms=116.489
DECODE_STEP index=161 ms=87.9075
DECODE_STEP index=162 ms=108.848
DECODE_STEP index=163 ms=91.895
DECODE_STEP index=164 ms=103.211
DECODE_STEP index=165 ms=90.5194
DECODE_STEP index=166 ms=71.6215
DECODE_STEP index=167 ms=71.7076
DECODE_STEP index=168 ms=84.8232
DECODE_STEP index=169 ms=92.9448
DECODE_STEP index=170 ms=99.4439
DECODE_STEP index=171 ms=91.8872
DECODE_STEP index=172 ms=88.3209
DECODE_STEP index=173 ms=87.1326
DECODE_STEP index=174 ms=83.7458
DECODE_STEP index=175 ms=107.453
DECODE_STEP index=176 ms=78.7947
DECODE_STEP index=177 ms=93.3221
DECODE_STEP index=178 ms=86.3444
DECODE_STEP index=179 ms=97.2734
DECODE_STEP index=180 ms=104.578
DECODE_STEP index=181 ms=110.578
DECODE_STEP index=182 ms=93.1178
DECODE_STEP index=183 ms=92.6976
DECODE_STEP index=184 ms=96.1365
DECODE_STEP index=185 ms=75.2248
DECODE_STEP index=186 ms=91.6406
DECODE_STEP index=187 ms=82.2371
DECODE_STEP index=188 ms=81.3149
DECODE_STEP index=189 ms=99.8724
DECODE_STEP index=190 ms=80.6905
DECODE_STEP index=191 ms=85.6275
DECODE_STEP index=192 ms=78.0256
DECODE_STEP index=193 ms=99.766
DECODE_STEP index=194 ms=94.2431
DECODE_STEP index=195 ms=98.6398
DECODE_STEP index=196 ms=98.7794
DECODE_STEP index=197 ms=73.1975
DECODE_STEP index=198 ms=101.856
DECODE_STEP index=199 ms=107.545
DECODE_STEP index=200 ms=97.1201
DECODE_STEP index=201 ms=82.9368
DECODE_STEP index=202 ms=83.3915
DECODE_STEP index=203 ms=70.2872
DECODE_STEP index=204 ms=86.8162
DECODE_STEP index=205 ms=82.4161
DECODE_STEP index=206 ms=94.6369
DECODE_STEP index=207 ms=76.3391
DECODE_STEP index=208 ms=68.0693
DECODE_STEP index=209 ms=78.4222
DECODE_STEP index=210 ms=99.4977
DECODE_STEP index=211 ms=73.3851
DECODE_STEP index=212 ms=77.3578
DECODE_STEP index=213 ms=93.1097
DECODE_STEP index=214 ms=72.2878
DECODE_STEP index=215 ms=77.7934
DECODE_STEP index=216 ms=87.7552
DECODE_STEP index=217 ms=69.69
DECODE_STEP index=218 ms=101.066
DECODE_STEP index=219 ms=93.567
DECODE_STEP index=220 ms=80.9939
DECODE_STEP index=221 ms=97.9747
DECODE_STEP index=222 ms=103.896
DECODE_STEP index=223 ms=90.908
DECODE_STEP index=224 ms=100.152
DECODE_STEP index=225 ms=99.0151
DECODE_STEP index=226 ms=96.2861
DECODE_STEP index=227 ms=87.2064
DECODE_STEP index=228 ms=78.7972
DECODE_STEP index=229 ms=82.5423
DECODE_STEP index=230 ms=105.582
DECODE_STEP index=231 ms=99.8866
DECODE_STEP index=232 ms=95.1995
DECODE_STEP index=233 ms=104.148
DECODE_STEP index=234 ms=86.7304
DECODE_STEP index=235 ms=81.5528
DECODE_STEP index=236 ms=94.2745
DECODE_STEP index=237 ms=94.1574
DECODE_STEP index=238 ms=88.1258
DECODE_STEP index=239 ms=84.4748
DECODE_STEP index=240 ms=97.3747
DECODE_STEP index=241 ms=96.7231
DECODE_STEP index=242 ms=91.7804
DECODE_STEP index=243 ms=105.328
DECODE_STEP index=244 ms=85.4697
DECODE_STEP index=245 ms=83.493
DECODE_STEP index=246 ms=96.9667
DECODE_STEP index=247 ms=97.7157
DECODE_STEP index=248 ms=96.7659
DECODE_STEP index=249 ms=90.8049
DECODE_STEP index=250 ms=87.228
DECODE_STEP index=251 ms=90.1192
DECODE_STEP index=252 ms=74.7927
DECODE_STEP index=253 ms=93.4632
DECODE_STEP index=254 ms=88.2534
DECODE_STEP index=255 ms=79.6553
DECODE_STEP index=256 ms=87.6705
DECODE_STEP index=257 ms=80.8811
DECODE_STEP index=258 ms=100.077
DECODE_STEP index=259 ms=74.7213
DECODE_STEP index=260 ms=76.2109
DECODE_STEP index=261 ms=86.4681
DECODE_STEP index=262 ms=87.3871
DECODE_STEP index=263 ms=74.6977
DECODE_STEP index=264 ms=82.2752
DECODE_STEP index=265 ms=84.1816
DECODE_STEP index=266 ms=88.3863
DECODE_STEP index=267 ms=96.8487
DECODE_STEP index=268 ms=94.4564
DECODE_STEP index=269 ms=94.7732
DECODE_STEP index=270 ms=90.0264
DECODE_STEP index=271 ms=85.9531
DECODE_STEP index=272 ms=92.0278
DECODE_STEP index=273 ms=88.0532
DECODE_STEP index=274 ms=82.8469
DECODE_STEP index=275 ms=82.4554
DECODE_STEP index=276 ms=89.9976
DECODE_STEP index=277 ms=90.5693
DECODE_STEP index=278 ms=91.3972
DECODE_STEP index=279 ms=87.7575
DECODE_STEP index=280 ms=85.7006
DECODE_STEP index=281 ms=84.7305
DECODE_STEP index=282 ms=94.539
DECODE_STEP index=283 ms=95.3281
DECODE_STEP index=284 ms=96.5107
DECODE_STEP index=285 ms=93.4925
DECODE_STEP index=286 ms=97.8468
DECODE_STEP index=287 ms=98.902
DECODE_STEP index=288 ms=103.627
DECODE_STEP index=289 ms=99.2947
DECODE_STEP index=290 ms=97.8024
DECODE_STEP index=291 ms=89.1242
DECODE_STEP index=292 ms=81.0484
DECODE_STEP index=293 ms=88.5539
DECODE_STEP index=294 ms=91.241
DECODE_STEP index=295 ms=103.829
DECODE_STEP index=296 ms=91.1639
DECODE_STEP index=297 ms=93.5892
DECODE_STEP index=298 ms=106.806
DECODE_STEP index=299 ms=84.8688
DECODE_STEP index=300 ms=100.974
DECODE_STEP index=301 ms=82.0141
DECODE_STEP index=302 ms=80.9057
DECODE_STEP index=303 ms=101.854
DECODE_STEP index=304 ms=87.424
DECODE_STEP index=305 ms=85.7494
DECODE_STEP index=306 ms=99.4124
DECODE_STEP index=307 ms=85.4357
DECODE_STEP index=308 ms=87.0182
DECODE_STEP index=309 ms=92.9868
DECODE_STEP index=310 ms=92.7965
DECODE_STEP index=311 ms=85.653
DECODE_STEP index=312 ms=98.5912
DECODE_STEP index=313 ms=107.467
DECODE_STEP index=314 ms=74.2588
DECODE_STEP index=315 ms=104.435
DECODE_STEP index=316 ms=91.9693
DECODE_STEP index=317 ms=80.4607
DECODE_STEP index=318 ms=94.9457
DECODE_STEP index=319 ms=76.5519
DECODE_STEP index=320 ms=78.1297
DECODE_STEP index=321 ms=96.9624
DECODE_STEP index=322 ms=81.6411
DECODE_STEP index=323 ms=97.6248
DECODE_STEP index=324 ms=90.0858
DECODE_STEP index=325 ms=84.6275
DECODE_STEP index=326 ms=88.3986
DECODE_STEP index=327 ms=77.3466
DECODE_STEP index=328 ms=85.9923
DECODE_STEP index=329 ms=100.187
DECODE_STEP index=330 ms=76.7028
DECODE_STEP index=331 ms=82.5549
DECODE_STEP index=332 ms=73.0899
DECODE_STEP index=333 ms=74.7515
DECODE_STEP index=334 ms=85.0424
DECODE_STEP index=335 ms=81.9152
DECODE_STEP index=336 ms=84.3618
DECODE_STEP index=337 ms=95.879
DECODE_STEP index=338 ms=87.0646
DECODE_STEP index=339 ms=75.9995
DECODE_STEP index=340 ms=80.2851
DECODE_STEP index=341 ms=87.7291
DECODE_STEP index=342 ms=75.0319
DECODE_STEP index=343 ms=83.8189
DECODE_STEP index=344 ms=93.2404
DECODE_STEP index=345 ms=87.9362
DECODE_STEP index=346 ms=93.2746
DECODE_STEP index=347 ms=80.3872
DECODE_STEP index=348 ms=98.8231
DECODE_STEP index=349 ms=99.8635
DECODE_STEP index=350 ms=99.2698
DECODE_STEP index=351 ms=89.6072
DECODE_STEP index=352 ms=99.6173
DECODE_STEP index=353 ms=103.635
DECODE_STEP index=354 ms=99.9908
DECODE_STEP index=355 ms=96.1652
DECODE_STEP index=356 ms=96.0387
DECODE_STEP index=357 ms=96.1418
DECODE_STEP index=358 ms=99.5485
DECODE_STEP index=359 ms=74.875
DECODE_STEP index=360 ms=89.687
DECODE_STEP index=361 ms=94.1483
DECODE_STEP index=362 ms=98.8886
DECODE_STEP index=363 ms=97.599
DECODE_STEP index=364 ms=95.7943
DECODE_STEP index=365 ms=88.6545
DECODE_STEP index=366 ms=95.9335
DECODE_STEP index=367 ms=85.0797
DECODE_STEP index=368 ms=92.6679
DECODE_STEP index=369 ms=96.4842
DECODE_STEP index=370 ms=103.117
DECODE_STEP index=371 ms=98.4415
DECODE_STEP index=372 ms=106.452
DECODE_STEP index=373 ms=85.9643
DECODE_STEP index=374 ms=83.6116
DECODE_STEP index=375 ms=86.7745
DECODE_STEP index=376 ms=89.7041
DECODE_STEP index=377 ms=84.8757
DECODE_STEP index=378 ms=80.7751
DECODE_STEP index=379 ms=70.8445
DECODE_STEP index=380 ms=88.4154
DECODE_STEP index=381 ms=82.5154
DECODE_STEP index=382 ms=80.3805
DECODE_STEP index=383 ms=99.0028
DECODE_STEP index=384 ms=91.0295
DECODE_STEP index=385 ms=97.2447
DECODE_STEP index=386 ms=78.4886
DECODE_STEP index=387 ms=94.7445
DECODE_STEP index=388 ms=96.3331
DECODE_STEP index=389 ms=92.722
DECODE_STEP index=390 ms=90.4733
DECODE_STEP index=391 ms=88.4441
DECODE_STEP index=392 ms=79.7236
DECODE_STEP index=393 ms=78.1076
DECODE_STEP index=394 ms=91.9276
DECODE_STEP index=395 ms=74.4327
DECODE_STEP index=396 ms=109.856
DECODE_STEP index=397 ms=107.787
DECODE_STEP index=398 ms=76.1972
DECODE_STEP index=399 ms=84.2996
DECODE_STEP index=400 ms=86.1457
DECODE_STEP index=401 ms=83.8889
DECODE_STEP index=402 ms=110.995
DECODE_STEP index=403 ms=76.8887
DECODE_STEP index=404 ms=77.5989
DECODE_STEP index=405 ms=91.4882
DECODE_STEP index=406 ms=87.5846
DECODE_STEP index=407 ms=86.562
DECODE_STEP index=408 ms=80.9692
DECODE_STEP index=409 ms=83.7284
DECODE_STEP index=410 ms=93.1373
DECODE_STEP index=411 ms=82.237
DECODE_STEP index=412 ms=82.9164
DECODE_STEP index=413 ms=73.0761
DECODE_STEP index=414 ms=74.0006
DECODE_STEP index=415 ms=85.8763
DECODE_STEP index=416 ms=78.9116
DECODE_STEP index=417 ms=79.0785
DECODE_STEP index=418 ms=102.565
DECODE_STEP index=419 ms=79.4661
DECODE_STEP index=420 ms=74.9108
DECODE_STEP index=421 ms=75.9508
DECODE_STEP index=422 ms=87.6739
DECODE_STEP index=423 ms=76.214
DECODE_STEP index=424 ms=105.512
DECODE_STEP index=425 ms=85.6987
DECODE_STEP index=426 ms=94.7333
DECODE_STEP index=427 ms=90.6491
DECODE_STEP index=428 ms=91.7627
DECODE_STEP index=429 ms=98.1176
DECODE_STEP index=430 ms=94.2349
DECODE_STEP index=431 ms=82.684
DECODE_STEP index=432 ms=87.7726
DECODE_STEP index=433 ms=97.1226
DECODE_STEP index=434 ms=90.496
DECODE_STEP index=435 ms=85.8443
DECODE_STEP index=436 ms=97.284
DECODE_STEP index=437 ms=74.6372
DECODE_STEP index=438 ms=79.9716
DECODE_STEP index=439 ms=88.6234
DECODE_STEP index=440 ms=71.8294
DECODE_STEP index=441 ms=80.1482
DECODE_STEP index=442 ms=71.5198
DECODE_STEP index=443 ms=78.1639
DECODE_STEP index=444 ms=87.6463
DECODE_STEP index=445 ms=68.5817
DECODE_STEP index=446 ms=76.5887
DECODE_STEP index=447 ms=71.1978
DECODE_STEP index=448 ms=73.9858
DECODE_STEP index=449 ms=95.0293
DECODE_STEP index=450 ms=95.5156
DECODE_STEP index=451 ms=82.3283
DECODE_STEP index=452 ms=77.4703
DECODE_STEP index=453 ms=92.1386
DECODE_STEP index=454 ms=81.9688
DECODE_STEP index=455 ms=66.5891
DECODE_STEP index=456 ms=80.5216
DECODE_STEP index=457 ms=85.865
DECODE_STEP index=458 ms=81.846
DECODE_STEP index=459 ms=76.7285
DECODE_STEP index=460 ms=72.7352
DECODE_STEP index=461 ms=77.5504
DECODE_STEP index=462 ms=81.5226
DECODE_STEP index=463 ms=73.3497
DECODE_STEP index=464 ms=99.8734
DECODE_STEP index=465 ms=79.8866
DECODE_STEP index=466 ms=88.1528
DECODE_STEP index=467 ms=85.0142
DECODE_STEP index=468 ms=85.2449
DECODE_STEP index=469 ms=90.9878
DECODE_STEP index=470 ms=85.7913
DECODE_STEP index=471 ms=107.455
DECODE_STEP index=472 ms=80.9954
DECODE_STEP index=473 ms=79.0075
DECODE_STEP index=474 ms=105.738
DECODE_STEP index=475 ms=98.6863
DECODE_STEP index=476 ms=69.552
DECODE_STEP index=477 ms=78.5135
DECODE_STEP index=478 ms=83.5035
DECODE_STEP index=479 ms=95.0207
DECODE_STEP index=480 ms=76.4106
DECODE_STEP index=481 ms=103.931
DECODE_STEP index=482 ms=94.7904
DECODE_STEP index=483 ms=86.2209
DECODE_STEP index=484 ms=101.603
DECODE_STEP index=485 ms=85.8391
DECODE_STEP index=486 ms=106.644
DECODE_STEP index=487 ms=79.0978
DECODE_STEP index=488 ms=68.9912
DECODE_STEP index=489 ms=75.1669
DECODE_STEP index=490 ms=115.868
DECODE_STEP index=491 ms=74.5461
DECODE_STEP index=492 ms=92.604
DECODE_STEP index=493 ms=102.231
DECODE_STEP index=494 ms=85.4479
DECODE_STEP index=495 ms=91.3503
DECODE_STEP index=496 ms=91.6486
DECODE_STEP index=497 ms=77.2168
DECODE_STEP index=498 ms=74.1681
DECODE_STEP index=499 ms=76.8592
DECODE_STEP index=500 ms=76.3679
DECODE_STEP index=501 ms=100.579
DECODE_STEP index=502 ms=87.3876
DECODE_STEP index=503 ms=81.0503
DECODE_STEP index=504 ms=100.117
DECODE_STEP index=505 ms=70.899
DECODE_STEP index=506 ms=64.5917
DECODE_STEP index=507 ms=73.716
DECODE_STEP index=508 ms=92.3163
DECODE_STEP index=509 ms=81.4844
DECODE_STEP index=510 ms=72.7575
DECODE_STEP index=511 ms=80.4238
DECODE steps=511 ms=46169.6 tok_s=11.0679
HOST_RSS peak_MiB=54036
CPU_EXPERT gu_ms=0 quant_ms=0 down_ms=0 layer_flow_ms=32664.2 bytes=907279269888
GPU peak_allocated_MiB=13114.9 native_expert_bytes=0 expert_groups=0 staging_ms=0
PREFILL_SCRATCH device=0 peak_MiB=5.07568 capacity_MiB=32
GPU_LIVE device=0 dense_MiB=5029.21 other_MiB=7811.67 prefill_MiB=32 resident_exec_MiB=2.94288 state_MiB=239.105
GPU_DEVICE device=0 peak_allocated_MiB=13114.9 live_MiB=13114.9 native_expert_bytes=0 staging_ms=0 cache_hits=0 cache_hit_bytes=0 cuda_used_MiB=15036 free_MiB=1268
DECODE_TRIAL index=1
DECODE_STEP index=1 ms=91.4842
DECODE_STEP index=2 ms=102.626
DECODE_STEP index=3 ms=111.272
DECODE_STEP index=4 ms=107.759
DECODE_STEP index=5 ms=112.105
DECODE_STEP index=6 ms=107.221
DECODE_STEP index=7 ms=104.918
DECODE_STEP index=8 ms=104.005
DECODE_STEP index=9 ms=111.544
DECODE_STEP index=10 ms=99.8763
DECODE_STEP index=11 ms=106.376
DECODE_STEP index=12 ms=106.039
DECODE_STEP index=13 ms=99.6682
DECODE_STEP index=14 ms=109.29
DECODE_STEP index=15 ms=104.429
DECODE_STEP index=16 ms=93.5426
DECODE_STEP index=17 ms=109.923
DECODE_STEP index=18 ms=93.6535
DECODE_STEP index=19 ms=88.5075
DECODE_STEP index=20 ms=97.916
DECODE_STEP index=21 ms=103.358
DECODE_STEP index=22 ms=93.9071
DECODE_STEP index=23 ms=100.184
DECODE_STEP index=24 ms=100.773
DECODE_STEP index=25 ms=107.445
DECODE_STEP index=26 ms=105.791
DECODE_STEP index=27 ms=102.178
DECODE_STEP index=28 ms=99.1866
DECODE_STEP index=29 ms=105.202
DECODE_STEP index=30 ms=101.917
DECODE_STEP index=31 ms=97.5066
DECODE_STEP index=32 ms=93.8065
DECODE_STEP index=33 ms=101.177
DECODE_STEP index=34 ms=91.649
DECODE_STEP index=35 ms=95.9967
DECODE_STEP index=36 ms=103.179
DECODE_STEP index=37 ms=92.5544
DECODE_STEP index=38 ms=89.6668
DECODE_STEP index=39 ms=97.2382
DECODE_STEP index=40 ms=91.8065
DECODE_STEP index=41 ms=95.0463
DECODE_STEP index=42 ms=90.7882
DECODE_STEP index=43 ms=88.3683
DECODE_STEP index=44 ms=94.0056
DECODE_STEP index=45 ms=97.3559
DECODE_STEP index=46 ms=95.7667
DECODE_STEP index=47 ms=99.7582
DECODE_STEP index=48 ms=110.934
DECODE_STEP index=49 ms=97.525
DECODE_STEP index=50 ms=89.5879
DECODE_STEP index=51 ms=88.4953
DECODE_STEP index=52 ms=96.1396
DECODE_STEP index=53 ms=110.925
DECODE_STEP index=54 ms=95.0333
DECODE_STEP index=55 ms=92.7463
DECODE_STEP index=56 ms=100.21
DECODE_STEP index=57 ms=87.2472
DECODE_STEP index=58 ms=91.5343
DECODE_STEP index=59 ms=95.3595
DECODE_STEP index=60 ms=88.4354
DECODE_STEP index=61 ms=84.0723
DECODE_STEP index=62 ms=82.1073
DECODE_STEP index=63 ms=88.5186
DECODE_STEP index=64 ms=89.1091
DECODE_STEP index=65 ms=79.6884
DECODE_STEP index=66 ms=111.639
DECODE_STEP index=67 ms=97.2245
DECODE_STEP index=68 ms=100.665
DECODE_STEP index=69 ms=109.409
DECODE_STEP index=70 ms=96.0169
DECODE_STEP index=71 ms=93.7729
DECODE_STEP index=72 ms=103.037
DECODE_STEP index=73 ms=97.9906
DECODE_STEP index=74 ms=92.2894
DECODE_STEP index=75 ms=100.339
DECODE_STEP index=76 ms=99.4028
DECODE_STEP index=77 ms=100.532
DECODE_STEP index=78 ms=97.7133
DECODE_STEP index=79 ms=85.414
DECODE_STEP index=80 ms=91.5799
DECODE_STEP index=81 ms=98.131
DECODE_STEP index=82 ms=99.5632
DECODE_STEP index=83 ms=101.047
DECODE_STEP index=84 ms=95.8673
DECODE_STEP index=85 ms=90.4355
DECODE_STEP index=86 ms=98.0129
DECODE_STEP index=87 ms=95.9733
DECODE_STEP index=88 ms=81.4715
DECODE_STEP index=89 ms=98.9126
DECODE_STEP index=90 ms=101.958
DECODE_STEP index=91 ms=90.8988
DECODE_STEP index=92 ms=90.1162
DECODE_STEP index=93 ms=89.8608
DECODE_STEP index=94 ms=91.3919
DECODE_STEP index=95 ms=94.413
DECODE_STEP index=96 ms=99.4023
DECODE_STEP index=97 ms=91.793
DECODE_STEP index=98 ms=87.7302
DECODE_STEP index=99 ms=97.9238
DECODE_STEP index=100 ms=94.2258
DECODE_STEP index=101 ms=87.3522
DECODE_STEP index=102 ms=87.7518
DECODE_STEP index=103 ms=87.1109
DECODE_STEP index=104 ms=87.8025
DECODE_STEP index=105 ms=91.4409
DECODE_STEP index=106 ms=86.5129
DECODE_STEP index=107 ms=105.896
DECODE_STEP index=108 ms=92.1588
DECODE_STEP index=109 ms=87.151
DECODE_STEP index=110 ms=90.8208
DECODE_STEP index=111 ms=96.0063
DECODE_STEP index=112 ms=81.8676
DECODE_STEP index=113 ms=96.9266
DECODE_STEP index=114 ms=92.6708
DECODE_STEP index=115 ms=86.9325
DECODE_STEP index=116 ms=93.17
DECODE_STEP index=117 ms=86.3305
DECODE_STEP index=118 ms=83.1101
DECODE_STEP index=119 ms=93.0424
DECODE_STEP index=120 ms=86.4488
DECODE_STEP index=121 ms=81.0182
DECODE_STEP index=122 ms=88.7195
DECODE_STEP index=123 ms=90.372
DECODE_STEP index=124 ms=97.0061
DECODE_STEP index=125 ms=102.505
DECODE_STEP index=126 ms=97.6758
DECODE_STEP index=127 ms=88.6962
DECODE_STEP index=128 ms=89.7933
DECODE_STEP index=129 ms=91.0633
DECODE_STEP index=130 ms=79.2376
DECODE_STEP index=131 ms=81.6601
DECODE_STEP index=132 ms=93.2564
DECODE_STEP index=133 ms=101.492
DECODE_STEP index=134 ms=97.4412
DECODE_STEP index=135 ms=98.0623
DECODE_STEP index=136 ms=87.0973
DECODE_STEP index=137 ms=97.5871
DECODE_STEP index=138 ms=97.7185
DECODE_STEP index=139 ms=100.509
DECODE_STEP index=140 ms=96.2067
DECODE_STEP index=141 ms=90.0096
DECODE_STEP index=142 ms=98.9528
DECODE_STEP index=143 ms=95.9448
DECODE_STEP index=144 ms=96.1081
DECODE_STEP index=145 ms=93.6234
DECODE_STEP index=146 ms=103.649
DECODE_STEP index=147 ms=86.9525
DECODE_STEP index=148 ms=81.3077
DECODE_STEP index=149 ms=107.932
DECODE_STEP index=150 ms=109.426
DECODE_STEP index=151 ms=90.0116
DECODE_STEP index=152 ms=84.1424
DECODE_STEP index=153 ms=86.8501
DECODE_STEP index=154 ms=72.8227
DECODE_STEP index=155 ms=80.833
DECODE_STEP index=156 ms=87.37
DECODE_STEP index=157 ms=83.0429
DECODE_STEP index=158 ms=85.7498
DECODE_STEP index=159 ms=86.0544
DECODE_STEP index=160 ms=103.195
DECODE_STEP index=161 ms=85.5546
DECODE_STEP index=162 ms=106.902
DECODE_STEP index=163 ms=87.0107
DECODE_STEP index=164 ms=100.571
DECODE_STEP index=165 ms=83.1041
DECODE_STEP index=166 ms=66.0045
DECODE_STEP index=167 ms=69.5243
DECODE_STEP index=168 ms=81.8348
DECODE_STEP index=169 ms=80.3506
DECODE_STEP index=170 ms=97.2583
DECODE_STEP index=171 ms=88.0406
DECODE_STEP index=172 ms=85.3141
DECODE_STEP index=173 ms=87.2715
DECODE_STEP index=174 ms=82.775
DECODE_STEP index=175 ms=105.443
DECODE_STEP index=176 ms=79.648
DECODE_STEP index=177 ms=91.3853
DECODE_STEP index=178 ms=86.4888
DECODE_STEP index=179 ms=98.1484
DECODE_STEP index=180 ms=105.814
DECODE_STEP index=181 ms=110.588
DECODE_STEP index=182 ms=94.2426
DECODE_STEP index=183 ms=95.3059
DECODE_STEP index=184 ms=92.8613
DECODE_STEP index=185 ms=81.8713
DECODE_STEP index=186 ms=89.7624
DECODE_STEP index=187 ms=78.817
DECODE_STEP index=188 ms=79.7126
DECODE_STEP index=189 ms=100.046
DECODE_STEP index=190 ms=81.619
DECODE_STEP index=191 ms=85.505
DECODE_STEP index=192 ms=77.6735
DECODE_STEP index=193 ms=92.8584
DECODE_STEP index=194 ms=93.876
DECODE_STEP index=195 ms=101.809
DECODE_STEP index=196 ms=96.8436
DECODE_STEP index=197 ms=73.5246
DECODE_STEP index=198 ms=102.559
DECODE_STEP index=199 ms=107.391
DECODE_STEP index=200 ms=100.932
DECODE_STEP index=201 ms=80.6653
DECODE_STEP index=202 ms=83.8337
DECODE_STEP index=203 ms=72.6172
DECODE_STEP index=204 ms=91.2985
DECODE_STEP index=205 ms=80.475
DECODE_STEP index=206 ms=98.6393
DECODE_STEP index=207 ms=71.2258
DECODE_STEP index=208 ms=64.9469
DECODE_STEP index=209 ms=83.7042
DECODE_STEP index=210 ms=100.415
DECODE_STEP index=211 ms=67.4996
DECODE_STEP index=212 ms=79.8288
DECODE_STEP index=213 ms=93.3395
DECODE_STEP index=214 ms=71.73
DECODE_STEP index=215 ms=82.7589
DECODE_STEP index=216 ms=90.847
DECODE_STEP index=217 ms=72.0209
DECODE_STEP index=218 ms=104.351
DECODE_STEP index=219 ms=97.6685
DECODE_STEP index=220 ms=78.8091
DECODE_STEP index=221 ms=102.301
DECODE_STEP index=222 ms=107.199
DECODE_STEP index=223 ms=90.3439
DECODE_STEP index=224 ms=104.315
DECODE_STEP index=225 ms=96.782
DECODE_STEP index=226 ms=97.6833
DECODE_STEP index=227 ms=93.8499
DECODE_STEP index=228 ms=76.5951
DECODE_STEP index=229 ms=84.0016
DECODE_STEP index=230 ms=106.248
DECODE_STEP index=231 ms=96.7616
DECODE_STEP index=232 ms=92.6187
DECODE_STEP index=233 ms=108.047
DECODE_STEP index=234 ms=84.0711
DECODE_STEP index=235 ms=81.6144
DECODE_STEP index=236 ms=95.1421
DECODE_STEP index=237 ms=96.1778
DECODE_STEP index=238 ms=86.7173
DECODE_STEP index=239 ms=87.5571
DECODE_STEP index=240 ms=93.9367
DECODE_STEP index=241 ms=99.4869
DECODE_STEP index=242 ms=98.0776
DECODE_STEP index=243 ms=102.661
DECODE_STEP index=244 ms=85.2171
DECODE_STEP index=245 ms=84.7771
DECODE_STEP index=246 ms=95.1333
DECODE_STEP index=247 ms=97.129
DECODE_STEP index=248 ms=101.732
DECODE_STEP index=249 ms=85.6985
DECODE_STEP index=250 ms=84.9829
DECODE_STEP index=251 ms=90.177
DECODE_STEP index=252 ms=72.5924
DECODE_STEP index=253 ms=93.1716
DECODE_STEP index=254 ms=86.8457
DECODE_STEP index=255 ms=80.3516
DECODE_STEP index=256 ms=87.9115
DECODE_STEP index=257 ms=84.236
DECODE_STEP index=258 ms=94.9811
DECODE_STEP index=259 ms=74.3667
DECODE_STEP index=260 ms=79.2186
DECODE_STEP index=261 ms=83.0133
DECODE_STEP index=262 ms=88.4515
DECODE_STEP index=263 ms=74.4477
DECODE_STEP index=264 ms=78.1339
DECODE_STEP index=265 ms=83.5049
DECODE_STEP index=266 ms=94.294
DECODE_STEP index=267 ms=92.2505
DECODE_STEP index=268 ms=92.7895
DECODE_STEP index=269 ms=94.9848
DECODE_STEP index=270 ms=89.3141
DECODE_STEP index=271 ms=84.7808
DECODE_STEP index=272 ms=95.9498
DECODE_STEP index=273 ms=82.5275
DECODE_STEP index=274 ms=84.7109
DECODE_STEP index=275 ms=83.0372
DECODE_STEP index=276 ms=88.0056
DECODE_STEP index=277 ms=88.291
DECODE_STEP index=278 ms=94.463
DECODE_STEP index=279 ms=85.8787
DECODE_STEP index=280 ms=84.4234
DECODE_STEP index=281 ms=90.6053
DECODE_STEP index=282 ms=90.0922
DECODE_STEP index=283 ms=93.766
DECODE_STEP index=284 ms=102.996
DECODE_STEP index=285 ms=88.333
DECODE_STEP index=286 ms=99.4306
DECODE_STEP index=287 ms=99.1138
DECODE_STEP index=288 ms=105.474
DECODE_STEP index=289 ms=97.5234
DECODE_STEP index=290 ms=98.781
DECODE_STEP index=291 ms=82.846
DECODE_STEP index=292 ms=81.4842
DECODE_STEP index=293 ms=91.8712
DECODE_STEP index=294 ms=91.4524
DECODE_STEP index=295 ms=93.46
DECODE_STEP index=296 ms=95.23
DECODE_STEP index=297 ms=93.9036
DECODE_STEP index=298 ms=103.603
DECODE_STEP index=299 ms=91.162
DECODE_STEP index=300 ms=93.4388
DECODE_STEP index=301 ms=85.1552
DECODE_STEP index=302 ms=80.5614
DECODE_STEP index=303 ms=85.4002
DECODE_STEP index=304 ms=88.5636
DECODE_STEP index=305 ms=91.863
DECODE_STEP index=306 ms=94.5213
DECODE_STEP index=307 ms=85.1153
DECODE_STEP index=308 ms=91.8433
DECODE_STEP index=309 ms=91.8081
DECODE_STEP index=310 ms=88.3962
DECODE_STEP index=311 ms=94.3431
DECODE_STEP index=312 ms=93.603
DECODE_STEP index=313 ms=103.324
DECODE_STEP index=314 ms=77.8913
DECODE_STEP index=315 ms=99.8725
DECODE_STEP index=316 ms=91.9528
DECODE_STEP index=317 ms=87.7475
DECODE_STEP index=318 ms=92.5185
DECODE_STEP index=319 ms=74.4885
DECODE_STEP index=320 ms=76.4211
DECODE_STEP index=321 ms=96.9641
DECODE_STEP index=322 ms=81.1858
DECODE_STEP index=323 ms=103.256
DECODE_STEP index=324 ms=88.6093
DECODE_STEP index=325 ms=81.2656
DECODE_STEP index=326 ms=91.9323
DECODE_STEP index=327 ms=79.2885
DECODE_STEP index=328 ms=82.4645
DECODE_STEP index=329 ms=105.872
DECODE_STEP index=330 ms=72.3958
DECODE_STEP index=331 ms=84.616
DECODE_STEP index=332 ms=75.3406
DECODE_STEP index=333 ms=76.3157
DECODE_STEP index=334 ms=84.8006
DECODE_STEP index=335 ms=78.8981
DECODE_STEP index=336 ms=77.5583
DECODE_STEP index=337 ms=92.6561
DECODE_STEP index=338 ms=85.7617
DECODE_STEP index=339 ms=73.2818
DECODE_STEP index=340 ms=80.4872
DECODE_STEP index=341 ms=94.0203
DECODE_STEP index=342 ms=72.6997
DECODE_STEP index=343 ms=84.0476
DECODE_STEP index=344 ms=97.8551
DECODE_STEP index=345 ms=81.3561
DECODE_STEP index=346 ms=94.3221
DECODE_STEP index=347 ms=85.7829
DECODE_STEP index=348 ms=94.6732
DECODE_STEP index=349 ms=100.713
DECODE_STEP index=350 ms=100.344
DECODE_STEP index=351 ms=89.4553
DECODE_STEP index=352 ms=99.8836
DECODE_STEP index=353 ms=106.894
DECODE_STEP index=354 ms=97.5168
DECODE_STEP index=355 ms=95.2719
DECODE_STEP index=356 ms=96.5924
DECODE_STEP index=357 ms=96.0184
DECODE_STEP index=358 ms=97.408
DECODE_STEP index=359 ms=78.6253
DECODE_STEP index=360 ms=85.3021
DECODE_STEP index=361 ms=91.7217
DECODE_STEP index=362 ms=99.8937
DECODE_STEP index=363 ms=94.8229
DECODE_STEP index=364 ms=94.7651
DECODE_STEP index=365 ms=94.7796
DECODE_STEP index=366 ms=94.1003
DECODE_STEP index=367 ms=84.5328
DECODE_STEP index=368 ms=96.6001
DECODE_STEP index=369 ms=94.1127
DECODE_STEP index=370 ms=104.529
DECODE_STEP index=371 ms=101.358
DECODE_STEP index=372 ms=103.844
DECODE_STEP index=373 ms=87.0527
DECODE_STEP index=374 ms=85.5861
DECODE_STEP index=375 ms=84.4743
DECODE_STEP index=376 ms=88.4714
DECODE_STEP index=377 ms=90.048
DECODE_STEP index=378 ms=81.7919
DECODE_STEP index=379 ms=71.5476
DECODE_STEP index=380 ms=91.7286
DECODE_STEP index=381 ms=82.7025
DECODE_STEP index=382 ms=79.9602
DECODE_STEP index=383 ms=104.698
DECODE_STEP index=384 ms=89.6295
DECODE_STEP index=385 ms=94.7328
DECODE_STEP index=386 ms=81.2091
DECODE_STEP index=387 ms=94.0098
DECODE_STEP index=388 ms=99.2068
DECODE_STEP index=389 ms=93.3817
DECODE_STEP index=390 ms=89.1231
DECODE_STEP index=391 ms=88.0479
DECODE_STEP index=392 ms=79.9527
DECODE_STEP index=393 ms=72.3282
DECODE_STEP index=394 ms=89.5219
DECODE_STEP index=395 ms=76.3445
DECODE_STEP index=396 ms=98.2397
DECODE_STEP index=397 ms=79.3031
DECODE_STEP index=398 ms=80.435
DECODE_STEP index=399 ms=81.6463
DECODE_STEP index=400 ms=82.7328
DECODE_STEP index=401 ms=85.0891
DECODE_STEP index=402 ms=106.3
DECODE_STEP index=403 ms=72.9492
DECODE_STEP index=404 ms=82.9117
DECODE_STEP index=405 ms=91.5082
DECODE_STEP index=406 ms=85.4715
DECODE_STEP index=407 ms=85.5767
DECODE_STEP index=408 ms=78.1502
DECODE_STEP index=409 ms=82.6522
DECODE_STEP index=410 ms=97.8375
DECODE_STEP index=411 ms=79.0282
DECODE_STEP index=412 ms=79.5699
DECODE_STEP index=413 ms=75.0642
DECODE_STEP index=414 ms=71.0915
DECODE_STEP index=415 ms=85.6148
DECODE_STEP index=416 ms=79.4672
DECODE_STEP index=417 ms=75.4412
DECODE_STEP index=418 ms=99.233
DECODE_STEP index=419 ms=81.7924
DECODE_STEP index=420 ms=73.5779
DECODE_STEP index=421 ms=72.2617
DECODE_STEP index=422 ms=88.7914
DECODE_STEP index=423 ms=74.4753
DECODE_STEP index=424 ms=102.782
DECODE_STEP index=425 ms=89.33
DECODE_STEP index=426 ms=92.732
DECODE_STEP index=427 ms=89.6298
DECODE_STEP index=428 ms=90.988
DECODE_STEP index=429 ms=100.065
DECODE_STEP index=430 ms=94.8975
DECODE_STEP index=431 ms=81.6241
DECODE_STEP index=432 ms=85.1072
DECODE_STEP index=433 ms=100.159
DECODE_STEP index=434 ms=94.4287
DECODE_STEP index=435 ms=84.7386
DECODE_STEP index=436 ms=95.6596
DECODE_STEP index=437 ms=76.9595
DECODE_STEP index=438 ms=79.0036
DECODE_STEP index=439 ms=88.2893
DECODE_STEP index=440 ms=74.4085
DECODE_STEP index=441 ms=76.7528
DECODE_STEP index=442 ms=73.904
DECODE_STEP index=443 ms=76.828
DECODE_STEP index=444 ms=88.4407
DECODE_STEP index=445 ms=67.2126
DECODE_STEP index=446 ms=78.8935
DECODE_STEP index=447 ms=66.4291
DECODE_STEP index=448 ms=75.4745
DECODE_STEP index=449 ms=95.8141
DECODE_STEP index=450 ms=92.1346
DECODE_STEP index=451 ms=79.1483
DECODE_STEP index=452 ms=81.9651
DECODE_STEP index=453 ms=86.3899
DECODE_STEP index=454 ms=82.3517
DECODE_STEP index=455 ms=68.3889
DECODE_STEP index=456 ms=84.3923
DECODE_STEP index=457 ms=86.5914
DECODE_STEP index=458 ms=80.4359
DECODE_STEP index=459 ms=75.4588
DECODE_STEP index=460 ms=72.5713
DECODE_STEP index=461 ms=75.6527
DECODE_STEP index=462 ms=85.8069
DECODE_STEP index=463 ms=73.0176
DECODE_STEP index=464 ms=98.3842
DECODE_STEP index=465 ms=81.3984
DECODE_STEP index=466 ms=87.6118
DECODE_STEP index=467 ms=85.0381
DECODE_STEP index=468 ms=86.8301
DECODE_STEP index=469 ms=87.419
DECODE_STEP index=470 ms=86.7407
DECODE_STEP index=471 ms=107.613
DECODE_STEP index=472 ms=80.0293
DECODE_STEP index=473 ms=78.1292
DECODE_STEP index=474 ms=102.57
DECODE_STEP index=475 ms=96.6279
DECODE_STEP index=476 ms=73.739
DECODE_STEP index=477 ms=76.5559
DECODE_STEP index=478 ms=81.8824
DECODE_STEP index=479 ms=91.9011
DECODE_STEP index=480 ms=79.9192
DECODE_STEP index=481 ms=100.627
DECODE_STEP index=482 ms=94.9161
DECODE_STEP index=483 ms=84.0908
DECODE_STEP index=484 ms=99.9796
DECODE_STEP index=485 ms=86.2119
DECODE_STEP index=486 ms=108.304
DECODE_STEP index=487 ms=77.8714
DECODE_STEP index=488 ms=69.7538
DECODE_STEP index=489 ms=72.7917
DECODE_STEP index=490 ms=114.845
DECODE_STEP index=491 ms=74.4997
DECODE_STEP index=492 ms=95.4932
DECODE_STEP index=493 ms=98.3031
DECODE_STEP index=494 ms=87.809
DECODE_STEP index=495 ms=88.9848
DECODE_STEP index=496 ms=90.8785
DECODE_STEP index=497 ms=74.755
DECODE_STEP index=498 ms=79.6955
DECODE_STEP index=499 ms=75.5326
DECODE_STEP index=500 ms=72.8097
DECODE_STEP index=501 ms=103.133
DECODE_STEP index=502 ms=89.5647
DECODE_STEP index=503 ms=80.7088
DECODE_STEP index=504 ms=100.599
DECODE_STEP index=505 ms=69.8464
DECODE_STEP index=506 ms=65.2838
DECODE_STEP index=507 ms=72.5993
DECODE_STEP index=508 ms=88.3848
DECODE_STEP index=509 ms=81.3424
DECODE_STEP index=510 ms=73.5827
DECODE_STEP index=511 ms=77.5066
DECODE steps=511 ms=46358.6 tok_s=11.0228
HOST_RSS peak_MiB=54036
CPU_EXPERT gu_ms=0 quant_ms=0 down_ms=0 layer_flow_ms=32875.8 bytes=917099315200
GPU peak_allocated_MiB=13114.9 native_expert_bytes=0 expert_groups=0 staging_ms=0
PREFILL_SCRATCH device=0 peak_MiB=5.07568 capacity_MiB=32
GPU_LIVE device=0 dense_MiB=5029.21 other_MiB=7811.67 prefill_MiB=32 resident_exec_MiB=2.94288 state_MiB=239.105
GPU_DEVICE device=0 peak_allocated_MiB=13114.9 live_MiB=13114.9 native_expert_bytes=0 staging_ms=0 cache_hits=0 cache_hit_bytes=0 cuda_used_MiB=15036 free_MiB=1268
DECODE_TRIAL index=2
DECODE_STEP index=1 ms=90.1247
DECODE_STEP index=2 ms=103.357
DECODE_STEP index=3 ms=107.848
DECODE_STEP index=4 ms=109.635
DECODE_STEP index=5 ms=109.485
DECODE_STEP index=6 ms=103.71
DECODE_STEP index=7 ms=107.146
DECODE_STEP index=8 ms=106.696
DECODE_STEP index=9 ms=110.693
DECODE_STEP index=10 ms=101.325
DECODE_STEP index=11 ms=102.332
DECODE_STEP index=12 ms=105.978
DECODE_STEP index=13 ms=100.358
DECODE_STEP index=14 ms=108.957
DECODE_STEP index=15 ms=105.41
DECODE_STEP index=16 ms=93.4663
DECODE_STEP index=17 ms=110.199
DECODE_STEP index=18 ms=94.0092
DECODE_STEP index=19 ms=91.4873
DECODE_STEP index=20 ms=97.451
DECODE_STEP index=21 ms=100.444
DECODE_STEP index=22 ms=90.1295
DECODE_STEP index=23 ms=105.78
DECODE_STEP index=24 ms=102.199
DECODE_STEP index=25 ms=104.947
DECODE_STEP index=26 ms=104.352
DECODE_STEP index=27 ms=104.087
DECODE_STEP index=28 ms=101.717
DECODE_STEP index=29 ms=102.903
DECODE_STEP index=30 ms=99.5151
DECODE_STEP index=31 ms=94.4226
DECODE_STEP index=32 ms=93.7525
DECODE_STEP index=33 ms=100.555
DECODE_STEP index=34 ms=93.296
DECODE_STEP index=35 ms=98.0319
DECODE_STEP index=36 ms=102.491
DECODE_STEP index=37 ms=88.955
DECODE_STEP index=38 ms=91.5066
DECODE_STEP index=39 ms=100.383
DECODE_STEP index=40 ms=93.4114
DECODE_STEP index=41 ms=92.9351
DECODE_STEP index=42 ms=92.8161
DECODE_STEP index=43 ms=87.6912
DECODE_STEP index=44 ms=91.1216
DECODE_STEP index=45 ms=97.5189
DECODE_STEP index=46 ms=98.3859
DECODE_STEP index=47 ms=99.8421
DECODE_STEP index=48 ms=110.313
DECODE_STEP index=49 ms=93.9438
DECODE_STEP index=50 ms=89.7508
DECODE_STEP index=51 ms=87.9401
DECODE_STEP index=52 ms=95.2056
DECODE_STEP index=53 ms=110.078
DECODE_STEP index=54 ms=94.6888
DECODE_STEP index=55 ms=90.856
DECODE_STEP index=56 ms=104.137
DECODE_STEP index=57 ms=83.5371
DECODE_STEP index=58 ms=93.9116
DECODE_STEP index=59 ms=96.0682
DECODE_STEP index=60 ms=85.6799
DECODE_STEP index=61 ms=82.4023
DECODE_STEP index=62 ms=84.3935
DECODE_STEP index=63 ms=87.1428
DECODE_STEP index=64 ms=85.653
DECODE_STEP index=65 ms=81.7455
DECODE_STEP index=66 ms=111.628
DECODE_STEP index=67 ms=95.5719
DECODE_STEP index=68 ms=105.23
DECODE_STEP index=69 ms=109.387
DECODE_STEP index=70 ms=95.4402
DECODE_STEP index=71 ms=94.118
DECODE_STEP index=72 ms=102.067
DECODE_STEP index=73 ms=97.9982
DECODE_STEP index=74 ms=93.4551
DECODE_STEP index=75 ms=100.153
DECODE_STEP index=76 ms=94.1973
DECODE_STEP index=77 ms=100.771
DECODE_STEP index=78 ms=96.1145
DECODE_STEP index=79 ms=85.2934
DECODE_STEP index=80 ms=93.1937
DECODE_STEP index=81 ms=95.7143
DECODE_STEP index=82 ms=99.7178
DECODE_STEP index=83 ms=99.4004
DECODE_STEP index=84 ms=95.2747
DECODE_STEP index=85 ms=92.4112
DECODE_STEP index=86 ms=98.6916
DECODE_STEP index=87 ms=96.131
DECODE_STEP index=88 ms=81.3989
DECODE_STEP index=89 ms=101.672
DECODE_STEP index=90 ms=100.47
DECODE_STEP index=91 ms=88.3301
DECODE_STEP index=92 ms=94.2032
DECODE_STEP index=93 ms=86.58
DECODE_STEP index=94 ms=91.18
DECODE_STEP index=95 ms=95.4102
DECODE_STEP index=96 ms=98.7296
DECODE_STEP index=97 ms=89.1522
DECODE_STEP index=98 ms=93.1056
DECODE_STEP index=99 ms=94.7118
DECODE_STEP index=100 ms=88.3175
DECODE_STEP index=101 ms=86.7715
DECODE_STEP index=102 ms=87.7347
DECODE_STEP index=103 ms=86.4014
DECODE_STEP index=104 ms=86.0189
DECODE_STEP index=105 ms=93.1658
DECODE_STEP index=106 ms=87.9735
DECODE_STEP index=107 ms=103.467
DECODE_STEP index=108 ms=94.1251
DECODE_STEP index=109 ms=86.6789
DECODE_STEP index=110 ms=90.8017
DECODE_STEP index=111 ms=92.8096
DECODE_STEP index=112 ms=84.7928
DECODE_STEP index=113 ms=94.4079
DECODE_STEP index=114 ms=95.5643
DECODE_STEP index=115 ms=87.6255
DECODE_STEP index=116 ms=93.8494
DECODE_STEP index=117 ms=85.4334
DECODE_STEP index=118 ms=85.3301
DECODE_STEP index=119 ms=89.5447
DECODE_STEP index=120 ms=85.6152
DECODE_STEP index=121 ms=80.8409
DECODE_STEP index=122 ms=93.281
DECODE_STEP index=123 ms=89.4325
DECODE_STEP index=124 ms=94.867
DECODE_STEP index=125 ms=105.148
DECODE_STEP index=126 ms=95.6284
DECODE_STEP index=127 ms=87.9956
DECODE_STEP index=128 ms=91.2334
DECODE_STEP index=129 ms=93.5385
DECODE_STEP index=130 ms=79.2663
DECODE_STEP index=131 ms=82.4375
DECODE_STEP index=132 ms=87.0849
DECODE_STEP index=133 ms=100.467
DECODE_STEP index=134 ms=97.1001
DECODE_STEP index=135 ms=99.2989
DECODE_STEP index=136 ms=88.4984
DECODE_STEP index=137 ms=98.1986
DECODE_STEP index=138 ms=99.8742
DECODE_STEP index=139 ms=98.0453
DECODE_STEP index=140 ms=97.855
DECODE_STEP index=141 ms=91.9106
DECODE_STEP index=142 ms=97.1837
DECODE_STEP index=143 ms=98.6746
DECODE_STEP index=144 ms=95.4408
DECODE_STEP index=145 ms=97.633
DECODE_STEP index=146 ms=102.31
DECODE_STEP index=147 ms=87.7229
DECODE_STEP index=148 ms=83.4314
DECODE_STEP index=149 ms=107.871
DECODE_STEP index=150 ms=109.557
DECODE_STEP index=151 ms=89.5504
DECODE_STEP index=152 ms=84.8296
DECODE_STEP index=153 ms=83.4991
DECODE_STEP index=154 ms=69.5339
DECODE_STEP index=155 ms=78.8737
DECODE_STEP index=156 ms=86.455
DECODE_STEP index=157 ms=80.8061
DECODE_STEP index=158 ms=86.1866
DECODE_STEP index=159 ms=85.611
DECODE_STEP index=160 ms=99.6747
DECODE_STEP index=161 ms=93.109
DECODE_STEP index=162 ms=103.384
DECODE_STEP index=163 ms=90.4348
DECODE_STEP index=164 ms=103.763
DECODE_STEP index=165 ms=84.059
DECODE_STEP index=166 ms=63.5043
DECODE_STEP index=167 ms=70.7373
DECODE_STEP index=168 ms=80.1804
DECODE_STEP index=169 ms=77.895
DECODE_STEP index=170 ms=98.0381
DECODE_STEP index=171 ms=85.2142
DECODE_STEP index=172 ms=87.8368
DECODE_STEP index=173 ms=88.8466
DECODE_STEP index=174 ms=81.6461
DECODE_STEP index=175 ms=107.486
DECODE_STEP index=176 ms=79.8224
DECODE_STEP index=177 ms=87.6085
DECODE_STEP index=178 ms=85.6922
DECODE_STEP index=179 ms=99.224
DECODE_STEP index=180 ms=102.955
DECODE_STEP index=181 ms=109.012
DECODE_STEP index=182 ms=95.5504
DECODE_STEP index=183 ms=96.0656
DECODE_STEP index=184 ms=92.3952
DECODE_STEP index=185 ms=83.3696
DECODE_STEP index=186 ms=88.7301
DECODE_STEP index=187 ms=78.337
DECODE_STEP index=188 ms=82.0558
DECODE_STEP index=189 ms=98.91
DECODE_STEP index=190 ms=80.8173
DECODE_STEP index=191 ms=89.6224
DECODE_STEP index=192 ms=76.3336
DECODE_STEP index=193 ms=95.2745
DECODE_STEP index=194 ms=97.7928
DECODE_STEP index=195 ms=97.8361
DECODE_STEP index=196 ms=100.086
DECODE_STEP index=197 ms=74.5138
DECODE_STEP index=198 ms=100.475
DECODE_STEP index=199 ms=107.238
DECODE_STEP index=200 ms=101.694
DECODE_STEP index=201 ms=80.2634
DECODE_STEP index=202 ms=86.0174
DECODE_STEP index=203 ms=72.6614
DECODE_STEP index=204 ms=89.9948
DECODE_STEP index=205 ms=83.914
DECODE_STEP index=206 ms=96.6648
DECODE_STEP index=207 ms=70.9817
DECODE_STEP index=208 ms=66.9612
DECODE_STEP index=209 ms=82.5191
DECODE_STEP index=210 ms=96.593
DECODE_STEP index=211 ms=70.227
DECODE_STEP index=212 ms=77.6002
DECODE_STEP index=213 ms=90.882
DECODE_STEP index=214 ms=68.4434
DECODE_STEP index=215 ms=83.854
DECODE_STEP index=216 ms=89.5153
DECODE_STEP index=217 ms=66.6595
DECODE_STEP index=218 ms=104.952
DECODE_STEP index=219 ms=91.2308
DECODE_STEP index=220 ms=77.4422
DECODE_STEP index=221 ms=101.462
DECODE_STEP index=222 ms=102.242
DECODE_STEP index=223 ms=90.0212
DECODE_STEP index=224 ms=103.994
DECODE_STEP index=225 ms=94.4946
DECODE_STEP index=226 ms=98.2982
DECODE_STEP index=227 ms=93.2575
DECODE_STEP index=228 ms=77.6784
DECODE_STEP index=229 ms=82.0956
DECODE_STEP index=230 ms=109.303
DECODE_STEP index=231 ms=94.396
DECODE_STEP index=232 ms=90.5117
DECODE_STEP index=233 ms=110.724
DECODE_STEP index=234 ms=82.3684
DECODE_STEP index=235 ms=81.9233
DECODE_STEP index=236 ms=96.6767
DECODE_STEP index=237 ms=93.4143
DECODE_STEP index=238 ms=85.77
DECODE_STEP index=239 ms=89.599
DECODE_STEP index=240 ms=93.074
DECODE_STEP index=241 ms=98.3664
DECODE_STEP index=242 ms=96.2699
DECODE_STEP index=243 ms=99.2561
DECODE_STEP index=244 ms=87.1475
DECODE_STEP index=245 ms=88.8886
DECODE_STEP index=246 ms=94.4214
DECODE_STEP index=247 ms=96.1647
DECODE_STEP index=248 ms=99.2972
DECODE_STEP index=249 ms=86.5408
DECODE_STEP index=250 ms=85.8323
DECODE_STEP index=251 ms=92.0241
DECODE_STEP index=252 ms=71.6063
DECODE_STEP index=253 ms=94.5976
DECODE_STEP index=254 ms=90.6719
DECODE_STEP index=255 ms=78.8256
DECODE_STEP index=256 ms=84.523
DECODE_STEP index=257 ms=88.2501
DECODE_STEP index=258 ms=92.4687
DECODE_STEP index=259 ms=69.8155
DECODE_STEP index=260 ms=78.6431
DECODE_STEP index=261 ms=83.2535
DECODE_STEP index=262 ms=87.8672
DECODE_STEP index=263 ms=77.3519
DECODE_STEP index=264 ms=78.7741
DECODE_STEP index=265 ms=83.1526
DECODE_STEP index=266 ms=95.4257
DECODE_STEP index=267 ms=91.058
DECODE_STEP index=268 ms=94.472
DECODE_STEP index=269 ms=98.7761
DECODE_STEP index=270 ms=85.6237
DECODE_STEP index=271 ms=81.2641
DECODE_STEP index=272 ms=97.4573
DECODE_STEP index=273 ms=83.7363
DECODE_STEP index=274 ms=81.3168
DECODE_STEP index=275 ms=82.9114
DECODE_STEP index=276 ms=87.0992
DECODE_STEP index=277 ms=90.9665
DECODE_STEP index=278 ms=94.9541
DECODE_STEP index=279 ms=82.3576
DECODE_STEP index=280 ms=86.0095
DECODE_STEP index=281 ms=91.5816
DECODE_STEP index=282 ms=90.6326
DECODE_STEP index=283 ms=93.3611
DECODE_STEP index=284 ms=104.175
DECODE_STEP index=285 ms=88.4014
DECODE_STEP index=286 ms=93.6345
DECODE_STEP index=287 ms=105.259
DECODE_STEP index=288 ms=102.569
DECODE_STEP index=289 ms=98.5778
DECODE_STEP index=290 ms=101.064
DECODE_STEP index=291 ms=85.702
DECODE_STEP index=292 ms=83.1114
DECODE_STEP index=293 ms=94.1448
DECODE_STEP index=294 ms=89.4374
DECODE_STEP index=295 ms=97.1454
DECODE_STEP index=296 ms=96.8461
DECODE_STEP index=297 ms=92.4616
DECODE_STEP index=298 ms=104.607
DECODE_STEP index=299 ms=91.4209
DECODE_STEP index=300 ms=94.2979
DECODE_STEP index=301 ms=80.1786
DECODE_STEP index=302 ms=83.9945
DECODE_STEP index=303 ms=86.4444
DECODE_STEP index=304 ms=86.8472
DECODE_STEP index=305 ms=93.9571
DECODE_STEP index=306 ms=95.3623
DECODE_STEP index=307 ms=84.4885
DECODE_STEP index=308 ms=93.4692
DECODE_STEP index=309 ms=88.1919
DECODE_STEP index=310 ms=91.8266
DECODE_STEP index=311 ms=90.761
DECODE_STEP index=312 ms=93.0139
DECODE_STEP index=313 ms=105.691
DECODE_STEP index=314 ms=82.889
DECODE_STEP index=315 ms=99.5685
DECODE_STEP index=316 ms=93.32
DECODE_STEP index=317 ms=87.7369
DECODE_STEP index=318 ms=91.5117
DECODE_STEP index=319 ms=76.5145
DECODE_STEP index=320 ms=77.5658
DECODE_STEP index=321 ms=94.9877
DECODE_STEP index=322 ms=79.9861
DECODE_STEP index=323 ms=104.949
DECODE_STEP index=324 ms=84.3579
DECODE_STEP index=325 ms=84.2071
DECODE_STEP index=326 ms=90.8482
DECODE_STEP index=327 ms=74.3609
DECODE_STEP index=328 ms=85.336
DECODE_STEP index=329 ms=108.851
DECODE_STEP index=330 ms=72.2394
DECODE_STEP index=331 ms=80.8979
DECODE_STEP index=332 ms=81.2447
DECODE_STEP index=333 ms=70.2434
DECODE_STEP index=334 ms=84.5699
DECODE_STEP index=335 ms=77.1985
DECODE_STEP index=336 ms=77.147
DECODE_STEP index=337 ms=95.0912
DECODE_STEP index=338 ms=89.8471
DECODE_STEP index=339 ms=70.5531
DECODE_STEP index=340 ms=75.7828
DECODE_STEP index=341 ms=94.9545
DECODE_STEP index=342 ms=70.5534
DECODE_STEP index=343 ms=82.5453
DECODE_STEP index=344 ms=99.347
DECODE_STEP index=345 ms=83.9777
DECODE_STEP index=346 ms=91.7632
DECODE_STEP index=347 ms=86.9393
DECODE_STEP index=348 ms=95.7342
DECODE_STEP index=349 ms=97.3287
DECODE_STEP index=350 ms=102.429
DECODE_STEP index=351 ms=89.9203
DECODE_STEP index=352 ms=97.2644
DECODE_STEP index=353 ms=109.329
DECODE_STEP index=354 ms=97.7457
DECODE_STEP index=355 ms=92.1606
DECODE_STEP index=356 ms=98.1853
DECODE_STEP index=357 ms=97.4452
DECODE_STEP index=358 ms=95.5366
DECODE_STEP index=359 ms=78.0797
DECODE_STEP index=360 ms=86.7882
DECODE_STEP index=361 ms=91.2501
DECODE_STEP index=362 ms=101.179
DECODE_STEP index=363 ms=94.9841
DECODE_STEP index=364 ms=91.4103
DECODE_STEP index=365 ms=95.8964
DECODE_STEP index=366 ms=94.0082
DECODE_STEP index=367 ms=85.9642
DECODE_STEP index=368 ms=92.4549
DECODE_STEP index=369 ms=93.8103
DECODE_STEP index=370 ms=107.252
DECODE_STEP index=371 ms=99.1102
DECODE_STEP index=372 ms=102.194
DECODE_STEP index=373 ms=87.6763
DECODE_STEP index=374 ms=87.1318
DECODE_STEP index=375 ms=83.1757
DECODE_STEP index=376 ms=89.0083
DECODE_STEP index=377 ms=91.9243
DECODE_STEP index=378 ms=80.1059
DECODE_STEP index=379 ms=71.2176
DECODE_STEP index=380 ms=88.6035
DECODE_STEP index=381 ms=79.6109
DECODE_STEP index=382 ms=82.3063
DECODE_STEP index=383 ms=102.447
DECODE_STEP index=384 ms=89.8489
DECODE_STEP index=385 ms=95.2481
DECODE_STEP index=386 ms=84.1236
DECODE_STEP index=387 ms=92.404
DECODE_STEP index=388 ms=94.3714
DECODE_STEP index=389 ms=97.2554
DECODE_STEP index=390 ms=85.9284
DECODE_STEP index=391 ms=86.9704
DECODE_STEP index=392 ms=84.6027
DECODE_STEP index=393 ms=73.2644
DECODE_STEP index=394 ms=89.23
DECODE_STEP index=395 ms=79.9194
DECODE_STEP index=396 ms=93.297
DECODE_STEP index=397 ms=81.8965
DECODE_STEP index=398 ms=81.5213
DECODE_STEP index=399 ms=80.3876
DECODE_STEP index=400 ms=86.597
DECODE_STEP index=401 ms=87.0263
DECODE_STEP index=402 ms=105.531
DECODE_STEP index=403 ms=71.7615
DECODE_STEP index=404 ms=80.703
DECODE_STEP index=405 ms=95.1799
DECODE_STEP index=406 ms=82.3085
DECODE_STEP index=407 ms=88.8296
DECODE_STEP index=408 ms=78.8124
DECODE_STEP index=409 ms=84.3902
DECODE_STEP index=410 ms=95.1657
DECODE_STEP index=411 ms=76.1415
DECODE_STEP index=412 ms=77.4057
DECODE_STEP index=413 ms=74.1633
DECODE_STEP index=414 ms=70.7536
DECODE_STEP index=415 ms=79.6502
DECODE_STEP index=416 ms=81.6402
DECODE_STEP index=417 ms=75.0041
DECODE_STEP index=418 ms=103.184
DECODE_STEP index=419 ms=85.8993
DECODE_STEP index=420 ms=72.2597
DECODE_STEP index=421 ms=69.9066
DECODE_STEP index=422 ms=89.6365
DECODE_STEP index=423 ms=72.1717
DECODE_STEP index=424 ms=104.714
DECODE_STEP index=425 ms=87.0607
DECODE_STEP index=426 ms=95.926
DECODE_STEP index=427 ms=91.3838
DECODE_STEP index=428 ms=93.7208
DECODE_STEP index=429 ms=99.9202
DECODE_STEP index=430 ms=95.0027
DECODE_STEP index=431 ms=85.3307
DECODE_STEP index=432 ms=83.5185
DECODE_STEP index=433 ms=100.697
DECODE_STEP index=434 ms=92.9204
DECODE_STEP index=435 ms=87.6238
DECODE_STEP index=436 ms=94.8947
DECODE_STEP index=437 ms=75.2582
DECODE_STEP index=438 ms=76.8357
DECODE_STEP index=439 ms=90.1031
DECODE_STEP index=440 ms=71.5239
DECODE_STEP index=441 ms=76.024
DECODE_STEP index=442 ms=73.4679
DECODE_STEP index=443 ms=75.6277
DECODE_STEP index=444 ms=87.202
DECODE_STEP index=445 ms=67.9455
DECODE_STEP index=446 ms=80.0291
DECODE_STEP index=447 ms=68.3001
DECODE_STEP index=448 ms=73.8651
DECODE_STEP index=449 ms=95.4943
DECODE_STEP index=450 ms=91.3122
DECODE_STEP index=451 ms=82.5024
DECODE_STEP index=452 ms=80.3996
DECODE_STEP index=453 ms=87.8905
DECODE_STEP index=454 ms=79.4759
DECODE_STEP index=455 ms=70.905
DECODE_STEP index=456 ms=82.5946
DECODE_STEP index=457 ms=87.0009
DECODE_STEP index=458 ms=85.1384
DECODE_STEP index=459 ms=75.8117
DECODE_STEP index=460 ms=69.4873
DECODE_STEP index=461 ms=79.4163
DECODE_STEP index=462 ms=81.1069
DECODE_STEP index=463 ms=71.3231
DECODE_STEP index=464 ms=96.7658
DECODE_STEP index=465 ms=80.769
DECODE_STEP index=466 ms=87.8511
DECODE_STEP index=467 ms=84.5273
DECODE_STEP index=468 ms=84.2827
DECODE_STEP index=469 ms=87.6655
DECODE_STEP index=470 ms=86.7747
DECODE_STEP index=471 ms=107.327
DECODE_STEP index=472 ms=78.3044
DECODE_STEP index=473 ms=81.2006
DECODE_STEP index=474 ms=104.703
DECODE_STEP index=475 ms=93.8823
DECODE_STEP index=476 ms=70.3807
DECODE_STEP index=477 ms=79.6342
DECODE_STEP index=478 ms=80.7453
DECODE_STEP index=479 ms=92.0417
DECODE_STEP index=480 ms=80.3409
DECODE_STEP index=481 ms=100.409
DECODE_STEP index=482 ms=94.7182
DECODE_STEP index=483 ms=82.1932
DECODE_STEP index=484 ms=101.048
DECODE_STEP index=485 ms=85.2616
DECODE_STEP index=486 ms=107.591
DECODE_STEP index=487 ms=78.0678
DECODE_STEP index=488 ms=69.8808
DECODE_STEP index=489 ms=76.4874
DECODE_STEP index=490 ms=116.729
DECODE_STEP index=491 ms=74.5631
DECODE_STEP index=492 ms=94.3666
DECODE_STEP index=493 ms=98.4902
DECODE_STEP index=494 ms=88.521
DECODE_STEP index=495 ms=87.2446
DECODE_STEP index=496 ms=89.0611
DECODE_STEP index=497 ms=74.2661
DECODE_STEP index=498 ms=76.8373
DECODE_STEP index=499 ms=76.2095
DECODE_STEP index=500 ms=71.0443
DECODE_STEP index=501 ms=103.822
DECODE_STEP index=502 ms=88.8514
DECODE_STEP index=503 ms=83.0824
DECODE_STEP index=504 ms=98.8235
DECODE_STEP index=505 ms=71.0487
DECODE_STEP index=506 ms=65.4575
DECODE_STEP index=507 ms=73.8242
DECODE_STEP index=508 ms=89.5271
DECODE_STEP index=509 ms=82.4821
DECODE_STEP index=510 ms=73.1061
DECODE_STEP index=511 ms=79.7055
DECODE steps=511 ms=46348 tok_s=11.0253
HOST_RSS peak_MiB=54036
CPU_EXPERT gu_ms=0 quant_ms=0 down_ms=0 layer_flow_ms=32861.4 bytes=916671168512
GPU peak_allocated_MiB=13114.9 native_expert_bytes=0 expert_groups=0 staging_ms=0
PREFILL_SCRATCH device=0 peak_MiB=5.07568 capacity_MiB=32
GPU_LIVE device=0 dense_MiB=5029.21 other_MiB=7811.67 prefill_MiB=32 resident_exec_MiB=2.94288 state_MiB=239.105
GPU_DEVICE device=0 peak_allocated_MiB=13114.9 live_MiB=13114.9 native_expert_bytes=0 staging_ms=0 cache_hits=0 cache_hit_bytes=0 cuda_used_MiB=15036 free_MiB=1268
resident expert entries=214188/515088
