25
1874
9
102636
10
15770
3419
4351
11
11165
1874
9
102636
10
103302
198
2575
5515
13931
2573
6589
374
79450
25
458
4287
6589
87028
1882
16657
320
12819
681
4292
2575
14330
25
9862
13931
28261
11
41774
29178
6911
2670
28261
3403
220
103302
11
79450
4566
279
5333
594
1828
6911
624
2575
5515
25
79450
13931
2573
6589
11
16859
220
99366
601
77288
10
35
4872
7626
389
279
1156
19781
17629
11
3968
99366
601
198
2575
308
15770
9
99366
601
2790
7626
817
6193
11
308
15770
9
99366
601
817
6193
7626
2790
25
220
5662
25
220
21
393
12
7701
14
98886
14554
11
220
21
7337
389
35526
220
15
496
20
11
220
21
7337
389
220
15
496
35526
220
15
496
20
11
220
21
7337
389
220
21
7337
389
220
350
25
220
21
393
12
5515
25
79450
13931
54535
1467
25
220
220
21
7337
389
35526
220
15
496
20
11
220
5746
25
1565
46305
92658
63
4675
19781
28261
220
15
496
20
11
330
21359
25
1565
46305
92658
63
8751
25760
13480
2036
25
79450
13931
2573
6589
11
220
21
7337
389
1565
46305
92658
63
4675
19781
28261
220
15
32013
12239
20317
10517
64
58
17
60
1565
73712
12239
20317
10517
64
7798
6
19339
4279
12
1811
369
2176
15931
32
7798
6
19339
4279
12
31732
25
220
32013
12239
20317
10517
64
58
17
91321
58
17
60
451
13407
9021
314
24526
71294
78432
92
314
24526
21563
4279
12
1811
19339
369
2436
220
15
323
2436
220
1128
374
8603
504
279
10257
25
1565
1983
63
14
63
10433
63
9750
11502
25
9750
11502
25
54535
1467
25
1128
374
1128
374
8603
504
7314
6453
594
9750
11502
25
7314
6453
594
9750
11502
25
66049
25
7314
6453
7314
6453
594
9750
11502
25
66049
25
6042
25
7314
6453
594
9750
11502
3070
3976
1565
28633
291
63
374
537
3322
2987
320
11154
671
100104
1648
1449
3717
23313
1181
7162
16328
11
264
3717
429
49759
17160
311
817
11858
11
902
5296
13
1565
1983
63
14
63
10433
63
438
3175
7807
2891
31400
11
3175
7807
2891
31400
11
330
21359
25
1565
46305
92658
63
4675
19781
28261
220
330
21359
25
19088
1211
25
1565
1983
63
14
63
10433
63
438
3175
7807
2891
3415
11
7337
3717
448
16328
41554
11
3309
11858
3717
14515
11
3309
11858
9750
11502
25
9750
11502
19088
1211
25
1565
1983
63
10470
79
1112
330
21359
25
2802
26932
25
2802
26932
25
2802
26932
25
3070
3976
1565
28633
291
63
320
11154
671
100104
8
3070
3976
1565
73712
12239
20317
10517
64
58
17
60
1565
73712
12239
2326
40257
3786
11
678
2326
40257
3786
11
678
2326
40257
3042
3786
330
541
2326
40257
3042
3786
1
481
25
1874
9
102636
10
15770
3419
4351
11
11165
1874
9
102636
10
103302
198
2575
5515
13931
2573
6589
374
79450
25
458
4287
6589
87028
1882
16657
320
12819
681
4292
2575
14330
25
9862
13931
28261
11
41774
29178
6911
2670
28261
3403
220
103302
11
79450
4566
279
5333
594
1828
6911
624
2575
5515
25
79450
13931
2573
6589
11
16859
220
99366
601
77288
10
35
4872
7626
389
279
1156
19781
17629
11
3968
99366
601
198
2575
308
15770
9
99366
601
2790
7626
817
6193
11
308
15770
9
99366
601
817
6193
7626
2790
25
220
5662
25
220
21
393
12
7701
14
98886
14554
11
220
21
7337
389
35526
220
15
496
20
11
220
21
7337
389
220
15
496
35526
220
15
496
20
11
220
21
7337
389
220
21
7337
389
220
350
25
220
21
393
12
5515
25
79450
13931
54535
1467
25
220
220
21
7337
389
35526
220
15
496
20
11
220
5746
25
1565
46305
92658
63
4675
19781
28261
220
15
496
20
11
330
21359
25
1565
46305
92658
63
8751
25760
13480
2036
25
79450
13931
2573
6589
11
220
21
7337
389
1565
46305
92658
63
4675
19781
28261
220
15
32013
12239
20317
10517
64
58
17
60
1565
73712
12239
20317
10517
64
7798
6
19339
4279
12
1811
369
2176
15931
32
7798
6
19339
4279
12
31732
25
220
32013
12239
20317
10517
64
58
17
91321
58
17
60
451
13407
9021
314
24526
71294
78432
92
314
24526
21563
4279
12
1811
19339
369
2436
220
15
323
2436
220
1128
374
8603
504
279
10257
25
1565
1983
63
14
63
10433
63
9750
11502
25
9750
11502
25
54535
1467
25
1128
374
1128
374
8603
504
7314
6453
594
9750
11502
25
7314
6453
594
9750
11502
25
66049
25
7314
6453
7314
6453
594
9750
11502
25
66049
25
6042
25
7314
6453
594
9750
11502
3070
3976
1565
28633
291
63
374
537
3322
2987
320
11154
671
100104
1648
1449
3717
23313
1181
7162
16328
11
264
3717
429
49759
17160
311
817
11858
11
902
5296
13
1565
1983
63
14
63
10433
63
438
3175
7807
2891
31400
11
3175
7807
2891
31400
11
330
21359
25
1565
46305
92658
63
4675
19781
28261
220
330
21359
25
19088
1211
25
1565
1983
63
14
63
10433
63
438
3175
7807
2891
3415
11
7337
3717
448
16328
41554
11
3309
11858
3717
14515
11
3309
11858
9750
11502
25
9750
11502
19088
1211
25
1565
1983
63
10470
79
1112
330
21359
25
2802
26932
25
2802
26932
25
2802
26932
25
3070
3976
1565
28633
291
63
320
11154
671
100104
8
3070
3976
1565
73712
12239
20317
10517
64
58
17
60
1565
73712
12239
2326
40257
3786
11
678
2326
40257
3786
11
678
2326
40257
3042
3786
330
541
2326
40257
3042
3786
1
481
25
1874
9
102636
10
15770
3419
4351
11
11165
1874
9
102636
10
103302
198
2575
5515
13931
2573
6589
374
79450
25
458
4287
6589
87028
1882
16657
320
12819
681
4292
2575
14330
25
9862
13931
28261
11
41774
29178
6911
2670
28261
3403
220
103302
11
79450
4566
279
5333
594
1828
6911
624
2575
5515
25
79450
13931
2573
6589
11
16859
220
99366
601
77288
10
35
4872
7626
389
279
1156
19781
17629
11
3968
99366
601
198
2575
308
15770
9
99366
601
2790
7626
817
6193
11
308
15770
9
99366
601
817
6193
7626
2790
25
220
5662
25
220
21
393
12
7701
14
98886
14554
11
220
21
7337
389
35526
220
15
496
20
11
220
21
7337
389
220
15
496
35526
220
15
496
20
11
220
21
7337
389
220
21
7337
389
220
350
25
220
21
393
12
5515
25
79450
13931
54535
1467
25
220
220
21
7337
389
35526
220
15
496
20
11
220
5746
25
1565
46305
92658
63
4675
19781
28261
220
15
496
20
11
330
21359
25
1565
46305
92658
63
8751
25760
13480
2036
25
79450
13931
2573
6589
11
220
21
7337
389
1565
46305
92658
63
4675
19781
28261
220
15
32013
12239
20317
10517
64
58
17
60
1565
73712
12239
20317
10517
64
7798
6
19339
4279
12
1811
369
2176
15931
32
7798
6
19339
4279
12
31732
25
220
32013
12239
20317
10517
64
58
17
91321
58
17
60
451
13407
9021
314
24526
71294
78432
92
314
24526
21563
4279
12
1811
19339
369
2436
220
15
323
2436
220
1128
374
8603
504
279
10257
25
1565
1983
63
14
63
10433
63
9750
11502
25
9750
11502
25
54535
1467
25
1128
374
1128
374
8603
504
7314
6453
594
9750
11502
25
7314
6453
594
9750
11502
25
66049
25
7314
6453
7314
6453
594
9750
11502
25
66049
25
6042
25
7314
6453
594
9750
11502
3070
3976
1565
28633
291
63
374
537
3322
2987
320
11154
671
100104
1648
1449
3717
23313
1181
7162
16328
11
264
3717
429
49759
17160
311
817
11858
11
902
5296
13
1565
1983
63
14
63
10433
63
438
3175
7807
2891
31400
11
3175
7807
2891
31400
11
330
21359
25
1565
46305
92658
63
4675
19781
28261
220
330
21359
25
19088
1211
25
1565
1983
63
14
63
10433
63
438
3175
7807
2891
3415
11
7337
3717
448
16328
41554
11
3309
11858
3717
14515
11
3309
11858
9750
11502
25
9750
11502
19088
1211
25
1565
1983
63
10470
79
1112
330
21359
25
2802
26932
25
2802
26932
25
2802
26932
25
3070
3976
1565
28633
291
63
320
11154
671
100104
8
3070
3976
1565
73712
12239
20317
10517
64
58
17
60
1565
73712
12239
2326
40257
3786
11
678
2326
40257
3786
11
678
2326
40257
3042
3786
330
541
2326
40257
3042
3786
1
481
