25
1874
9
102636
488
17629
2878
1874
624
2575
10746
6737
17629
220
15
3363
330
2152
6589
1
320
2152
50122
8
481
20455
220
15
374
264
2697
17629
389
5515
13931
12519
198
20455
49805
1548
19781
3560
11
356
5584
60526
733
5
71963
8
20455
49805
1548
19781
3560
11
20455
49805
1548
19781
49148
198
71026
49148
49148
49148
49148
49148
49148
49148
49148
49148
49148
198
71026
49148
49148
20455
49805
1548
19781
3560
11
330
2152
6589
1
3980
2727
20455
220
15
374
264
2697
17629
389
5515
13931
12519
198
19293
49805
1548
19781
3560
11
356
5584
60526
486
21412
92658
58
15
60
374
13931
3034
220
15
389
5515
13931
12519
11858
92658
58
25
1874
9
102636
488
17629
3419
4351
11
1874
220
15
284
1882
1638
320
4074
220
15
284
1882
1638
11
1874
220
5515
220
2038
25
1565
4074
9
102636
488
20455
17629
369
279
19827
26
5515
13931
12519
25
1874
9
27179
63
1874
220
6589
87028
41586
504
279
1882
16657
13
14330
25
9862
13931
3034
11
4287
6589
87028
41586
624
2575
8426
82
825
20455
17629
311
279
5333
594
11165
25
1874
9
102636
488
13665
3419
4351
11
1874
220
15
284
1882
3175
60378
291
1638
320
4074
220
6042
25
81028
362
12766
828
97953
11
9750
11502
11
41994
29062
20721
1384
320
11154
671
100104
701
3717
23313
7162
16328
11
3717
41554
25
1874
9
102636
10
15770
2878
1874
11
1874
9
102636
10
15770
198
2575
825
91488
17629
369
279
1931
50122
11
2588
50122
67030
13
3776
91488
17629
369
279
6042
198
2575
91689
6042
13
8426
82
825
20455
17629
369
279
7364
65
3279
31814
594
14554
22324
14554
22324
14554
22324
14554
8426
82
825
7314
594
7337
11
323
279
7314
594
7337
11
323
279
7364
65
3279
31814
594
7337
11
323
279
7364
65
3627
198
2575
8426
82
825
20455
17629
369
7364
65
3279
31814
594
11499
34333
315
11499
34333
315
6042
13
8426
82
825
20455
17629
369
220
5785
2038
82700
510
2575
8426
82
825
20455
7314
594
7337
11
11499
34333
