10056
752
23578
1817
729
369
22492
382
16
13
1565
8559
9694
44364
1565
3176
488
3084
63
646
16469
320
2496
102636
568
7281
1565
3176
488
3084
861
1946
2486
53896
1959
421
3084
418
15
323
4347
418
2141
11
5394
13
69922
25
4347
28
17
61
103302
11
3084
28
17
61
103302
11392
39494
311
220
15
11
16197
1779
11
19759
448
6765
3084
11392
9915
13
7281
1565
1355
2196
368
488
4347
63
1959
821
17121
3176
1380
4347
1231
12482
1379
26
714
421
1779
16197
11
4347
8202
2141
13
1416
3084
418
15
323
4347
418
2141
11
821
17121
2141
374
6915
11
19759
220
15
5820
5394
13
19679
25
1565
333
320
4129
861
1946
2486
368
1369
4347
861
1946
2486
368
481
3084
8
470
895
26
63
7281
2550
845
30
19149
2727
2550
3897
26
9654
19827
16197
4147
315
3084
5820
13
7281
1565
1355
2196
368
488
4347
63
979
4347
418
2141
323
3084
418
15
25
7445
34612
311
825
2268
2268
2268
408
374
6915
382
17
13
1565
5493
1269
44364
4675
914
7122
311
2205
914
13
19679
25
470
1460
486
917
320
1694
897
701
476
4516
39840
36453
13
19149
2727
19827
646
990
3080
1790
28594
1959
13222
4516
39840
1099
30
33601
44290
25
470
1460
486
917
13
1988
5116
2727
330
38522
279
1790
28594
1
1959
23878
817
60378
1099
5819
30
87459
11
330
38522
1790
28594
1
3363
279
4147
1231
387
68244
553
1790
1618
1959
1075
264
1099
4147
13
1988
1099
702
4516
1331
38410
4714
421
33870
1112
19149
2727
19827
646
990
5927
1651
3080
1790
28594
1959
429
594
279
11411
48042
11292
5116
13
39752
5046
25
1281
432
1565
1978
4516
13555
1460
486
917
63
476
1101
470
1460
486
917
13
358
3278
3042
25
1936
914
11
470
432
438
1460
486
917
320
3373
5116
8
476
990
4516
39840
1099
13
16232
5116
20928
6147
25897
1283
1790
28594
11
4516
39840
1099
9068
13
1988
44290
4396
2038
25
4710
73022
10816
198
1834
486
917
7122
3037
1269
12260
877
8
341
10056
752
23578
1817
729
369
22492
382
16
13
1565
8559
9694
44364
1565
3176
488
3084
63
646
16469
320
2496
102636
568
7281
1565
3176
488
3084
861
1946
2486
53896
1959
421
3084
418
15
323
4347
418
2141
11
5394
13
69922
25
4347
28
17
61
103302
11
3084
28
17
61
103302
11392
39494
311
220
15
11
16197
1779
11
19759
448
6765
3084
11392
9915
13
7281
1565
1355
2196
368
488
4347
63
1959
821
17121
3176
1380
4347
1231
12482
1379
26
714
421
1779
16197
11
4347
8202
2141
13
1416
3084
418
15
323
4347
418
2141
11
821
17121
2141
374
6915
11
19759
220
15
5820
5394
13
19679
25
1565
333
320
4129
861
1946
2486
368
1369
4347
861
1946
2486
368
481
3084
8
470
895
26
63
7281
2550
845
30
19149
2727
2550
3897
26
9654
19827
16197
4147
315
3084
5820
13
7281
1565
1355
2196
368
488
4347
63
979
4347
418
2141
323
3084
418
15
25
7445
34612
311
825
2268
2268
2268
408
374
6915
382
17
13
1565
5493
1269
44364
4675
914
7122
311
2205
914
13
19679
25
470
1460
486
917
320
1694
897
701
476
4516
39840
36453
13
19149
2727
19827
646
990
3080
1790
28594
1959
13222
4516
39840
1099
30
33601
44290
25
470
1460
486
917
13
1988
5116
2727
330
38522
279
1790
28594
1
1959
23878
817
60378
1099
5819
30
87459
11
330
38522
1790
28594
1
3363
279
4147
1231
387
68244
553
1790
1618
1959
1075
264
1099
4147
13
1988
1099
702
4516
1331
38410
4714
421
33870
1112
19149
2727
19827
646
990
5927
1651
3080
1790
28594
1959
429
594
279
11411
48042
11292
5116
13
39752
5046
25
1281
432
1565
1978
4516
13555
1460
486
917
63
476
1101
470
1460
486
917
13
358
3278
3042
25
1936
914
11
470
432
438
1460
486
917
320
3373
5116
8
476
990
4516
39840
1099
13
16232
5116
20928
6147
25897
1283
1790
28594
11
4516
39840
1099
9068
13
1988
44290
4396
2038
25
4710
73022
10816
198
1834
486
917
7122
3037
1269
12260
877
8
341
