10056
752
23578
1817
729
369
22492
382
16
13
1565
8559
9694
44364
1565
3176
488
3084
63
916
37939
304
2622
102636
13
1416
4347
28
17
61
103302
11
3084
28
17
61
103302
11
2629
39494
311
220
15
11
16197
1779
11
19759
448
6765
3084
11392
9915
17507
12995
3270
13
7281
1565
3176
488
3084
861
1946
2486
53896
1959
1265
387
1565
4129
861
1379
481
4347
63
1283
13287
4347
2651
1379
13
7281
19759
448
3084
220
15
323
2550
10762
1112
5116
2727
2550
7445
26
421
3084
220
15
11
19759
11052
11
59933
220
15
8
374
6915
1496
448
845
30
19759
448
845
323
220
15
374
31421
72497
714
31136
6915
26
6286
13
7281
1565
1355
2196
368
488
4347
63
979
4347
861
1379
1112
714
1779
14511
13
39752
25
1565
333
320
3176
861
1946
2486
368
1369
3084
861
1946
2486
368
481
4347
8
470
895
26
63
7281
979
3084
418
15
323
4347
418
2141
11
821
17121
3176
374
6915
320
603
3267
835
5420
568
1416
4347
861
1379
448
3084
220
15
11
821
17121
3176
374
72497
1959
279
35784
1779
13460
382
17
13
1565
5493
1269
44364
4675
914
7122
311
2205
914
11392
90855
13
19679
25
470
1460
486
917
11
476
4516
39840
1099
1112
5116
2727
19827
646
990
3080
1790
28594
1959
13222
1099
30
330
38522
279
1790
28594
1
23878
817
60378
1099
5819
476
13442
914
13
8990
267
25
470
1460
486
917
320
19329
11951
8
476
990
1565
1978
4516
13555
63
30
19149
2727
330
38522
279
1790
28594
1
1959
264
729
39840
1099
1035
1438
1212
77383
26
4516
39840
1099
4278
13
1988
44290
4396
25
470
1460
486
917
13
358
3278
3042
13442
1460
486
917
323
5185
10550
4516
13555
1099
421
11951
1969
4717
382
18
13
1565
8232
486
455
44364
15792
2415
2041
5296
11392
821
6957
13
19679
25
5296
304
633
382
19
13
1565
6927
32669
44364
12453
39934
6337
3890
1565
72
63
553
5785
26
1565
72
63
374
46670
4766
6337
2487
773
432
5780
700
315
10056
752
23578
1817
729
369
22492
382
16
13
1565
8559
9694
44364
1565
3176
488
3084
63
916
37939
304
2622
102636
13
1416
4347
28
17
61
103302
11
3084
28
17
61
103302
11
2629
39494
311
220
15
11
16197
1779
11
19759
448
6765
3084
11392
9915
17507
12995
3270
13
7281
1565
3176
488
3084
861
1946
2486
53896
1959
1265
387
1565
4129
861
1379
481
4347
63
1283
13287
4347
2651
1379
13
7281
19759
448
3084
220
15
323
2550
10762
1112
5116
2727
2550
7445
26
421
3084
220
15
11
19759
11052
11
59933
220
15
8
374
6915
1496
448
845
30
19759
448
845
323
220
15
374
31421
72497
714
31136
6915
26
6286
13
7281
1565
1355
2196
368
488
4347
63
979
4347
861
1379
1112
714
1779
14511
13
39752
25
1565
333
320
3176
861
1946
2486
368
1369
3084
861
1946
2486
368
481
4347
8
470
895
26
63
7281
979
3084
418
15
323
4347
418
2141
11
821
17121
3176
374
6915
320
603
3267
835
5420
568
1416
4347
861
1379
448
3084
220
15
11
821
17121
3176
374
72497
1959
279
35784
1779
13460
382
17
13
1565
5493
1269
44364
4675
914
7122
311
2205
914
11392
90855
13
19679
25
470
1460
486
917
11
476
4516
39840
1099
1112
5116
2727
19827
646
990
3080
1790
28594
1959
13222
1099
30
330
38522
279
1790
28594
1
23878
817
60378
1099
5819
476
13442
914
13
8990
267
25
470
1460
486
917
320
19329
11951
8
476
990
1565
1978
4516
13555
63
30
19149
2727
330
38522
279
1790
28594
1
1959
264
729
39840
1099
1035
1438
1212
77383
26
4516
39840
1099
4278
13
1988
44290
4396
25
470
1460
486
917
13
358
3278
3042
13442
1460
486
917
323
5185
10550
4516
13555
1099
421
11951
1969
4717
382
18
13
1565
8232
486
455
44364
15792
2415
2041
5296
11392
821
6957
13
19679
25
5296
304
633
382
19
13
1565
6927
32669
44364
12453
39934
6337
3890
1565
72
63
553
5785
26
1565
72
63
374
46670
4766
6337
2487
773
432
5780
700
315
