1460
486
983
3904
17665
14696
8
488
90462
394
733
3233
609
70
284
36449
6847
1295
488
330
542
77
54432
2702
1690
25075
797
394
733
3233
609
84
284
36449
6847
1295
488
330
542
77
8236
2702
1690
25075
797
394
733
3233
609
67
284
36449
6847
1295
488
330
542
77
13989
2702
1690
2824
797
394
733
1460
486
1653
30006
528
11
220
18
29
12276
90
70
42453
608
296
13745
15534
11
575
42453
608
296
13745
15534
11
294
42453
608
296
13745
15534
2440
394
421
320
4074
91856
961
855
7559
14205
529
41278
3268
11
575
11
294
8
8243
503
1874
25609
405
9647
961
220
99317
353
1874
91856
488
220
